Java HotSpot(TM) 64-Bit Server VM (25.181-b13) for bsd-amd64 JRE (1.8.0_181-b13), built on Jul  7 2018 01:02:31 by "java_re" with gcc 4.2.1 (Based on Apple Inc. build 5658) (LLVM build 2336.11.00)
Memory: 4k page, physical 16777216k(2164248k free)

/proc/meminfo:

CommandLine flags: -XX:InitialHeapSize=2147483648 -XX:MaxHeapSize=2147483648 -XX:MaxNewSize=715829248 -XX:MaxTenuringThreshold=6 -XX:NewSize=715829248 -XX:OldPLABSize=16 -XX:OldSize=1431654400 -XX:+PrintGC -XX:+PrintGCDateStamps -XX:+PrintGCDetails -XX:+PrintGCTimeStamps -XX:+UseCompressedClassPointers -XX:+UseCompressedOops -XX:+UseConcMarkSweepGC -XX:+UseParNewGC 
2022-03-11T19:38:53.170-0800: 0.328: [GC (Allocation Failure) 2022-03-11T19:38:53.170-0800: 0.328: [ParNew: 559232K->69887K(629120K), 0.0464695 secs] 559232K->156503K(2027264K), 0.0465956 secs] [Times: user=0.10 sys=0.28, real=0.04 secs]
2022-03-11T19:38:53.284-0800: 0.442: [GC (Allocation Failure) 2022-03-11T19:38:53.284-0800: 0.442: [ParNew: 629119K->69888K(629120K), 0.0444078 secs] 715735K->283413K(2027264K), 0.0444953 secs] [Times: user=0.13 sys=0.25, real=0.04 secs]
2022-03-11T19:38:53.387-0800: 0.545: [GC (Allocation Failure) 2022-03-11T19:38:53.387-0800: 0.545: [ParNew: 629120K->69888K(629120K), 0.0727887 secs] 842645K->418403K(2027264K), 0.0728725 secs] [Times: user=0.69 sys=0.03, real=0.08 secs]
2022-03-11T19:38:53.518-0800: 0.676: [GC (Allocation Failure) 2022-03-11T19:38:53.518-0800: 0.676: [ParNew: 629120K->69888K(629120K), 0.0673963 secs] 977635K->546875K(2027264K), 0.0674719 secs] [Times: user=0.64 sys=0.04, real=0.07 secs]
2022-03-11T19:38:53.678-0800: 0.836: [GC (Allocation Failure) 2022-03-11T19:38:53.678-0800: 0.836: [ParNew: 629120K->69887K(629120K), 0.0632593 secs] 1106107K->664158K(2027264K), 0.0633392 secs] [Times: user=0.59 sys=0.03, real=0.07 secs]
2022-03-11T19:38:53.798-0800: 0.956: [GC (Allocation Failure) 2022-03-11T19:38:53.799-0800: 0.957: [ParNew: 629119K->69887K(629120K), 0.0612090 secs] 1223390K->781124K(2027264K), 0.0612966 secs] [Times: user=0.57 sys=0.04, real=0.07 secs]
2022-03-11T19:38:53.861-0800: 1.019: [GC (CMS Initial Mark) [1 CMS-initial-mark: 711237K(1398144K)] 792488K(2027264K), 0.0009217 secs] [Times: user=0.00 sys=0.00, real=0.00 secs]
2022-03-11T19:38:53.862-0800: 1.020: [CMS-concurrent-mark-start]
2022-03-11T19:38:53.866-0800: 1.024: [CMS-concurrent-mark: 0.004/0.004 secs] [Times: user=0.01 sys=0.00, real=0.00 secs]
2022-03-11T19:38:53.866-0800: 1.024: [CMS-concurrent-preclean-start]
2022-03-11T19:38:53.868-0800: 1.026: [CMS-concurrent-preclean: 0.002/0.002 secs] [Times: user=0.00 sys=0.00, real=0.00 secs]
2022-03-11T19:38:53.868-0800: 1.026: [CMS-concurrent-abortable-preclean-start]
2022-03-11T19:38:53.929-0800: 1.087: [GC (Allocation Failure) 2022-03-11T19:38:53.929-0800: 1.087: [ParNew2022-03-11T19:38:53.970-0800: 1.128: [CMS-concurrent-abortable-preclean: 0.002/0.102 secs] [Times: user=0.45 sys=0.02, real=0.11 secs]
: 629119K->69887K(629120K), 0.0723918 secs] 1340356K->910892K(2027264K), 0.0724788 secs] [Times: user=0.68 sys=0.04, real=0.08 secs] 
2022-03-11T19:38:54.002-0800: 1.160: [GC (CMS Final Remark) [YG occupancy: 81619 K (629120 K)]2022-03-11T19:38:54.002-0800: 1.160: [Rescan (parallel) , 0.0006490 secs]2022-03-11T19:38:54.003-0800: 1.161: [weak refs processing, 0.0000350 secs]2022-03-11T19:38:54.003-0800: 1.161: [class unloading, 0.0002163 secs]2022-03-11T19:38:54.003-0800: 1.161: [scrub symbol table, 0.0002322 secs]2022-03-11T19:38:54.003-0800: 1.161: [scrub string table, 0.0001473 secs][1 CMS-remark: 841004K(1398144K)] 922623K(2027264K), 0.0014203 secs] [Times: user=0.00 sys=0.00, real=0.00 secs]
2022-03-11T19:38:54.003-0800: 1.161: [CMS-concurrent-sweep-start]
2022-03-11T19:38:54.005-0800: 1.163: [CMS-concurrent-sweep: 0.001/0.001 secs] [Times: user=0.00 sys=0.00, real=0.00 secs]
2022-03-11T19:38:54.005-0800: 1.163: [CMS-concurrent-reset-start]
2022-03-11T19:38:54.010-0800: 1.168: [CMS-concurrent-reset: 0.005/0.005 secs] [Times: user=0.01 sys=0.01, real=0.01 secs]
2022-03-11T19:38:54.086-0800: 1.244: [GC (Allocation Failure) 2022-03-11T19:38:54.086-0800: 1.244: [ParNew: 629119K->69887K(629120K), 0.0261475 secs] 1031682K->607061K(2027264K), 0.0262453 secs] [Times: user=0.25 sys=0.00, real=0.03 secs]
2022-03-11T19:38:54.171-0800: 1.329: [GC (Allocation Failure) 2022-03-11T19:38:54.171-0800: 1.329: [ParNew: 629119K->69887K(629120K), 0.0244308 secs] 1166293K->733757K(2027264K), 0.0245128 secs] [Times: user=0.24 sys=0.00, real=0.02 secs]
2022-03-11T19:38:54.254-0800: 1.412: [GC (Allocation Failure) 2022-03-11T19:38:54.254-0800: 1.412: [ParNew: 629119K->69887K(629120K), 0.0235965 secs] 1292989K->854969K(2027264K), 0.0236789 secs] [Times: user=0.23 sys=0.00, real=0.02 secs]
2022-03-11T19:38:54.344-0800: 1.502: [GC (Allocation Failure) 2022-03-11T19:38:54.344-0800: 1.502: [ParNew: 629119K->69887K(629120K), 0.0477521 secs] 1414201K->982305K(2027264K), 0.0478771 secs] [Times: user=0.46 sys=0.02, real=0.05 secs]
2022-03-11T19:38:54.392-0800: 1.550: [GC (CMS Initial Mark) [1 CMS-initial-mark: 912418K(1398144K)] 982449K(2027264K), 0.0002095 secs] [Times: user=0.00 sys=0.00, real=0.00 secs]
2022-03-11T19:38:54.392-0800: 1.550: [CMS-concurrent-mark-start]
2022-03-11T19:38:54.394-0800: 1.552: [CMS-concurrent-mark: 0.002/0.002 secs] [Times: user=0.00 sys=0.00, real=0.00 secs]
2022-03-11T19:38:54.394-0800: 1.552: [CMS-concurrent-preclean-start]
2022-03-11T19:38:54.396-0800: 1.554: [CMS-concurrent-preclean: 0.002/0.002 secs] [Times: user=0.01 sys=0.00, real=0.00 secs]
2022-03-11T19:38:54.396-0800: 1.554: [CMS-concurrent-abortable-preclean-start]
2022-03-11T19:38:54.447-0800: 1.605: [GC (Allocation Failure) 2022-03-11T19:38:54.447-0800: 1.605: [ParNew2022-03-11T19:38:54.502-0800: 1.660: [CMS-concurrent-abortable-preclean: 0.002/0.106 secs] [Times: user=0.57 sys=0.03, real=0.11 secs]
: 629119K->69887K(629120K), 0.0730874 secs] 1541537K->1108992K(2027264K), 0.0731604 secs] [Times: user=0.69 sys=0.04, real=0.08 secs] 
2022-03-11T19:38:54.521-0800: 1.679: [GC (CMS Final Remark) [YG occupancy: 81359 K (629120 K)]2022-03-11T19:38:54.521-0800: 1.679: [Rescan (parallel) , 0.0006077 secs]2022-03-11T19:38:54.521-0800: 1.679: [weak refs processing, 0.0000106 secs]2022-03-11T19:38:54.521-0800: 1.679: [class unloading, 0.0002006 secs]2022-03-11T19:38:54.521-0800: 1.679: [scrub symbol table, 0.0002243 secs]2022-03-11T19:38:54.522-0800: 1.680: [scrub string table, 0.0001443 secs][1 CMS-remark: 1039105K(1398144K)] 1120464K(2027264K), 0.0012411 secs] [Times: user=0.00 sys=0.00, real=0.00 secs]
2022-03-11T19:38:54.522-0800: 1.680: [CMS-concurrent-sweep-start]
2022-03-11T19:38:54.524-0800: 1.682: [CMS-concurrent-sweep: 0.002/0.002 secs] [Times: user=0.00 sys=0.00, real=0.00 secs]
2022-03-11T19:38:54.524-0800: 1.682: [CMS-concurrent-reset-start]
2022-03-11T19:38:54.525-0800: 1.683: [CMS-concurrent-reset: 0.001/0.001 secs] [Times: user=0.01 sys=0.00, real=0.00 secs]
2022-03-11T19:38:54.605-0800: 1.763: [GC (Allocation Failure) 2022-03-11T19:38:54.605-0800: 1.763: [ParNew: 629119K->69887K(629120K), 0.0236923 secs] 1060083K->628295K(2027264K), 0.0237680 secs] [Times: user=0.23 sys=0.00, real=0.02 secs]
2022-03-11T19:38:54.685-0800: 1.843: [GC (Allocation Failure) 2022-03-11T19:38:54.685-0800: 1.843: [ParNew: 629119K->69887K(629120K), 0.0241225 secs] 1187527K->754540K(2027264K), 0.0242007 secs] [Times: user=0.23 sys=0.00, real=0.02 secs]
2022-03-11T19:38:54.764-0800: 1.921: [GC (Allocation Failure) 2022-03-11T19:38:54.764-0800: 1.922: [ParNew: 629119K->69887K(629120K), 0.0251497 secs] 1313772K->887995K(2027264K), 0.0252235 secs] [Times: user=0.24 sys=0.00, real=0.02 secs]
2022-03-11T19:38:54.876-0800: 2.034: [GC (Allocation Failure) 2022-03-11T19:38:54.876-0800: 2.034: [ParNew: 629119K->69886K(629120K), 0.0245614 secs] 1447227K->1016245K(2027264K), 0.0246399 secs] [Times: user=0.24 sys=0.00, real=0.03 secs]
2022-03-11T19:38:54.901-0800: 2.058: [GC (CMS Initial Mark) [1 CMS-initial-mark: 946358K(1398144K)] 1016965K(2027264K), 0.0001983 secs] [Times: user=0.00 sys=0.00, real=0.00 secs]
2022-03-11T19:38:54.901-0800: 2.059: [CMS-concurrent-mark-start]
2022-03-11T19:38:54.903-0800: 2.061: [CMS-concurrent-mark: 0.002/0.002 secs] [Times: user=0.01 sys=0.00, real=0.00 secs]
2022-03-11T19:38:54.903-0800: 2.061: [CMS-concurrent-preclean-start]
2022-03-11T19:38:54.904-0800: 2.062: [CMS-concurrent-preclean: 0.002/0.002 secs] [Times: user=0.00 sys=0.00, real=0.00 secs]
2022-03-11T19:38:54.905-0800: 2.063: [CMS-concurrent-abortable-preclean-start]
2022-03-11T19:38:54.959-0800: 2.117: [GC (Allocation Failure) 2022-03-11T19:38:54.959-0800: 2.117: [ParNew2022-03-11T19:38:55.007-0800: 2.165: [CMS-concurrent-abortable-preclean: 0.002/0.103 secs] [Times: user=0.52 sys=0.02, real=0.10 secs]
: 629118K->69887K(629120K), 0.0480461 secs] 1575477K->1151726K(2027264K), 0.0481093 secs] [Times: user=0.46 sys=0.02, real=0.05 secs] 
2022-03-11T19:38:55.008-0800: 2.165: [GC (CMS Final Remark) [YG occupancy: 81405 K (629120 K)]2022-03-11T19:38:55.008-0800: 2.166: [Rescan (parallel) , 0.0006206 secs]2022-03-11T19:38:55.008-0800: 2.166: [weak refs processing, 0.0000137 secs]2022-03-11T19:38:55.008-0800: 2.166: [class unloading, 0.0001716 secs]2022-03-11T19:38:55.008-0800: 2.166: [scrub symbol table, 0.0002397 secs]2022-03-11T19:38:55.009-0800: 2.167: [scrub string table, 0.0001606 secs][1 CMS-remark: 1081838K(1398144K)] 1163244K(2027264K), 0.0012688 secs] [Times: user=0.01 sys=0.00, real=0.00 secs]
2022-03-11T19:38:55.009-0800: 2.167: [CMS-concurrent-sweep-start]
2022-03-11T19:38:55.011-0800: 2.169: [CMS-concurrent-sweep: 0.002/0.002 secs] [Times: user=0.00 sys=0.00, real=0.01 secs]
2022-03-11T19:38:55.011-0800: 2.169: [CMS-concurrent-reset-start]
2022-03-11T19:38:55.012-0800: 2.170: [CMS-concurrent-reset: 0.001/0.001 secs] [Times: user=0.00 sys=0.00, real=0.00 secs]
2022-03-11T19:38:55.067-0800: 2.225: [GC (Allocation Failure) 2022-03-11T19:38:55.067-0800: 2.225: [ParNew: 629119K->69887K(629120K), 0.0246999 secs] 1063229K->622096K(2027264K), 0.0247678 secs] [Times: user=0.24 sys=0.00, real=0.03 secs]
2022-03-11T19:38:55.150-0800: 2.308: [GC (Allocation Failure) 2022-03-11T19:38:55.150-0800: 2.308: [ParNew: 629119K->69888K(629120K), 0.0240361 secs] 1181328K->741371K(2027264K), 0.0241255 secs] [Times: user=0.23 sys=0.00, real=0.02 secs]
2022-03-11T19:38:55.231-0800: 2.389: [GC (Allocation Failure) 2022-03-11T19:38:55.231-0800: 2.389: [ParNew: 629120K->69887K(629120K), 0.0226944 secs] 1300603K->861909K(2027264K), 0.0227968 secs] [Times: user=0.22 sys=0.00, real=0.02 secs]
2022-03-11T19:38:55.338-0800: 2.496: [GC (Allocation Failure) 2022-03-11T19:38:55.338-0800: 2.496: [ParNew: 629119K->69887K(629120K), 0.0226597 secs] 1421141K->980814K(2027264K), 0.0227486 secs] [Times: user=0.23 sys=0.00, real=0.03 secs]
2022-03-11T19:38:55.421-0800: 2.579: [GC (Allocation Failure) 2022-03-11T19:38:55.421-0800: 2.579: [ParNew: 629119K->69887K(629120K), 0.0238891 secs] 1540046K->1106667K(2027264K), 0.0239793 secs] [Times: user=0.23 sys=0.00, real=0.02 secs]
2022-03-11T19:38:55.445-0800: 2.603: [GC (CMS Initial Mark) [1 CMS-initial-mark: 1036779K(1398144K)] 1107245K(2027264K), 0.0001882 secs] [Times: user=0.00 sys=0.00, real=0.00 secs]
2022-03-11T19:38:55.446-0800: 2.603: [CMS-concurrent-mark-start]
2022-03-11T19:38:55.447-0800: 2.605: [CMS-concurrent-mark: 0.002/0.002 secs] [Times: user=0.01 sys=0.00, real=0.00 secs]
2022-03-11T19:38:55.447-0800: 2.605: [CMS-concurrent-preclean-start]
2022-03-11T19:38:55.449-0800: 2.607: [CMS-concurrent-preclean: 0.002/0.002 secs] [Times: user=0.00 sys=0.00, real=0.00 secs]
2022-03-11T19:38:55.449-0800: 2.607: [CMS-concurrent-abortable-preclean-start]
2022-03-11T19:38:55.517-0800: 2.675: [GC (Allocation Failure) 2022-03-11T19:38:55.517-0800: 2.675: [ParNew2022-03-11T19:38:55.555-0800: 2.713: [CMS-concurrent-abortable-preclean: 0.002/0.106 secs] [Times: user=0.43 sys=0.01, real=0.11 secs]
: 629119K->69887K(629120K), 0.0600289 secs] 1665899K->1245281K(2027264K), 0.0601717 secs] [Times: user=0.57 sys=0.02, real=0.06 secs] 
2022-03-11T19:38:55.578-0800: 2.736: [GC (CMS Final Remark) [YG occupancy: 81064 K (629120 K)]2022-03-11T19:38:55.578-0800: 2.736: [Rescan (parallel) , 0.0006538 secs]2022-03-11T19:38:55.578-0800: 2.736: [weak refs processing, 0.0000855 secs]2022-03-11T19:38:55.578-0800: 2.736: [class unloading, 0.0001707 secs]2022-03-11T19:38:55.578-0800: 2.736: [scrub symbol table, 0.0002228 secs]2022-03-11T19:38:55.579-0800: 2.737: [scrub string table, 0.0001439 secs][1 CMS-remark: 1175393K(1398144K)] 1256458K(2027264K), 0.0013441 secs] [Times: user=0.00 sys=0.00, real=0.00 secs]
2022-03-11T19:38:55.579-0800: 2.737: [CMS-concurrent-sweep-start]
2022-03-11T19:38:55.582-0800: 2.740: [CMS-concurrent-sweep: 0.003/0.003 secs] [Times: user=0.01 sys=0.00, real=0.01 secs]
2022-03-11T19:38:55.582-0800: 2.740: [CMS-concurrent-reset-start]
2022-03-11T19:38:55.583-0800: 2.741: [CMS-concurrent-reset: 0.001/0.001 secs] [Times: user=0.00 sys=0.00, real=0.00 secs]
2022-03-11T19:38:55.638-0800: 2.796: [GC (Allocation Failure) 2022-03-11T19:38:55.638-0800: 2.796: [ParNew: 629119K->69886K(629120K), 0.0258304 secs] 1071160K->643014K(2027264K), 0.0259125 secs] [Times: user=0.25 sys=0.01, real=0.03 secs]
2022-03-11T19:38:55.731-0800: 2.889: [GC (Allocation Failure) 2022-03-11T19:38:55.731-0800: 2.889: [ParNew: 629118K->69887K(629120K), 0.0261032 secs] 1202246K->772058K(2027264K), 0.0261882 secs] [Times: user=0.25 sys=0.00, real=0.02 secs]
2022-03-11T19:38:55.818-0800: 2.976: [GC (Allocation Failure) 2022-03-11T19:38:55.818-0800: 2.976: [ParNew: 629119K->69887K(629120K), 0.0231024 secs] 1331290K->892709K(2027264K), 0.0231846 secs] [Times: user=0.23 sys=0.00, real=0.03 secs]
2022-03-11T19:38:55.907-0800: 3.064: [GC (Allocation Failure) 2022-03-11T19:38:55.907-0800: 3.065: [ParNew: 629119K->69886K(629120K), 0.0253611 secs] 1451941K->1013523K(2027264K), 0.0254489 secs] [Times: user=0.25 sys=0.00, real=0.03 secs]
2022-03-11T19:38:55.932-0800: 3.090: [GC (CMS Initial Mark) [1 CMS-initial-mark: 943637K(1398144K)] 1013920K(2027264K), 0.0002061 secs] [Times: user=0.00 sys=0.00, real=0.00 secs]
2022-03-11T19:38:55.932-0800: 3.090: [CMS-concurrent-mark-start]
2022-03-11T19:38:55.934-0800: 3.092: [CMS-concurrent-mark: 0.002/0.002 secs] [Times: user=0.01 sys=0.00, real=0.00 secs]
2022-03-11T19:38:55.934-0800: 3.092: [CMS-concurrent-preclean-start]
2022-03-11T19:38:55.936-0800: 3.094: [CMS-concurrent-preclean: 0.002/0.002 secs] [Times: user=0.00 sys=0.00, real=0.00 secs]
2022-03-11T19:38:55.936-0800: 3.094: [CMS-concurrent-abortable-preclean-start]
2022-03-11T19:38:56.004-0800: 3.162: [GC (Allocation Failure) 2022-03-11T19:38:56.004-0800: 3.162: [ParNew: 629118K->69887K(629120K), 0.0311632 secs] 1572755K->1140177K(2027264K), 0.0312688 secs] [Times: user=0.31 sys=0.00, real=0.03 secs]
2022-03-11T19:38:56.113-0800: 3.271: [GC (Allocation Failure) 2022-03-11T19:38:56.113-0800: 3.271: [ParNew: 629119K->69886K(629120K), 0.0274340 secs] 1699409K->1254149K(2027264K), 0.0275321 secs] [Times: user=0.27 sys=0.01, real=0.03 secs]
2022-03-11T19:38:56.201-0800: 3.359: [GC (Allocation Failure) 2022-03-11T19:38:56.202-0800: 3.360: [ParNew2022-03-11T19:38:56.248-0800: 3.406: [CMS-concurrent-abortable-preclean: 0.012/0.312 secs] [Times: user=1.23 sys=0.03, real=0.31 secs]
: 629118K->69886K(629120K), 0.0639325 secs] 1813381K->1369837K(2027264K), 0.0640424 secs] [Times: user=0.59 sys=0.03, real=0.06 secs] 
2022-03-11T19:38:56.266-0800: 3.424: [GC (CMS Final Remark) [YG occupancy: 81119 K (629120 K)]2022-03-11T19:38:56.266-0800: 3.424: [Rescan (parallel) , 0.0006599 secs]2022-03-11T19:38:56.266-0800: 3.424: [weak refs processing, 0.0000302 secs]2022-03-11T19:38:56.266-0800: 3.424: [class unloading, 0.0002149 secs]2022-03-11T19:38:56.267-0800: 3.425: [scrub symbol table, 0.0002270 secs]2022-03-11T19:38:56.267-0800: 3.425: [scrub string table, 0.0001480 secs][1 CMS-remark: 1299950K(1398144K)] 1381070K(2027264K), 0.0014073 secs] [Times: user=0.01 sys=0.00, real=0.00 secs]
2022-03-11T19:38:56.267-0800: 3.425: [CMS-concurrent-sweep-start]
2022-03-11T19:38:56.270-0800: 3.428: [CMS-concurrent-sweep: 0.002/0.002 secs] [Times: user=0.00 sys=0.00, real=0.01 secs]
2022-03-11T19:38:56.270-0800: 3.428: [CMS-concurrent-reset-start]
2022-03-11T19:38:56.271-0800: 3.429: [CMS-concurrent-reset: 0.001/0.001 secs] [Times: user=0.00 sys=0.00, real=0.00 secs]
2022-03-11T19:38:56.330-0800: 3.488: [GC (Allocation Failure) 2022-03-11T19:38:56.330-0800: 3.488: [ParNew: 629118K->69886K(629120K), 0.0247298 secs] 1299692K->860940K(2027264K), 0.0248136 secs] [Times: user=0.24 sys=0.00, real=0.02 secs]
2022-03-11T19:38:56.430-0800: 3.588: [GC (Allocation Failure) 2022-03-11T19:38:56.430-0800: 3.588: [ParNew: 629118K->69887K(629120K), 0.0267238 secs] 1420172K->1005372K(2027264K), 0.0268022 secs] [Times: user=0.26 sys=0.00, real=0.02 secs]
2022-03-11T19:38:56.457-0800: 3.615: [GC (CMS Initial Mark) [1 CMS-initial-mark: 935485K(1398144K)] 1005928K(2027264K), 0.0002134 secs] [Times: user=0.00 sys=0.00, real=0.00 secs]
2022-03-11T19:38:56.457-0800: 3.615: [CMS-concurrent-mark-start]
2022-03-11T19:38:56.459-0800: 3.617: [CMS-concurrent-mark: 0.002/0.002 secs] [Times: user=0.01 sys=0.00, real=0.00 secs]
2022-03-11T19:38:56.459-0800: 3.617: [CMS-concurrent-preclean-start]
2022-03-11T19:38:56.461-0800: 3.619: [CMS-concurrent-preclean: 0.002/0.002 secs] [Times: user=0.00 sys=0.00, real=0.01 secs]
2022-03-11T19:38:56.461-0800: 3.619: [CMS-concurrent-abortable-preclean-start]
2022-03-11T19:38:56.531-0800: 3.689: [GC (Allocation Failure) 2022-03-11T19:38:56.531-0800: 3.689: [ParNew: 629119K->69887K(629120K), 0.0251411 secs] 1564604K->1134101K(2027264K), 0.0252158 secs] [Times: user=0.24 sys=0.00, real=0.02 secs]
2022-03-11T19:38:56.637-0800: 3.795: [GC (Allocation Failure) 2022-03-11T19:38:56.637-0800: 3.795: [ParNew: 629119K->69887K(629120K), 0.0242158 secs] 1693333K->1262780K(2027264K), 0.0242985 secs] [Times: user=0.23 sys=0.00, real=0.03 secs]
2022-03-11T19:38:56.728-0800: 3.886: [GC (Allocation Failure) 2022-03-11T19:38:56.728-0800: 3.886: [ParNew: 629119K->69887K(629120K), 0.0285223 secs] 1822012K->1379091K(2027264K), 0.0286077 secs] [Times: user=0.28 sys=0.01, real=0.03 secs]
2022-03-11T19:38:56.759-0800: 3.917: [CMS-concurrent-abortable-preclean: 0.015/0.299 secs] [Times: user=0.99 sys=0.01, real=0.29 secs]
2022-03-11T19:38:56.760-0800: 3.918: [GC (CMS Final Remark) [YG occupancy: 92634 K (629120 K)]2022-03-11T19:38:56.760-0800: 3.918: [Rescan (parallel) , 0.0008275 secs]2022-03-11T19:38:56.761-0800: 3.919: [weak refs processing, 0.0000163 secs]2022-03-11T19:38:56.761-0800: 3.919: [class unloading, 0.0002324 secs]2022-03-11T19:38:56.761-0800: 3.919: [scrub symbol table, 0.0002850 secs]2022-03-11T19:38:56.761-0800: 3.919: [scrub string table, 0.0001877 secs][1 CMS-remark: 1309203K(1398144K)] 1401837K(2027264K), 0.0016468 secs] [Times: user=0.01 sys=0.00, real=0.00 secs]
2022-03-11T19:38:56.761-0800: 3.919: [CMS-concurrent-sweep-start]
2022-03-11T19:38:56.765-0800: 3.923: [CMS-concurrent-sweep: 0.003/0.003 secs] [Times: user=0.00 sys=0.00, real=0.00 secs]
2022-03-11T19:38:56.765-0800: 3.923: [CMS-concurrent-reset-start]
2022-03-11T19:38:56.766-0800: 3.924: [CMS-concurrent-reset: 0.001/0.001 secs] [Times: user=0.01 sys=0.00, real=0.00 secs]
2022-03-11T19:38:56.828-0800: 3.986: [GC (Allocation Failure) 2022-03-11T19:38:56.828-0800: 3.986: [ParNew: 629119K->69887K(629120K), 0.0267817 secs] 1321198K->893535K(2027264K), 0.0268810 secs] [Times: user=0.26 sys=0.00, real=0.03 secs]
2022-03-11T19:38:56.855-0800: 4.013: [GC (CMS Initial Mark) [1 CMS-initial-mark: 823648K(1398144K)] 893823K(2027264K), 0.0001956 secs] [Times: user=0.00 sys=0.00, real=0.00 secs]
2022-03-11T19:38:56.855-0800: 4.013: [CMS-concurrent-mark-start]
2022-03-11T19:38:56.857-0800: 4.015: [CMS-concurrent-mark: 0.002/0.002 secs] [Times: user=0.01 sys=0.00, real=0.00 secs]
2022-03-11T19:38:56.857-0800: 4.015: [CMS-concurrent-preclean-start]
2022-03-11T19:38:56.859-0800: 4.017: [CMS-concurrent-preclean: 0.002/0.002 secs] [Times: user=0.00 sys=0.00, real=0.00 secs]
2022-03-11T19:38:56.859-0800: 4.017: [CMS-concurrent-abortable-preclean-start]
2022-03-11T19:38:56.924-0800: 4.082: [GC (Allocation Failure) 2022-03-11T19:38:56.924-0800: 4.082: [ParNew: 629119K->69887K(629120K), 0.0252217 secs] 1452767K->1007503K(2027264K), 0.0253045 secs] [Times: user=0.24 sys=0.00, real=0.02 secs]
2022-03-11T19:38:57.012-0800: 4.170: [GC (Allocation Failure) 2022-03-11T19:38:57.012-0800: 4.170: [ParNew: 629119K->69885K(629120K), 0.0318696 secs] 1566735K->1133694K(2027264K), 0.0319570 secs] [Times: user=0.31 sys=0.01, real=0.03 secs]
2022-03-11T19:38:57.113-0800: 4.271: [GC (Allocation Failure) 2022-03-11T19:38:57.113-0800: 4.271: [ParNew: 629117K->69887K(629120K), 0.0263915 secs] 1692926K->1262080K(2027264K), 0.0264795 secs] [Times: user=0.26 sys=0.00, real=0.03 secs]
2022-03-11T19:38:57.211-0800: 4.369: [GC (Allocation Failure) 2022-03-11T19:38:57.211-0800: 4.369: [ParNew: 629119K->69887K(629120K), 0.0299248 secs] 1821312K->1387135K(2027264K), 0.0300026 secs] [Times: user=0.29 sys=0.00, real=0.03 secs]
2022-03-11T19:38:57.244-0800: 4.402: [CMS-concurrent-abortable-preclean: 0.020/0.384 secs] [Times: user=1.39 sys=0.01, real=0.39 secs]
2022-03-11T19:38:57.244-0800: 4.402: [GC (CMS Final Remark) [YG occupancy: 93001 K (629120 K)]2022-03-11T19:38:57.244-0800: 4.402: [Rescan (parallel) , 0.0007380 secs]2022-03-11T19:38:57.245-0800: 4.403: [weak refs processing, 0.0000161 secs]2022-03-11T19:38:57.245-0800: 4.403: [class unloading, 0.0001930 secs]2022-03-11T19:38:57.245-0800: 4.403: [scrub symbol table, 0.0002771 secs]2022-03-11T19:38:57.245-0800: 4.403: [scrub string table, 0.0001808 secs][1 CMS-remark: 1317247K(1398144K)] 1410249K(2027264K), 0.0014847 secs] [Times: user=0.01 sys=0.00, real=0.00 secs]
2022-03-11T19:38:57.245-0800: 4.403: [CMS-concurrent-sweep-start]
2022-03-11T19:38:57.249-0800: 4.407: [CMS-concurrent-sweep: 0.003/0.003 secs] [Times: user=0.00 sys=0.00, real=0.00 secs]
2022-03-11T19:38:57.249-0800: 4.407: [CMS-concurrent-reset-start]
2022-03-11T19:38:57.250-0800: 4.408: [CMS-concurrent-reset: 0.001/0.001 secs] [Times: user=0.00 sys=0.00, real=0.01 secs]
2022-03-11T19:38:57.305-0800: 4.463: [GC (Allocation Failure) 2022-03-11T19:38:57.305-0800: 4.463: [ParNew: 629119K->69886K(629120K), 0.0242449 secs] 1426477K->982815K(2027264K), 0.0243339 secs] [Times: user=0.24 sys=0.00, real=0.02 secs]
2022-03-11T19:38:57.329-0800: 4.487: [GC (CMS Initial Mark) [1 CMS-initial-mark: 912928K(1398144K)] 982959K(2027264K), 0.0001858 secs] [Times: user=0.00 sys=0.00, real=0.00 secs]
2022-03-11T19:38:57.329-0800: 4.487: [CMS-concurrent-mark-start]
2022-03-11T19:38:57.332-0800: 4.490: [CMS-concurrent-mark: 0.002/0.002 secs] [Times: user=0.00 sys=0.00, real=0.01 secs]
2022-03-11T19:38:57.332-0800: 4.490: [CMS-concurrent-preclean-start]
2022-03-11T19:38:57.334-0800: 4.492: [CMS-concurrent-preclean: 0.002/0.002 secs] [Times: user=0.00 sys=0.00, real=0.00 secs]
2022-03-11T19:38:57.334-0800: 4.492: [CMS-concurrent-abortable-preclean-start]
2022-03-11T19:38:57.391-0800: 4.549: [GC (Allocation Failure) 2022-03-11T19:38:57.391-0800: 4.549: [ParNew: 629118K->69887K(629120K), 0.0246761 secs] 1542047K->1112209K(2027264K), 0.0247619 secs] [Times: user=0.24 sys=0.01, real=0.02 secs]
2022-03-11T19:38:57.482-0800: 4.640: [GC (Allocation Failure) 2022-03-11T19:38:57.482-0800: 4.640: [ParNew: 629119K->69887K(629120K), 0.0234401 secs] 1671441K->1231513K(2027264K), 0.0235227 secs] [Times: user=0.23 sys=0.00, real=0.02 secs]
2022-03-11T19:38:57.573-0800: 4.731: [GC (Allocation Failure) 2022-03-11T19:38:57.573-0800: 4.731: [ParNew: 629119K->69887K(629120K), 0.0265904 secs] 1790745K->1359103K(2027264K), 0.0266736 secs] [Times: user=0.26 sys=0.00, real=0.02 secs]
2022-03-11T19:38:57.664-0800: 4.822: [GC (Allocation Failure) 2022-03-11T19:38:57.664-0800: 4.822: [ParNew: 629119K->629119K(629120K), 0.0000217 secs]2022-03-11T19:38:57.664-0800: 4.822: [CMS2022-03-11T19:38:57.664-0800: 4.822: [CMS-concurrent-abortable-preclean: 0.017/0.331 secs] [Times: user=1.01 sys=0.01, real=0.33 secs]
 (concurrent mode failure): 1289215K->383754K(1398144K), 0.0572186 secs] 1918335K->383754K(2027264K), [Metaspace: 2569K->2569K(1056768K)], 0.0573667 secs] [Times: user=0.06 sys=0.00, real=0.06 secs] 
2022-03-11T19:38:57.799-0800: 4.957: [GC (Allocation Failure) 2022-03-11T19:38:57.799-0800: 4.957: [ParNew: 559232K->69887K(629120K), 0.0220616 secs] 942986K->536989K(2027264K), 0.0221522 secs] [Times: user=0.22 sys=0.00, real=0.03 secs]
2022-03-11T19:38:57.891-0800: 5.049: [GC (Allocation Failure) 2022-03-11T19:38:57.891-0800: 5.049: [ParNew: 629119K->69887K(629120K), 0.0251048 secs] 1096221K->667399K(2027264K), 0.0251916 secs] [Times: user=0.24 sys=0.00, real=0.02 secs]
2022-03-11T19:38:57.999-0800: 5.157: [GC (Allocation Failure) 2022-03-11T19:38:57.999-0800: 5.157: [ParNew: 629119K->69887K(629120K), 0.0231550 secs] 1226631K->792178K(2027264K), 0.0232367 secs] [Times: user=0.23 sys=0.00, real=0.03 secs]
2022-03-11T19:38:58.022-0800: 5.180: [GC (CMS Initial Mark) [1 CMS-initial-mark: 722290K(1398144K)] 792322K(2027264K), 0.0001954 secs] [Times: user=0.00 sys=0.00, real=0.00 secs]
2022-03-11T19:38:58.023-0800: 5.181: [CMS-concurrent-mark-start]
2022-03-11T19:38:58.024-0800: 5.182: [CMS-concurrent-mark: 0.001/0.001 secs] [Times: user=0.00 sys=0.00, real=0.00 secs]
2022-03-11T19:38:58.024-0800: 5.182: [CMS-concurrent-preclean-start]
2022-03-11T19:38:58.026-0800: 5.184: [CMS-concurrent-preclean: 0.002/0.002 secs] [Times: user=0.00 sys=0.00, real=0.00 secs]
2022-03-11T19:38:58.026-0800: 5.184: [CMS-concurrent-abortable-preclean-start]
2022-03-11T19:38:58.091-0800: 5.249: [GC (Allocation Failure) 2022-03-11T19:38:58.091-0800: 5.249: [ParNew: 629119K->69888K(629120K), 0.0252865 secs] 1351410K->918430K(2027264K), 0.0253678 secs] [Times: user=0.25 sys=0.01, real=0.02 secs]
2022-03-11T19:38:58.178-0800: 5.336: [GC (Allocation Failure) 2022-03-11T19:38:58.178-0800: 5.336: [ParNew: 629120K->69887K(629120K), 0.0235520 secs] 1477662K->1041653K(2027264K), 0.0236361 secs] [Times: user=0.23 sys=0.00, real=0.03 secs]
2022-03-11T19:38:58.285-0800: 5.443: [GC (Allocation Failure) 2022-03-11T19:38:58.285-0800: 5.443: [ParNew: 629119K->69887K(629120K), 0.0219807 secs] 1600885K->1151984K(2027264K), 0.0220606 secs] [Times: user=0.21 sys=0.00, real=0.02 secs]
2022-03-11T19:38:58.370-0800: 5.528: [GC (Allocation Failure) 2022-03-11T19:38:58.370-0800: 5.528: [ParNew: 629119K->69887K(629120K), 0.0244973 secs] 1711216K->1284609K(2027264K), 0.0245717 secs] [Times: user=0.24 sys=0.00, real=0.02 secs]
2022-03-11T19:38:58.460-0800: 5.618: [GC (Allocation Failure) 2022-03-11T19:38:58.460-0800: 5.618: [ParNew: 629119K->69887K(629120K), 0.0354088 secs] 1843841K->1416356K(2027264K), 0.0354847 secs] [Times: user=0.34 sys=0.01, real=0.03 secs]
2022-03-11T19:38:58.495-0800: 5.653: [CMS-concurrent-abortable-preclean: 0.021/0.469 secs] [Times: user=1.64 sys=0.02, real=0.47 secs]
2022-03-11T19:38:58.495-0800: 5.653: [GC (CMS Final Remark) [YG occupancy: 70175 K (629120 K)]2022-03-11T19:38:58.495-0800: 5.653: [Rescan (parallel) , 0.0006367 secs]2022-03-11T19:38:58.496-0800: 5.654: [weak refs processing, 0.0000147 secs]2022-03-11T19:38:58.496-0800: 5.654: [class unloading, 0.0001761 secs]2022-03-11T19:38:58.496-0800: 5.654: [scrub symbol table, 0.0002572 secs]2022-03-11T19:38:58.497-0800: 5.654: [scrub string table, 0.0001701 secs][1 CMS-remark: 1346469K(1398144K)] 1416644K(2027264K), 0.0013150 secs] [Times: user=0.00 sys=0.00, real=0.00 secs]
2022-03-11T19:38:58.497-0800: 5.655: [CMS-concurrent-sweep-start]
2022-03-11T19:38:58.499-0800: 5.657: [CMS-concurrent-sweep: 0.002/0.002 secs] [Times: user=0.01 sys=0.00, real=0.00 secs]
2022-03-11T19:38:58.499-0800: 5.657: [CMS-concurrent-reset-start]
2022-03-11T19:38:58.500-0800: 5.658: [CMS-concurrent-reset: 0.001/0.001 secs] [Times: user=0.00 sys=0.00, real=0.01 secs]
2022-03-11T19:38:58.562-0800: 5.720: [GC (Allocation Failure) 2022-03-11T19:38:58.562-0800: 5.720: [ParNew: 629119K->69887K(629120K), 0.0287137 secs] 1569942K->1121541K(2027264K), 0.0288018 secs] [Times: user=0.28 sys=0.00, real=0.03 secs]
2022-03-11T19:38:58.591-0800: 5.749: [GC (CMS Initial Mark) [1 CMS-initial-mark: 1051653K(1398144K)] 1122330K(2027264K), 0.0001937 secs] [Times: user=0.00 sys=0.00, real=0.00 secs]
2022-03-11T19:38:58.591-0800: 5.749: [CMS-concurrent-mark-start]
2022-03-11T19:38:58.594-0800: 5.752: [CMS-concurrent-mark: 0.002/0.002 secs] [Times: user=0.01 sys=0.00, real=0.00 secs]
2022-03-11T19:38:58.594-0800: 5.752: [CMS-concurrent-preclean-start]
2022-03-11T19:38:58.596-0800: 5.754: [CMS-concurrent-preclean: 0.002/0.002 secs] [Times: user=0.01 sys=0.00, real=0.00 secs]
2022-03-11T19:38:58.596-0800: 5.754: [CMS-concurrent-abortable-preclean-start]
2022-03-11T19:38:58.659-0800: 5.817: [GC (Allocation Failure) 2022-03-11T19:38:58.659-0800: 5.817: [ParNew: 629119K->69887K(629120K), 0.0254235 secs] 1680773K->1248272K(2027264K), 0.0255024 secs] [Times: user=0.25 sys=0.00, real=0.03 secs]
2022-03-11T19:38:58.742-0800: 5.900: [GC (Allocation Failure) 2022-03-11T19:38:58.742-0800: 5.900: [ParNew: 629119K->69887K(629120K), 0.0241809 secs] 1807504K->1377765K(2027264K), 0.0242648 secs] [Times: user=0.24 sys=0.00, real=0.02 secs]
2022-03-11T19:38:58.769-0800: 5.927: [CMS-concurrent-abortable-preclean: 0.010/0.173 secs] [Times: user=0.61 sys=0.00, real=0.17 secs]
2022-03-11T19:38:58.769-0800: 5.927: [GC (CMS Final Remark) [YG occupancy: 104243 K (629120 K)]2022-03-11T19:38:58.769-0800: 5.927: [Rescan (parallel) , 0.0006921 secs]2022-03-11T19:38:58.770-0800: 5.928: [weak refs processing, 0.0000162 secs]2022-03-11T19:38:58.770-0800: 5.928: [class unloading, 0.0001845 secs]2022-03-11T19:38:58.770-0800: 5.928: [scrub symbol table, 0.0002525 secs]2022-03-11T19:38:58.770-0800: 5.928: [scrub string table, 0.0001730 secs][1 CMS-remark: 1307877K(1398144K)] 1412120K(2027264K), 0.0013890 secs] [Times: user=0.01 sys=0.01, real=0.01 secs]
2022-03-11T19:38:58.770-0800: 5.928: [CMS-concurrent-sweep-start]
2022-03-11T19:38:58.773-0800: 5.931: [CMS-concurrent-sweep: 0.003/0.003 secs] [Times: user=0.00 sys=0.00, real=0.00 secs]
2022-03-11T19:38:58.773-0800: 5.931: [CMS-concurrent-reset-start]
2022-03-11T19:38:58.775-0800: 5.933: [CMS-concurrent-reset: 0.001/0.001 secs] [Times: user=0.00 sys=0.00, real=0.00 secs]
2022-03-11T19:38:58.829-0800: 5.987: [GC (Allocation Failure) 2022-03-11T19:38:58.829-0800: 5.987: [ParNew: 629119K->69887K(629120K), 0.0250560 secs] 1180231K->752551K(2027264K), 0.0251384 secs] [Times: user=0.25 sys=0.00, real=0.03 secs]
2022-03-11T19:38:58.854-0800: 6.012: [GC (CMS Initial Mark) [1 CMS-initial-mark: 682664K(1398144K)] 753107K(2027264K), 0.0002648 secs] [Times: user=0.00 sys=0.00, real=0.00 secs]
2022-03-11T19:38:58.854-0800: 6.012: [CMS-concurrent-mark-start]
2022-03-11T19:38:58.856-0800: 6.014: [CMS-concurrent-mark: 0.002/0.002 secs] [Times: user=0.00 sys=0.00, real=0.00 secs]
2022-03-11T19:38:58.856-0800: 6.014: [CMS-concurrent-preclean-start]
2022-03-11T19:38:58.858-0800: 6.016: [CMS-concurrent-preclean: 0.002/0.002 secs] [Times: user=0.00 sys=0.00, real=0.00 secs]
2022-03-11T19:38:58.858-0800: 6.016: [CMS-concurrent-abortable-preclean-start]
2022-03-11T19:38:58.916-0800: 6.074: [GC (Allocation Failure) 2022-03-11T19:38:58.917-0800: 6.074: [ParNew: 629119K->69887K(629120K), 0.0245845 secs] 1311783K->873175K(2027264K), 0.0246721 secs] [Times: user=0.24 sys=0.00, real=0.03 secs]
2022-03-11T19:38:59.012-0800: 6.170: [GC (Allocation Failure) 2022-03-11T19:38:59.012-0800: 6.170: [ParNew: 629119K->69887K(629120K), 0.0234159 secs] 1432407K->995325K(2027264K), 0.0234929 secs] [Times: user=0.23 sys=0.00, real=0.02 secs]
2022-03-11T19:38:59.108-0800: 6.266: [GC (Allocation Failure) 2022-03-11T19:38:59.108-0800: 6.266: [ParNew: 629119K->69886K(629120K), 0.0232862 secs] 1554557K->1118641K(2027264K), 0.0233654 secs] [Times: user=0.23 sys=0.00, real=0.03 secs]
2022-03-11T19:38:59.192-0800: 6.349: [GC (Allocation Failure) 2022-03-11T19:38:59.192-0800: 6.350: [ParNew: 629118K->69886K(629120K), 0.0224741 secs] 1677873K->1234830K(2027264K), 0.0225555 secs] [Times: user=0.22 sys=0.00, real=0.02 secs]
2022-03-11T19:38:59.272-0800: 6.430: [GC (Allocation Failure) 2022-03-11T19:38:59.272-0800: 6.430: [ParNew: 629118K->69887K(629120K), 0.0241965 secs] 1794062K->1364901K(2027264K), 0.0242816 secs] [Times: user=0.24 sys=0.00, real=0.02 secs]
2022-03-11T19:38:59.299-0800: 6.457: [CMS-concurrent-abortable-preclean: 0.024/0.441 secs] [Times: user=1.50 sys=0.00, real=0.44 secs]
2022-03-11T19:38:59.299-0800: 6.457: [GC (CMS Final Remark) [YG occupancy: 104367 K (629120 K)]2022-03-11T19:38:59.299-0800: 6.457: [Rescan (parallel) , 0.0007770 secs]2022-03-11T19:38:59.300-0800: 6.458: [weak refs processing, 0.0000174 secs]2022-03-11T19:38:59.300-0800: 6.458: [class unloading, 0.0001984 secs]2022-03-11T19:38:59.300-0800: 6.458: [scrub symbol table, 0.0002938 secs]2022-03-11T19:38:59.301-0800: 6.458: [scrub string table, 0.0001794 secs][1 CMS-remark: 1295013K(1398144K)] 1399380K(2027264K), 0.0015406 secs] [Times: user=0.00 sys=0.00, real=0.01 secs]
2022-03-11T19:38:59.301-0800: 6.459: [CMS-concurrent-sweep-start]
2022-03-11T19:38:59.304-0800: 6.462: [CMS-concurrent-sweep: 0.003/0.003 secs] [Times: user=0.00 sys=0.00, real=0.00 secs]
2022-03-11T19:38:59.304-0800: 6.462: [CMS-concurrent-reset-start]
2022-03-11T19:38:59.305-0800: 6.463: [CMS-concurrent-reset: 0.001/0.001 secs] [Times: user=0.01 sys=0.00, real=0.00 secs]
2022-03-11T19:38:59.361-0800: 6.519: [GC (Allocation Failure) 2022-03-11T19:38:59.361-0800: 6.519: [ParNew: 629119K->69887K(629120K), 0.0256900 secs] 1552387K->1116305K(2027264K), 0.0257714 secs] [Times: user=0.25 sys=0.00, real=0.02 secs]
2022-03-11T19:38:59.387-0800: 6.545: [GC (CMS Initial Mark) [1 CMS-initial-mark: 1046417K(1398144K)] 1127661K(2027264K), 0.0001767 secs] [Times: user=0.00 sys=0.00, real=0.00 secs]
2022-03-11T19:38:59.387-0800: 6.545: [CMS-concurrent-mark-start]
2022-03-11T19:38:59.389-0800: 6.547: [CMS-concurrent-mark: 0.002/0.002 secs] [Times: user=0.00 sys=0.00, real=0.00 secs]
2022-03-11T19:38:59.389-0800: 6.547: [CMS-concurrent-preclean-start]
2022-03-11T19:38:59.391-0800: 6.549: [CMS-concurrent-preclean: 0.002/0.002 secs] [Times: user=0.00 sys=0.00, real=0.01 secs]
2022-03-11T19:38:59.391-0800: 6.549: [CMS-concurrent-abortable-preclean-start]
2022-03-11T19:38:59.447-0800: 6.605: [GC (Allocation Failure) 2022-03-11T19:38:59.447-0800: 6.605: [ParNew: 629119K->69887K(629120K), 0.0252013 secs] 1675537K->1246088K(2027264K), 0.0252826 secs] [Times: user=0.24 sys=0.00, real=0.03 secs]
2022-03-11T19:38:59.532-0800: 6.690: [GC (Allocation Failure) 2022-03-11T19:38:59.532-0800: 6.690: [ParNew: 629119K->69887K(629120K), 0.0232955 secs] 1805320K->1366121K(2027264K), 0.0233770 secs] [Times: user=0.23 sys=0.00, real=0.02 secs]
2022-03-11T19:38:59.624-0800: 6.782: [GC (Allocation Failure) 2022-03-11T19:38:59.624-0800: 6.782: [ParNew: 629119K->629119K(629120K), 0.0000207 secs]2022-03-11T19:38:59.624-0800: 6.782: [CMS2022-03-11T19:38:59.624-0800: 6.782: [CMS-concurrent-abortable-preclean: 0.012/0.233 secs] [Times: user=0.68 sys=0.00, real=0.23 secs]
 (concurrent mode failure): 1296234K->380426K(1398144K), 0.0551776 secs] 1925353K->380426K(2027264K), [Metaspace: 2569K->2569K(1056768K)], 0.0553143 secs] [Times: user=0.05 sys=0.00, real=0.05 secs] 
2022-03-11T19:38:59.750-0800: 6.908: [GC (Allocation Failure) 2022-03-11T19:38:59.751-0800: 6.908: [ParNew: 559232K->69887K(629120K), 0.0189336 secs] 939658K->532921K(2027264K), 0.0190268 secs] [Times: user=0.18 sys=0.00, real=0.02 secs]
2022-03-11T19:38:59.830-0800: 6.988: [GC (Allocation Failure) 2022-03-11T19:38:59.830-0800: 6.988: [ParNew: 629119K->69887K(629120K), 0.0242448 secs] 1092153K->665555K(2027264K), 0.0243244 secs] [Times: user=0.24 sys=0.00, real=0.02 secs]
2022-03-11T19:38:59.913-0800: 7.071: [GC (Allocation Failure) 2022-03-11T19:38:59.913-0800: 7.071: [ParNew: 629119K->69886K(629120K), 0.0241000 secs] 1224787K->798198K(2027264K), 0.0241796 secs] [Times: user=0.23 sys=0.00, real=0.02 secs]
2022-03-11T19:38:59.937-0800: 7.095: [GC (CMS Initial Mark) [1 CMS-initial-mark: 728311K(1398144K)] 810011K(2027264K), 0.0002094 secs] [Times: user=0.00 sys=0.00, real=0.00 secs]
2022-03-11T19:38:59.937-0800: 7.095: [CMS-concurrent-mark-start]
2022-03-11T19:38:59.939-0800: 7.097: [CMS-concurrent-mark: 0.001/0.001 secs] [Times: user=0.01 sys=0.00, real=0.00 secs]
2022-03-11T19:38:59.939-0800: 7.097: [CMS-concurrent-preclean-start]
2022-03-11T19:38:59.941-0800: 7.099: [CMS-concurrent-preclean: 0.002/0.002 secs] [Times: user=0.00 sys=0.00, real=0.01 secs]
2022-03-11T19:38:59.941-0800: 7.099: [CMS-concurrent-abortable-preclean-start]
2022-03-11T19:38:59.996-0800: 7.154: [GC (Allocation Failure) 2022-03-11T19:38:59.996-0800: 7.154: [ParNew: 629118K->69887K(629120K), 0.0234109 secs] 1357430K->922170K(2027264K), 0.0234930 secs] [Times: user=0.23 sys=0.00, real=0.03 secs]
2022-03-11T19:39:00.080-0800: 7.238: [GC (Allocation Failure) 2022-03-11T19:39:00.080-0800: 7.238: [ParNew: 629119K->69887K(629120K), 0.0289842 secs] 1481402K->1060671K(2027264K), 0.0291245 secs] [Times: user=0.28 sys=0.01, real=0.02 secs]
2022-03-11T19:39:00.175-0800: 7.333: [GC (Allocation Failure) 2022-03-11T19:39:00.175-0800: 7.333: [ParNew: 629119K->69886K(629120K), 0.0226210 secs] 1619903K->1180349K(2027264K), 0.0227035 secs] [Times: user=0.22 sys=0.00, real=0.02 secs]
2022-03-11T19:39:00.263-0800: 7.421: [GC (Allocation Failure) 2022-03-11T19:39:00.263-0800: 7.421: [ParNew: 629118K->69887K(629120K), 0.0249983 secs] 1739581K->1308609K(2027264K), 0.0250809 secs] [Times: user=0.25 sys=0.00, real=0.02 secs]
2022-03-11T19:39:00.349-0800: 7.507: [GC (Allocation Failure) 2022-03-11T19:39:00.349-0800: 7.507: [ParNew: 629119K->69887K(629120K), 0.0346087 secs] 1867841K->1439315K(2027264K), 0.0346868 secs] [Times: user=0.34 sys=0.01, real=0.04 secs]
2022-03-11T19:39:00.384-0800: 7.542: [CMS-concurrent-abortable-preclean: 0.023/0.443 secs] [Times: user=1.65 sys=0.02, real=0.44 secs]
2022-03-11T19:39:00.384-0800: 7.542: [GC (CMS Final Remark) [YG occupancy: 69923 K (629120 K)]2022-03-11T19:39:00.384-0800: 7.542: [Rescan (parallel) , 0.0006525 secs]2022-03-11T19:39:00.385-0800: 7.543: [weak refs processing, 0.0000238 secs]2022-03-11T19:39:00.385-0800: 7.543: [class unloading, 0.0001734 secs]2022-03-11T19:39:00.385-0800: 7.543: [scrub symbol table, 0.0002383 secs]2022-03-11T19:39:00.385-0800: 7.543: [scrub string table, 0.0001601 secs][1 CMS-remark: 1369427K(1398144K)] 1439351K(2027264K), 0.0013256 secs] [Times: user=0.00 sys=0.00, real=0.00 secs]
2022-03-11T19:39:00.385-0800: 7.543: [CMS-concurrent-sweep-start]
2022-03-11T19:39:00.387-0800: 7.545: [CMS-concurrent-sweep: 0.002/0.002 secs] [Times: user=0.00 sys=0.00, real=0.00 secs]
2022-03-11T19:39:00.387-0800: 7.545: [CMS-concurrent-reset-start]
2022-03-11T19:39:00.389-0800: 7.547: [CMS-concurrent-reset: 0.001/0.001 secs] [Times: user=0.01 sys=0.00, real=0.00 secs]
2022-03-11T19:39:00.461-0800: 7.619: [GC (Allocation Failure) 2022-03-11T19:39:00.461-0800: 7.619: [ParNew: 629119K->69886K(629120K), 0.0220362 secs] 1593088K->1141990K(2027264K), 0.0221190 secs] [Times: user=0.22 sys=0.00, real=0.02 secs]
2022-03-11T19:39:00.483-0800: 7.641: [GC (CMS Initial Mark) [1 CMS-initial-mark: 1072104K(1398144K)] 1153323K(2027264K), 0.0001949 secs] [Times: user=0.00 sys=0.00, real=0.00 secs]
2022-03-11T19:39:00.483-0800: 7.641: [CMS-concurrent-mark-start]
2022-03-11T19:39:00.485-0800: 7.643: [CMS-concurrent-mark: 0.002/0.002 secs] [Times: user=0.00 sys=0.00, real=0.00 secs]
2022-03-11T19:39:00.485-0800: 7.643: [CMS-concurrent-preclean-start]
2022-03-11T19:39:00.487-0800: 7.645: [CMS-concurrent-preclean: 0.002/0.002 secs] [Times: user=0.00 sys=0.00, real=0.00 secs]
2022-03-11T19:39:00.487-0800: 7.645: [CMS-concurrent-abortable-preclean-start]
2022-03-11T19:39:00.544-0800: 7.702: [GC (Allocation Failure) 2022-03-11T19:39:00.544-0800: 7.702: [ParNew: 629118K->69886K(629120K), 0.0256622 secs] 1701222K->1264123K(2027264K), 0.0257413 secs] [Times: user=0.25 sys=0.00, real=0.03 secs]
2022-03-11T19:39:00.650-0800: 7.808: [GC (Allocation Failure) 2022-03-11T19:39:00.650-0800: 7.808: [ParNew: 629118K->69887K(629120K), 0.0251044 secs] 1823355K->1383787K(2027264K), 0.0251890 secs] [Times: user=0.25 sys=0.00, real=0.02 secs]
2022-03-11T19:39:00.678-0800: 7.836: [CMS-concurrent-abortable-preclean: 0.010/0.191 secs] [Times: user=0.65 sys=0.00, real=0.19 secs]
2022-03-11T19:39:00.679-0800: 7.836: [GC (CMS Final Remark) [YG occupancy: 104307 K (629120 K)]2022-03-11T19:39:00.679-0800: 7.837: [Rescan (parallel) , 0.0007428 secs]2022-03-11T19:39:00.679-0800: 7.837: [weak refs processing, 0.0000168 secs]2022-03-11T19:39:00.679-0800: 7.837: [class unloading, 0.0001880 secs]2022-03-11T19:39:00.680-0800: 7.837: [scrub symbol table, 0.0002584 secs]2022-03-11T19:39:00.680-0800: 7.838: [scrub string table, 0.0001789 secs][1 CMS-remark: 1313899K(1398144K)] 1418207K(2027264K), 0.0014621 secs] [Times: user=0.01 sys=0.00, real=0.01 secs]
2022-03-11T19:39:00.680-0800: 7.838: [CMS-concurrent-sweep-start]
2022-03-11T19:39:00.683-0800: 7.841: [CMS-concurrent-sweep: 0.003/0.003 secs] [Times: user=0.00 sys=0.00, real=0.00 secs]
2022-03-11T19:39:00.683-0800: 7.841: [CMS-concurrent-reset-start]
2022-03-11T19:39:00.685-0800: 7.843: [CMS-concurrent-reset: 0.001/0.001 secs] [Times: user=0.00 sys=0.00, real=0.00 secs]
2022-03-11T19:39:00.750-0800: 7.908: [GC (Allocation Failure) 2022-03-11T19:39:00.750-0800: 7.908: [ParNew: 629119K->69887K(629120K), 0.0247680 secs] 1165145K->734818K(2027264K), 0.0248521 secs] [Times: user=0.24 sys=0.01, real=0.02 secs]
2022-03-11T19:39:00.833-0800: 7.991: [GC (Allocation Failure) 2022-03-11T19:39:00.833-0800: 7.991: [ParNew: 629119K->69886K(629120K), 0.0238893 secs] 1294050K->861171K(2027264K), 0.0239714 secs] [Times: user=0.23 sys=0.00, real=0.02 secs]
2022-03-11T19:39:00.857-0800: 8.015: [GC (CMS Initial Mark) [1 CMS-initial-mark: 791285K(1398144K)] 872397K(2027264K), 0.0002201 secs] [Times: user=0.00 sys=0.00, real=0.00 secs]
2022-03-11T19:39:00.857-0800: 8.015: [CMS-concurrent-mark-start]
2022-03-11T19:39:00.859-0800: 8.017: [CMS-concurrent-mark: 0.002/0.002 secs] [Times: user=0.00 sys=0.00, real=0.00 secs]
2022-03-11T19:39:00.859-0800: 8.017: [CMS-concurrent-preclean-start]
2022-03-11T19:39:00.861-0800: 8.019: [CMS-concurrent-preclean: 0.002/0.002 secs] [Times: user=0.00 sys=0.00, real=0.01 secs]
2022-03-11T19:39:00.861-0800: 8.019: [CMS-concurrent-abortable-preclean-start]
2022-03-11T19:39:00.919-0800: 8.077: [GC (Allocation Failure) 2022-03-11T19:39:00.919-0800: 8.077: [ParNew: 629118K->69887K(629120K), 0.0230320 secs] 1420403K->983080K(2027264K), 0.0231102 secs] [Times: user=0.22 sys=0.00, real=0.03 secs]
2022-03-11T19:39:01.004-0800: 8.162: [GC (Allocation Failure) 2022-03-11T19:39:01.004-0800: 8.162: [ParNew: 629119K->69886K(629120K), 0.0234822 secs] 1542312K->1101370K(2027264K), 0.0235671 secs] [Times: user=0.23 sys=0.00, real=0.02 secs]
2022-03-11T19:39:01.088-0800: 8.246: [GC (Allocation Failure) 2022-03-11T19:39:01.088-0800: 8.246: [ParNew: 629118K->69887K(629120K), 0.0232199 secs] 1660602K->1222946K(2027264K), 0.0233024 secs] [Times: user=0.23 sys=0.00, real=0.03 secs]
2022-03-11T19:39:01.194-0800: 8.352: [GC (Allocation Failure) 2022-03-11T19:39:01.194-0800: 8.352: [ParNew2022-03-11T19:39:01.218-0800: 8.376: [CMS-concurrent-abortable-preclean: 0.017/0.357 secs] [Times: user=1.20 sys=0.00, real=0.35 secs]
: 629119K->69887K(629120K), 0.0241079 secs] 1782178K->1344840K(2027264K), 0.0241755 secs] [Times: user=0.23 sys=0.00, real=0.02 secs] 
2022-03-11T19:39:01.218-0800: 8.376: [GC (CMS Final Remark) [YG occupancy: 70616 K (629120 K)]2022-03-11T19:39:01.218-0800: 8.376: [Rescan (parallel) , 0.0006854 secs]2022-03-11T19:39:01.219-0800: 8.377: [weak refs processing, 0.0000151 secs]2022-03-11T19:39:01.219-0800: 8.377: [class unloading, 0.0001809 secs]2022-03-11T19:39:01.219-0800: 8.377: [scrub symbol table, 0.0002456 secs]2022-03-11T19:39:01.220-0800: 8.378: [scrub string table, 0.0001685 secs][1 CMS-remark: 1274952K(1398144K)] 1345568K(2027264K), 0.0013594 secs] [Times: user=0.01 sys=0.00, real=0.01 secs]
2022-03-11T19:39:01.220-0800: 8.378: [CMS-concurrent-sweep-start]
2022-03-11T19:39:01.223-0800: 8.381: [CMS-concurrent-sweep: 0.003/0.003 secs] [Times: user=0.00 sys=0.00, real=0.00 secs]
2022-03-11T19:39:01.223-0800: 8.381: [CMS-concurrent-reset-start]
2022-03-11T19:39:01.224-0800: 8.382: [CMS-concurrent-reset: 0.001/0.001 secs] [Times: user=0.01 sys=0.00, real=0.00 secs]
2022-03-11T19:39:01.283-0800: 8.441: [GC (Allocation Failure) 2022-03-11T19:39:01.283-0800: 8.441: [ParNew: 629119K->69887K(629120K), 0.0246048 secs] 1414977K->978525K(2027264K), 0.0247086 secs] [Times: user=0.24 sys=0.01, real=0.02 secs]
2022-03-11T19:39:01.308-0800: 8.466: [GC (CMS Initial Mark) [1 CMS-initial-mark: 908637K(1398144K)] 990678K(2027264K), 0.0001770 secs] [Times: user=0.00 sys=0.00, real=0.00 secs]
2022-03-11T19:39:01.308-0800: 8.466: [CMS-concurrent-mark-start]
2022-03-11T19:39:01.310-0800: 8.468: [CMS-concurrent-mark: 0.002/0.002 secs] [Times: user=0.00 sys=0.00, real=0.01 secs]
2022-03-11T19:39:01.311-0800: 8.469: [CMS-concurrent-preclean-start]
2022-03-11T19:39:01.312-0800: 8.470: [CMS-concurrent-preclean: 0.002/0.002 secs] [Times: user=0.01 sys=0.00, real=0.00 secs]
2022-03-11T19:39:01.312-0800: 8.470: [CMS-concurrent-abortable-preclean-start]
2022-03-11T19:39:01.379-0800: 8.537: [GC (Allocation Failure) 2022-03-11T19:39:01.379-0800: 8.537: [ParNew: 629119K->69887K(629120K), 0.0245086 secs] 1537757K->1107995K(2027264K), 0.0245903 secs] [Times: user=0.24 sys=0.00, real=0.03 secs]
2022-03-11T19:39:01.484-0800: 8.642: [GC (Allocation Failure) 2022-03-11T19:39:01.484-0800: 8.642: [ParNew2022-03-11T19:39:01.509-0800: 8.667: [CMS-concurrent-abortable-preclean: 0.007/0.196 secs] [Times: user=0.64 sys=0.00, real=0.19 secs]
: 629119K->69887K(629120K), 0.0259613 secs] 1667227K->1225387K(2027264K), 0.0260632 secs] [Times: user=0.26 sys=0.00, real=0.03 secs] 
2022-03-11T19:39:01.510-0800: 8.668: [GC (CMS Final Remark) [YG occupancy: 81134 K (629120 K)]2022-03-11T19:39:01.510-0800: 8.668: [Rescan (parallel) , 0.0008514 secs]2022-03-11T19:39:01.511-0800: 8.669: [weak refs processing, 0.0000201 secs]2022-03-11T19:39:01.511-0800: 8.669: [class unloading, 0.0002042 secs]2022-03-11T19:39:01.511-0800: 8.669: [scrub symbol table, 0.0002835 secs]2022-03-11T19:39:01.512-0800: 8.670: [scrub string table, 0.0001956 secs][1 CMS-remark: 1155499K(1398144K)] 1236634K(2027264K), 0.0016596 secs] [Times: user=0.00 sys=0.00, real=0.00 secs]
2022-03-11T19:39:01.512-0800: 8.670: [CMS-concurrent-sweep-start]
2022-03-11T19:39:01.515-0800: 8.673: [CMS-concurrent-sweep: 0.003/0.003 secs] [Times: user=0.01 sys=0.00, real=0.00 secs]
2022-03-11T19:39:01.515-0800: 8.673: [CMS-concurrent-reset-start]
2022-03-11T19:39:01.517-0800: 8.675: [CMS-concurrent-reset: 0.001/0.001 secs] [Times: user=0.00 sys=0.00, real=0.00 secs]
2022-03-11T19:39:01.591-0800: 8.749: [GC (Allocation Failure) 2022-03-11T19:39:01.591-0800: 8.749: [ParNew: 629119K->69887K(629120K), 0.0244384 secs] 1175592K->740118K(2027264K), 0.0245399 secs] [Times: user=0.23 sys=0.00, real=0.02 secs]
2022-03-11T19:39:01.685-0800: 8.843: [GC (Allocation Failure) 2022-03-11T19:39:01.685-0800: 8.843: [ParNew: 629119K->69887K(629120K), 0.0233883 secs] 1299350K->856881K(2027264K), 0.0234844 secs] [Times: user=0.23 sys=0.00, real=0.02 secs]
2022-03-11T19:39:01.708-0800: 8.866: [GC (CMS Initial Mark) [1 CMS-initial-mark: 786994K(1398144K)] 857516K(2027264K), 0.0002070 secs] [Times: user=0.00 sys=0.00, real=0.00 secs]
2022-03-11T19:39:01.709-0800: 8.867: [CMS-concurrent-mark-start]
2022-03-11T19:39:01.711-0800: 8.869: [CMS-concurrent-mark: 0.002/0.002 secs] [Times: user=0.01 sys=0.00, real=0.01 secs]
2022-03-11T19:39:01.711-0800: 8.869: [CMS-concurrent-preclean-start]
2022-03-11T19:39:01.713-0800: 8.871: [CMS-concurrent-preclean: 0.002/0.002 secs] [Times: user=0.00 sys=0.00, real=0.00 secs]
2022-03-11T19:39:01.713-0800: 8.871: [CMS-concurrent-abortable-preclean-start]
2022-03-11T19:39:01.771-0800: 8.929: [GC (Allocation Failure) 2022-03-11T19:39:01.771-0800: 8.929: [ParNew: 629119K->69886K(629120K), 0.0231777 secs] 1416113K->976805K(2027264K), 0.0232709 secs] [Times: user=0.23 sys=0.00, real=0.02 secs]
2022-03-11T19:39:01.865-0800: 9.023: [GC (Allocation Failure) 2022-03-11T19:39:01.865-0800: 9.023: [ParNew: 629118K->69887K(629120K), 0.0232513 secs] 1536037K->1095373K(2027264K), 0.0233437 secs] [Times: user=0.22 sys=0.00, real=0.02 secs]
2022-03-11T19:39:01.974-0800: 9.132: [GC (Allocation Failure) 2022-03-11T19:39:01.974-0800: 9.132: [ParNew2022-03-11T19:39:01.995-0800: 9.153: [CMS-concurrent-abortable-preclean: 0.012/0.283 secs] [Times: user=0.89 sys=0.01, real=0.28 secs]
: 629119K->69887K(629120K), 0.0245748 secs] 1654605K->1228646K(2027264K), 0.0246585 secs] [Times: user=0.24 sys=0.00, real=0.02 secs] 
2022-03-11T19:39:01.999-0800: 9.157: [GC (CMS Final Remark) [YG occupancy: 70472 K (629120 K)]2022-03-11T19:39:01.999-0800: 9.157: [Rescan (parallel) , 0.0006883 secs]2022-03-11T19:39:01.999-0800: 9.157: [weak refs processing, 0.0000149 secs]2022-03-11T19:39:02.000-0800: 9.157: [class unloading, 0.0001799 secs]2022-03-11T19:39:02.000-0800: 9.158: [scrub symbol table, 0.0002526 secs]2022-03-11T19:39:02.000-0800: 9.158: [scrub string table, 0.0001745 secs][1 CMS-remark: 1158758K(1398144K)] 1229231K(2027264K), 0.0013785 secs] [Times: user=0.01 sys=0.00, real=0.01 secs]
2022-03-11T19:39:02.000-0800: 9.158: [CMS-concurrent-sweep-start]
2022-03-11T19:39:02.003-0800: 9.161: [CMS-concurrent-sweep: 0.003/0.003 secs] [Times: user=0.01 sys=0.00, real=0.00 secs]
2022-03-11T19:39:02.003-0800: 9.161: [CMS-concurrent-reset-start]
2022-03-11T19:39:02.005-0800: 9.163: [CMS-concurrent-reset: 0.001/0.001 secs] [Times: user=0.00 sys=0.00, real=0.00 secs]
2022-03-11T19:39:02.059-0800: 9.217: [GC (Allocation Failure) 2022-03-11T19:39:02.059-0800: 9.217: [ParNew: 629119K->69886K(629120K), 0.0254521 secs] 1298393K->868284K(2027264K), 0.0255334 secs] [Times: user=0.25 sys=0.00, real=0.03 secs]
2022-03-11T19:39:02.085-0800: 9.243: [GC (CMS Initial Mark) [1 CMS-initial-mark: 798397K(1398144K)] 868428K(2027264K), 0.0001968 secs] [Times: user=0.00 sys=0.00, real=0.00 secs]
2022-03-11T19:39:02.085-0800: 9.243: [CMS-concurrent-mark-start]
2022-03-11T19:39:02.087-0800: 9.245: [CMS-concurrent-mark: 0.002/0.002 secs] [Times: user=0.01 sys=0.00, real=0.00 secs]
2022-03-11T19:39:02.087-0800: 9.245: [CMS-concurrent-preclean-start]
2022-03-11T19:39:02.089-0800: 9.247: [CMS-concurrent-preclean: 0.002/0.002 secs] [Times: user=0.00 sys=0.00, real=0.00 secs]
2022-03-11T19:39:02.089-0800: 9.247: [CMS-concurrent-abortable-preclean-start]
2022-03-11T19:39:02.143-0800: 9.301: [GC (Allocation Failure) 2022-03-11T19:39:02.143-0800: 9.301: [ParNew: 629118K->69887K(629120K), 0.0328107 secs] 1427516K->1001385K(2027264K), 0.0328929 secs] [Times: user=0.32 sys=0.00, real=0.03 secs]
2022-03-11T19:39:02.238-0800: 9.396: [GC (Allocation Failure) 2022-03-11T19:39:02.238-0800: 9.396: [ParNew: 629119K->69887K(629120K), 0.0230333 secs] 1560617K->1120309K(2027264K), 0.0231161 secs] [Times: user=0.22 sys=0.00, real=0.03 secs]
2022-03-11T19:39:02.347-0800: 9.505: [GC (Allocation Failure) 2022-03-11T19:39:02.347-0800: 9.505: [ParNew2022-03-11T19:39:02.366-0800: 9.524: [CMS-concurrent-abortable-preclean: 0.012/0.277 secs] [Times: user=0.95 sys=0.01, real=0.28 secs]
: 629119K->69887K(629120K), 0.0263297 secs] 1679541K->1258307K(2027264K), 0.0264190 secs] [Times: user=0.26 sys=0.01, real=0.03 secs] 
2022-03-11T19:39:02.374-0800: 9.532: [GC (CMS Final Remark) [YG occupancy: 81224 K (629120 K)]2022-03-11T19:39:02.374-0800: 9.532: [Rescan (parallel) , 0.0007205 secs]2022-03-11T19:39:02.374-0800: 9.532: [weak refs processing, 0.0000155 secs]2022-03-11T19:39:02.374-0800: 9.532: [class unloading, 0.0001896 secs]2022-03-11T19:39:02.375-0800: 9.532: [scrub symbol table, 0.0002543 secs]2022-03-11T19:39:02.375-0800: 9.533: [scrub string table, 0.0001685 secs][1 CMS-remark: 1188419K(1398144K)] 1269644K(2027264K), 0.0014179 secs] [Times: user=0.01 sys=0.00, real=0.00 secs]
2022-03-11T19:39:02.375-0800: 9.533: [CMS-concurrent-sweep-start]
2022-03-11T19:39:02.378-0800: 9.536: [CMS-concurrent-sweep: 0.003/0.003 secs] [Times: user=0.00 sys=0.00, real=0.00 secs]
2022-03-11T19:39:02.379-0800: 9.536: [CMS-concurrent-reset-start]
2022-03-11T19:39:02.380-0800: 9.538: [CMS-concurrent-reset: 0.001/0.001 secs] [Times: user=0.00 sys=0.00, real=0.01 secs]
2022-03-11T19:39:02.437-0800: 9.595: [GC (Allocation Failure) 2022-03-11T19:39:02.437-0800: 9.595: [ParNew: 629119K->69887K(629120K), 0.0244504 secs] 1335738K->905340K(2027264K), 0.0245507 secs] [Times: user=0.24 sys=0.00, real=0.03 secs]
2022-03-11T19:39:02.462-0800: 9.620: [GC (CMS Initial Mark) [1 CMS-initial-mark: 835452K(1398144K)] 916755K(2027264K), 0.0002198 secs] [Times: user=0.00 sys=0.00, real=0.00 secs]
2022-03-11T19:39:02.462-0800: 9.620: [CMS-concurrent-mark-start]
2022-03-11T19:39:02.464-0800: 9.622: [CMS-concurrent-mark: 0.002/0.002 secs] [Times: user=0.01 sys=0.00, real=0.00 secs]
2022-03-11T19:39:02.464-0800: 9.622: [CMS-concurrent-preclean-start]
2022-03-11T19:39:02.466-0800: 9.624: [CMS-concurrent-preclean: 0.002/0.002 secs] [Times: user=0.00 sys=0.00, real=0.00 secs]
2022-03-11T19:39:02.466-0800: 9.624: [CMS-concurrent-abortable-preclean-start]
2022-03-11T19:39:02.549-0800: 9.707: [GC (Allocation Failure) 2022-03-11T19:39:02.549-0800: 9.707: [ParNew2022-03-11T19:39:02.570-0800: 9.727: [CMS-concurrent-abortable-preclean: 0.002/0.103 secs] [Times: user=0.29 sys=0.00, real=0.11 secs]
: 629119K->69887K(629120K), 0.0256925 secs] 1464572K->1035381K(2027264K), 0.0257692 secs] [Times: user=0.25 sys=0.00, real=0.03 secs] 
2022-03-11T19:39:02.575-0800: 9.733: [GC (CMS Final Remark) [YG occupancy: 81079 K (629120 K)]2022-03-11T19:39:02.575-0800: 9.733: [Rescan (parallel) , 0.0006754 secs]2022-03-11T19:39:02.576-0800: 9.734: [weak refs processing, 0.0000148 secs]2022-03-11T19:39:02.576-0800: 9.734: [class unloading, 0.0001772 secs]2022-03-11T19:39:02.576-0800: 9.734: [scrub symbol table, 0.0002501 secs]2022-03-11T19:39:02.576-0800: 9.734: [scrub string table, 0.0001685 secs][1 CMS-remark: 965493K(1398144K)] 1046573K(2027264K), 0.0013535 secs] [Times: user=0.01 sys=0.00, real=0.00 secs]
2022-03-11T19:39:02.576-0800: 9.734: [CMS-concurrent-sweep-start]
2022-03-11T19:39:02.579-0800: 9.737: [CMS-concurrent-sweep: 0.003/0.003 secs] [Times: user=0.00 sys=0.00, real=0.00 secs]
2022-03-11T19:39:02.579-0800: 9.737: [CMS-concurrent-reset-start]
2022-03-11T19:39:02.580-0800: 9.738: [CMS-concurrent-reset: 0.001/0.001 secs] [Times: user=0.00 sys=0.00, real=0.01 secs]
2022-03-11T19:39:02.639-0800: 9.797: [GC (Allocation Failure) 2022-03-11T19:39:02.639-0800: 9.797: [ParNew: 629016K->69887K(629120K), 0.0247639 secs] 1072921K->638447K(2027264K), 0.0248441 secs] [Times: user=0.25 sys=0.00, real=0.03 secs]
2022-03-11T19:39:02.741-0800: 9.899: [GC (Allocation Failure) 2022-03-11T19:39:02.741-0800: 9.899: [ParNew: 629119K->69887K(629120K), 0.0227569 secs] 1197679K->747738K(2027264K), 0.0228363 secs] [Times: user=0.22 sys=0.00, real=0.02 secs]
2022-03-11T19:39:02.849-0800: 10.007: [GC (Allocation Failure) 2022-03-11T19:39:02.849-0800: 10.007: [ParNew: 629119K->69887K(629120K), 0.0235952 secs] 1306970K->871880K(2027264K), 0.0236708 secs] [Times: user=0.23 sys=0.01, real=0.03 secs]
Heap
 par new generation   total 629120K, used 464503K [0x0000000740000000, 0x000000076aaa0000, 0x000000076aaa0000)
  eden space 559232K,  70% used [0x0000000740000000, 0x000000075815e1a0, 0x0000000762220000)
  from space 69888K,  99% used [0x0000000762220000, 0x000000076665fdc0, 0x0000000766660000)
  to   space 69888K,   0% used [0x0000000766660000, 0x0000000766660000, 0x000000076aaa0000)
 concurrent mark-sweep generation total 1398144K, used 801992K [0x000000076aaa0000, 0x00000007c0000000, 0x00000007c0000000)
 Metaspace       used 2575K, capacity 4490K, committed 4864K, reserved 1056768K
  class space    used 278K, capacity 386K, committed 512K, reserved 1048576K
