Java HotSpot(TM) 64-Bit Server VM (25.181-b13) for bsd-amd64 JRE (1.8.0_181-b13), built on Jul  7 2018 01:02:31 by "java_re" with gcc 4.2.1 (Based on Apple Inc. build 5658) (LLVM build 2336.11.00)
Memory: 4k page, physical 16777216k(2121672k free)

/proc/meminfo:

CommandLine flags: -XX:InitialHeapSize=2147483648 -XX:MaxGCPauseMillis=50 -XX:MaxHeapSize=2147483648 -XX:+PrintGC -XX:+PrintGCDateStamps -XX:+PrintGCDetails -XX:+PrintGCTimeStamps -XX:+UseCompressedClassPointers -XX:+UseCompressedOops -XX:+UseG1GC 
2022-03-11T19:39:25.286-0800: 0.165: [GC pause (G1 Evacuation Pause) (young), 0.0085951 secs]
   [Parallel Time: 7.7 ms, GC Workers: 10]
      [GC Worker Start (ms): Min: 165.0, Avg: 165.1, Max: 165.2, Diff: 0.2]
      [Ext Root Scanning (ms): Min: 0.0, Avg: 0.1, Max: 0.2, Diff: 0.2, Sum: 1.2]
      [Update RS (ms): Min: 0.4, Avg: 0.4, Max: 0.5, Diff: 0.1, Sum: 4.5]
         [Processed Buffers: Min: 5, Avg: 6.1, Max: 7, Diff: 2, Sum: 61]
      [Scan RS (ms): Min: 0.0, Avg: 0.0, Max: 0.0, Diff: 0.0, Sum: 0.1]
      [Code Root Scanning (ms): Min: 0.0, Avg: 0.0, Max: 0.0, Diff: 0.0, Sum: 0.0]
      [Object Copy (ms): Min: 6.4, Avg: 6.6, Max: 6.7, Diff: 0.3, Sum: 65.9]
      [Termination (ms): Min: 0.0, Avg: 0.2, Max: 0.4, Diff: 0.4, Sum: 2.3]
         [Termination Attempts: Min: 1, Avg: 1.0, Max: 1, Diff: 0, Sum: 10]
      [GC Worker Other (ms): Min: 0.0, Avg: 0.0, Max: 0.0, Diff: 0.0, Sum: 0.2]
      [GC Worker Total (ms): Min: 7.3, Avg: 7.4, Max: 7.5, Diff: 0.2, Sum: 74.1]
      [GC Worker End (ms): Min: 172.5, Avg: 172.5, Max: 172.7, Diff: 0.2]
   [Code Root Fixup: 0.0 ms]
   [Code Root Purge: 0.0 ms]
   [Clear CT: 0.1 ms]
   [Other: 0.8 ms]
      [Choose CSet: 0.0 ms]
      [Ref Proc: 0.4 ms]
      [Ref Enq: 0.0 ms]
      [Redirty Cards: 0.1 ms]
      [Humongous Register: 0.0 ms]
      [Humongous Reclaim: 0.1 ms]
      [Free CSet: 0.0 ms]
   [Eden: 102.0M(102.0M)->0.0B(89.0M) Survivors: 0.0B->13.0M Heap: 128.9M(2048.0M)->44.4M(2048.0M)]
 [Times: user=0.02 sys=0.05, real=0.01 secs] 
2022-03-11T19:39:25.318-0800: 0.197: [GC pause (G1 Evacuation Pause) (young), 0.0075385 secs]
   [Parallel Time: 6.8 ms, GC Workers: 10]
      [GC Worker Start (ms): Min: 197.3, Avg: 197.4, Max: 197.5, Diff: 0.2]
      [Ext Root Scanning (ms): Min: 0.0, Avg: 0.1, Max: 0.2, Diff: 0.2, Sum: 0.7]
      [Update RS (ms): Min: 0.4, Avg: 0.4, Max: 0.5, Diff: 0.1, Sum: 4.4]
         [Processed Buffers: Min: 6, Avg: 7.3, Max: 9, Diff: 3, Sum: 73]
      [Scan RS (ms): Min: 0.0, Avg: 0.0, Max: 0.0, Diff: 0.0, Sum: 0.1]
      [Code Root Scanning (ms): Min: 0.0, Avg: 0.0, Max: 0.0, Diff: 0.0, Sum: 0.0]
      [Object Copy (ms): Min: 5.6, Avg: 5.9, Max: 6.1, Diff: 0.4, Sum: 58.7]
      [Termination (ms): Min: 0.0, Avg: 0.2, Max: 0.5, Diff: 0.5, Sum: 2.4]
         [Termination Attempts: Min: 1, Avg: 1.0, Max: 1, Diff: 0, Sum: 10]
      [GC Worker Other (ms): Min: 0.0, Avg: 0.0, Max: 0.0, Diff: 0.0, Sum: 0.1]
      [GC Worker Total (ms): Min: 6.5, Avg: 6.6, Max: 6.7, Diff: 0.2, Sum: 66.3]
      [GC Worker End (ms): Min: 204.0, Avg: 204.1, Max: 204.1, Diff: 0.1]
   [Code Root Fixup: 0.0 ms]
   [Code Root Purge: 0.0 ms]
   [Clear CT: 0.1 ms]
   [Other: 0.6 ms]
      [Choose CSet: 0.0 ms]
      [Ref Proc: 0.3 ms]
      [Ref Enq: 0.0 ms]
      [Redirty Cards: 0.1 ms]
      [Humongous Register: 0.0 ms]
      [Humongous Reclaim: 0.1 ms]
      [Free CSet: 0.0 ms]
   [Eden: 89.0M(89.0M)->0.0B(89.0M) Survivors: 13.0M->13.0M Heap: 153.8M(2048.0M)->78.2M(2048.0M)]
 [Times: user=0.02 sys=0.04, real=0.01 secs] 
2022-03-11T19:39:25.345-0800: 0.224: [GC pause (G1 Evacuation Pause) (young), 0.0083548 secs]
   [Parallel Time: 7.4 ms, GC Workers: 10]
      [GC Worker Start (ms): Min: 224.2, Avg: 224.3, Max: 224.3, Diff: 0.1]
      [Ext Root Scanning (ms): Min: 0.0, Avg: 0.1, Max: 0.2, Diff: 0.1, Sum: 0.7]
      [Update RS (ms): Min: 0.1, Avg: 0.2, Max: 0.2, Diff: 0.0, Sum: 1.5]
         [Processed Buffers: Min: 2, Avg: 2.4, Max: 3, Diff: 1, Sum: 24]
      [Scan RS (ms): Min: 0.0, Avg: 0.0, Max: 0.0, Diff: 0.0, Sum: 0.1]
      [Code Root Scanning (ms): Min: 0.0, Avg: 0.0, Max: 0.0, Diff: 0.0, Sum: 0.0]
      [Object Copy (ms): Min: 6.7, Avg: 6.8, Max: 6.9, Diff: 0.2, Sum: 67.9]
      [Termination (ms): Min: 0.0, Avg: 0.1, Max: 0.4, Diff: 0.4, Sum: 1.5]
         [Termination Attempts: Min: 1, Avg: 1.0, Max: 1, Diff: 0, Sum: 10]
      [GC Worker Other (ms): Min: 0.0, Avg: 0.0, Max: 0.0, Diff: 0.0, Sum: 0.1]
      [GC Worker Total (ms): Min: 7.1, Avg: 7.2, Max: 7.3, Diff: 0.2, Sum: 71.9]
      [GC Worker End (ms): Min: 231.4, Avg: 231.4, Max: 231.5, Diff: 0.2]
   [Code Root Fixup: 0.0 ms]
   [Code Root Purge: 0.0 ms]
   [Clear CT: 0.2 ms]
   [Other: 0.7 ms]
      [Choose CSet: 0.0 ms]
      [Ref Proc: 0.3 ms]
      [Ref Enq: 0.0 ms]
      [Redirty Cards: 0.1 ms]
      [Humongous Register: 0.1 ms]
      [Humongous Reclaim: 0.1 ms]
      [Free CSet: 0.0 ms]
   [Eden: 89.0M(89.0M)->0.0B(89.0M) Survivors: 13.0M->13.0M Heap: 185.0M(2048.0M)->107.4M(2048.0M)]
 [Times: user=0.03 sys=0.04, real=0.01 secs] 
2022-03-11T19:39:25.377-0800: 0.256: [GC pause (G1 Evacuation Pause) (young), 0.0074542 secs]
   [Parallel Time: 6.6 ms, GC Workers: 10]
      [GC Worker Start (ms): Min: 256.1, Avg: 256.2, Max: 256.3, Diff: 0.2]
      [Ext Root Scanning (ms): Min: 0.0, Avg: 0.1, Max: 0.2, Diff: 0.2, Sum: 0.7]
      [Update RS (ms): Min: 0.1, Avg: 0.1, Max: 0.1, Diff: 0.0, Sum: 1.3]
         [Processed Buffers: Min: 1, Avg: 2.0, Max: 3, Diff: 2, Sum: 20]
      [Scan RS (ms): Min: 0.0, Avg: 0.0, Max: 0.0, Diff: 0.0, Sum: 0.1]
      [Code Root Scanning (ms): Min: 0.0, Avg: 0.0, Max: 0.0, Diff: 0.0, Sum: 0.0]
      [Object Copy (ms): Min: 5.8, Avg: 5.9, Max: 6.1, Diff: 0.3, Sum: 58.9]
      [Termination (ms): Min: 0.0, Avg: 0.3, Max: 0.4, Diff: 0.4, Sum: 2.9]
         [Termination Attempts: Min: 1, Avg: 1.0, Max: 1, Diff: 0, Sum: 10]
      [GC Worker Other (ms): Min: 0.0, Avg: 0.0, Max: 0.0, Diff: 0.0, Sum: 0.1]
      [GC Worker Total (ms): Min: 6.3, Avg: 6.4, Max: 6.5, Diff: 0.2, Sum: 64.0]
      [GC Worker End (ms): Min: 262.5, Avg: 262.6, Max: 262.6, Diff: 0.1]
   [Code Root Fixup: 0.0 ms]
   [Code Root Purge: 0.0 ms]
   [Clear CT: 0.2 ms]
   [Other: 0.7 ms]
      [Choose CSet: 0.0 ms]
      [Ref Proc: 0.3 ms]
      [Ref Enq: 0.0 ms]
      [Redirty Cards: 0.1 ms]
      [Humongous Register: 0.1 ms]
      [Humongous Reclaim: 0.1 ms]
      [Free CSet: 0.0 ms]
   [Eden: 89.0M(89.0M)->0.0B(89.0M) Survivors: 13.0M->13.0M Heap: 232.5M(2048.0M)->151.5M(2048.0M)]
 [Times: user=0.02 sys=0.04, real=0.01 secs] 
2022-03-11T19:39:25.401-0800: 0.280: [GC pause (G1 Evacuation Pause) (young), 0.0078724 secs]
   [Parallel Time: 7.1 ms, GC Workers: 10]
      [GC Worker Start (ms): Min: 280.0, Avg: 280.1, Max: 280.2, Diff: 0.2]
      [Ext Root Scanning (ms): Min: 0.0, Avg: 0.1, Max: 0.2, Diff: 0.2, Sum: 0.7]
      [Update RS (ms): Min: 0.1, Avg: 0.1, Max: 0.3, Diff: 0.2, Sum: 1.2]
         [Processed Buffers: Min: 0, Avg: 1.6, Max: 2, Diff: 2, Sum: 16]
      [Scan RS (ms): Min: 0.0, Avg: 0.0, Max: 0.0, Diff: 0.0, Sum: 0.1]
      [Code Root Scanning (ms): Min: 0.0, Avg: 0.0, Max: 0.0, Diff: 0.0, Sum: 0.0]
      [Object Copy (ms): Min: 6.1, Avg: 6.5, Max: 6.6, Diff: 0.5, Sum: 64.6]
      [Termination (ms): Min: 0.0, Avg: 0.2, Max: 0.4, Diff: 0.4, Sum: 2.2]
         [Termination Attempts: Min: 1, Avg: 1.0, Max: 1, Diff: 0, Sum: 10]
      [GC Worker Other (ms): Min: 0.0, Avg: 0.0, Max: 0.0, Diff: 0.0, Sum: 0.1]
      [GC Worker Total (ms): Min: 6.8, Avg: 6.9, Max: 7.1, Diff: 0.3, Sum: 68.9]
      [GC Worker End (ms): Min: 286.9, Avg: 287.0, Max: 287.1, Diff: 0.1]
   [Code Root Fixup: 0.0 ms]
   [Code Root Purge: 0.0 ms]
   [Clear CT: 0.1 ms]
   [Other: 0.6 ms]
      [Choose CSet: 0.0 ms]
      [Ref Proc: 0.3 ms]
      [Ref Enq: 0.0 ms]
      [Redirty Cards: 0.1 ms]
      [Humongous Register: 0.1 ms]
      [Humongous Reclaim: 0.1 ms]
      [Free CSet: 0.0 ms]
   [Eden: 89.0M(89.0M)->0.0B(89.0M) Survivors: 13.0M->13.0M Heap: 260.2M(2048.0M)->180.6M(2048.0M)]
 [Times: user=0.02 sys=0.04, real=0.00 secs] 
2022-03-11T19:39:25.428-0800: 0.307: [GC pause (G1 Evacuation Pause) (young), 0.0096016 secs]
   [Parallel Time: 8.8 ms, GC Workers: 10]
      [GC Worker Start (ms): Min: 307.2, Avg: 307.3, Max: 307.4, Diff: 0.2]
      [Ext Root Scanning (ms): Min: 0.0, Avg: 0.1, Max: 0.2, Diff: 0.2, Sum: 0.6]
      [Update RS (ms): Min: 0.1, Avg: 0.2, Max: 0.2, Diff: 0.1, Sum: 1.6]
         [Processed Buffers: Min: 0, Avg: 2.3, Max: 3, Diff: 3, Sum: 23]
      [Scan RS (ms): Min: 0.0, Avg: 0.0, Max: 0.0, Diff: 0.0, Sum: 0.1]
      [Code Root Scanning (ms): Min: 0.0, Avg: 0.0, Max: 0.0, Diff: 0.0, Sum: 0.0]
      [Object Copy (ms): Min: 8.0, Avg: 8.1, Max: 8.2, Diff: 0.3, Sum: 81.0]
      [Termination (ms): Min: 0.0, Avg: 0.2, Max: 0.4, Diff: 0.4, Sum: 2.4]
         [Termination Attempts: Min: 1, Avg: 1.0, Max: 1, Diff: 0, Sum: 10]
      [GC Worker Other (ms): Min: 0.0, Avg: 0.0, Max: 0.0, Diff: 0.0, Sum: 0.1]
      [GC Worker Total (ms): Min: 8.5, Avg: 8.6, Max: 8.7, Diff: 0.2, Sum: 85.7]
      [GC Worker End (ms): Min: 315.8, Avg: 315.9, Max: 316.0, Diff: 0.2]
   [Code Root Fixup: 0.0 ms]
   [Code Root Purge: 0.0 ms]
   [Clear CT: 0.1 ms]
   [Other: 0.7 ms]
      [Choose CSet: 0.0 ms]
      [Ref Proc: 0.3 ms]
      [Ref Enq: 0.0 ms]
      [Redirty Cards: 0.1 ms]
      [Humongous Register: 0.1 ms]
      [Humongous Reclaim: 0.1 ms]
      [Free CSet: 0.0 ms]
   [Eden: 89.0M(89.0M)->0.0B(89.0M) Survivors: 13.0M->13.0M Heap: 290.9M(2048.0M)->215.7M(2048.0M)]
 [Times: user=0.02 sys=0.04, real=0.01 secs] 
2022-03-11T19:39:25.456-0800: 0.335: [GC pause (G1 Evacuation Pause) (young), 0.0087550 secs]
   [Parallel Time: 8.0 ms, GC Workers: 10]
      [GC Worker Start (ms): Min: 334.8, Avg: 334.9, Max: 335.0, Diff: 0.2]
      [Ext Root Scanning (ms): Min: 0.0, Avg: 0.1, Max: 0.2, Diff: 0.2, Sum: 0.7]
      [Update RS (ms): Min: 0.1, Avg: 0.2, Max: 0.2, Diff: 0.1, Sum: 1.8]
         [Processed Buffers: Min: 1, Avg: 2.6, Max: 3, Diff: 2, Sum: 26]
      [Scan RS (ms): Min: 0.0, Avg: 0.0, Max: 0.0, Diff: 0.0, Sum: 0.1]
      [Code Root Scanning (ms): Min: 0.0, Avg: 0.0, Max: 0.0, Diff: 0.0, Sum: 0.0]
      [Object Copy (ms): Min: 7.3, Avg: 7.4, Max: 7.6, Diff: 0.2, Sum: 74.4]
      [Termination (ms): Min: 0.0, Avg: 0.1, Max: 0.2, Diff: 0.2, Sum: 1.1]
         [Termination Attempts: Min: 1, Avg: 1.0, Max: 1, Diff: 0, Sum: 10]
      [GC Worker Other (ms): Min: 0.0, Avg: 0.0, Max: 0.0, Diff: 0.0, Sum: 0.1]
      [GC Worker Total (ms): Min: 7.7, Avg: 7.8, Max: 7.9, Diff: 0.2, Sum: 78.0]
      [GC Worker End (ms): Min: 342.7, Avg: 342.7, Max: 342.8, Diff: 0.0]
   [Code Root Fixup: 0.0 ms]
   [Code Root Purge: 0.0 ms]
   [Clear CT: 0.1 ms]
   [Other: 0.7 ms]
      [Choose CSet: 0.0 ms]
      [Ref Proc: 0.2 ms]
      [Ref Enq: 0.0 ms]
      [Redirty Cards: 0.1 ms]
      [Humongous Register: 0.1 ms]
      [Humongous Reclaim: 0.1 ms]
      [Free CSet: 0.0 ms]
   [Eden: 89.0M(89.0M)->0.0B(89.0M) Survivors: 13.0M->13.0M Heap: 323.2M(2048.0M)->246.9M(2048.0M)]
 [Times: user=0.02 sys=0.04, real=0.01 secs] 
2022-03-11T19:39:25.486-0800: 0.365: [GC pause (G1 Evacuation Pause) (young), 0.0091491 secs]
   [Parallel Time: 8.1 ms, GC Workers: 10]
      [GC Worker Start (ms): Min: 365.4, Avg: 365.5, Max: 365.5, Diff: 0.2]
      [Ext Root Scanning (ms): Min: 0.0, Avg: 0.1, Max: 0.2, Diff: 0.2, Sum: 0.6]
      [Update RS (ms): Min: 0.1, Avg: 0.2, Max: 0.2, Diff: 0.1, Sum: 1.8]
         [Processed Buffers: Min: 0, Avg: 2.6, Max: 3, Diff: 3, Sum: 26]
      [Scan RS (ms): Min: 0.0, Avg: 0.0, Max: 0.0, Diff: 0.0, Sum: 0.1]
      [Code Root Scanning (ms): Min: 0.0, Avg: 0.0, Max: 0.0, Diff: 0.0, Sum: 0.0]
      [Object Copy (ms): Min: 7.3, Avg: 7.5, Max: 7.6, Diff: 0.2, Sum: 74.6]
      [Termination (ms): Min: 0.0, Avg: 0.1, Max: 0.2, Diff: 0.2, Sum: 1.3]
         [Termination Attempts: Min: 1, Avg: 1.0, Max: 1, Diff: 0, Sum: 10]
      [GC Worker Other (ms): Min: 0.0, Avg: 0.0, Max: 0.0, Diff: 0.0, Sum: 0.1]
      [GC Worker Total (ms): Min: 7.8, Avg: 7.8, Max: 7.9, Diff: 0.2, Sum: 78.4]
      [GC Worker End (ms): Min: 373.3, Avg: 373.3, Max: 373.4, Diff: 0.1]
   [Code Root Fixup: 0.0 ms]
   [Code Root Purge: 0.0 ms]
   [Clear CT: 0.1 ms]
   [Other: 0.9 ms]
      [Choose CSet: 0.0 ms]
      [Ref Proc: 0.4 ms]
      [Ref Enq: 0.0 ms]
      [Redirty Cards: 0.1 ms]
      [Humongous Register: 0.1 ms]
      [Humongous Reclaim: 0.1 ms]
      [Free CSet: 0.0 ms]
   [Eden: 89.0M(89.0M)->0.0B(89.0M) Survivors: 13.0M->13.0M Heap: 365.8M(2048.0M)->278.2M(2048.0M)]
 [Times: user=0.02 sys=0.04, real=0.01 secs] 
2022-03-11T19:39:25.517-0800: 0.396: [GC pause (G1 Evacuation Pause) (young), 0.0086588 secs]
   [Parallel Time: 7.7 ms, GC Workers: 10]
      [GC Worker Start (ms): Min: 395.7, Avg: 395.8, Max: 395.9, Diff: 0.2]
      [Ext Root Scanning (ms): Min: 0.0, Avg: 0.1, Max: 0.1, Diff: 0.1, Sum: 0.6]
      [Update RS (ms): Min: 0.1, Avg: 0.2, Max: 0.2, Diff: 0.1, Sum: 1.8]
         [Processed Buffers: Min: 1, Avg: 2.7, Max: 3, Diff: 2, Sum: 27]
      [Scan RS (ms): Min: 0.0, Avg: 0.0, Max: 0.0, Diff: 0.0, Sum: 0.1]
      [Code Root Scanning (ms): Min: 0.0, Avg: 0.0, Max: 0.0, Diff: 0.0, Sum: 0.0]
      [Object Copy (ms): Min: 6.9, Avg: 7.0, Max: 7.1, Diff: 0.2, Sum: 70.1]
      [Termination (ms): Min: 0.0, Avg: 0.2, Max: 0.4, Diff: 0.4, Sum: 2.3]
         [Termination Attempts: Min: 1, Avg: 1.0, Max: 1, Diff: 0, Sum: 10]
      [GC Worker Other (ms): Min: 0.0, Avg: 0.0, Max: 0.0, Diff: 0.0, Sum: 0.1]
      [GC Worker Total (ms): Min: 7.4, Avg: 7.5, Max: 7.7, Diff: 0.3, Sum: 74.9]
      [GC Worker End (ms): Min: 403.2, Avg: 403.3, Max: 403.4, Diff: 0.2]
   [Code Root Fixup: 0.0 ms]
   [Code Root Purge: 0.0 ms]
   [Clear CT: 0.1 ms]
   [Other: 0.8 ms]
      [Choose CSet: 0.0 ms]
      [Ref Proc: 0.4 ms]
      [Ref Enq: 0.0 ms]
      [Redirty Cards: 0.1 ms]
      [Humongous Register: 0.1 ms]
      [Humongous Reclaim: 0.1 ms]
      [Free CSet: 0.0 ms]
   [Eden: 89.0M(89.0M)->0.0B(89.0M) Survivors: 13.0M->13.0M Heap: 393.8M(2048.0M)->314.8M(2048.0M)]
 [Times: user=0.02 sys=0.04, real=0.01 secs] 
2022-03-11T19:39:25.544-0800: 0.423: [GC pause (G1 Evacuation Pause) (young), 0.0087426 secs]
   [Parallel Time: 7.9 ms, GC Workers: 10]
      [GC Worker Start (ms): Min: 423.5, Avg: 423.6, Max: 423.6, Diff: 0.2]
      [Ext Root Scanning (ms): Min: 0.0, Avg: 0.1, Max: 0.2, Diff: 0.2, Sum: 0.6]
      [Update RS (ms): Min: 0.1, Avg: 0.1, Max: 0.2, Diff: 0.0, Sum: 1.5]
         [Processed Buffers: Min: 0, Avg: 2.1, Max: 3, Diff: 3, Sum: 21]
      [Scan RS (ms): Min: 0.0, Avg: 0.0, Max: 0.0, Diff: 0.0, Sum: 0.1]
      [Code Root Scanning (ms): Min: 0.0, Avg: 0.0, Max: 0.0, Diff: 0.0, Sum: 0.0]
      [Object Copy (ms): Min: 7.0, Avg: 7.2, Max: 7.4, Diff: 0.4, Sum: 71.9]
      [Termination (ms): Min: 0.0, Avg: 0.3, Max: 0.4, Diff: 0.4, Sum: 3.2]
         [Termination Attempts: Min: 1, Avg: 1.1, Max: 2, Diff: 1, Sum: 11]
      [GC Worker Other (ms): Min: 0.0, Avg: 0.0, Max: 0.0, Diff: 0.0, Sum: 0.1]
      [GC Worker Total (ms): Min: 7.7, Avg: 7.7, Max: 7.9, Diff: 0.3, Sum: 77.4]
      [GC Worker End (ms): Min: 431.2, Avg: 431.3, Max: 431.4, Diff: 0.2]
   [Code Root Fixup: 0.0 ms]
   [Code Root Purge: 0.0 ms]
   [Clear CT: 0.1 ms]
   [Other: 0.7 ms]
      [Choose CSet: 0.0 ms]
      [Ref Proc: 0.3 ms]
      [Ref Enq: 0.0 ms]
      [Redirty Cards: 0.1 ms]
      [Humongous Register: 0.1 ms]
      [Humongous Reclaim: 0.1 ms]
      [Free CSet: 0.0 ms]
   [Eden: 89.0M(89.0M)->0.0B(89.0M) Survivors: 13.0M->13.0M Heap: 422.9M(2048.0M)->344.5M(2048.0M)]
 [Times: user=0.02 sys=0.05, real=0.01 secs] 
2022-03-11T19:39:25.572-0800: 0.451: [GC pause (G1 Evacuation Pause) (young), 0.0092198 secs]
   [Parallel Time: 8.4 ms, GC Workers: 10]
      [GC Worker Start (ms): Min: 451.3, Avg: 451.4, Max: 451.4, Diff: 0.1]
      [Ext Root Scanning (ms): Min: 0.0, Avg: 0.1, Max: 0.2, Diff: 0.1, Sum: 0.7]
      [Update RS (ms): Min: 0.2, Avg: 0.2, Max: 0.2, Diff: 0.0, Sum: 2.2]
         [Processed Buffers: Min: 1, Avg: 3.2, Max: 5, Diff: 4, Sum: 32]
      [Scan RS (ms): Min: 0.0, Avg: 0.0, Max: 0.0, Diff: 0.0, Sum: 0.1]
      [Code Root Scanning (ms): Min: 0.0, Avg: 0.0, Max: 0.0, Diff: 0.0, Sum: 0.0]
      [Object Copy (ms): Min: 7.5, Avg: 7.7, Max: 7.9, Diff: 0.4, Sum: 76.9]
      [Termination (ms): Min: 0.0, Avg: 0.2, Max: 0.4, Diff: 0.4, Sum: 2.4]
         [Termination Attempts: Min: 1, Avg: 1.0, Max: 1, Diff: 0, Sum: 10]
      [GC Worker Other (ms): Min: 0.0, Avg: 0.0, Max: 0.0, Diff: 0.0, Sum: 0.1]
      [GC Worker Total (ms): Min: 8.1, Avg: 8.2, Max: 8.3, Diff: 0.2, Sum: 82.3]
      [GC Worker End (ms): Min: 459.6, Avg: 459.6, Max: 459.7, Diff: 0.1]
   [Code Root Fixup: 0.0 ms]
   [Code Root Purge: 0.0 ms]
   [Clear CT: 0.1 ms]
   [Other: 0.6 ms]
      [Choose CSet: 0.0 ms]
      [Ref Proc: 0.2 ms]
      [Ref Enq: 0.0 ms]
      [Redirty Cards: 0.1 ms]
      [Humongous Register: 0.1 ms]
      [Humongous Reclaim: 0.1 ms]
      [Free CSet: 0.0 ms]
   [Eden: 89.0M(89.0M)->0.0B(95.0M) Survivors: 13.0M->13.0M Heap: 455.5M(2048.0M)->375.9M(2048.0M)]
 [Times: user=0.03 sys=0.05, real=0.01 secs] 
2022-03-11T19:39:25.602-0800: 0.481: [GC pause (G1 Evacuation Pause) (young), 0.0103636 secs]
   [Parallel Time: 9.6 ms, GC Workers: 10]
      [GC Worker Start (ms): Min: 481.4, Avg: 481.5, Max: 481.6, Diff: 0.2]
      [Ext Root Scanning (ms): Min: 0.0, Avg: 0.1, Max: 0.2, Diff: 0.2, Sum: 0.6]
      [Update RS (ms): Min: 0.2, Avg: 0.3, Max: 0.3, Diff: 0.0, Sum: 2.7]
         [Processed Buffers: Min: 0, Avg: 3.8, Max: 5, Diff: 5, Sum: 38]
      [Scan RS (ms): Min: 0.0, Avg: 0.0, Max: 0.0, Diff: 0.0, Sum: 0.1]
      [Code Root Scanning (ms): Min: 0.0, Avg: 0.0, Max: 0.0, Diff: 0.0, Sum: 0.0]
      [Object Copy (ms): Min: 8.6, Avg: 8.8, Max: 8.9, Diff: 0.3, Sum: 87.6]
      [Termination (ms): Min: 0.0, Avg: 0.2, Max: 0.5, Diff: 0.5, Sum: 2.2]
         [Termination Attempts: Min: 1, Avg: 1.4, Max: 2, Diff: 1, Sum: 14]
      [GC Worker Other (ms): Min: 0.0, Avg: 0.0, Max: 0.0, Diff: 0.0, Sum: 0.1]
      [GC Worker Total (ms): Min: 9.2, Avg: 9.3, Max: 9.4, Diff: 0.2, Sum: 93.3]
      [GC Worker End (ms): Min: 490.8, Avg: 490.8, Max: 490.9, Diff: 0.1]
   [Code Root Fixup: 0.0 ms]
   [Code Root Purge: 0.0 ms]
   [Clear CT: 0.1 ms]
   [Other: 0.7 ms]
      [Choose CSet: 0.0 ms]
      [Ref Proc: 0.3 ms]
      [Ref Enq: 0.0 ms]
      [Redirty Cards: 0.1 ms]
      [Humongous Register: 0.1 ms]
      [Humongous Reclaim: 0.1 ms]
      [Free CSet: 0.0 ms]
   [Eden: 95.0M(95.0M)->0.0B(108.0M) Survivors: 13.0M->14.0M Heap: 499.1M(2048.0M)->414.7M(2048.0M)]
 [Times: user=0.03 sys=0.06, real=0.01 secs] 
2022-03-11T19:39:25.634-0800: 0.513: [GC pause (G1 Evacuation Pause) (young), 0.0145215 secs]
   [Parallel Time: 13.5 ms, GC Workers: 10]
      [GC Worker Start (ms): Min: 513.5, Avg: 513.5, Max: 513.6, Diff: 0.2]
      [Ext Root Scanning (ms): Min: 0.0, Avg: 0.1, Max: 0.2, Diff: 0.2, Sum: 1.2]
      [Update RS (ms): Min: 0.3, Avg: 0.4, Max: 0.5, Diff: 0.1, Sum: 3.6]
         [Processed Buffers: Min: 0, Avg: 3.5, Max: 4, Diff: 4, Sum: 35]
      [Scan RS (ms): Min: 0.0, Avg: 0.0, Max: 0.0, Diff: 0.0, Sum: 0.1]
      [Code Root Scanning (ms): Min: 0.0, Avg: 0.0, Max: 0.0, Diff: 0.0, Sum: 0.0]
      [Object Copy (ms): Min: 12.3, Avg: 12.4, Max: 12.6, Diff: 0.4, Sum: 124.5]
      [Termination (ms): Min: 0.0, Avg: 0.3, Max: 0.5, Diff: 0.5, Sum: 2.8]
         [Termination Attempts: Min: 1, Avg: 1.0, Max: 1, Diff: 0, Sum: 10]
      [GC Worker Other (ms): Min: 0.0, Avg: 0.0, Max: 0.0, Diff: 0.0, Sum: 0.3]
      [GC Worker Total (ms): Min: 13.1, Avg: 13.2, Max: 13.5, Diff: 0.3, Sum: 132.5]
      [GC Worker End (ms): Min: 526.7, Avg: 526.8, Max: 526.9, Diff: 0.2]
   [Code Root Fixup: 0.0 ms]
   [Code Root Purge: 0.0 ms]
   [Clear CT: 0.1 ms]
   [Other: 0.9 ms]
      [Choose CSet: 0.0 ms]
      [Ref Proc: 0.3 ms]
      [Ref Enq: 0.0 ms]
      [Redirty Cards: 0.1 ms]
      [Humongous Register: 0.2 ms]
      [Humongous Reclaim: 0.1 ms]
      [Free CSet: 0.0 ms]
   [Eden: 108.0M(108.0M)->0.0B(111.0M) Survivors: 14.0M->16.0M Heap: 542.0M(2048.0M)->449.8M(2048.0M)]
 [Times: user=0.03 sys=0.08, real=0.01 secs] 
2022-03-11T19:39:25.680-0800: 0.559: [GC pause (G1 Evacuation Pause) (young), 0.0134228 secs]
   [Parallel Time: 12.5 ms, GC Workers: 10]
      [GC Worker Start (ms): Min: 559.1, Avg: 559.2, Max: 559.3, Diff: 0.2]
      [Ext Root Scanning (ms): Min: 0.0, Avg: 0.1, Max: 0.2, Diff: 0.2, Sum: 0.8]
      [Update RS (ms): Min: 0.3, Avg: 0.3, Max: 0.3, Diff: 0.0, Sum: 3.2]
         [Processed Buffers: Min: 3, Avg: 4.3, Max: 6, Diff: 3, Sum: 43]
      [Scan RS (ms): Min: 0.0, Avg: 0.0, Max: 0.0, Diff: 0.0, Sum: 0.1]
      [Code Root Scanning (ms): Min: 0.0, Avg: 0.0, Max: 0.0, Diff: 0.0, Sum: 0.0]
      [Object Copy (ms): Min: 11.4, Avg: 11.6, Max: 11.8, Diff: 0.4, Sum: 116.1]
      [Termination (ms): Min: 0.0, Avg: 0.2, Max: 0.4, Diff: 0.4, Sum: 2.3]
         [Termination Attempts: Min: 1, Avg: 1.0, Max: 1, Diff: 0, Sum: 10]
      [GC Worker Other (ms): Min: 0.0, Avg: 0.0, Max: 0.0, Diff: 0.0, Sum: 0.1]
      [GC Worker Total (ms): Min: 12.1, Avg: 12.3, Max: 12.4, Diff: 0.2, Sum: 122.6]
      [GC Worker End (ms): Min: 571.4, Avg: 571.4, Max: 571.6, Diff: 0.2]
   [Code Root Fixup: 0.0 ms]
   [Code Root Purge: 0.0 ms]
   [Clear CT: 0.1 ms]
   [Other: 0.8 ms]
      [Choose CSet: 0.0 ms]
      [Ref Proc: 0.3 ms]
      [Ref Enq: 0.0 ms]
      [Redirty Cards: 0.1 ms]
      [Humongous Register: 0.1 ms]
      [Humongous Reclaim: 0.1 ms]
      [Free CSet: 0.0 ms]
   [Eden: 111.0M(111.0M)->0.0B(111.0M) Survivors: 16.0M->16.0M Heap: 595.0M(2048.0M)->483.8M(2048.0M)]
 [Times: user=0.03 sys=0.07, real=0.01 secs] 
2022-03-11T19:39:25.713-0800: 0.593: [GC pause (G1 Evacuation Pause) (young), 0.0113756 secs]
   [Parallel Time: 10.3 ms, GC Workers: 10]
      [GC Worker Start (ms): Min: 592.7, Avg: 592.8, Max: 592.9, Diff: 0.2]
      [Ext Root Scanning (ms): Min: 0.0, Avg: 0.1, Max: 0.2, Diff: 0.2, Sum: 0.6]
      [Update RS (ms): Min: 0.3, Avg: 0.3, Max: 0.3, Diff: 0.0, Sum: 3.2]
         [Processed Buffers: Min: 2, Avg: 4.2, Max: 6, Diff: 4, Sum: 42]
      [Scan RS (ms): Min: 0.0, Avg: 0.0, Max: 0.0, Diff: 0.0, Sum: 0.1]
      [Code Root Scanning (ms): Min: 0.0, Avg: 0.0, Max: 0.0, Diff: 0.0, Sum: 0.0]
      [Object Copy (ms): Min: 9.2, Avg: 9.4, Max: 9.6, Diff: 0.4, Sum: 94.3]
      [Termination (ms): Min: 0.0, Avg: 0.2, Max: 0.5, Diff: 0.5, Sum: 2.1]
         [Termination Attempts: Min: 1, Avg: 1.1, Max: 2, Diff: 1, Sum: 11]
      [GC Worker Other (ms): Min: 0.0, Avg: 0.0, Max: 0.0, Diff: 0.0, Sum: 0.1]
      [GC Worker Total (ms): Min: 9.9, Avg: 10.0, Max: 10.2, Diff: 0.3, Sum: 100.4]
      [GC Worker End (ms): Min: 602.8, Avg: 602.8, Max: 602.9, Diff: 0.1]
   [Code Root Fixup: 0.0 ms]
   [Code Root Purge: 0.0 ms]
   [Clear CT: 0.1 ms]
   [Other: 1.0 ms]
      [Choose CSet: 0.0 ms]
      [Ref Proc: 0.3 ms]
      [Ref Enq: 0.0 ms]
      [Redirty Cards: 0.1 ms]
      [Humongous Register: 0.1 ms]
      [Humongous Reclaim: 0.2 ms]
      [Free CSet: 0.1 ms]
   [Eden: 111.0M(111.0M)->0.0B(125.0M) Survivors: 16.0M->16.0M Heap: 625.2M(2048.0M)->515.7M(2048.0M)]
 [Times: user=0.03 sys=0.06, real=0.01 secs] 
2022-03-11T19:39:25.759-0800: 0.638: [GC pause (G1 Evacuation Pause) (young), 0.0140558 secs]
   [Parallel Time: 13.2 ms, GC Workers: 10]
      [GC Worker Start (ms): Min: 638.2, Avg: 638.3, Max: 638.3, Diff: 0.2]
      [Ext Root Scanning (ms): Min: 0.0, Avg: 0.1, Max: 0.2, Diff: 0.2, Sum: 0.8]
      [Update RS (ms): Min: 0.2, Avg: 0.3, Max: 0.4, Diff: 0.1, Sum: 2.6]
         [Processed Buffers: Min: 0, Avg: 3.2, Max: 4, Diff: 4, Sum: 32]
      [Scan RS (ms): Min: 0.0, Avg: 0.0, Max: 0.0, Diff: 0.0, Sum: 0.1]
      [Code Root Scanning (ms): Min: 0.0, Avg: 0.0, Max: 0.0, Diff: 0.0, Sum: 0.0]
      [Object Copy (ms): Min: 12.1, Avg: 12.4, Max: 12.5, Diff: 0.4, Sum: 123.9]
      [Termination (ms): Min: 0.0, Avg: 0.2, Max: 0.4, Diff: 0.4, Sum: 1.5]
         [Termination Attempts: Min: 1, Avg: 1.1, Max: 2, Diff: 1, Sum: 11]
      [GC Worker Other (ms): Min: 0.0, Avg: 0.0, Max: 0.0, Diff: 0.0, Sum: 0.1]
      [GC Worker Total (ms): Min: 12.8, Avg: 12.9, Max: 13.0, Diff: 0.2, Sum: 129.1]
      [GC Worker End (ms): Min: 651.1, Avg: 651.2, Max: 651.3, Diff: 0.2]
   [Code Root Fixup: 0.0 ms]
   [Code Root Purge: 0.0 ms]
   [Clear CT: 0.1 ms]
   [Other: 0.8 ms]
      [Choose CSet: 0.0 ms]
      [Ref Proc: 0.3 ms]
      [Ref Enq: 0.0 ms]
      [Redirty Cards: 0.1 ms]
      [Humongous Register: 0.1 ms]
      [Humongous Reclaim: 0.1 ms]
      [Free CSet: 0.0 ms]
   [Eden: 125.0M(125.0M)->0.0B(123.0M) Survivors: 16.0M->18.0M Heap: 678.8M(2048.0M)->561.9M(2048.0M)]
 [Times: user=0.03 sys=0.08, real=0.02 secs] 
2022-03-11T19:39:25.796-0800: 0.675: [GC pause (G1 Evacuation Pause) (young), 0.0109047 secs]
   [Parallel Time: 10.0 ms, GC Workers: 10]
      [GC Worker Start (ms): Min: 675.2, Avg: 675.3, Max: 675.4, Diff: 0.2]
      [Ext Root Scanning (ms): Min: 0.0, Avg: 0.1, Max: 0.2, Diff: 0.2, Sum: 0.7]
      [Update RS (ms): Min: 0.2, Avg: 0.2, Max: 0.3, Diff: 0.1, Sum: 2.4]
         [Processed Buffers: Min: 0, Avg: 3.5, Max: 5, Diff: 5, Sum: 35]
      [Scan RS (ms): Min: 0.0, Avg: 0.0, Max: 0.0, Diff: 0.0, Sum: 0.1]
      [Code Root Scanning (ms): Min: 0.0, Avg: 0.0, Max: 0.0, Diff: 0.0, Sum: 0.0]
      [Object Copy (ms): Min: 8.8, Avg: 9.1, Max: 9.3, Diff: 0.5, Sum: 90.6]
      [Termination (ms): Min: 0.0, Avg: 0.4, Max: 0.6, Diff: 0.6, Sum: 3.6]
         [Termination Attempts: Min: 1, Avg: 1.0, Max: 1, Diff: 0, Sum: 10]
      [GC Worker Other (ms): Min: 0.0, Avg: 0.0, Max: 0.0, Diff: 0.0, Sum: 0.1]
      [GC Worker Total (ms): Min: 9.6, Avg: 9.8, Max: 9.9, Diff: 0.3, Sum: 97.5]
      [GC Worker End (ms): Min: 685.0, Avg: 685.1, Max: 685.2, Diff: 0.2]
   [Code Root Fixup: 0.0 ms]
   [Code Root Purge: 0.0 ms]
   [Clear CT: 0.2 ms]
   [Other: 0.8 ms]
      [Choose CSet: 0.0 ms]
      [Ref Proc: 0.3 ms]
      [Ref Enq: 0.0 ms]
      [Redirty Cards: 0.1 ms]
      [Humongous Register: 0.1 ms]
      [Humongous Reclaim: 0.1 ms]
      [Free CSet: 0.0 ms]
   [Eden: 123.0M(123.0M)->0.0B(139.0M) Survivors: 18.0M->18.0M Heap: 715.1M(2048.0M)->600.3M(2048.0M)]
 [Times: user=0.03 sys=0.05, real=0.01 secs] 
2022-03-11T19:39:25.836-0800: 0.715: [GC pause (G1 Evacuation Pause) (young), 0.0140451 secs]
   [Parallel Time: 13.1 ms, GC Workers: 10]
      [GC Worker Start (ms): Min: 715.6, Avg: 715.7, Max: 715.8, Diff: 0.2]
      [Ext Root Scanning (ms): Min: 0.0, Avg: 0.1, Max: 0.2, Diff: 0.2, Sum: 0.7]
      [Update RS (ms): Min: 0.2, Avg: 0.3, Max: 0.3, Diff: 0.1, Sum: 2.7]
         [Processed Buffers: Min: 1, Avg: 3.8, Max: 5, Diff: 4, Sum: 38]
      [Scan RS (ms): Min: 0.0, Avg: 0.0, Max: 0.0, Diff: 0.0, Sum: 0.1]
      [Code Root Scanning (ms): Min: 0.0, Avg: 0.0, Max: 0.0, Diff: 0.0, Sum: 0.0]
      [Object Copy (ms): Min: 12.1, Avg: 12.3, Max: 12.5, Diff: 0.4, Sum: 122.8]
      [Termination (ms): Min: 0.0, Avg: 0.3, Max: 0.6, Diff: 0.6, Sum: 2.7]
         [Termination Attempts: Min: 1, Avg: 1.0, Max: 1, Diff: 0, Sum: 10]
      [GC Worker Other (ms): Min: 0.0, Avg: 0.0, Max: 0.0, Diff: 0.0, Sum: 0.1]
      [GC Worker Total (ms): Min: 12.8, Avg: 12.9, Max: 13.0, Diff: 0.2, Sum: 128.9]
      [GC Worker End (ms): Min: 728.6, Avg: 728.6, Max: 728.7, Diff: 0.2]
   [Code Root Fixup: 0.0 ms]
   [Code Root Purge: 0.0 ms]
   [Clear CT: 0.1 ms]
   [Other: 0.8 ms]
      [Choose CSet: 0.0 ms]
      [Ref Proc: 0.3 ms]
      [Ref Enq: 0.0 ms]
      [Redirty Cards: 0.1 ms]
      [Humongous Register: 0.1 ms]
      [Humongous Reclaim: 0.1 ms]
      [Free CSet: 0.0 ms]
   [Eden: 139.0M(139.0M)->0.0B(147.0M) Survivors: 18.0M->20.0M Heap: 775.7M(2048.0M)->640.7M(2048.0M)]
 [Times: user=0.03 sys=0.08, real=0.02 secs] 
2022-03-11T19:39:25.876-0800: 0.755: [GC pause (G1 Evacuation Pause) (young), 0.0134590 secs]
   [Parallel Time: 12.4 ms, GC Workers: 10]
      [GC Worker Start (ms): Min: 755.3, Avg: 755.4, Max: 755.5, Diff: 0.2]
      [Ext Root Scanning (ms): Min: 0.0, Avg: 0.1, Max: 0.2, Diff: 0.2, Sum: 0.7]
      [Update RS (ms): Min: 0.3, Avg: 0.3, Max: 0.4, Diff: 0.0, Sum: 3.4]
         [Processed Buffers: Min: 2, Avg: 4.9, Max: 6, Diff: 4, Sum: 49]
      [Scan RS (ms): Min: 0.0, Avg: 0.0, Max: 0.0, Diff: 0.0, Sum: 0.1]
      [Code Root Scanning (ms): Min: 0.0, Avg: 0.0, Max: 0.0, Diff: 0.0, Sum: 0.0]
      [Object Copy (ms): Min: 11.4, Avg: 11.5, Max: 11.7, Diff: 0.3, Sum: 115.2]
      [Termination (ms): Min: 0.0, Avg: 0.3, Max: 0.4, Diff: 0.4, Sum: 2.9]
         [Termination Attempts: Min: 1, Avg: 1.0, Max: 1, Diff: 0, Sum: 10]
      [GC Worker Other (ms): Min: 0.0, Avg: 0.0, Max: 0.0, Diff: 0.0, Sum: 0.1]
      [GC Worker Total (ms): Min: 12.1, Avg: 12.2, Max: 12.4, Diff: 0.3, Sum: 122.4]
      [GC Worker End (ms): Min: 767.6, Avg: 767.7, Max: 767.7, Diff: 0.1]
   [Code Root Fixup: 0.0 ms]
   [Code Root Purge: 0.0 ms]
   [Clear CT: 0.1 ms]
   [Other: 1.0 ms]
      [Choose CSet: 0.0 ms]
      [Ref Proc: 0.5 ms]
      [Ref Enq: 0.0 ms]
      [Redirty Cards: 0.1 ms]
      [Humongous Register: 0.1 ms]
      [Humongous Reclaim: 0.1 ms]
      [Free CSet: 0.0 ms]
   [Eden: 147.0M(147.0M)->0.0B(154.0M) Survivors: 20.0M->21.0M Heap: 828.2M(2048.0M)->691.9M(2048.0M)]
 [Times: user=0.03 sys=0.07, real=0.02 secs] 
2022-03-11T19:39:25.916-0800: 0.795: [GC pause (G1 Evacuation Pause) (young), 0.0147664 secs]
   [Parallel Time: 13.9 ms, GC Workers: 10]
      [GC Worker Start (ms): Min: 795.5, Avg: 795.6, Max: 795.6, Diff: 0.2]
      [Ext Root Scanning (ms): Min: 0.0, Avg: 0.1, Max: 0.2, Diff: 0.2, Sum: 0.6]
      [Update RS (ms): Min: 0.4, Avg: 0.4, Max: 0.5, Diff: 0.1, Sum: 4.5]
         [Processed Buffers: Min: 2, Avg: 6.3, Max: 8, Diff: 6, Sum: 63]
      [Scan RS (ms): Min: 0.0, Avg: 0.0, Max: 0.0, Diff: 0.0, Sum: 0.1]
      [Code Root Scanning (ms): Min: 0.0, Avg: 0.0, Max: 0.0, Diff: 0.0, Sum: 0.0]
      [Object Copy (ms): Min: 12.7, Avg: 12.9, Max: 13.1, Diff: 0.4, Sum: 128.8]
      [Termination (ms): Min: 0.0, Avg: 0.2, Max: 0.4, Diff: 0.4, Sum: 2.4]
         [Termination Attempts: Min: 1, Avg: 1.1, Max: 2, Diff: 1, Sum: 11]
      [GC Worker Other (ms): Min: 0.0, Avg: 0.0, Max: 0.0, Diff: 0.0, Sum: 0.1]
      [GC Worker Total (ms): Min: 13.6, Avg: 13.7, Max: 13.7, Diff: 0.2, Sum: 136.6]
      [GC Worker End (ms): Min: 809.2, Avg: 809.2, Max: 809.3, Diff: 0.1]
   [Code Root Fixup: 0.0 ms]
   [Code Root Purge: 0.0 ms]
   [Clear CT: 0.1 ms]
   [Other: 0.8 ms]
      [Choose CSet: 0.0 ms]
      [Ref Proc: 0.3 ms]
      [Ref Enq: 0.0 ms]
      [Redirty Cards: 0.1 ms]
      [Humongous Register: 0.1 ms]
      [Humongous Reclaim: 0.1 ms]
      [Free CSet: 0.0 ms]
   [Eden: 154.0M(154.0M)->0.0B(186.0M) Survivors: 21.0M->22.0M Heap: 881.0M(2048.0M)->735.3M(2048.0M)]
 [Times: user=0.04 sys=0.08, real=0.02 secs] 
2022-03-11T19:39:25.967-0800: 0.846: [GC pause (G1 Evacuation Pause) (young), 0.0166999 secs]
   [Parallel Time: 15.7 ms, GC Workers: 10]
      [GC Worker Start (ms): Min: 846.4, Avg: 846.5, Max: 846.6, Diff: 0.2]
      [Ext Root Scanning (ms): Min: 0.0, Avg: 0.1, Max: 0.2, Diff: 0.2, Sum: 0.6]
      [Update RS (ms): Min: 0.3, Avg: 0.3, Max: 0.4, Diff: 0.1, Sum: 3.4]
         [Processed Buffers: Min: 0, Avg: 4.8, Max: 7, Diff: 7, Sum: 48]
      [Scan RS (ms): Min: 0.0, Avg: 0.0, Max: 0.0, Diff: 0.0, Sum: 0.1]
      [Code Root Scanning (ms): Min: 0.0, Avg: 0.0, Max: 0.0, Diff: 0.0, Sum: 0.0]
      [Object Copy (ms): Min: 14.6, Avg: 14.8, Max: 15.1, Diff: 0.4, Sum: 148.1]
      [Termination (ms): Min: 0.0, Avg: 0.3, Max: 0.5, Diff: 0.5, Sum: 2.5]
         [Termination Attempts: Min: 1, Avg: 1.0, Max: 1, Diff: 0, Sum: 10]
      [GC Worker Other (ms): Min: 0.0, Avg: 0.0, Max: 0.0, Diff: 0.0, Sum: 0.1]
      [GC Worker Total (ms): Min: 15.4, Avg: 15.5, Max: 15.6, Diff: 0.2, Sum: 154.9]
      [GC Worker End (ms): Min: 861.9, Avg: 862.0, Max: 862.1, Diff: 0.2]
   [Code Root Fixup: 0.0 ms]
   [Code Root Purge: 0.0 ms]
   [Clear CT: 0.1 ms]
   [Other: 0.8 ms]
      [Choose CSet: 0.0 ms]
      [Ref Proc: 0.4 ms]
      [Ref Enq: 0.0 ms]
      [Redirty Cards: 0.1 ms]
      [Humongous Register: 0.1 ms]
      [Humongous Reclaim: 0.1 ms]
      [Free CSet: 0.0 ms]
   [Eden: 186.0M(186.0M)->0.0B(169.0M) Survivors: 22.0M->26.0M Heap: 964.0M(2048.0M)->786.1M(2048.0M)]
 [Times: user=0.03 sys=0.10, real=0.02 secs] 
2022-03-11T19:39:26.019-0800: 0.898: [GC pause (G1 Evacuation Pause) (young), 0.0162377 secs]
   [Parallel Time: 15.3 ms, GC Workers: 10]
      [GC Worker Start (ms): Min: 898.2, Avg: 898.3, Max: 898.4, Diff: 0.2]
      [Ext Root Scanning (ms): Min: 0.0, Avg: 0.1, Max: 0.2, Diff: 0.2, Sum: 0.7]
      [Update RS (ms): Min: 0.5, Avg: 0.5, Max: 0.5, Diff: 0.0, Sum: 5.0]
         [Processed Buffers: Min: 2, Avg: 7.1, Max: 9, Diff: 7, Sum: 71]
      [Scan RS (ms): Min: 0.0, Avg: 0.0, Max: 0.0, Diff: 0.0, Sum: 0.1]
      [Code Root Scanning (ms): Min: 0.0, Avg: 0.0, Max: 0.0, Diff: 0.0, Sum: 0.0]
      [Object Copy (ms): Min: 14.1, Avg: 14.2, Max: 14.4, Diff: 0.3, Sum: 141.6]
      [Termination (ms): Min: 0.0, Avg: 0.3, Max: 0.4, Diff: 0.4, Sum: 3.3]
         [Termination Attempts: Min: 1, Avg: 1.0, Max: 1, Diff: 0, Sum: 10]
      [GC Worker Other (ms): Min: 0.0, Avg: 0.0, Max: 0.0, Diff: 0.0, Sum: 0.1]
      [GC Worker Total (ms): Min: 15.0, Avg: 15.1, Max: 15.2, Diff: 0.2, Sum: 150.8]
      [GC Worker End (ms): Min: 913.3, Avg: 913.4, Max: 913.4, Diff: 0.2]
   [Code Root Fixup: 0.0 ms]
   [Code Root Purge: 0.0 ms]
   [Clear CT: 0.2 ms]
   [Other: 0.7 ms]
      [Choose CSet: 0.0 ms]
      [Ref Proc: 0.3 ms]
      [Ref Enq: 0.0 ms]
      [Redirty Cards: 0.1 ms]
      [Humongous Register: 0.1 ms]
      [Humongous Reclaim: 0.1 ms]
      [Free CSet: 0.1 ms]
   [Eden: 169.0M(169.0M)->0.0B(165.0M) Survivors: 26.0M->25.0M Heap: 1005.1M(2048.0M)->832.7M(2048.0M)]
 [Times: user=0.04 sys=0.08, real=0.02 secs] 
2022-03-11T19:39:26.059-0800: 0.938: [GC pause (G1 Humongous Allocation) (young) (initial-mark), 0.0100342 secs]
   [Parallel Time: 9.1 ms, GC Workers: 10]
      [GC Worker Start (ms): Min: 938.6, Avg: 938.7, Max: 938.8, Diff: 0.2]
      [Ext Root Scanning (ms): Min: 0.0, Avg: 0.1, Max: 0.2, Diff: 0.2, Sum: 0.7]
      [Update RS (ms): Min: 0.5, Avg: 0.6, Max: 0.6, Diff: 0.0, Sum: 5.6]
         [Processed Buffers: Min: 4, Avg: 8.2, Max: 11, Diff: 7, Sum: 82]
      [Scan RS (ms): Min: 0.0, Avg: 0.0, Max: 0.0, Diff: 0.0, Sum: 0.1]
      [Code Root Scanning (ms): Min: 0.0, Avg: 0.0, Max: 0.0, Diff: 0.0, Sum: 0.0]
      [Object Copy (ms): Min: 7.8, Avg: 7.9, Max: 8.1, Diff: 0.3, Sum: 79.3]
      [Termination (ms): Min: 0.0, Avg: 0.3, Max: 0.4, Diff: 0.4, Sum: 2.7]
         [Termination Attempts: Min: 1, Avg: 1.0, Max: 1, Diff: 0, Sum: 10]
      [GC Worker Other (ms): Min: 0.0, Avg: 0.0, Max: 0.0, Diff: 0.0, Sum: 0.1]
      [GC Worker Total (ms): Min: 8.7, Avg: 8.8, Max: 9.0, Diff: 0.2, Sum: 88.5]
      [GC Worker End (ms): Min: 947.5, Avg: 947.6, Max: 947.7, Diff: 0.2]
   [Code Root Fixup: 0.0 ms]
   [Code Root Purge: 0.0 ms]
   [Clear CT: 0.1 ms]
   [Other: 0.8 ms]
      [Choose CSet: 0.0 ms]
      [Ref Proc: 0.3 ms]
      [Ref Enq: 0.0 ms]
      [Redirty Cards: 0.1 ms]
      [Humongous Register: 0.1 ms]
      [Humongous Reclaim: 0.1 ms]
      [Free CSet: 0.0 ms]
   [Eden: 123.0M(165.0M)->0.0B(195.0M) Survivors: 25.0M->24.0M Heap: 988.7M(2048.0M)->879.5M(2048.0M)]
 [Times: user=0.04 sys=0.03, real=0.01 secs] 
2022-03-11T19:39:26.069-0800: 0.949: [GC concurrent-root-region-scan-start]
2022-03-11T19:39:26.070-0800: 0.949: [GC concurrent-root-region-scan-end, 0.0001202 secs]
2022-03-11T19:39:26.070-0800: 0.949: [GC concurrent-mark-start]
2022-03-11T19:39:26.074-0800: 0.953: [GC concurrent-mark-end, 0.0047291 secs]
2022-03-11T19:39:26.074-0800: 0.954: [GC remark 2022-03-11T19:39:26.074-0800: 0.954: [Finalize Marking, 0.0003402 secs] 2022-03-11T19:39:26.075-0800: 0.954: [GC ref-proc, 0.0000536 secs] 2022-03-11T19:39:26.075-0800: 0.954: [Unloading, 0.0004649 secs], 0.0016756 secs]
 [Times: user=0.00 sys=0.00, real=0.00 secs] 
2022-03-11T19:39:26.076-0800: 0.955: [GC cleanup 908M->737M(2048M), 0.0014739 secs]
 [Times: user=0.01 sys=0.00, real=0.00 secs] 
2022-03-11T19:39:26.078-0800: 0.957: [GC concurrent-cleanup-start]
2022-03-11T19:39:26.078-0800: 0.957: [GC concurrent-cleanup-end, 0.0000965 secs]
2022-03-11T19:39:26.125-0800: 1.004: [GC pause (G1 Evacuation Pause) (young), 0.0108154 secs]
   [Parallel Time: 9.8 ms, GC Workers: 10]
      [GC Worker Start (ms): Min: 1004.1, Avg: 1004.2, Max: 1004.3, Diff: 0.2]
      [Ext Root Scanning (ms): Min: 0.0, Avg: 0.1, Max: 0.2, Diff: 0.2, Sum: 0.9]
      [Update RS (ms): Min: 0.7, Avg: 0.7, Max: 0.8, Diff: 0.0, Sum: 7.4]
         [Processed Buffers: Min: 5, Avg: 9.1, Max: 12, Diff: 7, Sum: 91]
      [Scan RS (ms): Min: 0.0, Avg: 0.0, Max: 0.0, Diff: 0.0, Sum: 0.2]
      [Code Root Scanning (ms): Min: 0.0, Avg: 0.0, Max: 0.0, Diff: 0.0, Sum: 0.0]
      [Object Copy (ms): Min: 8.6, Avg: 8.6, Max: 8.7, Diff: 0.1, Sum: 86.2]
      [Termination (ms): Min: 0.0, Avg: 0.1, Max: 0.1, Diff: 0.1, Sum: 0.7]
         [Termination Attempts: Min: 1, Avg: 1.0, Max: 1, Diff: 0, Sum: 10]
      [GC Worker Other (ms): Min: 0.0, Avg: 0.0, Max: 0.0, Diff: 0.0, Sum: 0.1]
      [GC Worker Total (ms): Min: 9.5, Avg: 9.6, Max: 9.6, Diff: 0.1, Sum: 95.6]
      [GC Worker End (ms): Min: 1013.8, Avg: 1013.8, Max: 1013.8, Diff: 0.1]
   [Code Root Fixup: 0.0 ms]
   [Code Root Purge: 0.0 ms]
   [Clear CT: 0.2 ms]
   [Other: 0.9 ms]
      [Choose CSet: 0.0 ms]
      [Ref Proc: 0.3 ms]
      [Ref Enq: 0.0 ms]
      [Redirty Cards: 0.1 ms]
      [Humongous Register: 0.1 ms]
      [Humongous Reclaim: 0.1 ms]
      [Free CSet: 0.1 ms]
   [Eden: 195.0M(195.0M)->0.0B(74.0M) Survivors: 24.0M->28.0M Heap: 952.5M(2048.0M)->762.5M(2048.0M)]
 [Times: user=0.05 sys=0.03, real=0.01 secs] 
2022-03-11T19:39:26.151-0800: 1.030: [GC pause (G1 Evacuation Pause) (mixed), 0.0065427 secs]
   [Parallel Time: 5.5 ms, GC Workers: 10]
      [GC Worker Start (ms): Min: 1030.2, Avg: 1030.3, Max: 1030.4, Diff: 0.2]
      [Ext Root Scanning (ms): Min: 0.0, Avg: 0.1, Max: 0.2, Diff: 0.2, Sum: 0.7]
      [Update RS (ms): Min: 0.6, Avg: 0.7, Max: 0.7, Diff: 0.1, Sum: 6.6]
         [Processed Buffers: Min: 3, Avg: 7.3, Max: 9, Diff: 6, Sum: 73]
      [Scan RS (ms): Min: 0.0, Avg: 0.3, Max: 1.0, Diff: 1.0, Sum: 3.4]
      [Code Root Scanning (ms): Min: 0.0, Avg: 0.0, Max: 0.0, Diff: 0.0, Sum: 0.0]
      [Object Copy (ms): Min: 3.4, Avg: 4.1, Max: 4.5, Diff: 1.1, Sum: 41.4]
      [Termination (ms): Min: 0.0, Avg: 0.1, Max: 0.1, Diff: 0.1, Sum: 0.8]
         [Termination Attempts: Min: 1, Avg: 1.0, Max: 1, Diff: 0, Sum: 10]
      [GC Worker Other (ms): Min: 0.0, Avg: 0.0, Max: 0.0, Diff: 0.0, Sum: 0.1]
      [GC Worker Total (ms): Min: 5.2, Avg: 5.3, Max: 5.4, Diff: 0.2, Sum: 53.0]
      [GC Worker End (ms): Min: 1035.6, Avg: 1035.6, Max: 1035.7, Diff: 0.1]
   [Code Root Fixup: 0.0 ms]
   [Code Root Purge: 0.0 ms]
   [Clear CT: 0.2 ms]
   [Other: 0.9 ms]
      [Choose CSet: 0.0 ms]
      [Ref Proc: 0.4 ms]
      [Ref Enq: 0.0 ms]
      [Redirty Cards: 0.1 ms]
      [Humongous Register: 0.1 ms]
      [Humongous Reclaim: 0.1 ms]
      [Free CSet: 0.1 ms]
   [Eden: 74.0M(74.0M)->0.0B(89.0M) Survivors: 28.0M->13.0M Heap: 852.9M(2048.0M)->723.7M(2048.0M)]
 [Times: user=0.05 sys=0.01, real=0.00 secs] 
2022-03-11T19:39:26.176-0800: 1.055: [GC pause (G1 Evacuation Pause) (mixed), 0.0067614 secs]
   [Parallel Time: 5.7 ms, GC Workers: 10]
      [GC Worker Start (ms): Min: 1054.9, Avg: 1055.0, Max: 1055.1, Diff: 0.2]
      [Ext Root Scanning (ms): Min: 0.0, Avg: 0.1, Max: 0.2, Diff: 0.2, Sum: 0.7]
      [Update RS (ms): Min: 0.9, Avg: 0.9, Max: 0.9, Diff: 0.1, Sum: 9.1]
         [Processed Buffers: Min: 6, Avg: 10.0, Max: 13, Diff: 7, Sum: 100]
      [Scan RS (ms): Min: 0.0, Avg: 0.0, Max: 0.1, Diff: 0.0, Sum: 0.4]
      [Code Root Scanning (ms): Min: 0.0, Avg: 0.0, Max: 0.0, Diff: 0.0, Sum: 0.0]
      [Object Copy (ms): Min: 4.0, Avg: 4.1, Max: 4.2, Diff: 0.2, Sum: 40.7]
      [Termination (ms): Min: 0.0, Avg: 0.2, Max: 0.5, Diff: 0.5, Sum: 2.3]
         [Termination Attempts: Min: 1, Avg: 1.0, Max: 1, Diff: 0, Sum: 10]
      [GC Worker Other (ms): Min: 0.0, Avg: 0.0, Max: 0.0, Diff: 0.0, Sum: 0.1]
      [GC Worker Total (ms): Min: 5.2, Avg: 5.3, Max: 5.5, Diff: 0.3, Sum: 53.3]
      [GC Worker End (ms): Min: 1060.3, Avg: 1060.3, Max: 1060.5, Diff: 0.2]
   [Code Root Fixup: 0.0 ms]
   [Code Root Purge: 0.0 ms]
   [Clear CT: 0.2 ms]
   [Other: 0.9 ms]
      [Choose CSet: 0.0 ms]
      [Ref Proc: 0.4 ms]
      [Ref Enq: 0.0 ms]
      [Redirty Cards: 0.1 ms]
      [Humongous Register: 0.1 ms]
      [Humongous Reclaim: 0.1 ms]
      [Free CSet: 0.1 ms]
   [Eden: 89.0M(89.0M)->0.0B(89.0M) Survivors: 13.0M->13.0M Heap: 836.5M(2048.0M)->671.7M(2048.0M)]
 [Times: user=0.05 sys=0.00, real=0.01 secs] 
2022-03-11T19:39:26.205-0800: 1.084: [GC pause (G1 Evacuation Pause) (mixed), 0.0072076 secs]
   [Parallel Time: 6.1 ms, GC Workers: 10]
      [GC Worker Start (ms): Min: 1084.0, Avg: 1084.1, Max: 1084.2, Diff: 0.2]
      [Ext Root Scanning (ms): Min: 0.0, Avg: 0.1, Max: 0.2, Diff: 0.2, Sum: 1.0]
      [Update RS (ms): Min: 0.8, Avg: 0.8, Max: 0.8, Diff: 0.1, Sum: 7.7]
         [Processed Buffers: Min: 4, Avg: 8.5, Max: 11, Diff: 7, Sum: 85]
      [Scan RS (ms): Min: 0.0, Avg: 0.1, Max: 0.1, Diff: 0.1, Sum: 0.6]
      [Code Root Scanning (ms): Min: 0.0, Avg: 0.0, Max: 0.0, Diff: 0.0, Sum: 0.0]
      [Object Copy (ms): Min: 4.8, Avg: 4.8, Max: 4.9, Diff: 0.1, Sum: 48.3]
      [Termination (ms): Min: 0.0, Avg: 0.1, Max: 0.1, Diff: 0.1, Sum: 1.0]
         [Termination Attempts: Min: 1, Avg: 1.1, Max: 2, Diff: 1, Sum: 11]
      [GC Worker Other (ms): Min: 0.0, Avg: 0.0, Max: 0.0, Diff: 0.0, Sum: 0.1]
      [GC Worker Total (ms): Min: 5.8, Avg: 5.9, Max: 6.0, Diff: 0.2, Sum: 58.8]
      [GC Worker End (ms): Min: 1090.0, Avg: 1090.0, Max: 1090.0, Diff: 0.1]
   [Code Root Fixup: 0.0 ms]
   [Code Root Purge: 0.0 ms]
   [Clear CT: 0.2 ms]
   [Other: 1.0 ms]
      [Choose CSet: 0.0 ms]
      [Ref Proc: 0.3 ms]
      [Ref Enq: 0.0 ms]
      [Redirty Cards: 0.2 ms]
      [Humongous Register: 0.1 ms]
      [Humongous Reclaim: 0.1 ms]
      [Free CSet: 0.1 ms]
   [Eden: 89.0M(89.0M)->0.0B(1050.0M) Survivors: 13.0M->13.0M Heap: 789.0M(2048.0M)->598.7M(2048.0M)]
 [Times: user=0.05 sys=0.01, real=0.01 secs] 
2022-03-11T19:39:26.479-0800: 1.358: [GC pause (G1 Humongous Allocation) (young) (initial-mark), 0.0424963 secs]
   [Parallel Time: 40.9 ms, GC Workers: 10]
      [GC Worker Start (ms): Min: 1358.3, Avg: 1358.4, Max: 1358.5, Diff: 0.2]
      [Ext Root Scanning (ms): Min: 0.0, Avg: 0.2, Max: 0.3, Diff: 0.3, Sum: 1.9]
      [Update RS (ms): Min: 1.0, Avg: 1.0, Max: 1.1, Diff: 0.1, Sum: 10.2]
         [Processed Buffers: Min: 8, Avg: 12.6, Max: 17, Diff: 9, Sum: 126]
      [Scan RS (ms): Min: 0.0, Avg: 0.1, Max: 0.1, Diff: 0.0, Sum: 0.6]
      [Code Root Scanning (ms): Min: 0.0, Avg: 0.0, Max: 0.0, Diff: 0.0, Sum: 0.1]
      [Object Copy (ms): Min: 38.9, Avg: 39.0, Max: 39.2, Diff: 0.3, Sum: 389.9]
      [Termination (ms): Min: 0.0, Avg: 0.4, Max: 0.5, Diff: 0.5, Sum: 3.5]
         [Termination Attempts: Min: 1, Avg: 3.8, Max: 5, Diff: 4, Sum: 38]
      [GC Worker Other (ms): Min: 0.0, Avg: 0.0, Max: 0.1, Diff: 0.1, Sum: 0.2]
      [GC Worker Total (ms): Min: 40.5, Avg: 40.6, Max: 40.8, Diff: 0.4, Sum: 406.4]
      [GC Worker End (ms): Min: 1398.9, Avg: 1399.0, Max: 1399.2, Diff: 0.2]
   [Code Root Fixup: 0.0 ms]
   [Code Root Purge: 0.0 ms]
   [Clear CT: 0.2 ms]
   [Other: 1.3 ms]
      [Choose CSet: 0.0 ms]
      [Ref Proc: 0.3 ms]
      [Ref Enq: 0.0 ms]
      [Redirty Cards: 0.1 ms]
      [Humongous Register: 0.1 ms]
      [Humongous Reclaim: 0.2 ms]
      [Free CSet: 0.2 ms]
   [Eden: 605.0M(1050.0M)->0.0B(206.0M) Survivors: 13.0M->133.0M Heap: 1372.3M(2048.0M)->733.2M(2048.0M)]
 [Times: user=0.08 sys=0.25, real=0.05 secs] 
2022-03-11T19:39:26.522-0800: 1.401: [GC concurrent-root-region-scan-start]
2022-03-11T19:39:26.522-0800: 1.401: [GC concurrent-root-region-scan-end, 0.0001947 secs]
2022-03-11T19:39:26.522-0800: 1.401: [GC concurrent-mark-start]
2022-03-11T19:39:26.523-0800: 1.402: [GC concurrent-mark-end, 0.0012696 secs]
2022-03-11T19:39:26.523-0800: 1.402: [GC remark 2022-03-11T19:39:26.523-0800: 1.402: [Finalize Marking, 0.0003061 secs] 2022-03-11T19:39:26.523-0800: 1.403: [GC ref-proc, 0.0000539 secs] 2022-03-11T19:39:26.524-0800: 1.403: [Unloading, 0.0004765 secs], 0.0014808 secs]
 [Times: user=0.01 sys=0.00, real=0.00 secs] 
2022-03-11T19:39:26.525-0800: 1.404: [GC cleanup 740M->655M(2048M), 0.0013342 secs]
 [Times: user=0.00 sys=0.00, real=0.00 secs] 
2022-03-11T19:39:26.526-0800: 1.405: [GC concurrent-cleanup-start]
2022-03-11T19:39:26.526-0800: 1.405: [GC concurrent-cleanup-end, 0.0000526 secs]
2022-03-11T19:39:26.570-0800: 1.449: [GC pause (G1 Evacuation Pause) (young), 0.0187670 secs]
   [Parallel Time: 16.5 ms, GC Workers: 10]
      [GC Worker Start (ms): Min: 1449.4, Avg: 1449.5, Max: 1449.6, Diff: 0.2]
      [Ext Root Scanning (ms): Min: 0.0, Avg: 0.1, Max: 0.2, Diff: 0.2, Sum: 0.8]
      [Update RS (ms): Min: 0.8, Avg: 0.9, Max: 0.9, Diff: 0.1, Sum: 8.7]
         [Processed Buffers: Min: 6, Avg: 10.5, Max: 12, Diff: 6, Sum: 105]
      [Scan RS (ms): Min: 0.0, Avg: 0.0, Max: 0.1, Diff: 0.0, Sum: 0.2]
      [Code Root Scanning (ms): Min: 0.0, Avg: 0.0, Max: 0.0, Diff: 0.0, Sum: 0.0]
      [Object Copy (ms): Min: 14.8, Avg: 14.9, Max: 15.1, Diff: 0.3, Sum: 149.0]
      [Termination (ms): Min: 0.0, Avg: 0.2, Max: 0.4, Diff: 0.4, Sum: 2.5]
         [Termination Attempts: Min: 1, Avg: 4.0, Max: 6, Diff: 5, Sum: 40]
      [GC Worker Other (ms): Min: 0.0, Avg: 0.0, Max: 0.0, Diff: 0.0, Sum: 0.1]
      [GC Worker Total (ms): Min: 16.1, Avg: 16.1, Max: 16.3, Diff: 0.2, Sum: 161.5]
      [GC Worker End (ms): Min: 1465.6, Avg: 1465.7, Max: 1465.8, Diff: 0.2]
   [Code Root Fixup: 0.0 ms]
   [Code Root Purge: 0.0 ms]
   [Clear CT: 0.3 ms]
   [Other: 2.0 ms]
      [Choose CSet: 0.0 ms]
      [Ref Proc: 1.1 ms]
      [Ref Enq: 0.0 ms]
      [Redirty Cards: 0.3 ms]
      [Humongous Register: 0.2 ms]
      [Humongous Reclaim: 0.1 ms]
      [Free CSet: 0.1 ms]
   [Eden: 206.0M(206.0M)->0.0B(59.0M) Survivors: 133.0M->43.0M Heap: 917.0M(2048.0M)->680.9M(2048.0M)]
 [Times: user=0.13 sys=0.02, real=0.01 secs] 
2022-03-11T19:39:26.603-0800: 1.482: [GC pause (G1 Evacuation Pause) (mixed), 0.0102550 secs]
   [Parallel Time: 9.0 ms, GC Workers: 10]
      [GC Worker Start (ms): Min: 1482.0, Avg: 1482.1, Max: 1482.2, Diff: 0.2]
      [Ext Root Scanning (ms): Min: 0.0, Avg: 0.1, Max: 0.2, Diff: 0.2, Sum: 1.0]
      [Update RS (ms): Min: 1.2, Avg: 1.2, Max: 1.2, Diff: 0.1, Sum: 11.9]
         [Processed Buffers: Min: 12, Avg: 13.5, Max: 16, Diff: 4, Sum: 135]
      [Scan RS (ms): Min: 0.0, Avg: 0.1, Max: 0.1, Diff: 0.1, Sum: 0.6]
      [Code Root Scanning (ms): Min: 0.0, Avg: 0.0, Max: 0.0, Diff: 0.0, Sum: 0.0]
      [Object Copy (ms): Min: 7.4, Avg: 7.4, Max: 7.5, Diff: 0.1, Sum: 74.3]
      [Termination (ms): Min: 0.0, Avg: 0.0, Max: 0.1, Diff: 0.1, Sum: 0.5]
         [Termination Attempts: Min: 1, Avg: 1.0, Max: 1, Diff: 0, Sum: 10]
      [GC Worker Other (ms): Min: 0.0, Avg: 0.0, Max: 0.0, Diff: 0.0, Sum: 0.1]
      [GC Worker Total (ms): Min: 8.8, Avg: 8.8, Max: 8.9, Diff: 0.2, Sum: 88.4]
      [GC Worker End (ms): Min: 1490.9, Avg: 1490.9, Max: 1491.0, Diff: 0.0]
   [Code Root Fixup: 0.0 ms]
   [Code Root Purge: 0.0 ms]
   [Clear CT: 0.2 ms]
   [Other: 1.0 ms]
      [Choose CSet: 0.1 ms]
      [Ref Proc: 0.3 ms]
      [Ref Enq: 0.0 ms]
      [Redirty Cards: 0.2 ms]
      [Humongous Register: 0.1 ms]
      [Humongous Reclaim: 0.1 ms]
      [Free CSet: 0.2 ms]
   [Eden: 59.0M(59.0M)->0.0B(89.0M) Survivors: 43.0M->13.0M Heap: 755.4M(2048.0M)->538.7M(2048.0M)]
 [Times: user=0.08 sys=0.01, real=0.01 secs] 
2022-03-11T19:39:26.634-0800: 1.513: [GC pause (G1 Evacuation Pause) (mixed), 0.0058004 secs]
   [Parallel Time: 4.8 ms, GC Workers: 10]
      [GC Worker Start (ms): Min: 1513.5, Avg: 1513.6, Max: 1513.7, Diff: 0.2]
      [Ext Root Scanning (ms): Min: 0.0, Avg: 0.1, Max: 0.2, Diff: 0.2, Sum: 1.0]
      [Update RS (ms): Min: 1.3, Avg: 1.3, Max: 1.4, Diff: 0.1, Sum: 13.0]
         [Processed Buffers: Min: 10, Avg: 14.0, Max: 17, Diff: 7, Sum: 140]
      [Scan RS (ms): Min: 0.0, Avg: 0.0, Max: 0.0, Diff: 0.0, Sum: 0.1]
      [Code Root Scanning (ms): Min: 0.0, Avg: 0.0, Max: 0.0, Diff: 0.0, Sum: 0.0]
      [Object Copy (ms): Min: 3.1, Avg: 3.1, Max: 3.1, Diff: 0.1, Sum: 31.0]
      [Termination (ms): Min: 0.0, Avg: 0.1, Max: 0.1, Diff: 0.1, Sum: 0.8]
         [Termination Attempts: Min: 1, Avg: 1.0, Max: 1, Diff: 0, Sum: 10]
      [GC Worker Other (ms): Min: 0.0, Avg: 0.0, Max: 0.0, Diff: 0.0, Sum: 0.1]
      [GC Worker Total (ms): Min: 4.5, Avg: 4.6, Max: 4.7, Diff: 0.2, Sum: 46.0]
      [GC Worker End (ms): Min: 1518.2, Avg: 1518.2, Max: 1518.3, Diff: 0.1]
   [Code Root Fixup: 0.0 ms]
   [Code Root Purge: 0.0 ms]
   [Clear CT: 0.1 ms]
   [Other: 0.9 ms]
      [Choose CSet: 0.0 ms]
      [Ref Proc: 0.3 ms]
      [Ref Enq: 0.0 ms]
      [Redirty Cards: 0.1 ms]
      [Humongous Register: 0.1 ms]
      [Humongous Reclaim: 0.1 ms]
      [Free CSet: 0.0 ms]
   [Eden: 89.0M(89.0M)->0.0B(1047.0M) Survivors: 13.0M->13.0M Heap: 654.6M(2048.0M)->558.5M(2048.0M)]
 [Times: user=0.05 sys=0.01, real=0.01 secs] 
2022-03-11T19:39:26.855-0800: 1.735: [GC pause (G1 Humongous Allocation) (young) (initial-mark), 0.0375197 secs]
   [Parallel Time: 36.1 ms, GC Workers: 10]
      [GC Worker Start (ms): Min: 1734.9, Avg: 1735.0, Max: 1735.0, Diff: 0.2]
      [Ext Root Scanning (ms): Min: 0.0, Avg: 0.1, Max: 0.2, Diff: 0.2, Sum: 0.7]
      [Update RS (ms): Min: 1.2, Avg: 1.3, Max: 1.3, Diff: 0.1, Sum: 12.5]
         [Processed Buffers: Min: 13, Avg: 18.3, Max: 23, Diff: 10, Sum: 183]
      [Scan RS (ms): Min: 0.0, Avg: 0.1, Max: 0.1, Diff: 0.0, Sum: 0.6]
      [Code Root Scanning (ms): Min: 0.0, Avg: 0.0, Max: 0.0, Diff: 0.0, Sum: 0.1]
      [Object Copy (ms): Min: 34.2, Avg: 34.3, Max: 34.4, Diff: 0.2, Sum: 342.5]
      [Termination (ms): Min: 0.0, Avg: 0.2, Max: 0.4, Diff: 0.4, Sum: 2.3]
         [Termination Attempts: Min: 1, Avg: 1.2, Max: 2, Diff: 1, Sum: 12]
      [GC Worker Other (ms): Min: 0.0, Avg: 0.0, Max: 0.0, Diff: 0.0, Sum: 0.2]
      [GC Worker Total (ms): Min: 35.8, Avg: 35.9, Max: 36.0, Diff: 0.2, Sum: 358.9]
      [GC Worker End (ms): Min: 1770.8, Avg: 1770.9, Max: 1770.9, Diff: 0.2]
   [Code Root Fixup: 0.0 ms]
   [Code Root Purge: 0.0 ms]
   [Clear CT: 0.3 ms]
   [Other: 1.2 ms]
      [Choose CSet: 0.0 ms]
      [Ref Proc: 0.3 ms]
      [Ref Enq: 0.0 ms]
      [Redirty Cards: 0.1 ms]
      [Humongous Register: 0.1 ms]
      [Humongous Reclaim: 0.2 ms]
      [Free CSet: 0.2 ms]
   [Eden: 752.0M(1047.0M)->0.0B(491.0M) Survivors: 13.0M->133.0M Heap: 1504.4M(2048.0M)->703.0M(2048.0M)]
 [Times: user=0.08 sys=0.21, real=0.04 secs] 
2022-03-11T19:39:26.893-0800: 1.772: [GC concurrent-root-region-scan-start]
2022-03-11T19:39:26.893-0800: 1.772: [GC concurrent-root-region-scan-end, 0.0001762 secs]
2022-03-11T19:39:26.893-0800: 1.772: [GC concurrent-mark-start]
2022-03-11T19:39:26.894-0800: 1.773: [GC concurrent-mark-end, 0.0009586 secs]
2022-03-11T19:39:26.894-0800: 1.773: [GC remark 2022-03-11T19:39:26.894-0800: 1.773: [Finalize Marking, 0.0002868 secs] 2022-03-11T19:39:26.895-0800: 1.774: [GC ref-proc, 0.0000464 secs] 2022-03-11T19:39:26.895-0800: 1.774: [Unloading, 0.0004095 secs], 0.0012982 secs]
 [Times: user=0.01 sys=0.00, real=0.00 secs] 
2022-03-11T19:39:26.896-0800: 1.775: [GC cleanup 709M->611M(2048M), 0.0012687 secs]
 [Times: user=0.01 sys=0.01, real=0.00 secs] 
2022-03-11T19:39:26.897-0800: 1.776: [GC concurrent-cleanup-start]
2022-03-11T19:39:26.897-0800: 1.776: [GC concurrent-cleanup-end, 0.0000535 secs]
2022-03-11T19:39:27.001-0800: 1.880: [GC pause (G1 Evacuation Pause) (young), 0.0390042 secs]
   [Parallel Time: 36.8 ms, GC Workers: 10]
      [GC Worker Start (ms): Min: 1879.9, Avg: 1880.0, Max: 1880.0, Diff: 0.2]
      [Ext Root Scanning (ms): Min: 0.0, Avg: 0.1, Max: 0.2, Diff: 0.2, Sum: 0.9]
      [Update RS (ms): Min: 1.7, Avg: 1.7, Max: 1.7, Diff: 0.1, Sum: 16.8]
         [Processed Buffers: Min: 18, Avg: 19.9, Max: 24, Diff: 6, Sum: 199]
      [Scan RS (ms): Min: 0.0, Avg: 0.1, Max: 0.1, Diff: 0.1, Sum: 0.9]
      [Code Root Scanning (ms): Min: 0.0, Avg: 0.0, Max: 0.0, Diff: 0.0, Sum: 0.2]
      [Object Copy (ms): Min: 33.5, Avg: 33.8, Max: 34.6, Diff: 1.0, Sum: 337.7]
      [Termination (ms): Min: 0.0, Avg: 0.9, Max: 1.1, Diff: 1.1, Sum: 8.7]
         [Termination Attempts: Min: 1, Avg: 1.0, Max: 1, Diff: 0, Sum: 10]
      [GC Worker Other (ms): Min: 0.0, Avg: 0.1, Max: 0.1, Diff: 0.1, Sum: 0.5]
      [GC Worker Total (ms): Min: 36.5, Avg: 36.6, Max: 36.7, Diff: 0.2, Sum: 365.7]
      [GC Worker End (ms): Min: 1916.5, Avg: 1916.5, Max: 1916.6, Diff: 0.2]
   [Code Root Fixup: 0.0 ms]
   [Code Root Purge: 0.0 ms]
   [Clear CT: 0.5 ms]
   [Other: 1.7 ms]
      [Choose CSet: 0.0 ms]
      [Ref Proc: 0.4 ms]
      [Ref Enq: 0.0 ms]
      [Redirty Cards: 0.2 ms]
      [Humongous Register: 0.2 ms]
      [Humongous Reclaim: 0.4 ms]
      [Free CSet: 0.3 ms]
   [Eden: 491.0M(491.0M)->0.0B(24.0M) Survivors: 133.0M->78.0M Heap: 1222.9M(2048.0M)->675.6M(2048.0M)]
 [Times: user=0.31 sys=0.03, real=0.04 secs] 
2022-03-11T19:39:27.046-0800: 1.925: [GC pause (G1 Evacuation Pause) (mixed), 0.0162288 secs]
   [Parallel Time: 14.5 ms, GC Workers: 10]
      [GC Worker Start (ms): Min: 1925.2, Avg: 1925.3, Max: 1925.4, Diff: 0.2]
      [Ext Root Scanning (ms): Min: 0.0, Avg: 0.1, Max: 0.2, Diff: 0.2, Sum: 1.2]
      [Update RS (ms): Min: 0.2, Avg: 0.3, Max: 0.4, Diff: 0.2, Sum: 2.8]
         [Processed Buffers: Min: 0, Avg: 2.7, Max: 4, Diff: 4, Sum: 27]
      [Scan RS (ms): Min: 0.0, Avg: 0.1, Max: 0.1, Diff: 0.1, Sum: 0.7]
      [Code Root Scanning (ms): Min: 0.0, Avg: 0.0, Max: 0.0, Diff: 0.0, Sum: 0.0]
      [Object Copy (ms): Min: 13.4, Avg: 13.5, Max: 13.7, Diff: 0.3, Sum: 134.7]
      [Termination (ms): Min: 0.0, Avg: 0.3, Max: 0.4, Diff: 0.4, Sum: 2.8]
         [Termination Attempts: Min: 1, Avg: 1.0, Max: 1, Diff: 0, Sum: 10]
      [GC Worker Other (ms): Min: 0.0, Avg: 0.0, Max: 0.0, Diff: 0.0, Sum: 0.2]
      [GC Worker Total (ms): Min: 14.2, Avg: 14.2, Max: 14.3, Diff: 0.2, Sum: 142.5]
      [GC Worker End (ms): Min: 1939.5, Avg: 1939.5, Max: 1939.6, Diff: 0.1]
   [Code Root Fixup: 0.0 ms]
   [Code Root Purge: 0.0 ms]
   [Clear CT: 0.3 ms]
   [Other: 1.4 ms]
      [Choose CSet: 0.1 ms]
      [Ref Proc: 0.4 ms]
      [Ref Enq: 0.0 ms]
      [Redirty Cards: 0.3 ms]
      [Humongous Register: 0.1 ms]
      [Humongous Reclaim: 0.1 ms]
      [Free CSet: 0.3 ms]
   [Eden: 24.0M(24.0M)->0.0B(649.0M) Survivors: 78.0M->8192.0K Heap: 701.5M(2048.0M)->548.0M(2048.0M)]
 [Times: user=0.10 sys=0.03, real=0.02 secs] 
2022-03-11T19:39:27.315-0800: 2.194: [GC pause (G1 Evacuation Pause) (young), 0.0368696 secs]
   [Parallel Time: 34.3 ms, GC Workers: 10]
      [GC Worker Start (ms): Min: 2194.5, Avg: 2194.6, Max: 2194.7, Diff: 0.2]
      [Ext Root Scanning (ms): Min: 0.1, Avg: 0.2, Max: 0.3, Diff: 0.2, Sum: 1.7]
      [Update RS (ms): Min: 1.9, Avg: 1.9, Max: 2.2, Diff: 0.3, Sum: 19.4]
         [Processed Buffers: Min: 9, Avg: 17.3, Max: 20, Diff: 11, Sum: 173]
      [Scan RS (ms): Min: 0.1, Avg: 0.2, Max: 0.2, Diff: 0.1, Sum: 1.6]
      [Code Root Scanning (ms): Min: 0.0, Avg: 0.0, Max: 0.0, Diff: 0.0, Sum: 0.1]
      [Object Copy (ms): Min: 31.0, Avg: 31.2, Max: 31.4, Diff: 0.5, Sum: 311.8]
      [Termination (ms): Min: 0.0, Avg: 0.4, Max: 0.8, Diff: 0.8, Sum: 3.5]
         [Termination Attempts: Min: 1, Avg: 1.2, Max: 2, Diff: 1, Sum: 12]
      [GC Worker Other (ms): Min: 0.0, Avg: 0.0, Max: 0.1, Diff: 0.0, Sum: 0.4]
      [GC Worker Total (ms): Min: 33.7, Avg: 33.9, Max: 34.1, Diff: 0.4, Sum: 338.7]
      [GC Worker End (ms): Min: 2228.4, Avg: 2228.5, Max: 2228.6, Diff: 0.3]
   [Code Root Fixup: 0.0 ms]
   [Code Root Purge: 0.0 ms]
   [Clear CT: 0.4 ms]
   [Other: 2.2 ms]
      [Choose CSet: 0.0 ms]
      [Ref Proc: 0.4 ms]
      [Ref Enq: 0.0 ms]
      [Redirty Cards: 0.2 ms]
      [Humongous Register: 0.3 ms]
      [Humongous Reclaim: 0.6 ms]
      [Free CSet: 0.5 ms]
   [Eden: 649.0M(649.0M)->0.0B(585.0M) Survivors: 8192.0K->83.0M Heap: 1359.1M(2048.0M)->687.6M(2048.0M)]
 [Times: user=0.27 sys=0.04, real=0.04 secs] 
2022-03-11T19:39:27.472-0800: 2.351: [GC pause (G1 Evacuation Pause) (young), 0.0226850 secs]
   [Parallel Time: 21.2 ms, GC Workers: 10]
      [GC Worker Start (ms): Min: 2350.8, Avg: 2350.9, Max: 2351.0, Diff: 0.1]
      [Ext Root Scanning (ms): Min: 0.0, Avg: 0.1, Max: 0.2, Diff: 0.1, Sum: 0.9]
      [Update RS (ms): Min: 1.2, Avg: 1.2, Max: 1.2, Diff: 0.0, Sum: 12.0]
         [Processed Buffers: Min: 17, Avg: 17.7, Max: 22, Diff: 5, Sum: 177]
      [Scan RS (ms): Min: 0.1, Avg: 0.1, Max: 0.1, Diff: 0.0, Sum: 0.6]
      [Code Root Scanning (ms): Min: 0.0, Avg: 0.0, Max: 0.0, Diff: 0.0, Sum: 0.1]
      [Object Copy (ms): Min: 19.0, Avg: 19.2, Max: 19.4, Diff: 0.4, Sum: 192.2]
      [Termination (ms): Min: 0.0, Avg: 0.3, Max: 0.6, Diff: 0.6, Sum: 3.0]
         [Termination Attempts: Min: 1, Avg: 1.0, Max: 1, Diff: 0, Sum: 10]
      [GC Worker Other (ms): Min: 0.0, Avg: 0.0, Max: 0.0, Diff: 0.0, Sum: 0.1]
      [GC Worker Total (ms): Min: 20.8, Avg: 20.9, Max: 21.1, Diff: 0.3, Sum: 208.9]
      [GC Worker End (ms): Min: 2371.7, Avg: 2371.8, Max: 2372.0, Diff: 0.3]
   [Code Root Fixup: 0.0 ms]
   [Code Root Purge: 0.0 ms]
   [Clear CT: 0.3 ms]
   [Other: 1.2 ms]
      [Choose CSet: 0.0 ms]
      [Ref Proc: 0.4 ms]
      [Ref Enq: 0.0 ms]
      [Redirty Cards: 0.2 ms]
      [Humongous Register: 0.1 ms]
      [Humongous Reclaim: 0.2 ms]
      [Free CSet: 0.2 ms]
   [Eden: 585.0M(585.0M)->0.0B(168.0M) Survivors: 83.0M->84.0M Heap: 1433.8M(2048.0M)->796.2M(2048.0M)]
 [Times: user=0.14 sys=0.05, real=0.02 secs] 
2022-03-11T19:39:27.527-0800: 2.406: [GC pause (G1 Evacuation Pause) (young), 0.0144322 secs]
   [Parallel Time: 13.2 ms, GC Workers: 10]
      [GC Worker Start (ms): Min: 2406.6, Avg: 2406.7, Max: 2406.8, Diff: 0.2]
      [Ext Root Scanning (ms): Min: 0.0, Avg: 0.1, Max: 0.2, Diff: 0.2, Sum: 1.0]
      [Update RS (ms): Min: 2.2, Avg: 2.2, Max: 2.3, Diff: 0.1, Sum: 22.3]
         [Processed Buffers: Min: 19, Avg: 25.0, Max: 31, Diff: 12, Sum: 250]
      [Scan RS (ms): Min: 0.0, Avg: 0.0, Max: 0.0, Diff: 0.0, Sum: 0.2]
      [Code Root Scanning (ms): Min: 0.0, Avg: 0.0, Max: 0.0, Diff: 0.0, Sum: 0.0]
      [Object Copy (ms): Min: 10.5, Avg: 10.6, Max: 10.6, Diff: 0.1, Sum: 105.7]
      [Termination (ms): Min: 0.0, Avg: 0.1, Max: 0.2, Diff: 0.1, Sum: 1.1]
         [Termination Attempts: Min: 1, Avg: 2.9, Max: 5, Diff: 4, Sum: 29]
      [GC Worker Other (ms): Min: 0.0, Avg: 0.0, Max: 0.0, Diff: 0.0, Sum: 0.1]
      [GC Worker Total (ms): Min: 13.0, Avg: 13.0, Max: 13.1, Diff: 0.2, Sum: 130.5]
      [GC Worker End (ms): Min: 2419.8, Avg: 2419.8, Max: 2419.8, Diff: 0.1]
   [Code Root Fixup: 0.0 ms]
   [Code Root Purge: 0.0 ms]
   [Clear CT: 0.2 ms]
   [Other: 1.0 ms]
      [Choose CSet: 0.0 ms]
      [Ref Proc: 0.3 ms]
      [Ref Enq: 0.0 ms]
      [Redirty Cards: 0.2 ms]
      [Humongous Register: 0.1 ms]
      [Humongous Reclaim: 0.1 ms]
      [Free CSet: 0.1 ms]
   [Eden: 168.0M(168.0M)->0.0B(303.0M) Survivors: 84.0M->32.0M Heap: 1008.6M(2048.0M)->827.4M(2048.0M)]
 [Times: user=0.11 sys=0.01, real=0.02 secs] 
2022-03-11T19:39:27.580-0800: 2.459: [GC pause (G1 Humongous Allocation) (young) (initial-mark), 0.0106802 secs]
   [Parallel Time: 9.5 ms, GC Workers: 10]
      [GC Worker Start (ms): Min: 2459.6, Avg: 2459.7, Max: 2459.7, Diff: 0.2]
      [Ext Root Scanning (ms): Min: 0.0, Avg: 0.1, Max: 0.2, Diff: 0.2, Sum: 1.1]
      [Update RS (ms): Min: 1.8, Avg: 1.8, Max: 1.8, Diff: 0.1, Sum: 17.9]
         [Processed Buffers: Min: 16, Avg: 20.2, Max: 25, Diff: 9, Sum: 202]
      [Scan RS (ms): Min: 0.0, Avg: 0.0, Max: 0.0, Diff: 0.0, Sum: 0.2]
      [Code Root Scanning (ms): Min: 0.0, Avg: 0.0, Max: 0.0, Diff: 0.0, Sum: 0.0]
      [Object Copy (ms): Min: 7.1, Avg: 7.2, Max: 7.3, Diff: 0.2, Sum: 71.5]
      [Termination (ms): Min: 0.0, Avg: 0.2, Max: 0.3, Diff: 0.3, Sum: 2.0]
         [Termination Attempts: Min: 1, Avg: 1.0, Max: 1, Diff: 0, Sum: 10]
      [GC Worker Other (ms): Min: 0.0, Avg: 0.0, Max: 0.0, Diff: 0.0, Sum: 0.1]
      [GC Worker Total (ms): Min: 9.1, Avg: 9.3, Max: 9.4, Diff: 0.2, Sum: 92.8]
      [GC Worker End (ms): Min: 2468.9, Avg: 2468.9, Max: 2469.0, Diff: 0.1]
   [Code Root Fixup: 0.0 ms]
   [Code Root Purge: 0.0 ms]
   [Clear CT: 0.1 ms]
   [Other: 1.0 ms]
      [Choose CSet: 0.0 ms]
      [Ref Proc: 0.3 ms]
      [Ref Enq: 0.0 ms]
      [Redirty Cards: 0.2 ms]
      [Humongous Register: 0.1 ms]
      [Humongous Reclaim: 0.1 ms]
      [Free CSet: 0.1 ms]
   [Eden: 193.0M(303.0M)->0.0B(366.0M) Survivors: 32.0M->42.0M Heap: 1060.4M(2048.0M)->876.6M(2048.0M)]
 [Times: user=0.09 sys=0.01, real=0.01 secs] 
2022-03-11T19:39:27.591-0800: 2.470: [GC concurrent-root-region-scan-start]
2022-03-11T19:39:27.591-0800: 2.470: [GC concurrent-root-region-scan-end, 0.0001207 secs]
2022-03-11T19:39:27.591-0800: 2.470: [GC concurrent-mark-start]
2022-03-11T19:39:27.593-0800: 2.472: [GC concurrent-mark-end, 0.0014675 secs]
2022-03-11T19:39:27.593-0800: 2.472: [GC remark 2022-03-11T19:39:27.593-0800: 2.472: [Finalize Marking, 0.0003601 secs] 2022-03-11T19:39:27.593-0800: 2.472: [GC ref-proc, 0.0000833 secs] 2022-03-11T19:39:27.593-0800: 2.472: [Unloading, 0.0005243 secs], 0.0017958 secs]
 [Times: user=0.01 sys=0.00, real=0.00 secs] 
2022-03-11T19:39:27.595-0800: 2.474: [GC cleanup 886M->667M(2048M), 0.0014099 secs]
 [Times: user=0.01 sys=0.00, real=0.00 secs] 
2022-03-11T19:39:27.596-0800: 2.475: [GC concurrent-cleanup-start]
2022-03-11T19:39:27.596-0800: 2.475: [GC concurrent-cleanup-end, 0.0001346 secs]
2022-03-11T19:39:27.680-0800: 2.559: [GC pause (G1 Evacuation Pause) (young), 0.0151632 secs]
   [Parallel Time: 13.7 ms, GC Workers: 10]
      [GC Worker Start (ms): Min: 2558.8, Avg: 2558.9, Max: 2559.0, Diff: 0.2]
      [Ext Root Scanning (ms): Min: 0.0, Avg: 0.1, Max: 0.2, Diff: 0.2, Sum: 0.7]
      [Update RS (ms): Min: 2.3, Avg: 2.3, Max: 2.4, Diff: 0.1, Sum: 23.3]
         [Processed Buffers: Min: 28, Avg: 29.6, Max: 37, Diff: 9, Sum: 296]
      [Scan RS (ms): Min: 0.0, Avg: 0.0, Max: 0.0, Diff: 0.0, Sum: 0.3]
      [Code Root Scanning (ms): Min: 0.0, Avg: 0.0, Max: 0.0, Diff: 0.0, Sum: 0.0]
      [Object Copy (ms): Min: 10.9, Avg: 10.9, Max: 11.0, Diff: 0.1, Sum: 109.4]
      [Termination (ms): Min: 0.0, Avg: 0.1, Max: 0.2, Diff: 0.2, Sum: 0.7]
         [Termination Attempts: Min: 1, Avg: 1.0, Max: 1, Diff: 0, Sum: 10]
      [GC Worker Other (ms): Min: 0.0, Avg: 0.0, Max: 0.0, Diff: 0.0, Sum: 0.2]
      [GC Worker Total (ms): Min: 13.4, Avg: 13.5, Max: 13.6, Diff: 0.2, Sum: 134.6]
      [GC Worker End (ms): Min: 2572.4, Avg: 2572.4, Max: 2572.4, Diff: 0.1]
   [Code Root Fixup: 0.0 ms]
   [Code Root Purge: 0.0 ms]
   [Clear CT: 0.3 ms]
   [Other: 1.2 ms]
      [Choose CSet: 0.0 ms]
      [Ref Proc: 0.3 ms]
      [Ref Enq: 0.0 ms]
      [Redirty Cards: 0.2 ms]
      [Humongous Register: 0.1 ms]
      [Humongous Reclaim: 0.2 ms]
      [Free CSet: 0.2 ms]
   [Eden: 366.0M(366.0M)->0.0B(51.0M) Survivors: 42.0M->51.0M Heap: 1125.4M(2048.0M)->746.9M(2048.0M)]
 [Times: user=0.13 sys=0.00, real=0.01 secs] 
2022-03-11T19:39:27.708-0800: 2.587: [GC pause (G1 Evacuation Pause) (mixed), 0.0096264 secs]
   [Parallel Time: 8.1 ms, GC Workers: 10]
      [GC Worker Start (ms): Min: 2587.3, Avg: 2587.4, Max: 2587.5, Diff: 0.2]
      [Ext Root Scanning (ms): Min: 0.0, Avg: 0.1, Max: 0.2, Diff: 0.2, Sum: 1.0]
      [Update RS (ms): Min: 1.0, Avg: 1.1, Max: 1.1, Diff: 0.1, Sum: 10.7]
         [Processed Buffers: Min: 11, Avg: 11.8, Max: 13, Diff: 2, Sum: 118]
      [Scan RS (ms): Min: 0.0, Avg: 0.1, Max: 0.1, Diff: 0.1, Sum: 0.6]
      [Code Root Scanning (ms): Min: 0.0, Avg: 0.0, Max: 0.0, Diff: 0.0, Sum: 0.0]
      [Object Copy (ms): Min: 6.6, Avg: 6.7, Max: 6.7, Diff: 0.1, Sum: 66.7]
      [Termination (ms): Min: 0.0, Avg: 0.0, Max: 0.1, Diff: 0.1, Sum: 0.5]
         [Termination Attempts: Min: 1, Avg: 1.4, Max: 3, Diff: 2, Sum: 14]
      [GC Worker Other (ms): Min: 0.0, Avg: 0.0, Max: 0.0, Diff: 0.0, Sum: 0.1]
      [GC Worker Total (ms): Min: 7.9, Avg: 8.0, Max: 8.1, Diff: 0.2, Sum: 79.7]
      [GC Worker End (ms): Min: 2595.3, Avg: 2595.4, Max: 2595.4, Diff: 0.0]
   [Code Root Fixup: 0.0 ms]
   [Code Root Purge: 0.0 ms]
   [Clear CT: 0.2 ms]
   [Other: 1.2 ms]
      [Choose CSet: 0.1 ms]
      [Ref Proc: 0.3 ms]
      [Ref Enq: 0.0 ms]
      [Redirty Cards: 0.2 ms]
      [Humongous Register: 0.1 ms]
      [Humongous Reclaim: 0.1 ms]
      [Free CSet: 0.3 ms]
   [Eden: 51.0M(51.0M)->0.0B(89.0M) Survivors: 51.0M->13.0M Heap: 811.2M(2048.0M)->568.2M(2048.0M)]
 [Times: user=0.07 sys=0.01, real=0.01 secs] 
2022-03-11T19:39:27.737-0800: 2.616: [GC pause (G1 Evacuation Pause) (mixed), 0.0071325 secs]
   [Parallel Time: 6.1 ms, GC Workers: 10]
      [GC Worker Start (ms): Min: 2616.1, Avg: 2616.2, Max: 2616.3, Diff: 0.2]
      [Ext Root Scanning (ms): Min: 0.0, Avg: 0.1, Max: 0.2, Diff: 0.2, Sum: 1.0]
      [Update RS (ms): Min: 1.8, Avg: 1.9, Max: 1.9, Diff: 0.1, Sum: 18.8]
         [Processed Buffers: Min: 18, Avg: 20.2, Max: 26, Diff: 8, Sum: 202]
      [Scan RS (ms): Min: 0.0, Avg: 0.0, Max: 0.0, Diff: 0.0, Sum: 0.1]
      [Code Root Scanning (ms): Min: 0.0, Avg: 0.0, Max: 0.0, Diff: 0.0, Sum: 0.0]
      [Object Copy (ms): Min: 3.6, Avg: 3.7, Max: 3.8, Diff: 0.2, Sum: 37.4]
      [Termination (ms): Min: 0.0, Avg: 0.1, Max: 0.3, Diff: 0.3, Sum: 1.2]
         [Termination Attempts: Min: 1, Avg: 1.0, Max: 1, Diff: 0, Sum: 10]
      [GC Worker Other (ms): Min: 0.0, Avg: 0.0, Max: 0.0, Diff: 0.0, Sum: 0.1]
      [GC Worker Total (ms): Min: 5.8, Avg: 5.9, Max: 6.0, Diff: 0.2, Sum: 58.6]
      [GC Worker End (ms): Min: 2622.1, Avg: 2622.1, Max: 2622.2, Diff: 0.1]
   [Code Root Fixup: 0.0 ms]
   [Code Root Purge: 0.0 ms]
   [Clear CT: 0.1 ms]
   [Other: 0.9 ms]
      [Choose CSet: 0.0 ms]
      [Ref Proc: 0.3 ms]
      [Ref Enq: 0.0 ms]
      [Redirty Cards: 0.1 ms]
      [Humongous Register: 0.1 ms]
      [Humongous Reclaim: 0.1 ms]
      [Free CSet: 0.1 ms]
   [Eden: 89.0M(89.0M)->0.0B(480.0M) Survivors: 13.0M->13.0M Heap: 681.1M(2048.0M)->591.1M(2048.0M)]
 [Times: user=0.06 sys=0.00, real=0.01 secs] 
2022-03-11T19:39:27.840-0800: 2.719: [GC pause (G1 Evacuation Pause) (young), 0.0143906 secs]
   [Parallel Time: 13.1 ms, GC Workers: 10]
      [GC Worker Start (ms): Min: 2719.2, Avg: 2719.3, Max: 2719.3, Diff: 0.2]
      [Ext Root Scanning (ms): Min: 0.0, Avg: 0.1, Max: 0.2, Diff: 0.2, Sum: 0.7]
      [Update RS (ms): Min: 2.1, Avg: 2.1, Max: 2.1, Diff: 0.0, Sum: 20.8]
         [Processed Buffers: Min: 24, Avg: 30.9, Max: 38, Diff: 14, Sum: 309]
      [Scan RS (ms): Min: 0.0, Avg: 0.0, Max: 0.1, Diff: 0.0, Sum: 0.4]
      [Code Root Scanning (ms): Min: 0.0, Avg: 0.0, Max: 0.0, Diff: 0.0, Sum: 0.1]
      [Object Copy (ms): Min: 10.6, Avg: 10.6, Max: 10.7, Diff: 0.1, Sum: 106.5]
      [Termination (ms): Min: 0.0, Avg: 0.1, Max: 0.1, Diff: 0.1, Sum: 0.7]
         [Termination Attempts: Min: 1, Avg: 2.9, Max: 5, Diff: 4, Sum: 29]
      [GC Worker Other (ms): Min: 0.0, Avg: 0.0, Max: 0.0, Diff: 0.0, Sum: 0.2]
      [GC Worker Total (ms): Min: 12.9, Avg: 12.9, Max: 13.0, Diff: 0.2, Sum: 129.3]
      [GC Worker End (ms): Min: 2732.2, Avg: 2732.2, Max: 2732.2, Diff: 0.0]
   [Code Root Fixup: 0.0 ms]
   [Code Root Purge: 0.0 ms]
   [Clear CT: 0.2 ms]
   [Other: 1.1 ms]
      [Choose CSet: 0.0 ms]
      [Ref Proc: 0.3 ms]
      [Ref Enq: 0.0 ms]
      [Redirty Cards: 0.2 ms]
      [Humongous Register: 0.2 ms]
      [Humongous Reclaim: 0.2 ms]
      [Free CSet: 0.2 ms]
   [Eden: 480.0M(480.0M)->0.0B(40.0M) Survivors: 13.0M->62.0M Heap: 1194.3M(2048.0M)->707.4M(2048.0M)]
 [Times: user=0.12 sys=0.01, real=0.01 secs] 
2022-03-11T19:39:27.862-0800: 2.741: [GC pause (G1 Evacuation Pause) (young), 0.0087611 secs]
   [Parallel Time: 7.6 ms, GC Workers: 10]
      [GC Worker Start (ms): Min: 2741.5, Avg: 2741.6, Max: 2741.7, Diff: 0.2]
      [Ext Root Scanning (ms): Min: 0.0, Avg: 0.1, Max: 0.2, Diff: 0.2, Sum: 1.1]
      [Update RS (ms): Min: 0.9, Avg: 0.9, Max: 0.9, Diff: 0.1, Sum: 9.0]
         [Processed Buffers: Min: 9, Avg: 10.1, Max: 12, Diff: 3, Sum: 101]
      [Scan RS (ms): Min: 0.0, Avg: 0.0, Max: 0.0, Diff: 0.0, Sum: 0.1]
      [Code Root Scanning (ms): Min: 0.0, Avg: 0.0, Max: 0.0, Diff: 0.0, Sum: 0.0]
      [Object Copy (ms): Min: 6.1, Avg: 6.2, Max: 6.3, Diff: 0.2, Sum: 61.9]
      [Termination (ms): Min: 0.0, Avg: 0.2, Max: 0.3, Diff: 0.3, Sum: 1.8]
         [Termination Attempts: Min: 1, Avg: 1.0, Max: 1, Diff: 0, Sum: 10]
      [GC Worker Other (ms): Min: 0.0, Avg: 0.0, Max: 0.0, Diff: 0.0, Sum: 0.1]
      [GC Worker Total (ms): Min: 7.3, Avg: 7.4, Max: 7.5, Diff: 0.3, Sum: 74.0]
      [GC Worker End (ms): Min: 2748.9, Avg: 2749.0, Max: 2749.1, Diff: 0.2]
   [Code Root Fixup: 0.0 ms]
   [Code Root Purge: 0.0 ms]
   [Clear CT: 0.2 ms]
   [Other: 1.0 ms]
      [Choose CSet: 0.0 ms]
      [Ref Proc: 0.4 ms]
      [Ref Enq: 0.0 ms]
      [Redirty Cards: 0.2 ms]
      [Humongous Register: 0.1 ms]
      [Humongous Reclaim: 0.1 ms]
      [Free CSet: 0.1 ms]
   [Eden: 40.0M(40.0M)->0.0B(107.0M) Survivors: 62.0M->13.0M Heap: 758.6M(2048.0M)->718.9M(2048.0M)]
 [Times: user=0.07 sys=0.00, real=0.01 secs] 
2022-03-11T19:39:27.899-0800: 2.778: [GC pause (G1 Evacuation Pause) (young), 0.0073180 secs]
   [Parallel Time: 6.3 ms, GC Workers: 10]
      [GC Worker Start (ms): Min: 2778.3, Avg: 2778.4, Max: 2778.5, Diff: 0.2]
      [Ext Root Scanning (ms): Min: 0.0, Avg: 0.1, Max: 0.2, Diff: 0.2, Sum: 0.7]
      [Update RS (ms): Min: 2.2, Avg: 2.2, Max: 2.2, Diff: 0.1, Sum: 22.1]
         [Processed Buffers: Min: 22, Avg: 24.5, Max: 28, Diff: 6, Sum: 245]
      [Scan RS (ms): Min: 0.0, Avg: 0.0, Max: 0.0, Diff: 0.0, Sum: 0.1]
      [Code Root Scanning (ms): Min: 0.0, Avg: 0.0, Max: 0.0, Diff: 0.0, Sum: 0.0]
      [Object Copy (ms): Min: 3.6, Avg: 3.6, Max: 3.7, Diff: 0.1, Sum: 36.2]
      [Termination (ms): Min: 0.0, Avg: 0.2, Max: 0.2, Diff: 0.2, Sum: 1.6]
         [Termination Attempts: Min: 1, Avg: 1.0, Max: 1, Diff: 0, Sum: 10]
      [GC Worker Other (ms): Min: 0.0, Avg: 0.0, Max: 0.0, Diff: 0.0, Sum: 0.1]
      [GC Worker Total (ms): Min: 6.0, Avg: 6.1, Max: 6.2, Diff: 0.3, Sum: 60.7]
      [GC Worker End (ms): Min: 2784.5, Avg: 2784.5, Max: 2784.6, Diff: 0.1]
   [Code Root Fixup: 0.0 ms]
   [Code Root Purge: 0.0 ms]
   [Clear CT: 0.2 ms]
   [Other: 0.8 ms]
      [Choose CSet: 0.0 ms]
      [Ref Proc: 0.3 ms]
      [Ref Enq: 0.0 ms]
      [Redirty Cards: 0.1 ms]
      [Humongous Register: 0.1 ms]
      [Humongous Reclaim: 0.1 ms]
      [Free CSet: 0.1 ms]
   [Eden: 107.0M(107.0M)->0.0B(137.0M) Survivors: 13.0M->15.0M Heap: 855.3M(2048.0M)->748.4M(2048.0M)]
 [Times: user=0.06 sys=0.00, real=0.01 secs] 
2022-03-11T19:39:27.934-0800: 2.813: [GC pause (G1 Evacuation Pause) (young), 0.0090799 secs]
   [Parallel Time: 8.0 ms, GC Workers: 10]
      [GC Worker Start (ms): Min: 2813.4, Avg: 2813.5, Max: 2813.6, Diff: 0.2]
      [Ext Root Scanning (ms): Min: 0.0, Avg: 0.1, Max: 0.2, Diff: 0.2, Sum: 1.0]
      [Update RS (ms): Min: 2.5, Avg: 2.6, Max: 2.7, Diff: 0.1, Sum: 26.1]
         [Processed Buffers: Min: 27, Avg: 30.0, Max: 36, Diff: 9, Sum: 300]
      [Scan RS (ms): Min: 0.0, Avg: 0.0, Max: 0.0, Diff: 0.0, Sum: 0.1]
      [Code Root Scanning (ms): Min: 0.0, Avg: 0.0, Max: 0.0, Diff: 0.0, Sum: 0.0]
      [Object Copy (ms): Min: 4.9, Avg: 4.9, Max: 5.0, Diff: 0.1, Sum: 49.4]
      [Termination (ms): Min: 0.0, Avg: 0.1, Max: 0.2, Diff: 0.2, Sum: 0.7]
         [Termination Attempts: Min: 1, Avg: 1.2, Max: 2, Diff: 1, Sum: 12]
      [GC Worker Other (ms): Min: 0.0, Avg: 0.0, Max: 0.0, Diff: 0.0, Sum: 0.1]
      [GC Worker Total (ms): Min: 7.7, Avg: 7.7, Max: 7.8, Diff: 0.2, Sum: 77.4]
      [GC Worker End (ms): Min: 2821.2, Avg: 2821.2, Max: 2821.3, Diff: 0.1]
   [Code Root Fixup: 0.0 ms]
   [Code Root Purge: 0.0 ms]
   [Clear CT: 0.2 ms]
   [Other: 0.9 ms]
      [Choose CSet: 0.0 ms]
      [Ref Proc: 0.3 ms]
      [Ref Enq: 0.0 ms]
      [Redirty Cards: 0.2 ms]
      [Humongous Register: 0.1 ms]
      [Humongous Reclaim: 0.1 ms]
      [Free CSet: 0.1 ms]
   [Eden: 137.0M(137.0M)->0.0B(167.0M) Survivors: 15.0M->19.0M Heap: 921.4M(2048.0M)->792.0M(2048.0M)]
 [Times: user=0.07 sys=0.01, real=0.01 secs] 
2022-03-11T19:39:27.975-0800: 2.854: [GC pause (G1 Evacuation Pause) (young), 0.0102432 secs]
   [Parallel Time: 9.0 ms, GC Workers: 10]
      [GC Worker Start (ms): Min: 2854.2, Avg: 2854.3, Max: 2854.4, Diff: 0.2]
      [Ext Root Scanning (ms): Min: 0.0, Avg: 0.1, Max: 0.2, Diff: 0.2, Sum: 0.9]
      [Update RS (ms): Min: 2.6, Avg: 2.6, Max: 2.6, Diff: 0.1, Sum: 25.8]
         [Processed Buffers: Min: 28, Avg: 29.7, Max: 36, Diff: 8, Sum: 297]
      [Scan RS (ms): Min: 0.0, Avg: 0.0, Max: 0.0, Diff: 0.0, Sum: 0.2]
      [Code Root Scanning (ms): Min: 0.0, Avg: 0.0, Max: 0.0, Diff: 0.0, Sum: 0.0]
      [Object Copy (ms): Min: 5.4, Avg: 5.5, Max: 6.1, Diff: 0.7, Sum: 55.3]
      [Termination (ms): Min: 0.0, Avg: 0.6, Max: 0.7, Diff: 0.7, Sum: 6.1]
         [Termination Attempts: Min: 1, Avg: 1.0, Max: 1, Diff: 0, Sum: 10]
      [GC Worker Other (ms): Min: 0.0, Avg: 0.0, Max: 0.0, Diff: 0.0, Sum: 0.1]
      [GC Worker Total (ms): Min: 8.7, Avg: 8.8, Max: 8.9, Diff: 0.2, Sum: 88.4]
      [GC Worker End (ms): Min: 2863.1, Avg: 2863.1, Max: 2863.2, Diff: 0.1]
   [Code Root Fixup: 0.0 ms]
   [Code Root Purge: 0.0 ms]
   [Clear CT: 0.2 ms]
   [Other: 1.1 ms]
      [Choose CSet: 0.0 ms]
      [Ref Proc: 0.5 ms]
      [Ref Enq: 0.0 ms]
      [Redirty Cards: 0.1 ms]
      [Humongous Register: 0.1 ms]
      [Humongous Reclaim: 0.1 ms]
      [Free CSet: 0.1 ms]
   [Eden: 167.0M(167.0M)->0.0B(198.0M) Survivors: 19.0M->24.0M Heap: 994.6M(2048.0M)->833.4M(2048.0M)]
 [Times: user=0.08 sys=0.00, real=0.01 secs] 
2022-03-11T19:39:28.006-0800: 2.885: [GC pause (G1 Humongous Allocation) (young) (initial-mark), 0.0078384 secs]
   [Parallel Time: 6.8 ms, GC Workers: 10]
      [GC Worker Start (ms): Min: 2885.2, Avg: 2885.3, Max: 2885.3, Diff: 0.2]
      [Ext Root Scanning (ms): Min: 0.0, Avg: 0.1, Max: 0.2, Diff: 0.2, Sum: 1.1]
      [Update RS (ms): Min: 2.3, Avg: 2.3, Max: 2.4, Diff: 0.1, Sum: 23.2]
         [Processed Buffers: Min: 25, Avg: 26.8, Max: 32, Diff: 7, Sum: 268]
      [Scan RS (ms): Min: 0.0, Avg: 0.0, Max: 0.0, Diff: 0.0, Sum: 0.1]
      [Code Root Scanning (ms): Min: 0.0, Avg: 0.0, Max: 0.0, Diff: 0.0, Sum: 0.0]
      [Object Copy (ms): Min: 4.0, Avg: 4.1, Max: 4.1, Diff: 0.1, Sum: 40.9]
      [Termination (ms): Min: 0.0, Avg: 0.1, Max: 0.1, Diff: 0.1, Sum: 0.6]
         [Termination Attempts: Min: 1, Avg: 1.0, Max: 1, Diff: 0, Sum: 10]
      [GC Worker Other (ms): Min: 0.0, Avg: 0.0, Max: 0.0, Diff: 0.0, Sum: 0.1]
      [GC Worker Total (ms): Min: 6.5, Avg: 6.6, Max: 6.7, Diff: 0.2, Sum: 66.0]
      [GC Worker End (ms): Min: 2891.9, Avg: 2891.9, Max: 2891.9, Diff: 0.0]
   [Code Root Fixup: 0.0 ms]
   [Code Root Purge: 0.0 ms]
   [Clear CT: 0.1 ms]
   [Other: 0.9 ms]
      [Choose CSet: 0.0 ms]
      [Ref Proc: 0.3 ms]
      [Ref Enq: 0.0 ms]
      [Redirty Cards: 0.1 ms]
      [Humongous Register: 0.1 ms]
      [Humongous Reclaim: 0.1 ms]
      [Free CSet: 0.1 ms]
   [Eden: 94.0M(198.0M)->0.0B(273.0M) Survivors: 24.0M->28.0M Heap: 959.0M(2048.0M)->868.1M(2048.0M)]
 [Times: user=0.06 sys=0.01, real=0.01 secs] 
2022-03-11T19:39:28.014-0800: 2.893: [GC concurrent-root-region-scan-start]
2022-03-11T19:39:28.014-0800: 2.893: [GC concurrent-root-region-scan-end, 0.0000984 secs]
2022-03-11T19:39:28.014-0800: 2.893: [GC concurrent-mark-start]
2022-03-11T19:39:28.015-0800: 2.894: [GC concurrent-mark-end, 0.0013275 secs]
2022-03-11T19:39:28.015-0800: 2.894: [GC remark 2022-03-11T19:39:28.015-0800: 2.894: [Finalize Marking, 0.0003298 secs] 2022-03-11T19:39:28.016-0800: 2.895: [GC ref-proc, 0.0000554 secs] 2022-03-11T19:39:28.016-0800: 2.895: [Unloading, 0.0004691 secs], 0.0016414 secs]
 [Times: user=0.01 sys=0.00, real=0.00 secs] 
2022-03-11T19:39:28.017-0800: 2.896: [GC cleanup 876M->714M(2048M), 0.0014042 secs]
 [Times: user=0.00 sys=0.00, real=0.00 secs] 
2022-03-11T19:39:28.019-0800: 2.898: [GC concurrent-cleanup-start]
2022-03-11T19:39:28.019-0800: 2.898: [GC concurrent-cleanup-end, 0.0001032 secs]
2022-03-11T19:39:28.069-0800: 2.949: [GC pause (G1 Evacuation Pause) (young), 0.0130025 secs]
   [Parallel Time: 11.9 ms, GC Workers: 10]
      [GC Worker Start (ms): Min: 2948.7, Avg: 2948.8, Max: 2948.9, Diff: 0.2]
      [Ext Root Scanning (ms): Min: 0.0, Avg: 0.1, Max: 0.2, Diff: 0.2, Sum: 0.8]
      [Update RS (ms): Min: 3.2, Avg: 3.2, Max: 3.2, Diff: 0.1, Sum: 31.7]
         [Processed Buffers: Min: 34, Avg: 40.7, Max: 51, Diff: 17, Sum: 407]
      [Scan RS (ms): Min: 0.0, Avg: 0.0, Max: 0.0, Diff: 0.0, Sum: 0.2]
      [Code Root Scanning (ms): Min: 0.0, Avg: 0.0, Max: 0.0, Diff: 0.0, Sum: 0.0]
      [Object Copy (ms): Min: 8.1, Avg: 8.2, Max: 8.3, Diff: 0.2, Sum: 82.3]
      [Termination (ms): Min: 0.0, Avg: 0.1, Max: 0.2, Diff: 0.2, Sum: 0.9]
         [Termination Attempts: Min: 1, Avg: 1.5, Max: 3, Diff: 2, Sum: 15]
      [GC Worker Other (ms): Min: 0.0, Avg: 0.0, Max: 0.0, Diff: 0.0, Sum: 0.1]
      [GC Worker Total (ms): Min: 11.5, Avg: 11.6, Max: 11.8, Diff: 0.2, Sum: 116.3]
      [GC Worker End (ms): Min: 2960.4, Avg: 2960.5, Max: 2960.5, Diff: 0.1]
   [Code Root Fixup: 0.0 ms]
   [Code Root Purge: 0.0 ms]
   [Clear CT: 0.2 ms]
   [Other: 1.0 ms]
      [Choose CSet: 0.0 ms]
      [Ref Proc: 0.3 ms]
      [Ref Enq: 0.0 ms]
      [Redirty Cards: 0.1 ms]
      [Humongous Register: 0.1 ms]
      [Humongous Reclaim: 0.1 ms]
      [Free CSet: 0.1 ms]
   [Eden: 273.0M(273.0M)->0.0B(64.0M) Survivors: 28.0M->38.0M Heap: 1041.0M(2048.0M)->772.3M(2048.0M)]
 [Times: user=0.12 sys=0.00, real=0.02 secs] 
2022-03-11T19:39:28.096-0800: 2.975: [GC pause (G1 Evacuation Pause) (mixed), 0.0094795 secs]
   [Parallel Time: 8.1 ms, GC Workers: 10]
      [GC Worker Start (ms): Min: 2975.0, Avg: 2975.1, Max: 2975.2, Diff: 0.2]
      [Ext Root Scanning (ms): Min: 0.0, Avg: 0.1, Max: 0.2, Diff: 0.2, Sum: 1.0]
      [Update RS (ms): Min: 0.9, Avg: 0.9, Max: 1.0, Diff: 0.1, Sum: 9.3]
         [Processed Buffers: Min: 10, Avg: 10.6, Max: 12, Diff: 2, Sum: 106]
      [Scan RS (ms): Min: 0.0, Avg: 0.1, Max: 0.1, Diff: 0.1, Sum: 0.7]
      [Code Root Scanning (ms): Min: 0.0, Avg: 0.0, Max: 0.0, Diff: 0.0, Sum: 0.0]
      [Object Copy (ms): Min: 6.7, Avg: 6.8, Max: 6.8, Diff: 0.1, Sum: 67.6]
      [Termination (ms): Min: 0.0, Avg: 0.0, Max: 0.1, Diff: 0.1, Sum: 0.5]
         [Termination Attempts: Min: 1, Avg: 1.0, Max: 1, Diff: 0, Sum: 10]
      [GC Worker Other (ms): Min: 0.0, Avg: 0.0, Max: 0.0, Diff: 0.0, Sum: 0.1]
      [GC Worker Total (ms): Min: 7.9, Avg: 7.9, Max: 8.0, Diff: 0.2, Sum: 79.2]
      [GC Worker End (ms): Min: 2983.0, Avg: 2983.0, Max: 2983.0, Diff: 0.0]
   [Code Root Fixup: 0.0 ms]
   [Code Root Purge: 0.0 ms]
   [Clear CT: 0.2 ms]
   [Other: 1.1 ms]
      [Choose CSet: 0.1 ms]
      [Ref Proc: 0.3 ms]
      [Ref Enq: 0.0 ms]
      [Redirty Cards: 0.2 ms]
      [Humongous Register: 0.1 ms]
      [Humongous Reclaim: 0.1 ms]
      [Free CSet: 0.2 ms]
   [Eden: 64.0M(64.0M)->0.0B(89.0M) Survivors: 38.0M->13.0M Heap: 848.1M(2048.0M)->603.9M(2048.0M)]
 [Times: user=0.07 sys=0.01, real=0.01 secs] 
2022-03-11T19:39:28.124-0800: 3.004: [GC pause (G1 Evacuation Pause) (mixed), 0.0085417 secs]
   [Parallel Time: 7.4 ms, GC Workers: 10]
      [GC Worker Start (ms): Min: 3003.7, Avg: 3003.8, Max: 3003.9, Diff: 0.2]
      [Ext Root Scanning (ms): Min: 0.0, Avg: 0.1, Max: 0.2, Diff: 0.2, Sum: 1.0]
      [Update RS (ms): Min: 2.3, Avg: 2.3, Max: 2.3, Diff: 0.1, Sum: 22.9]
         [Processed Buffers: Min: 22, Avg: 24.4, Max: 30, Diff: 8, Sum: 244]
      [Scan RS (ms): Min: 0.0, Avg: 0.0, Max: 0.1, Diff: 0.1, Sum: 0.3]
      [Code Root Scanning (ms): Min: 0.0, Avg: 0.0, Max: 0.0, Diff: 0.0, Sum: 0.0]
      [Object Copy (ms): Min: 4.7, Avg: 4.7, Max: 4.8, Diff: 0.1, Sum: 47.2]
      [Termination (ms): Min: 0.0, Avg: 0.1, Max: 0.1, Diff: 0.1, Sum: 0.9]
         [Termination Attempts: Min: 1, Avg: 1.0, Max: 1, Diff: 0, Sum: 10]
      [GC Worker Other (ms): Min: 0.0, Avg: 0.0, Max: 0.0, Diff: 0.0, Sum: 0.1]
      [GC Worker Total (ms): Min: 7.2, Avg: 7.2, Max: 7.3, Diff: 0.2, Sum: 72.5]
      [GC Worker End (ms): Min: 3011.1, Avg: 3011.1, Max: 3011.1, Diff: 0.1]
   [Code Root Fixup: 0.0 ms]
   [Code Root Purge: 0.0 ms]
   [Clear CT: 0.2 ms]
   [Other: 0.9 ms]
      [Choose CSet: 0.0 ms]
      [Ref Proc: 0.3 ms]
      [Ref Enq: 0.0 ms]
      [Redirty Cards: 0.1 ms]
      [Humongous Register: 0.1 ms]
      [Humongous Reclaim: 0.1 ms]
      [Free CSet: 0.1 ms]
   [Eden: 89.0M(89.0M)->0.0B(459.0M) Survivors: 13.0M->13.0M Heap: 722.0M(2048.0M)->578.8M(2048.0M)]
 [Times: user=0.07 sys=0.00, real=0.01 secs] 
2022-03-11T19:39:28.219-0800: 3.098: [GC pause (G1 Evacuation Pause) (young), 0.0148785 secs]
   [Parallel Time: 13.6 ms, GC Workers: 10]
      [GC Worker Start (ms): Min: 3098.5, Avg: 3098.6, Max: 3098.7, Diff: 0.2]
      [Ext Root Scanning (ms): Min: 0.0, Avg: 0.1, Max: 0.2, Diff: 0.2, Sum: 0.7]
      [Update RS (ms): Min: 2.7, Avg: 2.7, Max: 2.8, Diff: 0.1, Sum: 27.3]
         [Processed Buffers: Min: 33, Avg: 40.1, Max: 46, Diff: 13, Sum: 401]
      [Scan RS (ms): Min: 0.0, Avg: 0.0, Max: 0.1, Diff: 0.0, Sum: 0.3]
      [Code Root Scanning (ms): Min: 0.0, Avg: 0.0, Max: 0.0, Diff: 0.0, Sum: 0.1]
      [Object Copy (ms): Min: 10.4, Avg: 10.4, Max: 10.5, Diff: 0.1, Sum: 104.3]
      [Termination (ms): Min: 0.0, Avg: 0.1, Max: 0.2, Diff: 0.2, Sum: 0.9]
         [Termination Attempts: Min: 1, Avg: 2.6, Max: 4, Diff: 3, Sum: 26]
      [GC Worker Other (ms): Min: 0.0, Avg: 0.0, Max: 0.0, Diff: 0.0, Sum: 0.1]
      [GC Worker Total (ms): Min: 13.3, Avg: 13.4, Max: 13.5, Diff: 0.2, Sum: 133.7]
      [GC Worker End (ms): Min: 3112.0, Avg: 3112.0, Max: 3112.1, Diff: 0.1]
   [Code Root Fixup: 0.0 ms]
   [Code Root Purge: 0.0 ms]
   [Clear CT: 0.2 ms]
   [Other: 1.1 ms]
      [Choose CSet: 0.0 ms]
      [Ref Proc: 0.3 ms]
      [Ref Enq: 0.0 ms]
      [Redirty Cards: 0.1 ms]
      [Humongous Register: 0.1 ms]
      [Humongous Reclaim: 0.2 ms]
      [Free CSet: 0.2 ms]
   [Eden: 459.0M(459.0M)->0.0B(496.0M) Survivors: 13.0M->59.0M Heap: 1178.6M(2048.0M)->695.5M(2048.0M)]
 [Times: user=0.13 sys=0.00, real=0.02 secs] 
2022-03-11T19:39:28.338-0800: 3.217: [GC pause (G1 Evacuation Pause) (young), 0.0190078 secs]
   [Parallel Time: 17.4 ms, GC Workers: 10]
      [GC Worker Start (ms): Min: 3217.1, Avg: 3217.2, Max: 3217.3, Diff: 0.2]
      [Ext Root Scanning (ms): Min: 0.0, Avg: 0.1, Max: 0.2, Diff: 0.2, Sum: 0.7]
      [Update RS (ms): Min: 3.2, Avg: 3.2, Max: 3.2, Diff: 0.0, Sum: 31.8]
         [Processed Buffers: Min: 34, Avg: 41.3, Max: 51, Diff: 17, Sum: 413]
      [Scan RS (ms): Min: 0.0, Avg: 0.0, Max: 0.1, Diff: 0.0, Sum: 0.5]
      [Code Root Scanning (ms): Min: 0.0, Avg: 0.0, Max: 0.0, Diff: 0.0, Sum: 0.1]
      [Object Copy (ms): Min: 13.7, Avg: 13.7, Max: 13.8, Diff: 0.1, Sum: 137.3]
      [Termination (ms): Min: 0.0, Avg: 0.1, Max: 0.1, Diff: 0.1, Sum: 0.5]
         [Termination Attempts: Min: 1, Avg: 1.0, Max: 1, Diff: 0, Sum: 10]
      [GC Worker Other (ms): Min: 0.0, Avg: 0.0, Max: 0.1, Diff: 0.1, Sum: 0.3]
      [GC Worker Total (ms): Min: 17.1, Avg: 17.1, Max: 17.2, Diff: 0.2, Sum: 171.2]
      [GC Worker End (ms): Min: 3234.3, Avg: 3234.4, Max: 3234.4, Diff: 0.1]
   [Code Root Fixup: 0.0 ms]
   [Code Root Purge: 0.0 ms]
   [Clear CT: 0.3 ms]
   [Other: 1.4 ms]
      [Choose CSet: 0.0 ms]
      [Ref Proc: 0.4 ms]
      [Ref Enq: 0.0 ms]
      [Redirty Cards: 0.2 ms]
      [Humongous Register: 0.2 ms]
      [Humongous Reclaim: 0.2 ms]
      [Free CSet: 0.2 ms]
   [Eden: 496.0M(496.0M)->0.0B(305.0M) Survivors: 59.0M->70.0M Heap: 1304.9M(2048.0M)->783.5M(2048.0M)]
 [Times: user=0.17 sys=0.01, real=0.02 secs] 
2022-03-11T19:39:28.454-0800: 3.333: [GC pause (G1 Evacuation Pause) (young), 0.0309972 secs]
   [Parallel Time: 29.2 ms, GC Workers: 10]
      [GC Worker Start (ms): Min: 3332.9, Avg: 3333.0, Max: 3333.1, Diff: 0.1]
      [Ext Root Scanning (ms): Min: 0.0, Avg: 0.1, Max: 0.2, Diff: 0.1, Sum: 1.1]
      [Update RS (ms): Min: 5.8, Avg: 5.8, Max: 5.9, Diff: 0.1, Sum: 58.4]
         [Processed Buffers: Min: 56, Avg: 62.0, Max: 71, Diff: 15, Sum: 620]
      [Scan RS (ms): Min: 0.0, Avg: 0.1, Max: 0.1, Diff: 0.1, Sum: 0.6]
      [Code Root Scanning (ms): Min: 0.0, Avg: 0.0, Max: 0.0, Diff: 0.0, Sum: 0.1]
      [Object Copy (ms): Min: 22.4, Avg: 22.5, Max: 22.7, Diff: 0.4, Sum: 225.4]
      [Termination (ms): Min: 0.0, Avg: 0.3, Max: 0.6, Diff: 0.6, Sum: 3.3]
         [Termination Attempts: Min: 1, Avg: 1.0, Max: 1, Diff: 0, Sum: 10]
      [GC Worker Other (ms): Min: 0.0, Avg: 0.0, Max: 0.0, Diff: 0.0, Sum: 0.3]
      [GC Worker Total (ms): Min: 28.7, Avg: 28.9, Max: 29.1, Diff: 0.4, Sum: 289.2]
      [GC Worker End (ms): Min: 3361.8, Avg: 3361.9, Max: 3362.1, Diff: 0.3]
   [Code Root Fixup: 0.0 ms]
   [Code Root Purge: 0.0 ms]
   [Clear CT: 0.3 ms]
   [Other: 1.6 ms]
      [Choose CSet: 0.0 ms]
      [Ref Proc: 0.3 ms]
      [Ref Enq: 0.0 ms]
      [Redirty Cards: 0.2 ms]
      [Humongous Register: 0.2 ms]
      [Humongous Reclaim: 0.4 ms]
      [Free CSet: 0.3 ms]
   [Eden: 305.0M(305.0M)->0.0B(279.0M) Survivors: 70.0M->47.0M Heap: 1164.6M(2048.0M)->847.5M(2048.0M)]
 [Times: user=0.25 sys=0.02, real=0.03 secs] 
2022-03-11T19:39:28.513-0800: 3.392: [GC pause (G1 Humongous Allocation) (young) (initial-mark), 0.0102515 secs]
   [Parallel Time: 9.2 ms, GC Workers: 10]
      [GC Worker Start (ms): Min: 3392.5, Avg: 3392.6, Max: 3392.7, Diff: 0.2]
      [Ext Root Scanning (ms): Min: 0.0, Avg: 0.1, Max: 0.2, Diff: 0.2, Sum: 1.1]
      [Update RS (ms): Min: 2.7, Avg: 2.7, Max: 2.7, Diff: 0.1, Sum: 27.1]
         [Processed Buffers: Min: 29, Avg: 31.0, Max: 38, Diff: 9, Sum: 310]
      [Scan RS (ms): Min: 0.0, Avg: 0.0, Max: 0.0, Diff: 0.0, Sum: 0.1]
      [Code Root Scanning (ms): Min: 0.0, Avg: 0.0, Max: 0.0, Diff: 0.0, Sum: 0.0]
      [Object Copy (ms): Min: 6.1, Avg: 6.1, Max: 6.2, Diff: 0.1, Sum: 61.2]
      [Termination (ms): Min: 0.0, Avg: 0.0, Max: 0.1, Diff: 0.1, Sum: 0.4]
         [Termination Attempts: Min: 1, Avg: 1.0, Max: 1, Diff: 0, Sum: 10]
      [GC Worker Other (ms): Min: 0.0, Avg: 0.0, Max: 0.0, Diff: 0.0, Sum: 0.1]
      [GC Worker Total (ms): Min: 8.9, Avg: 9.0, Max: 9.1, Diff: 0.2, Sum: 90.1]
      [GC Worker End (ms): Min: 3401.6, Avg: 3401.6, Max: 3401.6, Diff: 0.0]
   [Code Root Fixup: 0.0 ms]
   [Code Root Purge: 0.0 ms]
   [Clear CT: 0.2 ms]
   [Other: 0.9 ms]
      [Choose CSet: 0.0 ms]
      [Ref Proc: 0.2 ms]
      [Ref Enq: 0.0 ms]
      [Redirty Cards: 0.2 ms]
      [Humongous Register: 0.1 ms]
      [Humongous Reclaim: 0.1 ms]
      [Free CSet: 0.1 ms]
   [Eden: 108.0M(279.0M)->0.0B(317.0M) Survivors: 47.0M->32.0M Heap: 992.5M(2048.0M)->875.2M(2048.0M)]
 [Times: user=0.09 sys=0.00, real=0.01 secs] 
2022-03-11T19:39:28.524-0800: 3.403: [GC concurrent-root-region-scan-start]
2022-03-11T19:39:28.524-0800: 3.403: [GC concurrent-root-region-scan-end, 0.0001082 secs]
2022-03-11T19:39:28.524-0800: 3.403: [GC concurrent-mark-start]
2022-03-11T19:39:28.525-0800: 3.404: [GC concurrent-mark-end, 0.0013345 secs]
2022-03-11T19:39:28.525-0800: 3.404: [GC remark 2022-03-11T19:39:28.525-0800: 3.404: [Finalize Marking, 0.0003518 secs] 2022-03-11T19:39:28.526-0800: 3.405: [GC ref-proc, 0.0000671 secs] 2022-03-11T19:39:28.526-0800: 3.405: [Unloading, 0.0005337 secs], 0.0017807 secs]
 [Times: user=0.01 sys=0.00, real=0.00 secs] 
2022-03-11T19:39:28.527-0800: 3.406: [GC cleanup 882M->668M(2048M), 0.0015453 secs]
 [Times: user=0.01 sys=0.01, real=0.00 secs] 
2022-03-11T19:39:28.529-0800: 3.408: [GC concurrent-cleanup-start]
2022-03-11T19:39:28.529-0800: 3.408: [GC concurrent-cleanup-end, 0.0001570 secs]
2022-03-11T19:39:28.593-0800: 3.472: [GC pause (G1 Evacuation Pause) (young), 0.0150943 secs]
   [Parallel Time: 13.8 ms, GC Workers: 10]
      [GC Worker Start (ms): Min: 3472.6, Avg: 3472.7, Max: 3472.8, Diff: 0.2]
      [Ext Root Scanning (ms): Min: 0.0, Avg: 0.1, Max: 0.2, Diff: 0.2, Sum: 0.7]
      [Update RS (ms): Min: 3.7, Avg: 3.7, Max: 3.7, Diff: 0.1, Sum: 37.1]
         [Processed Buffers: Min: 39, Avg: 48.1, Max: 61, Diff: 22, Sum: 481]
      [Scan RS (ms): Min: 0.0, Avg: 0.0, Max: 0.0, Diff: 0.0, Sum: 0.3]
      [Code Root Scanning (ms): Min: 0.0, Avg: 0.0, Max: 0.0, Diff: 0.0, Sum: 0.0]
      [Object Copy (ms): Min: 9.5, Avg: 9.6, Max: 9.7, Diff: 0.1, Sum: 95.9]
      [Termination (ms): Min: 0.0, Avg: 0.1, Max: 0.3, Diff: 0.3, Sum: 1.1]
         [Termination Attempts: Min: 1, Avg: 1.0, Max: 1, Diff: 0, Sum: 10]
      [GC Worker Other (ms): Min: 0.0, Avg: 0.0, Max: 0.0, Diff: 0.0, Sum: 0.1]
      [GC Worker Total (ms): Min: 13.4, Avg: 13.5, Max: 13.6, Diff: 0.2, Sum: 135.3]
      [GC Worker End (ms): Min: 3486.2, Avg: 3486.2, Max: 3486.3, Diff: 0.1]
   [Code Root Fixup: 0.0 ms]
   [Code Root Purge: 0.0 ms]
   [Clear CT: 0.2 ms]
   [Other: 1.1 ms]
      [Choose CSet: 0.0 ms]
      [Ref Proc: 0.4 ms]
      [Ref Enq: 0.0 ms]
      [Redirty Cards: 0.1 ms]
      [Humongous Register: 0.1 ms]
      [Humongous Reclaim: 0.2 ms]
      [Free CSet: 0.2 ms]
   [Eden: 317.0M(317.0M)->0.0B(58.0M) Survivors: 32.0M->44.0M Heap: 1076.3M(2048.0M)->752.8M(2048.0M)]
 [Times: user=0.14 sys=0.00, real=0.01 secs] 
2022-03-11T19:39:28.621-0800: 3.500: [GC pause (G1 Evacuation Pause) (mixed), 0.0098295 secs]
   [Parallel Time: 8.4 ms, GC Workers: 10]
      [GC Worker Start (ms): Min: 3500.4, Avg: 3500.5, Max: 3500.6, Diff: 0.2]
      [Ext Root Scanning (ms): Min: 0.0, Avg: 0.1, Max: 0.2, Diff: 0.2, Sum: 1.0]
      [Update RS (ms): Min: 1.4, Avg: 1.4, Max: 1.5, Diff: 0.1, Sum: 14.1]
         [Processed Buffers: Min: 14, Avg: 15.8, Max: 18, Diff: 4, Sum: 158]
      [Scan RS (ms): Min: 0.0, Avg: 0.1, Max: 0.1, Diff: 0.1, Sum: 0.6]
      [Code Root Scanning (ms): Min: 0.0, Avg: 0.0, Max: 0.0, Diff: 0.0, Sum: 0.0]
      [Object Copy (ms): Min: 6.5, Avg: 6.5, Max: 6.6, Diff: 0.1, Sum: 65.2]
      [Termination (ms): Min: 0.0, Avg: 0.1, Max: 0.1, Diff: 0.1, Sum: 0.8]
         [Termination Attempts: Min: 1, Avg: 1.1, Max: 2, Diff: 1, Sum: 11]
      [GC Worker Other (ms): Min: 0.0, Avg: 0.0, Max: 0.0, Diff: 0.0, Sum: 0.1]
      [GC Worker Total (ms): Min: 8.1, Avg: 8.2, Max: 8.3, Diff: 0.2, Sum: 81.9]
      [GC Worker End (ms): Min: 3508.7, Avg: 3508.7, Max: 3508.7, Diff: 0.1]
   [Code Root Fixup: 0.0 ms]
   [Code Root Purge: 0.0 ms]
   [Clear CT: 0.2 ms]
   [Other: 1.3 ms]
      [Choose CSet: 0.1 ms]
      [Ref Proc: 0.4 ms]
      [Ref Enq: 0.0 ms]
      [Redirty Cards: 0.2 ms]
      [Humongous Register: 0.1 ms]
      [Humongous Reclaim: 0.1 ms]
      [Free CSet: 0.2 ms]
   [Eden: 58.0M(58.0M)->0.0B(89.0M) Survivors: 44.0M->13.0M Heap: 829.1M(2048.0M)->579.4M(2048.0M)]
 [Times: user=0.08 sys=0.00, real=0.01 secs] 
2022-03-11T19:39:28.649-0800: 3.528: [GC pause (G1 Evacuation Pause) (mixed), 0.0062469 secs]
   [Parallel Time: 5.3 ms, GC Workers: 10]
      [GC Worker Start (ms): Min: 3528.2, Avg: 3528.3, Max: 3528.4, Diff: 0.2]
      [Ext Root Scanning (ms): Min: 0.0, Avg: 0.1, Max: 0.2, Diff: 0.2, Sum: 0.7]
      [Update RS (ms): Min: 1.3, Avg: 1.3, Max: 1.3, Diff: 0.1, Sum: 13.2]
         [Processed Buffers: Min: 13, Avg: 14.7, Max: 18, Diff: 5, Sum: 147]
      [Scan RS (ms): Min: 0.0, Avg: 0.0, Max: 0.0, Diff: 0.0, Sum: 0.1]
      [Code Root Scanning (ms): Min: 0.0, Avg: 0.0, Max: 0.0, Diff: 0.0, Sum: 0.0]
      [Object Copy (ms): Min: 3.5, Avg: 3.6, Max: 3.6, Diff: 0.1, Sum: 35.9]
      [Termination (ms): Min: 0.0, Avg: 0.1, Max: 0.1, Diff: 0.1, Sum: 0.7]
         [Termination Attempts: Min: 1, Avg: 1.0, Max: 1, Diff: 0, Sum: 10]
      [GC Worker Other (ms): Min: 0.0, Avg: 0.0, Max: 0.0, Diff: 0.0, Sum: 0.1]
      [GC Worker Total (ms): Min: 5.0, Avg: 5.1, Max: 5.2, Diff: 0.2, Sum: 50.7]
      [GC Worker End (ms): Min: 3533.4, Avg: 3533.4, Max: 3533.4, Diff: 0.1]
   [Code Root Fixup: 0.0 ms]
   [Code Root Purge: 0.0 ms]
   [Clear CT: 0.2 ms]
   [Other: 0.8 ms]
      [Choose CSet: 0.0 ms]
      [Ref Proc: 0.2 ms]
      [Ref Enq: 0.0 ms]
      [Redirty Cards: 0.1 ms]
      [Humongous Register: 0.1 ms]
      [Humongous Reclaim: 0.1 ms]
      [Free CSet: 0.0 ms]
   [Eden: 89.0M(89.0M)->0.0B(451.0M) Survivors: 13.0M->13.0M Heap: 685.3M(2048.0M)->600.1M(2048.0M)]
 [Times: user=0.05 sys=0.01, real=0.01 secs] 
2022-03-11T19:39:28.738-0800: 3.617: [GC pause (G1 Evacuation Pause) (young), 0.0161422 secs]
   [Parallel Time: 14.9 ms, GC Workers: 10]
      [GC Worker Start (ms): Min: 3616.9, Avg: 3617.0, Max: 3617.1, Diff: 0.2]
      [Ext Root Scanning (ms): Min: 0.0, Avg: 0.1, Max: 0.2, Diff: 0.2, Sum: 0.7]
      [Update RS (ms): Min: 3.8, Avg: 3.9, Max: 3.9, Diff: 0.1, Sum: 38.6]
         [Processed Buffers: Min: 23, Avg: 54.3, Max: 69, Diff: 46, Sum: 543]
      [Scan RS (ms): Min: 0.0, Avg: 0.0, Max: 0.0, Diff: 0.0, Sum: 0.4]
      [Code Root Scanning (ms): Min: 0.0, Avg: 0.0, Max: 0.0, Diff: 0.0, Sum: 0.1]
      [Object Copy (ms): Min: 10.6, Avg: 10.6, Max: 10.7, Diff: 0.1, Sum: 106.4]
      [Termination (ms): Min: 0.0, Avg: 0.0, Max: 0.1, Diff: 0.1, Sum: 0.5]
         [Termination Attempts: Min: 1, Avg: 1.0, Max: 1, Diff: 0, Sum: 10]
      [GC Worker Other (ms): Min: 0.0, Avg: 0.0, Max: 0.0, Diff: 0.0, Sum: 0.2]
      [GC Worker Total (ms): Min: 14.6, Avg: 14.7, Max: 14.8, Diff: 0.2, Sum: 146.8]
      [GC Worker End (ms): Min: 3631.7, Avg: 3631.7, Max: 3631.7, Diff: 0.0]
   [Code Root Fixup: 0.0 ms]
   [Code Root Purge: 0.0 ms]
   [Clear CT: 0.2 ms]
   [Other: 1.1 ms]
      [Choose CSet: 0.0 ms]
      [Ref Proc: 0.4 ms]
      [Ref Enq: 0.0 ms]
      [Redirty Cards: 0.2 ms]
      [Humongous Register: 0.2 ms]
      [Humongous Reclaim: 0.2 ms]
      [Free CSet: 0.1 ms]
   [Eden: 451.0M(451.0M)->0.0B(104.0M) Survivors: 13.0M->58.0M Heap: 1164.5M(2048.0M)->712.4M(2048.0M)]
 [Times: user=0.15 sys=0.00, real=0.02 secs] 
2022-03-11T19:39:28.780-0800: 3.659: [GC pause (G1 Evacuation Pause) (young), 0.0114797 secs]
   [Parallel Time: 10.2 ms, GC Workers: 10]
      [GC Worker Start (ms): Min: 3658.9, Avg: 3659.0, Max: 3659.0, Diff: 0.2]
      [Ext Root Scanning (ms): Min: 0.0, Avg: 0.1, Max: 0.2, Diff: 0.2, Sum: 0.9]
      [Update RS (ms): Min: 2.8, Avg: 2.8, Max: 2.9, Diff: 0.1, Sum: 28.3]
         [Processed Buffers: Min: 29, Avg: 31.7, Max: 37, Diff: 8, Sum: 317]
      [Scan RS (ms): Min: 0.0, Avg: 0.0, Max: 0.0, Diff: 0.0, Sum: 0.1]
      [Code Root Scanning (ms): Min: 0.0, Avg: 0.0, Max: 0.0, Diff: 0.0, Sum: 0.0]
      [Object Copy (ms): Min: 6.9, Avg: 7.0, Max: 7.1, Diff: 0.1, Sum: 69.9]
      [Termination (ms): Min: 0.0, Avg: 0.1, Max: 0.1, Diff: 0.1, Sum: 0.8]
         [Termination Attempts: Min: 1, Avg: 1.1, Max: 2, Diff: 1, Sum: 11]
      [GC Worker Other (ms): Min: 0.0, Avg: 0.0, Max: 0.0, Diff: 0.0, Sum: 0.2]
      [GC Worker Total (ms): Min: 9.9, Avg: 10.0, Max: 10.1, Diff: 0.2, Sum: 100.2]
      [GC Worker End (ms): Min: 3669.0, Avg: 3669.0, Max: 3669.0, Diff: 0.0]
   [Code Root Fixup: 0.0 ms]
   [Code Root Purge: 0.0 ms]
   [Clear CT: 0.2 ms]
   [Other: 1.0 ms]
      [Choose CSet: 0.0 ms]
      [Ref Proc: 0.4 ms]
      [Ref Enq: 0.0 ms]
      [Redirty Cards: 0.1 ms]
      [Humongous Register: 0.1 ms]
      [Humongous Reclaim: 0.1 ms]
      [Free CSet: 0.1 ms]
   [Eden: 104.0M(104.0M)->0.0B(245.0M) Survivors: 58.0M->21.0M Heap: 854.6M(2048.0M)->738.7M(2048.0M)]
 [Times: user=0.10 sys=0.00, real=0.01 secs] 
2022-03-11T19:39:28.846-0800: 3.725: [GC pause (G1 Evacuation Pause) (young), 0.0125825 secs]
   [Parallel Time: 11.4 ms, GC Workers: 10]
      [GC Worker Start (ms): Min: 3725.2, Avg: 3725.4, Max: 3725.5, Diff: 0.2]
      [Ext Root Scanning (ms): Min: 0.0, Avg: 0.1, Max: 0.2, Diff: 0.2, Sum: 0.7]
      [Update RS (ms): Min: 3.4, Avg: 3.4, Max: 3.5, Diff: 0.1, Sum: 34.4]
         [Processed Buffers: Min: 37, Avg: 40.8, Max: 51, Diff: 14, Sum: 408]
      [Scan RS (ms): Min: 0.0, Avg: 0.0, Max: 0.0, Diff: 0.0, Sum: 0.2]
      [Code Root Scanning (ms): Min: 0.0, Avg: 0.0, Max: 0.0, Diff: 0.0, Sum: 0.0]
      [Object Copy (ms): Min: 7.4, Avg: 7.5, Max: 7.6, Diff: 0.2, Sum: 75.2]
      [Termination (ms): Min: 0.0, Avg: 0.1, Max: 0.2, Diff: 0.2, Sum: 1.1]
         [Termination Attempts: Min: 1, Avg: 1.0, Max: 1, Diff: 0, Sum: 10]
      [GC Worker Other (ms): Min: 0.0, Avg: 0.0, Max: 0.0, Diff: 0.0, Sum: 0.2]
      [GC Worker Total (ms): Min: 11.1, Avg: 11.2, Max: 11.3, Diff: 0.2, Sum: 111.8]
      [GC Worker End (ms): Min: 3736.5, Avg: 3736.6, Max: 3736.6, Diff: 0.1]
   [Code Root Fixup: 0.0 ms]
   [Code Root Purge: 0.0 ms]
   [Clear CT: 0.2 ms]
   [Other: 0.9 ms]
      [Choose CSet: 0.0 ms]
      [Ref Proc: 0.3 ms]
      [Ref Enq: 0.0 ms]
      [Redirty Cards: 0.1 ms]
      [Humongous Register: 0.2 ms]
      [Humongous Reclaim: 0.1 ms]
      [Free CSet: 0.1 ms]
   [Eden: 245.0M(245.0M)->0.0B(260.0M) Survivors: 21.0M->34.0M Heap: 1033.3M(2048.0M)->803.5M(2048.0M)]
 [Times: user=0.11 sys=0.01, real=0.01 secs] 
2022-03-11T19:39:28.904-0800: 3.783: [GC pause (G1 Humongous Allocation) (young) (initial-mark), 0.0129799 secs]
   [Parallel Time: 11.8 ms, GC Workers: 10]
      [GC Worker Start (ms): Min: 3783.2, Avg: 3783.3, Max: 3783.3, Diff: 0.2]
      [Ext Root Scanning (ms): Min: 0.0, Avg: 0.1, Max: 0.2, Diff: 0.2, Sum: 1.0]
      [Update RS (ms): Min: 3.8, Avg: 3.8, Max: 3.8, Diff: 0.1, Sum: 38.0]
         [Processed Buffers: Min: 30, Avg: 43.5, Max: 57, Diff: 27, Sum: 435]
      [Scan RS (ms): Min: 0.0, Avg: 0.0, Max: 0.0, Diff: 0.0, Sum: 0.2]
      [Code Root Scanning (ms): Min: 0.0, Avg: 0.0, Max: 0.0, Diff: 0.0, Sum: 0.0]
      [Object Copy (ms): Min: 7.5, Avg: 7.6, Max: 7.7, Diff: 0.1, Sum: 76.1]
      [Termination (ms): Min: 0.0, Avg: 0.1, Max: 0.1, Diff: 0.1, Sum: 0.6]
         [Termination Attempts: Min: 1, Avg: 1.0, Max: 1, Diff: 0, Sum: 10]
      [GC Worker Other (ms): Min: 0.0, Avg: 0.0, Max: 0.0, Diff: 0.0, Sum: 0.2]
      [GC Worker Total (ms): Min: 11.6, Avg: 11.6, Max: 11.7, Diff: 0.1, Sum: 116.1]
      [GC Worker End (ms): Min: 3794.9, Avg: 3794.9, Max: 3794.9, Diff: 0.0]
   [Code Root Fixup: 0.0 ms]
   [Code Root Purge: 0.0 ms]
   [Clear CT: 0.2 ms]
   [Other: 1.0 ms]
      [Choose CSet: 0.0 ms]
      [Ref Proc: 0.4 ms]
      [Ref Enq: 0.0 ms]
      [Redirty Cards: 0.1 ms]
      [Humongous Register: 0.1 ms]
      [Humongous Reclaim: 0.1 ms]
      [Free CSet: 0.1 ms]
   [Eden: 234.0M(260.0M)->0.0B(279.0M) Survivors: 34.0M->37.0M Heap: 1089.9M(2048.0M)->863.9M(2048.0M)]
 [Times: user=0.11 sys=0.00, real=0.01 secs] 
2022-03-11T19:39:28.917-0800: 3.796: [GC concurrent-root-region-scan-start]
2022-03-11T19:39:28.917-0800: 3.796: [GC concurrent-root-region-scan-end, 0.0001049 secs]
2022-03-11T19:39:28.917-0800: 3.796: [GC concurrent-mark-start]
2022-03-11T19:39:28.919-0800: 3.798: [GC concurrent-mark-end, 0.0014701 secs]
2022-03-11T19:39:28.919-0800: 3.798: [GC remark 2022-03-11T19:39:28.919-0800: 3.798: [Finalize Marking, 0.0003870 secs] 2022-03-11T19:39:28.919-0800: 3.798: [GC ref-proc, 0.0000610 secs] 2022-03-11T19:39:28.919-0800: 3.798: [Unloading, 0.0005173 secs], 0.0018580 secs]
 [Times: user=0.01 sys=0.00, real=0.01 secs] 
2022-03-11T19:39:28.921-0800: 3.800: [GC cleanup 872M->730M(2048M), 0.0014513 secs]
 [Times: user=0.01 sys=0.00, real=0.00 secs] 
2022-03-11T19:39:28.922-0800: 3.801: [GC concurrent-cleanup-start]
2022-03-11T19:39:28.922-0800: 3.801: [GC concurrent-cleanup-end, 0.0000814 secs]
2022-03-11T19:39:28.990-0800: 3.870: [GC pause (G1 Evacuation Pause) (young), 0.0225574 secs]
   [Parallel Time: 20.4 ms, GC Workers: 10]
      [GC Worker Start (ms): Min: 3869.9, Avg: 3870.0, Max: 3870.1, Diff: 0.2]
      [Ext Root Scanning (ms): Min: 0.1, Avg: 0.2, Max: 0.3, Diff: 0.2, Sum: 1.9]
      [Update RS (ms): Min: 5.7, Avg: 5.8, Max: 5.8, Diff: 0.2, Sum: 57.7]
         [Processed Buffers: Min: 55, Avg: 59.3, Max: 65, Diff: 10, Sum: 593]
      [Scan RS (ms): Min: 0.0, Avg: 0.0, Max: 0.0, Diff: 0.0, Sum: 0.3]
      [Code Root Scanning (ms): Min: 0.0, Avg: 0.0, Max: 0.0, Diff: 0.0, Sum: 0.0]
      [Object Copy (ms): Min: 13.4, Avg: 13.6, Max: 13.9, Diff: 0.5, Sum: 136.2]
      [Termination (ms): Min: 0.0, Avg: 0.4, Max: 0.6, Diff: 0.6, Sum: 3.9]
         [Termination Attempts: Min: 1, Avg: 1.0, Max: 1, Diff: 0, Sum: 10]
      [GC Worker Other (ms): Min: 0.0, Avg: 0.0, Max: 0.1, Diff: 0.0, Sum: 0.3]
      [GC Worker Total (ms): Min: 19.9, Avg: 20.0, Max: 20.2, Diff: 0.3, Sum: 200.4]
      [GC Worker End (ms): Min: 3889.9, Avg: 3890.1, Max: 3890.2, Diff: 0.2]
   [Code Root Fixup: 0.0 ms]
   [Code Root Purge: 0.0 ms]
   [Clear CT: 0.2 ms]
   [Other: 1.9 ms]
      [Choose CSet: 0.0 ms]
      [Ref Proc: 0.4 ms]
      [Ref Enq: 0.0 ms]
      [Redirty Cards: 0.2 ms]
      [Humongous Register: 0.2 ms]
      [Humongous Reclaim: 0.4 ms]
      [Free CSet: 0.4 ms]
   [Eden: 279.0M(279.0M)->0.0B(62.0M) Survivors: 37.0M->40.0M Heap: 1073.5M(2048.0M)->788.7M(2048.0M)]
 [Times: user=0.19 sys=0.01, real=0.02 secs] 
2022-03-11T19:39:29.033-0800: 3.912: [GC pause (G1 Evacuation Pause) (mixed), 0.0139870 secs]
   [Parallel Time: 12.2 ms, GC Workers: 10]
      [GC Worker Start (ms): Min: 3912.3, Avg: 3912.4, Max: 3912.6, Diff: 0.3]
      [Ext Root Scanning (ms): Min: 0.0, Avg: 0.1, Max: 0.3, Diff: 0.3, Sum: 1.4]
      [Update RS (ms): Min: 1.9, Avg: 2.0, Max: 2.1, Diff: 0.2, Sum: 19.9]
         [Processed Buffers: Min: 17, Avg: 19.3, Max: 24, Diff: 7, Sum: 193]
      [Scan RS (ms): Min: 0.1, Avg: 0.1, Max: 0.1, Diff: 0.1, Sum: 1.1]
      [Code Root Scanning (ms): Min: 0.0, Avg: 0.0, Max: 0.0, Diff: 0.0, Sum: 0.0]
      [Object Copy (ms): Min: 9.6, Avg: 9.6, Max: 9.7, Diff: 0.2, Sum: 96.1]
      [Termination (ms): Min: 0.0, Avg: 0.1, Max: 0.1, Diff: 0.1, Sum: 0.6]
         [Termination Attempts: Min: 1, Avg: 1.0, Max: 1, Diff: 0, Sum: 10]
      [GC Worker Other (ms): Min: 0.0, Avg: 0.0, Max: 0.0, Diff: 0.0, Sum: 0.2]
      [GC Worker Total (ms): Min: 11.8, Avg: 11.9, Max: 12.1, Diff: 0.3, Sum: 119.3]
      [GC Worker End (ms): Min: 3924.4, Avg: 3924.4, Max: 3924.4, Diff: 0.1]
   [Code Root Fixup: 0.0 ms]
   [Code Root Purge: 0.0 ms]
   [Clear CT: 0.2 ms]
   [Other: 1.5 ms]
      [Choose CSet: 0.1 ms]
      [Ref Proc: 0.4 ms]
      [Ref Enq: 0.0 ms]
      [Redirty Cards: 0.3 ms]
      [Humongous Register: 0.3 ms]
      [Humongous Reclaim: 0.1 ms]
      [Free CSet: 0.3 ms]
   [Eden: 62.0M(62.0M)->0.0B(89.0M) Survivors: 40.0M->13.0M Heap: 873.4M(2048.0M)->628.0M(2048.0M)]
 [Times: user=0.11 sys=0.01, real=0.01 secs] 
2022-03-11T19:39:29.080-0800: 3.959: [GC pause (G1 Evacuation Pause) (mixed), 0.0152214 secs]
   [Parallel Time: 13.5 ms, GC Workers: 10]
      [GC Worker Start (ms): Min: 3959.8, Avg: 3959.9, Max: 3960.0, Diff: 0.2]
      [Ext Root Scanning (ms): Min: 0.1, Avg: 0.2, Max: 0.3, Diff: 0.2, Sum: 1.8]
      [Update RS (ms): Min: 2.6, Avg: 2.6, Max: 2.7, Diff: 0.1, Sum: 26.3]
         [Processed Buffers: Min: 24, Avg: 25.9, Max: 30, Diff: 6, Sum: 259]
      [Scan RS (ms): Min: 0.1, Avg: 0.1, Max: 0.1, Diff: 0.1, Sum: 0.9]
      [Code Root Scanning (ms): Min: 0.0, Avg: 0.0, Max: 0.0, Diff: 0.0, Sum: 0.0]
      [Object Copy (ms): Min: 10.0, Avg: 10.1, Max: 10.3, Diff: 0.2, Sum: 100.9]
      [Termination (ms): Min: 0.0, Avg: 0.2, Max: 0.3, Diff: 0.3, Sum: 2.1]
         [Termination Attempts: Min: 1, Avg: 1.0, Max: 1, Diff: 0, Sum: 10]
      [GC Worker Other (ms): Min: 0.0, Avg: 0.0, Max: 0.0, Diff: 0.0, Sum: 0.2]
      [GC Worker Total (ms): Min: 13.1, Avg: 13.2, Max: 13.4, Diff: 0.2, Sum: 132.3]
      [GC Worker End (ms): Min: 3973.1, Avg: 3973.2, Max: 3973.2, Diff: 0.1]
   [Code Root Fixup: 0.0 ms]
   [Code Root Purge: 0.0 ms]
   [Clear CT: 0.3 ms]
   [Other: 1.5 ms]
      [Choose CSet: 0.1 ms]
      [Ref Proc: 0.3 ms]
      [Ref Enq: 0.0 ms]
      [Redirty Cards: 0.3 ms]
      [Humongous Register: 0.4 ms]
      [Humongous Reclaim: 0.1 ms]
      [Free CSet: 0.1 ms]
   [Eden: 89.0M(89.0M)->0.0B(311.0M) Survivors: 13.0M->13.0M Heap: 747.9M(2048.0M)->606.7M(2048.0M)]
 [Times: user=0.12 sys=0.00, real=0.01 secs] 
2022-03-11T19:39:29.221-0800: 4.100: [GC pause (G1 Evacuation Pause) (young), 0.0205837 secs]
   [Parallel Time: 17.6 ms, GC Workers: 10]
      [GC Worker Start (ms): Min: 4100.1, Avg: 4100.2, Max: 4100.3, Diff: 0.2]
      [Ext Root Scanning (ms): Min: 0.1, Avg: 0.2, Max: 0.3, Diff: 0.2, Sum: 1.7]
      [Update RS (ms): Min: 5.7, Avg: 5.7, Max: 5.7, Diff: 0.0, Sum: 56.7]
         [Processed Buffers: Min: 46, Avg: 60.0, Max: 68, Diff: 22, Sum: 600]
      [Scan RS (ms): Min: 0.0, Avg: 0.0, Max: 0.0, Diff: 0.0, Sum: 0.3]
      [Code Root Scanning (ms): Min: 0.0, Avg: 0.0, Max: 0.0, Diff: 0.0, Sum: 0.1]
      [Object Copy (ms): Min: 10.8, Avg: 11.0, Max: 11.3, Diff: 0.5, Sum: 110.2]
      [Termination (ms): Min: 0.0, Avg: 0.4, Max: 0.5, Diff: 0.5, Sum: 3.6]
         [Termination Attempts: Min: 1, Avg: 1.0, Max: 1, Diff: 0, Sum: 10]
      [GC Worker Other (ms): Min: 0.0, Avg: 0.0, Max: 0.0, Diff: 0.0, Sum: 0.3]
      [GC Worker Total (ms): Min: 17.1, Avg: 17.3, Max: 17.5, Diff: 0.4, Sum: 172.8]
      [GC Worker End (ms): Min: 4117.4, Avg: 4117.5, Max: 4117.6, Diff: 0.2]
   [Code Root Fixup: 0.0 ms]
   [Code Root Purge: 0.0 ms]
   [Clear CT: 0.4 ms]
   [Other: 2.5 ms]
      [Choose CSet: 0.0 ms]
      [Ref Proc: 0.4 ms]
      [Ref Enq: 0.0 ms]
      [Redirty Cards: 0.3 ms]
      [Humongous Register: 0.4 ms]
      [Humongous Reclaim: 0.5 ms]
      [Free CSet: 0.5 ms]
   [Eden: 311.0M(311.0M)->0.0B(77.0M) Survivors: 13.0M->41.0M Heap: 992.4M(2048.0M)->678.2M(2048.0M)]
 [Times: user=0.16 sys=0.01, real=0.02 secs] 
2022-03-11T19:39:29.273-0800: 4.152: [GC pause (G1 Evacuation Pause) (young), 0.0120041 secs]
   [Parallel Time: 10.8 ms, GC Workers: 10]
      [GC Worker Start (ms): Min: 4152.5, Avg: 4152.6, Max: 4152.8, Diff: 0.3]
      [Ext Root Scanning (ms): Min: 0.0, Avg: 0.1, Max: 0.3, Diff: 0.3, Sum: 1.3]
      [Update RS (ms): Min: 2.2, Avg: 2.3, Max: 2.3, Diff: 0.1, Sum: 22.6]
         [Processed Buffers: Min: 20, Avg: 22.2, Max: 26, Diff: 6, Sum: 222]
      [Scan RS (ms): Min: 0.0, Avg: 0.0, Max: 0.0, Diff: 0.0, Sum: 0.2]
      [Code Root Scanning (ms): Min: 0.0, Avg: 0.0, Max: 0.0, Diff: 0.0, Sum: 0.0]
      [Object Copy (ms): Min: 8.0, Avg: 8.1, Max: 8.1, Diff: 0.1, Sum: 80.6]
      [Termination (ms): Min: 0.0, Avg: 0.1, Max: 0.1, Diff: 0.1, Sum: 0.8]
         [Termination Attempts: Min: 1, Avg: 1.0, Max: 1, Diff: 0, Sum: 10]
      [GC Worker Other (ms): Min: 0.0, Avg: 0.0, Max: 0.0, Diff: 0.0, Sum: 0.2]
      [GC Worker Total (ms): Min: 10.4, Avg: 10.6, Max: 10.7, Diff: 0.3, Sum: 105.8]
      [GC Worker End (ms): Min: 4163.2, Avg: 4163.2, Max: 4163.2, Diff: 0.1]
   [Code Root Fixup: 0.0 ms]
   [Code Root Purge: 0.0 ms]
   [Clear CT: 0.1 ms]
   [Other: 1.0 ms]
      [Choose CSet: 0.0 ms]
      [Ref Proc: 0.2 ms]
      [Ref Enq: 0.0 ms]
      [Redirty Cards: 0.1 ms]
      [Humongous Register: 0.3 ms]
      [Humongous Reclaim: 0.1 ms]
      [Free CSet: 0.1 ms]
   [Eden: 77.0M(77.0M)->0.0B(175.0M) Survivors: 41.0M->15.0M Heap: 781.5M(2048.0M)->700.4M(2048.0M)]
 [Times: user=0.10 sys=0.01, real=0.01 secs] 
2022-03-11T19:39:29.354-0800: 4.233: [GC pause (G1 Evacuation Pause) (young), 0.0194103 secs]
   [Parallel Time: 17.1 ms, GC Workers: 10]
      [GC Worker Start (ms): Min: 4233.3, Avg: 4233.4, Max: 4233.5, Diff: 0.3]
      [Ext Root Scanning (ms): Min: 0.0, Avg: 0.1, Max: 0.3, Diff: 0.3, Sum: 1.4]
      [Update RS (ms): Min: 3.5, Avg: 3.5, Max: 3.6, Diff: 0.1, Sum: 35.1]
         [Processed Buffers: Min: 33, Avg: 35.5, Max: 39, Diff: 6, Sum: 355]
      [Scan RS (ms): Min: 0.0, Avg: 0.0, Max: 0.0, Diff: 0.0, Sum: 0.2]
      [Code Root Scanning (ms): Min: 0.0, Avg: 0.0, Max: 0.0, Diff: 0.0, Sum: 0.0]
      [Object Copy (ms): Min: 12.9, Avg: 13.0, Max: 13.1, Diff: 0.2, Sum: 129.6]
      [Termination (ms): Min: 0.0, Avg: 0.2, Max: 0.3, Diff: 0.2, Sum: 1.7]
         [Termination Attempts: Min: 1, Avg: 1.0, Max: 1, Diff: 0, Sum: 10]
      [GC Worker Other (ms): Min: 0.0, Avg: 0.0, Max: 0.0, Diff: 0.0, Sum: 0.2]
      [GC Worker Total (ms): Min: 16.7, Avg: 16.8, Max: 17.0, Diff: 0.3, Sum: 168.3]
      [GC Worker End (ms): Min: 4250.2, Avg: 4250.3, Max: 4250.3, Diff: 0.1]
   [Code Root Fixup: 0.0 ms]
   [Code Root Purge: 0.0 ms]
   [Clear CT: 0.3 ms]
   [Other: 2.1 ms]
      [Choose CSet: 0.0 ms]
      [Ref Proc: 0.5 ms]
      [Ref Enq: 0.0 ms]
      [Redirty Cards: 0.2 ms]
      [Humongous Register: 0.3 ms]
      [Humongous Reclaim: 0.4 ms]
      [Free CSet: 0.4 ms]
   [Eden: 175.0M(175.0M)->0.0B(107.0M) Survivors: 15.0M->24.0M Heap: 918.2M(2048.0M)->741.8M(2048.0M)]
 [Times: user=0.15 sys=0.01, real=0.02 secs] 
2022-03-11T19:39:29.401-0800: 4.280: [GC pause (G1 Evacuation Pause) (young), 0.0077527 secs]
   [Parallel Time: 6.7 ms, GC Workers: 10]
      [GC Worker Start (ms): Min: 4280.6, Avg: 4280.7, Max: 4280.7, Diff: 0.2]
      [Ext Root Scanning (ms): Min: 0.0, Avg: 0.1, Max: 0.2, Diff: 0.2, Sum: 1.0]
      [Update RS (ms): Min: 1.6, Avg: 1.7, Max: 1.7, Diff: 0.1, Sum: 16.5]
         [Processed Buffers: Min: 16, Avg: 18.8, Max: 24, Diff: 8, Sum: 188]
      [Scan RS (ms): Min: 0.0, Avg: 0.0, Max: 0.0, Diff: 0.0, Sum: 0.1]
      [Code Root Scanning (ms): Min: 0.0, Avg: 0.0, Max: 0.0, Diff: 0.0, Sum: 0.0]
      [Object Copy (ms): Min: 4.5, Avg: 4.6, Max: 4.7, Diff: 0.1, Sum: 46.1]
      [Termination (ms): Min: 0.0, Avg: 0.1, Max: 0.2, Diff: 0.2, Sum: 0.8]
         [Termination Attempts: Min: 1, Avg: 1.0, Max: 1, Diff: 0, Sum: 10]
      [GC Worker Other (ms): Min: 0.0, Avg: 0.0, Max: 0.0, Diff: 0.0, Sum: 0.1]
      [GC Worker Total (ms): Min: 6.4, Avg: 6.5, Max: 6.6, Diff: 0.2, Sum: 64.6]
      [GC Worker End (ms): Min: 4287.1, Avg: 4287.1, Max: 4287.2, Diff: 0.1]
   [Code Root Fixup: 0.0 ms]
   [Code Root Purge: 0.0 ms]
   [Clear CT: 0.2 ms]
   [Other: 0.8 ms]
      [Choose CSet: 0.0 ms]
      [Ref Proc: 0.3 ms]
      [Ref Enq: 0.0 ms]
      [Redirty Cards: 0.2 ms]
      [Humongous Register: 0.1 ms]
      [Humongous Reclaim: 0.1 ms]
      [Free CSet: 0.1 ms]
   [Eden: 107.0M(107.0M)->0.0B(168.0M) Survivors: 24.0M->17.0M Heap: 870.7M(2048.0M)->770.9M(2048.0M)]
 [Times: user=0.06 sys=0.00, real=0.00 secs] 
2022-03-11T19:39:29.441-0800: 4.320: [GC pause (G1 Evacuation Pause) (young), 0.0109762 secs]
   [Parallel Time: 9.8 ms, GC Workers: 10]
      [GC Worker Start (ms): Min: 4320.0, Avg: 4320.1, Max: 4320.1, Diff: 0.2]
      [Ext Root Scanning (ms): Min: 0.0, Avg: 0.1, Max: 0.2, Diff: 0.2, Sum: 1.0]
      [Update RS (ms): Min: 3.2, Avg: 3.2, Max: 3.3, Diff: 0.0, Sum: 32.3]
         [Processed Buffers: Min: 34, Avg: 37.5, Max: 47, Diff: 13, Sum: 375]
      [Scan RS (ms): Min: 0.0, Avg: 0.0, Max: 0.0, Diff: 0.0, Sum: 0.1]
      [Code Root Scanning (ms): Min: 0.0, Avg: 0.0, Max: 0.0, Diff: 0.0, Sum: 0.0]
      [Object Copy (ms): Min: 6.1, Avg: 6.2, Max: 6.3, Diff: 0.1, Sum: 62.1]
      [Termination (ms): Min: 0.0, Avg: 0.1, Max: 0.1, Diff: 0.1, Sum: 0.8]
         [Termination Attempts: Min: 1, Avg: 1.0, Max: 1, Diff: 0, Sum: 10]
      [GC Worker Other (ms): Min: 0.0, Avg: 0.0, Max: 0.0, Diff: 0.0, Sum: 0.1]
      [GC Worker Total (ms): Min: 9.6, Avg: 9.7, Max: 9.8, Diff: 0.2, Sum: 96.5]
      [GC Worker End (ms): Min: 4329.7, Avg: 4329.7, Max: 4329.8, Diff: 0.0]
   [Code Root Fixup: 0.0 ms]
   [Code Root Purge: 0.0 ms]
   [Clear CT: 0.2 ms]
   [Other: 1.0 ms]
      [Choose CSet: 0.0 ms]
      [Ref Proc: 0.3 ms]
      [Ref Enq: 0.0 ms]
      [Redirty Cards: 0.2 ms]
      [Humongous Register: 0.1 ms]
      [Humongous Reclaim: 0.1 ms]
      [Free CSet: 0.1 ms]
   [Eden: 168.0M(168.0M)->0.0B(184.0M) Survivors: 17.0M->24.0M Heap: 984.3M(2048.0M)->825.3M(2048.0M)]
 [Times: user=0.10 sys=0.00, real=0.01 secs] 
2022-03-11T19:39:29.497-0800: 4.376: [GC pause (G1 Humongous Allocation) (young) (initial-mark), 0.0105792 secs]
   [Parallel Time: 9.3 ms, GC Workers: 10]
      [GC Worker Start (ms): Min: 4376.5, Avg: 4376.6, Max: 4376.7, Diff: 0.2]
      [Ext Root Scanning (ms): Min: 0.0, Avg: 0.1, Max: 0.2, Diff: 0.2, Sum: 1.2]
      [Update RS (ms): Min: 2.9, Avg: 2.9, Max: 2.9, Diff: 0.0, Sum: 29.0]
         [Processed Buffers: Min: 23, Avg: 29.8, Max: 32, Diff: 9, Sum: 298]
      [Scan RS (ms): Min: 0.0, Avg: 0.0, Max: 0.0, Diff: 0.0, Sum: 0.2]
      [Code Root Scanning (ms): Min: 0.0, Avg: 0.0, Max: 0.0, Diff: 0.0, Sum: 0.0]
      [Object Copy (ms): Min: 5.7, Avg: 5.8, Max: 5.9, Diff: 0.2, Sum: 58.4]
      [Termination (ms): Min: 0.0, Avg: 0.1, Max: 0.3, Diff: 0.3, Sum: 1.3]
         [Termination Attempts: Min: 1, Avg: 1.0, Max: 1, Diff: 0, Sum: 10]
      [GC Worker Other (ms): Min: 0.0, Avg: 0.0, Max: 0.0, Diff: 0.0, Sum: 0.2]
      [GC Worker Total (ms): Min: 8.9, Avg: 9.0, Max: 9.1, Diff: 0.2, Sum: 90.1]
      [GC Worker End (ms): Min: 4385.6, Avg: 4385.6, Max: 4385.7, Diff: 0.1]
   [Code Root Fixup: 0.0 ms]
   [Code Root Purge: 0.0 ms]
   [Clear CT: 0.2 ms]
   [Other: 1.1 ms]
      [Choose CSet: 0.0 ms]
      [Ref Proc: 0.4 ms]
      [Ref Enq: 0.0 ms]
      [Redirty Cards: 0.2 ms]
      [Humongous Register: 0.1 ms]
      [Humongous Reclaim: 0.1 ms]
      [Free CSet: 0.1 ms]
   [Eden: 151.0M(184.0M)->0.0B(196.0M) Survivors: 24.0M->26.0M Heap: 1011.6M(2048.0M)->869.0M(2048.0M)]
 [Times: user=0.09 sys=0.00, real=0.01 secs] 
2022-03-11T19:39:29.508-0800: 4.387: [GC concurrent-root-region-scan-start]
2022-03-11T19:39:29.508-0800: 4.387: [GC concurrent-root-region-scan-end, 0.0001490 secs]
2022-03-11T19:39:29.508-0800: 4.387: [GC concurrent-mark-start]
2022-03-11T19:39:29.510-0800: 4.389: [GC concurrent-mark-end, 0.0017723 secs]
2022-03-11T19:39:29.510-0800: 4.389: [GC remark 2022-03-11T19:39:29.510-0800: 4.389: [Finalize Marking, 0.0003671 secs] 2022-03-11T19:39:29.510-0800: 4.390: [GC ref-proc, 0.0000656 secs] 2022-03-11T19:39:29.511-0800: 4.390: [Unloading, 0.0006962 secs], 0.0020340 secs]
 [Times: user=0.02 sys=0.00, real=0.00 secs] 
2022-03-11T19:39:29.512-0800: 4.391: [GC cleanup 880M->717M(2048M), 0.0015517 secs]
 [Times: user=0.00 sys=0.00, real=0.00 secs] 
2022-03-11T19:39:29.514-0800: 4.393: [GC concurrent-cleanup-start]
2022-03-11T19:39:29.514-0800: 4.393: [GC concurrent-cleanup-end, 0.0001121 secs]
2022-03-11T19:39:29.554-0800: 4.433: [GC pause (G1 Evacuation Pause) (young), 0.0134102 secs]
   [Parallel Time: 12.2 ms, GC Workers: 10]
      [GC Worker Start (ms): Min: 4433.1, Avg: 4433.2, Max: 4433.3, Diff: 0.1]
      [Ext Root Scanning (ms): Min: 0.0, Avg: 0.1, Max: 0.2, Diff: 0.2, Sum: 1.0]
      [Update RS (ms): Min: 4.7, Avg: 4.7, Max: 4.8, Diff: 0.1, Sum: 47.2]
         [Processed Buffers: Min: 48, Avg: 52.5, Max: 65, Diff: 17, Sum: 525]
      [Scan RS (ms): Min: 0.0, Avg: 0.0, Max: 0.0, Diff: 0.0, Sum: 0.2]
      [Code Root Scanning (ms): Min: 0.0, Avg: 0.0, Max: 0.0, Diff: 0.0, Sum: 0.0]
      [Object Copy (ms): Min: 7.1, Avg: 7.2, Max: 7.2, Diff: 0.1, Sum: 72.0]
      [Termination (ms): Min: 0.0, Avg: 0.0, Max: 0.1, Diff: 0.1, Sum: 0.4]
         [Termination Attempts: Min: 1, Avg: 1.0, Max: 1, Diff: 0, Sum: 10]
      [GC Worker Other (ms): Min: 0.0, Avg: 0.0, Max: 0.1, Diff: 0.0, Sum: 0.2]
      [GC Worker Total (ms): Min: 12.0, Avg: 12.1, Max: 12.2, Diff: 0.2, Sum: 121.0]
      [GC Worker End (ms): Min: 4445.3, Avg: 4445.3, Max: 4445.3, Diff: 0.0]
   [Code Root Fixup: 0.0 ms]
   [Code Root Purge: 0.0 ms]
   [Clear CT: 0.2 ms]
   [Other: 0.9 ms]
      [Choose CSet: 0.0 ms]
      [Ref Proc: 0.3 ms]
      [Ref Enq: 0.0 ms]
      [Redirty Cards: 0.1 ms]
      [Humongous Register: 0.2 ms]
      [Humongous Reclaim: 0.1 ms]
      [Free CSet: 0.1 ms]
   [Eden: 196.0M(196.0M)->0.0B(74.0M) Survivors: 26.0M->28.0M Heap: 966.2M(2048.0M)->768.4M(2048.0M)]
 [Times: user=0.12 sys=0.00, real=0.01 secs] 
2022-03-11T19:39:29.583-0800: 4.462: [GC pause (G1 Evacuation Pause) (mixed), 0.0111537 secs]
   [Parallel Time: 9.7 ms, GC Workers: 10]
      [GC Worker Start (ms): Min: 4462.7, Avg: 4464.3, Max: 4465.9, Diff: 3.2]
      [Ext Root Scanning (ms): Min: 0.0, Avg: 0.1, Max: 0.2, Diff: 0.2, Sum: 0.8]
      [Update RS (ms): Min: 0.0, Avg: 1.3, Max: 2.6, Diff: 2.6, Sum: 13.0]
         [Processed Buffers: Min: 0, Avg: 19.4, Max: 39, Diff: 39, Sum: 194]
      [Scan RS (ms): Min: 0.0, Avg: 0.1, Max: 0.1, Diff: 0.1, Sum: 0.6]
      [Code Root Scanning (ms): Min: 0.0, Avg: 0.0, Max: 0.0, Diff: 0.0, Sum: 0.0]
      [Object Copy (ms): Min: 6.3, Avg: 6.5, Max: 6.7, Diff: 0.4, Sum: 65.2]
      [Termination (ms): Min: 0.0, Avg: 0.0, Max: 0.1, Diff: 0.1, Sum: 0.4]
         [Termination Attempts: Min: 1, Avg: 1.0, Max: 1, Diff: 0, Sum: 10]
      [GC Worker Other (ms): Min: 0.0, Avg: 0.0, Max: 0.0, Diff: 0.0, Sum: 0.1]
      [GC Worker Total (ms): Min: 6.4, Avg: 8.0, Max: 9.6, Diff: 3.2, Sum: 80.2]
      [GC Worker End (ms): Min: 4472.3, Avg: 4472.3, Max: 4472.3, Diff: 0.0]
   [Code Root Fixup: 0.0 ms]
   [Code Root Purge: 0.0 ms]
   [Clear CT: 0.2 ms]
   [Other: 1.2 ms]
      [Choose CSet: 0.1 ms]
      [Ref Proc: 0.3 ms]
      [Ref Enq: 0.0 ms]
      [Redirty Cards: 0.2 ms]
      [Humongous Register: 0.1 ms]
      [Humongous Reclaim: 0.1 ms]
      [Free CSet: 0.2 ms]
   [Eden: 74.0M(74.0M)->0.0B(89.0M) Survivors: 28.0M->13.0M Heap: 865.2M(2048.0M)->606.6M(2048.0M)]
 [Times: user=0.07 sys=0.00, real=0.01 secs] 
2022-03-11T19:39:29.616-0800: 4.495: [GC pause (G1 Evacuation Pause) (mixed), 0.0082127 secs]
   [Parallel Time: 7.1 ms, GC Workers: 10]
      [GC Worker Start (ms): Min: 4494.9, Avg: 4495.0, Max: 4495.1, Diff: 0.1]
      [Ext Root Scanning (ms): Min: 0.0, Avg: 0.1, Max: 0.2, Diff: 0.1, Sum: 1.0]
      [Update RS (ms): Min: 1.9, Avg: 2.0, Max: 2.0, Diff: 0.1, Sum: 19.6]
         [Processed Buffers: Min: 20, Avg: 21.2, Max: 26, Diff: 6, Sum: 212]
      [Scan RS (ms): Min: 0.0, Avg: 0.0, Max: 0.1, Diff: 0.1, Sum: 0.5]
      [Code Root Scanning (ms): Min: 0.0, Avg: 0.0, Max: 0.0, Diff: 0.0, Sum: 0.0]
      [Object Copy (ms): Min: 4.4, Avg: 4.5, Max: 4.6, Diff: 0.2, Sum: 45.4]
      [Termination (ms): Min: 0.0, Avg: 0.1, Max: 0.3, Diff: 0.3, Sum: 1.0]
         [Termination Attempts: Min: 1, Avg: 1.1, Max: 2, Diff: 1, Sum: 11]
      [GC Worker Other (ms): Min: 0.0, Avg: 0.0, Max: 0.0, Diff: 0.0, Sum: 0.1]
      [GC Worker Total (ms): Min: 6.7, Avg: 6.8, Max: 6.9, Diff: 0.2, Sum: 67.7]
      [GC Worker End (ms): Min: 4501.7, Avg: 4501.8, Max: 4501.9, Diff: 0.1]
   [Code Root Fixup: 0.0 ms]
   [Code Root Purge: 0.0 ms]
   [Clear CT: 0.2 ms]
   [Other: 1.0 ms]
      [Choose CSet: 0.0 ms]
      [Ref Proc: 0.4 ms]
      [Ref Enq: 0.0 ms]
      [Redirty Cards: 0.2 ms]
      [Humongous Register: 0.1 ms]
      [Humongous Reclaim: 0.1 ms]
      [Free CSet: 0.1 ms]
   [Eden: 89.0M(89.0M)->0.0B(303.0M) Survivors: 13.0M->13.0M Heap: 720.7M(2048.0M)->587.0M(2048.0M)]
 [Times: user=0.07 sys=0.01, real=0.01 secs] 
2022-03-11T19:39:29.684-0800: 4.563: [GC pause (G1 Evacuation Pause) (young), 0.0153283 secs]
   [Parallel Time: 14.0 ms, GC Workers: 10]
      [GC Worker Start (ms): Min: 4563.2, Avg: 4563.3, Max: 4563.3, Diff: 0.2]
      [Ext Root Scanning (ms): Min: 0.0, Avg: 0.1, Max: 0.2, Diff: 0.2, Sum: 1.0]
      [Update RS (ms): Min: 5.1, Avg: 5.1, Max: 5.1, Diff: 0.1, Sum: 50.9]
         [Processed Buffers: Min: 49, Avg: 56.3, Max: 66, Diff: 17, Sum: 563]
      [Scan RS (ms): Min: 0.0, Avg: 0.0, Max: 0.0, Diff: 0.0, Sum: 0.3]
      [Code Root Scanning (ms): Min: 0.0, Avg: 0.0, Max: 0.0, Diff: 0.0, Sum: 0.0]
      [Object Copy (ms): Min: 8.4, Avg: 8.4, Max: 8.5, Diff: 0.1, Sum: 84.5]
      [Termination (ms): Min: 0.0, Avg: 0.1, Max: 0.3, Diff: 0.3, Sum: 1.2]
         [Termination Attempts: Min: 1, Avg: 1.6, Max: 4, Diff: 3, Sum: 16]
      [GC Worker Other (ms): Min: 0.0, Avg: 0.0, Max: 0.0, Diff: 0.0, Sum: 0.1]
      [GC Worker Total (ms): Min: 13.7, Avg: 13.8, Max: 13.9, Diff: 0.2, Sum: 138.0]
      [GC Worker End (ms): Min: 4577.0, Avg: 4577.1, Max: 4577.2, Diff: 0.1]
   [Code Root Fixup: 0.0 ms]
   [Code Root Purge: 0.0 ms]
   [Clear CT: 0.2 ms]
   [Other: 1.1 ms]
      [Choose CSet: 0.0 ms]
      [Ref Proc: 0.3 ms]
      [Ref Enq: 0.0 ms]
      [Redirty Cards: 0.1 ms]
      [Humongous Register: 0.1 ms]
      [Humongous Reclaim: 0.2 ms]
      [Free CSet: 0.1 ms]
   [Eden: 303.0M(303.0M)->0.0B(62.0M) Survivors: 13.0M->40.0M Heap: 978.9M(2048.0M)->667.4M(2048.0M)]
 [Times: user=0.14 sys=0.00, real=0.01 secs] 
2022-03-11T19:39:29.716-0800: 4.595: [GC pause (G1 Evacuation Pause) (young), 0.0074506 secs]
   [Parallel Time: 6.4 ms, GC Workers: 10]
      [GC Worker Start (ms): Min: 4595.1, Avg: 4595.2, Max: 4595.3, Diff: 0.2]
      [Ext Root Scanning (ms): Min: 0.0, Avg: 0.1, Max: 0.2, Diff: 0.2, Sum: 1.0]
      [Update RS (ms): Min: 1.4, Avg: 1.4, Max: 1.4, Diff: 0.1, Sum: 14.0]
         [Processed Buffers: Min: 14, Avg: 15.3, Max: 19, Diff: 5, Sum: 153]
      [Scan RS (ms): Min: 0.0, Avg: 0.0, Max: 0.0, Diff: 0.0, Sum: 0.1]
      [Code Root Scanning (ms): Min: 0.0, Avg: 0.0, Max: 0.0, Diff: 0.0, Sum: 0.0]
      [Object Copy (ms): Min: 4.5, Avg: 4.5, Max: 4.6, Diff: 0.1, Sum: 45.1]
      [Termination (ms): Min: 0.0, Avg: 0.1, Max: 0.1, Diff: 0.1, Sum: 0.7]
         [Termination Attempts: Min: 1, Avg: 1.0, Max: 1, Diff: 0, Sum: 10]
      [GC Worker Other (ms): Min: 0.0, Avg: 0.0, Max: 0.0, Diff: 0.0, Sum: 0.1]
      [GC Worker Total (ms): Min: 6.0, Avg: 6.1, Max: 6.2, Diff: 0.1, Sum: 61.0]
      [GC Worker End (ms): Min: 4601.3, Avg: 4601.3, Max: 4601.4, Diff: 0.1]
   [Code Root Fixup: 0.0 ms]
   [Code Root Purge: 0.0 ms]
   [Clear CT: 0.2 ms]
   [Other: 0.9 ms]
      [Choose CSet: 0.0 ms]
      [Ref Proc: 0.3 ms]
      [Ref Enq: 0.0 ms]
      [Redirty Cards: 0.2 ms]
      [Humongous Register: 0.1 ms]
      [Humongous Reclaim: 0.1 ms]
      [Free CSet: 0.1 ms]
   [Eden: 62.0M(62.0M)->0.0B(127.0M) Survivors: 40.0M->13.0M Heap: 747.0M(2048.0M)->678.3M(2048.0M)]
 [Times: user=0.07 sys=0.00, real=0.01 secs] 
2022-03-11T19:39:29.750-0800: 4.629: [GC pause (G1 Evacuation Pause) (young), 0.0076994 secs]
   [Parallel Time: 6.7 ms, GC Workers: 10]
      [GC Worker Start (ms): Min: 4628.8, Avg: 4628.9, Max: 4629.0, Diff: 0.2]
      [Ext Root Scanning (ms): Min: 0.0, Avg: 0.1, Max: 0.2, Diff: 0.2, Sum: 1.0]
      [Update RS (ms): Min: 2.1, Avg: 2.2, Max: 2.2, Diff: 0.1, Sum: 21.5]
         [Processed Buffers: Min: 23, Avg: 24.5, Max: 29, Diff: 6, Sum: 245]
      [Scan RS (ms): Min: 0.0, Avg: 0.0, Max: 0.0, Diff: 0.0, Sum: 0.1]
      [Code Root Scanning (ms): Min: 0.0, Avg: 0.0, Max: 0.0, Diff: 0.0, Sum: 0.0]
      [Object Copy (ms): Min: 4.1, Avg: 4.1, Max: 4.2, Diff: 0.1, Sum: 41.3]
      [Termination (ms): Min: 0.0, Avg: 0.1, Max: 0.1, Diff: 0.1, Sum: 0.7]
         [Termination Attempts: Min: 1, Avg: 1.0, Max: 1, Diff: 0, Sum: 10]
      [GC Worker Other (ms): Min: 0.0, Avg: 0.0, Max: 0.0, Diff: 0.0, Sum: 0.1]
      [GC Worker Total (ms): Min: 6.4, Avg: 6.5, Max: 6.6, Diff: 0.2, Sum: 64.7]
      [GC Worker End (ms): Min: 4635.4, Avg: 4635.4, Max: 4635.4, Diff: 0.0]
   [Code Root Fixup: 0.0 ms]
   [Code Root Purge: 0.0 ms]
   [Clear CT: 0.2 ms]
   [Other: 0.8 ms]
      [Choose CSet: 0.0 ms]
      [Ref Proc: 0.3 ms]
      [Ref Enq: 0.0 ms]
      [Redirty Cards: 0.1 ms]
      [Humongous Register: 0.1 ms]
      [Humongous Reclaim: 0.1 ms]
      [Free CSet: 0.1 ms]
   [Eden: 127.0M(127.0M)->0.0B(147.0M) Survivors: 13.0M->18.0M Heap: 834.5M(2048.0M)->711.0M(2048.0M)]
 [Times: user=0.07 sys=0.00, real=0.00 secs] 
2022-03-11T19:39:29.792-0800: 4.671: [GC pause (G1 Evacuation Pause) (young), 0.0088726 secs]
   [Parallel Time: 7.9 ms, GC Workers: 10]
      [GC Worker Start (ms): Min: 4670.9, Avg: 4671.0, Max: 4671.1, Diff: 0.2]
      [Ext Root Scanning (ms): Min: 0.0, Avg: 0.1, Max: 0.2, Diff: 0.2, Sum: 1.0]
      [Update RS (ms): Min: 2.8, Avg: 2.9, Max: 2.9, Diff: 0.1, Sum: 28.6]
         [Processed Buffers: Min: 30, Avg: 31.8, Max: 38, Diff: 8, Sum: 318]
      [Scan RS (ms): Min: 0.0, Avg: 0.0, Max: 0.0, Diff: 0.0, Sum: 0.1]
      [Code Root Scanning (ms): Min: 0.0, Avg: 0.0, Max: 0.0, Diff: 0.0, Sum: 0.0]
      [Object Copy (ms): Min: 4.6, Avg: 4.7, Max: 4.7, Diff: 0.1, Sum: 46.6]
      [Termination (ms): Min: 0.0, Avg: 0.1, Max: 0.1, Diff: 0.1, Sum: 0.6]
         [Termination Attempts: Min: 1, Avg: 1.2, Max: 2, Diff: 1, Sum: 12]
      [GC Worker Other (ms): Min: 0.0, Avg: 0.0, Max: 0.0, Diff: 0.0, Sum: 0.1]
      [GC Worker Total (ms): Min: 7.6, Avg: 7.7, Max: 7.8, Diff: 0.2, Sum: 77.0]
      [GC Worker End (ms): Min: 4678.7, Avg: 4678.7, Max: 4678.8, Diff: 0.1]
   [Code Root Fixup: 0.0 ms]
   [Code Root Purge: 0.0 ms]
   [Clear CT: 0.2 ms]
   [Other: 0.8 ms]
      [Choose CSet: 0.0 ms]
      [Ref Proc: 0.3 ms]
      [Ref Enq: 0.0 ms]
      [Redirty Cards: 0.1 ms]
      [Humongous Register: 0.1 ms]
      [Humongous Reclaim: 0.1 ms]
      [Free CSet: 0.1 ms]
   [Eden: 147.0M(147.0M)->0.0B(163.0M) Survivors: 18.0M->21.0M Heap: 896.3M(2048.0M)->745.6M(2048.0M)]
 [Times: user=0.08 sys=0.01, real=0.01 secs] 
2022-03-11T19:39:29.840-0800: 4.719: [GC pause (G1 Evacuation Pause) (young), 0.0109051 secs]
   [Parallel Time: 9.8 ms, GC Workers: 10]
      [GC Worker Start (ms): Min: 4719.4, Avg: 4719.4, Max: 4719.5, Diff: 0.2]
      [Ext Root Scanning (ms): Min: 0.0, Avg: 0.1, Max: 0.2, Diff: 0.2, Sum: 1.1]
      [Update RS (ms): Min: 3.2, Avg: 3.2, Max: 3.2, Diff: 0.1, Sum: 32.0]
         [Processed Buffers: Min: 33, Avg: 35.7, Max: 40, Diff: 7, Sum: 357]
      [Scan RS (ms): Min: 0.0, Avg: 0.0, Max: 0.0, Diff: 0.0, Sum: 0.1]
      [Code Root Scanning (ms): Min: 0.0, Avg: 0.0, Max: 0.0, Diff: 0.0, Sum: 0.0]
      [Object Copy (ms): Min: 6.0, Avg: 6.1, Max: 6.2, Diff: 0.2, Sum: 61.0]
      [Termination (ms): Min: 0.0, Avg: 0.1, Max: 0.3, Diff: 0.3, Sum: 0.7]
         [Termination Attempts: Min: 1, Avg: 1.0, Max: 1, Diff: 0, Sum: 10]
      [GC Worker Other (ms): Min: 0.0, Avg: 0.0, Max: 0.0, Diff: 0.0, Sum: 0.2]
      [GC Worker Total (ms): Min: 9.4, Avg: 9.5, Max: 9.6, Diff: 0.2, Sum: 95.1]
      [GC Worker End (ms): Min: 4728.9, Avg: 4729.0, Max: 4729.0, Diff: 0.1]
   [Code Root Fixup: 0.0 ms]
   [Code Root Purge: 0.0 ms]
   [Clear CT: 0.2 ms]
   [Other: 1.0 ms]
      [Choose CSet: 0.0 ms]
      [Ref Proc: 0.3 ms]
      [Ref Enq: 0.0 ms]
      [Redirty Cards: 0.2 ms]
      [Humongous Register: 0.1 ms]
      [Humongous Reclaim: 0.1 ms]
      [Free CSet: 0.1 ms]
   [Eden: 163.0M(163.0M)->0.0B(184.0M) Survivors: 21.0M->23.0M Heap: 951.6M(2048.0M)->796.5M(2048.0M)]
 [Times: user=0.08 sys=0.00, real=0.01 secs] 
2022-03-11T19:39:29.889-0800: 4.768: [GC pause (G1 Evacuation Pause) (young), 0.0105131 secs]
   [Parallel Time: 9.4 ms, GC Workers: 10]
      [GC Worker Start (ms): Min: 4768.0, Avg: 4768.1, Max: 4768.1, Diff: 0.1]
      [Ext Root Scanning (ms): Min: 0.0, Avg: 0.1, Max: 0.2, Diff: 0.1, Sum: 1.0]
      [Update RS (ms): Min: 2.7, Avg: 2.7, Max: 2.8, Diff: 0.1, Sum: 27.1]
         [Processed Buffers: Min: 29, Avg: 30.3, Max: 34, Diff: 5, Sum: 303]
      [Scan RS (ms): Min: 0.0, Avg: 0.0, Max: 0.0, Diff: 0.0, Sum: 0.2]
      [Code Root Scanning (ms): Min: 0.0, Avg: 0.0, Max: 0.0, Diff: 0.0, Sum: 0.0]
      [Object Copy (ms): Min: 6.2, Avg: 6.3, Max: 6.3, Diff: 0.1, Sum: 62.8]
      [Termination (ms): Min: 0.0, Avg: 0.1, Max: 0.1, Diff: 0.1, Sum: 0.6]
         [Termination Attempts: Min: 1, Avg: 1.1, Max: 2, Diff: 1, Sum: 11]
      [GC Worker Other (ms): Min: 0.0, Avg: 0.0, Max: 0.0, Diff: 0.0, Sum: 0.2]
      [GC Worker Total (ms): Min: 9.1, Avg: 9.2, Max: 9.3, Diff: 0.2, Sum: 91.9]
      [GC Worker End (ms): Min: 4777.2, Avg: 4777.3, Max: 4777.3, Diff: 0.0]
   [Code Root Fixup: 0.0 ms]
   [Code Root Purge: 0.0 ms]
   [Clear CT: 0.2 ms]
   [Other: 1.0 ms]
      [Choose CSet: 0.0 ms]
      [Ref Proc: 0.3 ms]
      [Ref Enq: 0.0 ms]
      [Redirty Cards: 0.2 ms]
      [Humongous Register: 0.1 ms]
      [Humongous Reclaim: 0.1 ms]
      [Free CSet: 0.1 ms]
   [Eden: 184.0M(184.0M)->0.0B(210.0M) Survivors: 23.0M->26.0M Heap: 1017.0M(2048.0M)->835.9M(2048.0M)]
 [Times: user=0.09 sys=0.00, real=0.01 secs] 
2022-03-11T19:39:29.923-0800: 4.802: [GC pause (G1 Humongous Allocation) (young) (initial-mark), 0.0165157 secs]
   [Parallel Time: 14.6 ms, GC Workers: 10]
      [GC Worker Start (ms): Min: 4802.4, Avg: 4802.5, Max: 4802.6, Diff: 0.3]
      [Ext Root Scanning (ms): Min: 0.0, Avg: 0.2, Max: 0.4, Diff: 0.4, Sum: 2.4]
      [Update RS (ms): Min: 2.7, Avg: 2.7, Max: 2.8, Diff: 0.1, Sum: 27.1]
         [Processed Buffers: Min: 27, Avg: 28.9, Max: 33, Diff: 6, Sum: 289]
      [Scan RS (ms): Min: 0.0, Avg: 0.0, Max: 0.0, Diff: 0.0, Sum: 0.1]
      [Code Root Scanning (ms): Min: 0.0, Avg: 0.0, Max: 0.0, Diff: 0.0, Sum: 0.0]
      [Object Copy (ms): Min: 10.7, Avg: 11.0, Max: 11.2, Diff: 0.5, Sum: 109.5]
      [Termination (ms): Min: 0.0, Avg: 0.3, Max: 0.7, Diff: 0.7, Sum: 3.4]
         [Termination Attempts: Min: 1, Avg: 1.0, Max: 1, Diff: 0, Sum: 10]
      [GC Worker Other (ms): Min: 0.0, Avg: 0.0, Max: 0.1, Diff: 0.1, Sum: 0.4]
      [GC Worker Total (ms): Min: 14.1, Avg: 14.3, Max: 14.4, Diff: 0.3, Sum: 142.9]
      [GC Worker End (ms): Min: 4816.7, Avg: 4816.8, Max: 4816.9, Diff: 0.2]
   [Code Root Fixup: 0.0 ms]
   [Code Root Purge: 0.0 ms]
   [Clear CT: 0.2 ms]
   [Other: 1.8 ms]
      [Choose CSet: 0.0 ms]
      [Ref Proc: 0.3 ms]
      [Ref Enq: 0.0 ms]
      [Redirty Cards: 0.2 ms]
      [Humongous Register: 0.2 ms]
      [Humongous Reclaim: 0.2 ms]
      [Free CSet: 0.2 ms]
   [Eden: 100.0M(210.0M)->0.0B(217.0M) Survivors: 26.0M->28.0M Heap: 970.4M(2048.0M)->867.1M(2048.0M)]
 [Times: user=0.13 sys=0.01, real=0.01 secs] 
2022-03-11T19:39:29.939-0800: 4.818: [GC concurrent-root-region-scan-start]
2022-03-11T19:39:29.940-0800: 4.819: [GC concurrent-root-region-scan-end, 0.0002581 secs]
2022-03-11T19:39:29.940-0800: 4.819: [GC concurrent-mark-start]
2022-03-11T19:39:29.942-0800: 4.821: [GC concurrent-mark-end, 0.0022623 secs]
2022-03-11T19:39:29.942-0800: 4.821: [GC remark 2022-03-11T19:39:29.942-0800: 4.821: [Finalize Marking, 0.0002879 secs] 2022-03-11T19:39:29.942-0800: 4.821: [GC ref-proc, 0.0000545 secs] 2022-03-11T19:39:29.942-0800: 4.822: [Unloading, 0.0004904 secs], 0.0017747 secs]
 [Times: user=0.01 sys=0.00, real=0.00 secs] 
2022-03-11T19:39:29.944-0800: 4.823: [GC cleanup 876M->723M(2048M), 0.0013787 secs]
 [Times: user=0.01 sys=0.00, real=0.00 secs] 
2022-03-11T19:39:29.945-0800: 4.825: [GC concurrent-cleanup-start]
2022-03-11T19:39:29.946-0800: 4.825: [GC concurrent-cleanup-end, 0.0001109 secs]
2022-03-11T19:39:30.043-0800: 4.922: [GC pause (G1 Evacuation Pause) (young), 0.0220598 secs]
   [Parallel Time: 19.6 ms, GC Workers: 10]
      [GC Worker Start (ms): Min: 4922.4, Avg: 4922.9, Max: 4925.4, Diff: 3.0]
      [Ext Root Scanning (ms): Min: 0.0, Avg: 0.1, Max: 0.2, Diff: 0.2, Sum: 1.1]
      [Update RS (ms): Min: 2.6, Avg: 5.0, Max: 5.4, Diff: 2.8, Sum: 50.2]
         [Processed Buffers: Min: 26, Avg: 46.5, Max: 54, Diff: 28, Sum: 465]
      [Scan RS (ms): Min: 0.0, Avg: 0.0, Max: 0.1, Diff: 0.1, Sum: 0.4]
      [Code Root Scanning (ms): Min: 0.0, Avg: 0.0, Max: 0.0, Diff: 0.0, Sum: 0.0]
      [Object Copy (ms): Min: 12.4, Avg: 12.8, Max: 13.7, Diff: 1.3, Sum: 128.4]
      [Termination (ms): Min: 0.0, Avg: 0.9, Max: 1.3, Diff: 1.3, Sum: 9.0]
         [Termination Attempts: Min: 1, Avg: 1.6, Max: 2, Diff: 1, Sum: 16]
      [GC Worker Other (ms): Min: 0.0, Avg: 0.0, Max: 0.1, Diff: 0.0, Sum: 0.2]
      [GC Worker Total (ms): Min: 16.4, Avg: 18.9, Max: 19.5, Diff: 3.1, Sum: 189.3]
      [GC Worker End (ms): Min: 4941.8, Avg: 4941.8, Max: 4942.0, Diff: 0.2]
   [Code Root Fixup: 0.0 ms]
   [Code Root Purge: 0.0 ms]
   [Clear CT: 0.3 ms]
   [Other: 2.2 ms]
      [Choose CSet: 0.0 ms]
      [Ref Proc: 1.2 ms]
      [Ref Enq: 0.0 ms]
      [Redirty Cards: 0.2 ms]
      [Humongous Register: 0.2 ms]
      [Humongous Reclaim: 0.1 ms]
      [Free CSet: 0.2 ms]
   [Eden: 217.0M(217.0M)->0.0B(71.0M) Survivors: 28.0M->31.0M Heap: 1005.7M(2048.0M)->782.3M(2048.0M)]
 [Times: user=0.15 sys=0.01, real=0.02 secs] 
2022-03-11T19:39:30.097-0800: 4.976: [GC pause (G1 Evacuation Pause) (mixed), 0.0171504 secs]
   [Parallel Time: 14.0 ms, GC Workers: 10]
      [GC Worker Start (ms): Min: 4976.4, Avg: 4976.5, Max: 4976.6, Diff: 0.2]
      [Ext Root Scanning (ms): Min: 0.1, Avg: 0.2, Max: 0.3, Diff: 0.2, Sum: 2.1]
      [Update RS (ms): Min: 1.6, Avg: 1.7, Max: 1.8, Diff: 0.2, Sum: 17.0]
         [Processed Buffers: Min: 12, Avg: 14.5, Max: 16, Diff: 4, Sum: 145]
      [Scan RS (ms): Min: 0.1, Avg: 0.2, Max: 0.2, Diff: 0.1, Sum: 1.5]
      [Code Root Scanning (ms): Min: 0.0, Avg: 0.0, Max: 0.0, Diff: 0.0, Sum: 0.0]
      [Object Copy (ms): Min: 11.4, Avg: 11.5, Max: 11.5, Diff: 0.1, Sum: 114.6]
      [Termination (ms): Min: 0.0, Avg: 0.1, Max: 0.2, Diff: 0.2, Sum: 1.2]
         [Termination Attempts: Min: 1, Avg: 1.0, Max: 1, Diff: 0, Sum: 10]
      [GC Worker Other (ms): Min: 0.0, Avg: 0.0, Max: 0.0, Diff: 0.0, Sum: 0.2]
      [GC Worker Total (ms): Min: 13.5, Avg: 13.7, Max: 13.8, Diff: 0.3, Sum: 136.7]
      [GC Worker End (ms): Min: 4990.1, Avg: 4990.2, Max: 4990.2, Diff: 0.1]
   [Code Root Fixup: 0.0 ms]
   [Code Root Purge: 0.0 ms]
   [Clear CT: 0.2 ms]
   [Other: 2.9 ms]
      [Choose CSet: 0.2 ms]
      [Ref Proc: 0.3 ms]
      [Ref Enq: 0.0 ms]
      [Redirty Cards: 0.3 ms]
      [Humongous Register: 0.2 ms]
      [Humongous Reclaim: 0.4 ms]
      [Free CSet: 1.0 ms]
   [Eden: 71.0M(71.0M)->0.0B(89.0M) Survivors: 31.0M->13.0M Heap: 869.9M(2048.0M)->613.3M(2048.0M)]
 [Times: user=0.13 sys=0.01, real=0.02 secs] 
2022-03-11T19:39:30.154-0800: 5.033: [GC pause (G1 Evacuation Pause) (mixed), 0.0134518 secs]
   [Parallel Time: 11.7 ms, GC Workers: 10]
      [GC Worker Start (ms): Min: 5033.7, Avg: 5033.8, Max: 5033.9, Diff: 0.3]
      [Ext Root Scanning (ms): Min: 0.1, Avg: 0.2, Max: 0.3, Diff: 0.3, Sum: 2.0]
      [Update RS (ms): Min: 2.0, Avg: 2.0, Max: 2.0, Diff: 0.1, Sum: 20.1]
         [Processed Buffers: Min: 12, Avg: 15.6, Max: 17, Diff: 5, Sum: 156]
      [Scan RS (ms): Min: 0.1, Avg: 0.1, Max: 0.1, Diff: 0.1, Sum: 0.9]
      [Code Root Scanning (ms): Min: 0.0, Avg: 0.0, Max: 0.0, Diff: 0.0, Sum: 0.1]
      [Object Copy (ms): Min: 8.8, Avg: 8.9, Max: 9.0, Diff: 0.1, Sum: 89.1]
      [Termination (ms): Min: 0.0, Avg: 0.1, Max: 0.3, Diff: 0.3, Sum: 1.4]
         [Termination Attempts: Min: 1, Avg: 1.0, Max: 1, Diff: 0, Sum: 10]
      [GC Worker Other (ms): Min: 0.0, Avg: 0.0, Max: 0.0, Diff: 0.0, Sum: 0.3]
      [GC Worker Total (ms): Min: 11.2, Avg: 11.4, Max: 11.6, Diff: 0.4, Sum: 113.9]
      [GC Worker End (ms): Min: 5045.1, Avg: 5045.2, Max: 5045.3, Diff: 0.2]
   [Code Root Fixup: 0.0 ms]
   [Code Root Purge: 0.0 ms]
   [Clear CT: 0.2 ms]
   [Other: 1.5 ms]
      [Choose CSet: 0.1 ms]
      [Ref Proc: 0.3 ms]
      [Ref Enq: 0.0 ms]
      [Redirty Cards: 0.2 ms]
      [Humongous Register: 0.5 ms]
      [Humongous Reclaim: 0.1 ms]
      [Free CSet: 0.2 ms]
   [Eden: 89.0M(89.0M)->0.0B(271.0M) Survivors: 13.0M->13.0M Heap: 720.4M(2048.0M)->567.7M(2048.0M)]
 [Times: user=0.10 sys=0.00, real=0.01 secs] 
2022-03-11T19:39:30.277-0800: 5.156: [GC pause (G1 Evacuation Pause) (young), 0.0141587 secs]
   [Parallel Time: 12.5 ms, GC Workers: 10]
      [GC Worker Start (ms): Min: 5156.2, Avg: 5156.4, Max: 5156.5, Diff: 0.3]
      [Ext Root Scanning (ms): Min: 0.0, Avg: 0.2, Max: 0.3, Diff: 0.3, Sum: 1.5]
      [Update RS (ms): Min: 4.1, Avg: 4.1, Max: 4.2, Diff: 0.1, Sum: 41.4]
         [Processed Buffers: Min: 26, Avg: 41.7, Max: 54, Diff: 28, Sum: 417]
      [Scan RS (ms): Min: 0.0, Avg: 0.0, Max: 0.1, Diff: 0.0, Sum: 0.3]
      [Code Root Scanning (ms): Min: 0.0, Avg: 0.0, Max: 0.0, Diff: 0.0, Sum: 0.0]
      [Object Copy (ms): Min: 7.6, Avg: 7.8, Max: 7.8, Diff: 0.2, Sum: 77.5]
      [Termination (ms): Min: 0.0, Avg: 0.1, Max: 0.3, Diff: 0.3, Sum: 1.1]
         [Termination Attempts: Min: 1, Avg: 1.0, Max: 1, Diff: 0, Sum: 10]
      [GC Worker Other (ms): Min: 0.0, Avg: 0.0, Max: 0.0, Diff: 0.0, Sum: 0.2]
      [GC Worker Total (ms): Min: 12.0, Avg: 12.2, Max: 12.4, Diff: 0.3, Sum: 122.2]
      [GC Worker End (ms): Min: 5168.6, Avg: 5168.6, Max: 5168.6, Diff: 0.1]
   [Code Root Fixup: 0.0 ms]
   [Code Root Purge: 0.0 ms]
   [Clear CT: 0.2 ms]
   [Other: 1.5 ms]
      [Choose CSet: 0.0 ms]
      [Ref Proc: 0.4 ms]
      [Ref Enq: 0.0 ms]
      [Redirty Cards: 0.2 ms]
      [Humongous Register: 0.3 ms]
      [Humongous Reclaim: 0.2 ms]
      [Free CSet: 0.1 ms]
   [Eden: 271.0M(271.0M)->0.0B(110.0M) Survivors: 13.0M->36.0M Heap: 904.2M(2048.0M)->629.1M(2048.0M)]
 [Times: user=0.12 sys=0.00, real=0.02 secs] 
2022-03-11T19:39:30.331-0800: 5.210: [GC pause (G1 Evacuation Pause) (young), 0.0153995 secs]
   [Parallel Time: 12.8 ms, GC Workers: 10]
      [GC Worker Start (ms): Min: 5210.0, Avg: 5210.1, Max: 5210.3, Diff: 0.3]
      [Ext Root Scanning (ms): Min: 0.0, Avg: 0.1, Max: 0.2, Diff: 0.2, Sum: 1.2]
      [Update RS (ms): Min: 2.2, Avg: 2.2, Max: 2.3, Diff: 0.1, Sum: 22.2]
         [Processed Buffers: Min: 0, Avg: 20.0, Max: 25, Diff: 25, Sum: 200]
      [Scan RS (ms): Min: 0.0, Avg: 0.0, Max: 0.0, Diff: 0.0, Sum: 0.1]
      [Code Root Scanning (ms): Min: 0.0, Avg: 0.0, Max: 0.0, Diff: 0.0, Sum: 0.0]
      [Object Copy (ms): Min: 8.9, Avg: 9.2, Max: 10.0, Diff: 1.0, Sum: 91.8]
      [Termination (ms): Min: 0.0, Avg: 0.8, Max: 1.1, Diff: 1.1, Sum: 8.4]
         [Termination Attempts: Min: 1, Avg: 1.0, Max: 1, Diff: 0, Sum: 10]
      [GC Worker Other (ms): Min: 0.0, Avg: 0.0, Max: 0.1, Diff: 0.0, Sum: 0.3]
      [GC Worker Total (ms): Min: 12.3, Avg: 12.4, Max: 12.5, Diff: 0.2, Sum: 124.1]
      [GC Worker End (ms): Min: 5222.5, Avg: 5222.6, Max: 5222.6, Diff: 0.1]
   [Code Root Fixup: 0.0 ms]
   [Code Root Purge: 0.0 ms]
   [Clear CT: 0.3 ms]
   [Other: 2.4 ms]
      [Choose CSet: 0.0 ms]
      [Ref Proc: 1.1 ms]
      [Ref Enq: 0.0 ms]
      [Redirty Cards: 0.2 ms]
      [Humongous Register: 0.2 ms]
      [Humongous Reclaim: 0.2 ms]
      [Free CSet: 0.3 ms]
   [Eden: 110.0M(110.0M)->0.0B(210.0M) Survivors: 36.0M->19.0M Heap: 762.7M(2048.0M)->661.0M(2048.0M)]
 [Times: user=0.09 sys=0.00, real=0.01 secs] 
2022-03-11T19:39:30.453-0800: 5.332: [GC pause (G1 Evacuation Pause) (young), 0.0195693 secs]
   [Parallel Time: 17.5 ms, GC Workers: 10]
      [GC Worker Start (ms): Min: 5332.8, Avg: 5333.0, Max: 5333.1, Diff: 0.2]
      [Ext Root Scanning (ms): Min: 0.1, Avg: 0.2, Max: 0.3, Diff: 0.2, Sum: 2.0]
      [Update RS (ms): Min: 4.5, Avg: 4.6, Max: 5.4, Diff: 0.9, Sum: 46.0]
         [Processed Buffers: Min: 27, Avg: 39.3, Max: 43, Diff: 16, Sum: 393]
      [Scan RS (ms): Min: 0.0, Avg: 0.0, Max: 0.1, Diff: 0.0, Sum: 0.2]
      [Code Root Scanning (ms): Min: 0.0, Avg: 0.0, Max: 0.0, Diff: 0.0, Sum: 0.0]
      [Object Copy (ms): Min: 11.2, Avg: 11.9, Max: 12.3, Diff: 1.1, Sum: 119.2]
      [Termination (ms): Min: 0.0, Avg: 0.4, Max: 0.6, Diff: 0.6, Sum: 4.0]
         [Termination Attempts: Min: 1, Avg: 1.0, Max: 1, Diff: 0, Sum: 10]
      [GC Worker Other (ms): Min: 0.0, Avg: 0.0, Max: 0.0, Diff: 0.0, Sum: 0.3]
      [GC Worker Total (ms): Min: 17.0, Avg: 17.2, Max: 17.4, Diff: 0.4, Sum: 171.8]
      [GC Worker End (ms): Min: 5350.0, Avg: 5350.1, Max: 5350.3, Diff: 0.3]
   [Code Root Fixup: 0.0 ms]
   [Code Root Purge: 0.0 ms]
   [Clear CT: 0.4 ms]
   [Other: 1.7 ms]
      [Choose CSet: 0.0 ms]
      [Ref Proc: 0.2 ms]
      [Ref Enq: 0.0 ms]
      [Redirty Cards: 0.2 ms]
      [Humongous Register: 0.4 ms]
      [Humongous Reclaim: 0.2 ms]
      [Free CSet: 0.3 ms]
   [Eden: 210.0M(210.0M)->0.0B(188.0M) Survivors: 19.0M->29.0M Heap: 918.6M(2048.0M)->716.7M(2048.0M)]
 [Times: user=0.14 sys=0.01, real=0.02 secs] 
2022-03-11T19:39:30.529-0800: 5.408: [GC pause (G1 Evacuation Pause) (young), 0.0180260 secs]
   [Parallel Time: 14.0 ms, GC Workers: 10]
      [GC Worker Start (ms): Min: 5408.5, Avg: 5408.7, Max: 5409.0, Diff: 0.5]
      [Ext Root Scanning (ms): Min: 0.0, Avg: 0.2, Max: 0.3, Diff: 0.3, Sum: 1.8]
      [Update RS (ms): Min: 4.2, Avg: 4.6, Max: 7.4, Diff: 3.2, Sum: 45.9]
         [Processed Buffers: Min: 13, Avg: 38.2, Max: 46, Diff: 33, Sum: 382]
      [Scan RS (ms): Min: 0.0, Avg: 0.0, Max: 0.1, Diff: 0.1, Sum: 0.3]
      [Code Root Scanning (ms): Min: 0.0, Avg: 0.0, Max: 0.0, Diff: 0.0, Sum: 0.0]
      [Object Copy (ms): Min: 4.2, Avg: 7.3, Max: 8.7, Diff: 4.5, Sum: 73.1]
      [Termination (ms): Min: 0.0, Avg: 1.2, Max: 1.6, Diff: 1.6, Sum: 11.9]
         [Termination Attempts: Min: 1, Avg: 1.0, Max: 1, Diff: 0, Sum: 10]
      [GC Worker Other (ms): Min: 0.0, Avg: 0.0, Max: 0.0, Diff: 0.0, Sum: 0.2]
      [GC Worker Total (ms): Min: 13.0, Avg: 13.3, Max: 13.4, Diff: 0.4, Sum: 133.2]
      [GC Worker End (ms): Min: 5421.9, Avg: 5422.0, Max: 5422.3, Diff: 0.4]
   [Code Root Fixup: 0.0 ms]
   [Code Root Purge: 0.0 ms]
   [Clear CT: 0.3 ms]
   [Other: 3.7 ms]
      [Choose CSet: 0.0 ms]
      [Ref Proc: 1.1 ms]
      [Ref Enq: 0.0 ms]
      [Redirty Cards: 0.7 ms]
      [Humongous Register: 0.5 ms]
      [Humongous Reclaim: 0.4 ms]
      [Free CSet: 0.5 ms]
   [Eden: 188.0M(188.0M)->0.0B(235.0M) Survivors: 29.0M->28.0M Heap: 951.0M(2048.0M)->766.7M(2048.0M)]
 [Times: user=0.11 sys=0.01, real=0.02 secs] 
2022-03-11T19:39:30.637-0800: 5.517: [GC pause (G1 Evacuation Pause) (young), 0.0164232 secs]
   [Parallel Time: 14.5 ms, GC Workers: 10]
      [GC Worker Start (ms): Min: 5516.8, Avg: 5516.8, Max: 5517.0, Diff: 0.2]
      [Ext Root Scanning (ms): Min: 0.0, Avg: 0.1, Max: 0.2, Diff: 0.2, Sum: 1.2]
      [Update RS (ms): Min: 5.2, Avg: 5.3, Max: 5.3, Diff: 0.1, Sum: 52.8]
         [Processed Buffers: Min: 13, Avg: 49.2, Max: 58, Diff: 45, Sum: 492]
      [Scan RS (ms): Min: 0.0, Avg: 0.0, Max: 0.1, Diff: 0.1, Sum: 0.2]
      [Code Root Scanning (ms): Min: 0.0, Avg: 0.0, Max: 0.0, Diff: 0.0, Sum: 0.0]
      [Object Copy (ms): Min: 7.8, Avg: 8.0, Max: 8.7, Diff: 0.9, Sum: 80.1]
      [Termination (ms): Min: 0.0, Avg: 0.7, Max: 1.0, Diff: 1.0, Sum: 7.2]
         [Termination Attempts: Min: 1, Avg: 1.0, Max: 1, Diff: 0, Sum: 10]
      [GC Worker Other (ms): Min: 0.0, Avg: 0.0, Max: 0.0, Diff: 0.0, Sum: 0.1]
      [GC Worker Total (ms): Min: 14.1, Avg: 14.2, Max: 14.3, Diff: 0.2, Sum: 141.8]
      [GC Worker End (ms): Min: 5531.0, Avg: 5531.0, Max: 5531.2, Diff: 0.3]
   [Code Root Fixup: 0.0 ms]
   [Code Root Purge: 0.0 ms]
   [Clear CT: 0.2 ms]
   [Other: 1.7 ms]
      [Choose CSet: 0.0 ms]
      [Ref Proc: 1.0 ms]
      [Ref Enq: 0.0 ms]
      [Redirty Cards: 0.2 ms]
      [Humongous Register: 0.1 ms]
      [Humongous Reclaim: 0.1 ms]
      [Free CSet: 0.1 ms]
   [Eden: 235.0M(235.0M)->0.0B(246.0M) Survivors: 28.0M->33.0M Heap: 1061.8M(2048.0M)->828.1M(2048.0M)]
 [Times: user=0.12 sys=0.00, real=0.02 secs] 
2022-03-11T19:39:30.691-0800: 5.570: [GC pause (G1 Humongous Allocation) (young) (initial-mark), 0.0370370 secs]
   [Parallel Time: 29.1 ms, GC Workers: 10]
      [GC Worker Start (ms): Min: 5570.7, Avg: 5570.9, Max: 5571.1, Diff: 0.4]
      [Ext Root Scanning (ms): Min: 0.0, Avg: 11.6, Max: 25.7, Diff: 25.7, Sum: 116.0]
      [Update RS (ms): Min: 0.0, Avg: 3.5, Max: 15.4, Diff: 15.4, Sum: 34.8]
         [Processed Buffers: Min: 0, Avg: 35.4, Max: 138, Diff: 138, Sum: 354]
      [Scan RS (ms): Min: 0.0, Avg: 0.0, Max: 0.1, Diff: 0.1, Sum: 0.4]
      [Code Root Scanning (ms): Min: 0.0, Avg: 0.0, Max: 0.0, Diff: 0.0, Sum: 0.0]
      [Object Copy (ms): Min: 0.0, Avg: 9.9, Max: 17.8, Diff: 17.8, Sum: 99.5]
      [Termination (ms): Min: 0.0, Avg: 3.4, Max: 5.6, Diff: 5.6, Sum: 33.7]
         [Termination Attempts: Min: 1, Avg: 1.0, Max: 1, Diff: 0, Sum: 10]
      [GC Worker Other (ms): Min: 0.0, Avg: 0.0, Max: 0.0, Diff: 0.0, Sum: 0.2]
      [GC Worker Total (ms): Min: 28.0, Avg: 28.5, Max: 28.9, Diff: 0.9, Sum: 284.6]
      [GC Worker End (ms): Min: 5598.9, Avg: 5599.4, Max: 5599.7, Diff: 0.8]
   [Code Root Fixup: 0.0 ms]
   [Code Root Purge: 0.0 ms]
   [Clear CT: 0.4 ms]
   [Other: 7.6 ms]
      [Choose CSet: 0.0 ms]
      [Ref Proc: 6.3 ms]
      [Ref Enq: 0.0 ms]
      [Redirty Cards: 0.3 ms]
      [Humongous Register: 0.2 ms]
      [Humongous Reclaim: 0.2 ms]
      [Free CSet: 0.2 ms]
   [Eden: 176.0M(246.0M)->0.0B(178.0M) Survivors: 33.0M->35.0M Heap: 1046.9M(2048.0M)->877.0M(2048.0M)]
 [Times: user=0.09 sys=0.00, real=0.03 secs] 
2022-03-11T19:39:30.729-0800: 5.608: [GC concurrent-root-region-scan-start]
2022-03-11T19:39:30.729-0800: 5.608: [GC concurrent-root-region-scan-end, 0.0004120 secs]
2022-03-11T19:39:30.729-0800: 5.608: [GC concurrent-mark-start]
2022-03-11T19:39:30.734-0800: 5.613: [GC concurrent-mark-end, 0.0050827 secs]
2022-03-11T19:39:30.735-0800: 5.614: [GC remark 2022-03-11T19:39:30.735-0800: 5.614: [Finalize Marking, 0.0061187 secs] 2022-03-11T19:39:30.742-0800: 5.621: [GC ref-proc, 0.0001187 secs] 2022-03-11T19:39:30.742-0800: 5.621: [Unloading, 0.0015838 secs], 0.0109377 secs]
 [Times: user=0.01 sys=0.00, real=0.01 secs] 
2022-03-11T19:39:30.747-0800: 5.626: [GC cleanup 893M->725M(2048M), 0.0056458 secs]
 [Times: user=0.00 sys=0.00, real=0.01 secs] 
2022-03-11T19:39:30.753-0800: 5.632: [GC concurrent-cleanup-start]
2022-03-11T19:39:30.753-0800: 5.632: [GC concurrent-cleanup-end, 0.0001714 secs]
2022-03-11T19:39:30.790-0800: 5.669: [GC pause (G1 Evacuation Pause) (young), 0.0119815 secs]
   [Parallel Time: 11.0 ms, GC Workers: 10]
      [GC Worker Start (ms): Min: 5668.8, Avg: 5668.9, Max: 5669.0, Diff: 0.1]
      [Ext Root Scanning (ms): Min: 0.1, Avg: 0.1, Max: 0.2, Diff: 0.1, Sum: 1.1]
      [Update RS (ms): Min: 3.5, Avg: 3.6, Max: 3.6, Diff: 0.1, Sum: 35.5]
         [Processed Buffers: Min: 13, Avg: 35.2, Max: 40, Diff: 27, Sum: 352]
      [Scan RS (ms): Min: 0.0, Avg: 0.0, Max: 0.0, Diff: 0.0, Sum: 0.2]
      [Code Root Scanning (ms): Min: 0.0, Avg: 0.0, Max: 0.0, Diff: 0.0, Sum: 0.0]
      [Object Copy (ms): Min: 7.0, Avg: 7.0, Max: 7.1, Diff: 0.1, Sum: 70.3]
      [Termination (ms): Min: 0.0, Avg: 0.1, Max: 0.1, Diff: 0.1, Sum: 0.7]
         [Termination Attempts: Min: 1, Avg: 1.0, Max: 1, Diff: 0, Sum: 10]
      [GC Worker Other (ms): Min: 0.0, Avg: 0.0, Max: 0.0, Diff: 0.0, Sum: 0.2]
      [GC Worker Total (ms): Min: 10.7, Avg: 10.8, Max: 10.9, Diff: 0.2, Sum: 108.0]
      [GC Worker End (ms): Min: 5679.7, Avg: 5679.7, Max: 5679.8, Diff: 0.0]
   [Code Root Fixup: 0.0 ms]
   [Code Root Purge: 0.0 ms]
   [Clear CT: 0.2 ms]
   [Other: 0.8 ms]
      [Choose CSet: 0.0 ms]
      [Ref Proc: 0.2 ms]
      [Ref Enq: 0.0 ms]
      [Redirty Cards: 0.1 ms]
      [Humongous Register: 0.1 ms]
      [Humongous Reclaim: 0.1 ms]
      [Free CSet: 0.1 ms]
   [Eden: 178.0M(178.0M)->0.0B(75.0M) Survivors: 35.0M->27.0M Heap: 929.7M(2048.0M)->756.0M(2048.0M)]
 [Times: user=0.10 sys=0.00, real=0.01 secs] 
2022-03-11T19:39:30.817-0800: 5.697: [GC pause (G1 Evacuation Pause) (mixed), 0.0096147 secs]
   [Parallel Time: 8.4 ms, GC Workers: 10]
      [GC Worker Start (ms): Min: 5696.8, Avg: 5696.9, Max: 5697.0, Diff: 0.1]
      [Ext Root Scanning (ms): Min: 0.1, Avg: 0.1, Max: 0.2, Diff: 0.1, Sum: 1.2]
      [Update RS (ms): Min: 1.6, Avg: 1.8, Max: 2.6, Diff: 1.0, Sum: 17.6]
         [Processed Buffers: Min: 0, Avg: 16.2, Max: 19, Diff: 19, Sum: 162]
      [Scan RS (ms): Min: 0.0, Avg: 0.1, Max: 0.1, Diff: 0.1, Sum: 0.7]
      [Code Root Scanning (ms): Min: 0.0, Avg: 0.0, Max: 0.0, Diff: 0.0, Sum: 0.1]
      [Object Copy (ms): Min: 5.3, Avg: 6.2, Max: 6.3, Diff: 1.0, Sum: 61.7]
      [Termination (ms): Min: 0.0, Avg: 0.1, Max: 0.1, Diff: 0.1, Sum: 0.6]
         [Termination Attempts: Min: 1, Avg: 1.2, Max: 3, Diff: 2, Sum: 12]
      [GC Worker Other (ms): Min: 0.0, Avg: 0.0, Max: 0.0, Diff: 0.0, Sum: 0.1]
      [GC Worker Total (ms): Min: 8.2, Avg: 8.2, Max: 8.3, Diff: 0.1, Sum: 82.0]
      [GC Worker End (ms): Min: 5705.1, Avg: 5705.1, Max: 5705.1, Diff: 0.1]
   [Code Root Fixup: 0.0 ms]
   [Code Root Purge: 0.0 ms]
   [Clear CT: 0.2 ms]
   [Other: 1.1 ms]
      [Choose CSet: 0.1 ms]
      [Ref Proc: 0.3 ms]
      [Ref Enq: 0.0 ms]
      [Redirty Cards: 0.1 ms]
      [Humongous Register: 0.1 ms]
      [Humongous Reclaim: 0.1 ms]
      [Free CSet: 0.2 ms]
   [Eden: 75.0M(75.0M)->0.0B(89.0M) Survivors: 27.0M->13.0M Heap: 849.7M(2048.0M)->593.9M(2048.0M)]
 [Times: user=0.08 sys=0.00, real=0.01 secs] 
2022-03-11T19:39:30.844-0800: 5.723: [GC pause (G1 Evacuation Pause) (mixed), 0.0092850 secs]
   [Parallel Time: 7.7 ms, GC Workers: 10]
      [GC Worker Start (ms): Min: 5723.0, Avg: 5723.1, Max: 5723.2, Diff: 0.1]
      [Ext Root Scanning (ms): Min: 0.1, Avg: 0.1, Max: 0.2, Diff: 0.1, Sum: 1.2]
      [Update RS (ms): Min: 1.5, Avg: 1.5, Max: 1.6, Diff: 0.2, Sum: 15.0]
         [Processed Buffers: Min: 0, Avg: 14.7, Max: 18, Diff: 18, Sum: 147]
      [Scan RS (ms): Min: 0.0, Avg: 0.1, Max: 0.1, Diff: 0.1, Sum: 0.5]
      [Code Root Scanning (ms): Min: 0.0, Avg: 0.0, Max: 0.0, Diff: 0.0, Sum: 0.0]
      [Object Copy (ms): Min: 5.0, Avg: 5.2, Max: 5.8, Diff: 0.8, Sum: 52.2]
      [Termination (ms): Min: 0.0, Avg: 0.6, Max: 0.8, Diff: 0.8, Sum: 6.1]
         [Termination Attempts: Min: 1, Avg: 1.2, Max: 3, Diff: 2, Sum: 12]
      [GC Worker Other (ms): Min: 0.0, Avg: 0.0, Max: 0.0, Diff: 0.0, Sum: 0.1]
      [GC Worker Total (ms): Min: 7.5, Avg: 7.5, Max: 7.6, Diff: 0.1, Sum: 75.2]
      [GC Worker End (ms): Min: 5730.6, Avg: 5730.6, Max: 5730.7, Diff: 0.1]
   [Code Root Fixup: 0.0 ms]
   [Code Root Purge: 0.0 ms]
   [Clear CT: 0.2 ms]
   [Other: 1.4 ms]
      [Choose CSet: 0.0 ms]
      [Ref Proc: 0.8 ms]
      [Ref Enq: 0.0 ms]
      [Redirty Cards: 0.1 ms]
      [Humongous Register: 0.1 ms]
      [Humongous Reclaim: 0.1 ms]
      [Free CSet: 0.1 ms]
   [Eden: 89.0M(89.0M)->0.0B(391.0M) Survivors: 13.0M->13.0M Heap: 699.9M(2048.0M)->565.4M(2048.0M)]
 [Times: user=0.07 sys=0.00, real=0.01 secs] 
2022-03-11T19:39:30.941-0800: 5.820: [GC pause (G1 Evacuation Pause) (young), 0.0217997 secs]
   [Parallel Time: 20.4 ms, GC Workers: 10]
      [GC Worker Start (ms): Min: 5820.5, Avg: 5820.6, Max: 5820.7, Diff: 0.2]
      [Ext Root Scanning (ms): Min: 0.0, Avg: 0.1, Max: 0.2, Diff: 0.2, Sum: 1.0]
      [Update RS (ms): Min: 5.2, Avg: 5.2, Max: 5.3, Diff: 0.0, Sum: 52.5]
         [Processed Buffers: Min: 52, Avg: 56.9, Max: 70, Diff: 18, Sum: 569]
      [Scan RS (ms): Min: 0.0, Avg: 0.1, Max: 0.1, Diff: 0.1, Sum: 0.8]
      [Code Root Scanning (ms): Min: 0.0, Avg: 0.0, Max: 0.0, Diff: 0.0, Sum: 0.1]
      [Object Copy (ms): Min: 14.5, Avg: 14.6, Max: 14.6, Diff: 0.1, Sum: 145.5]
      [Termination (ms): Min: 0.0, Avg: 0.1, Max: 0.3, Diff: 0.3, Sum: 1.1]
         [Termination Attempts: Min: 1, Avg: 1.0, Max: 1, Diff: 0, Sum: 10]
      [GC Worker Other (ms): Min: 0.0, Avg: 0.0, Max: 0.0, Diff: 0.0, Sum: 0.2]
      [GC Worker Total (ms): Min: 20.0, Avg: 20.1, Max: 20.3, Diff: 0.2, Sum: 201.1]
      [GC Worker End (ms): Min: 5840.7, Avg: 5840.7, Max: 5840.8, Diff: 0.1]
   [Code Root Fixup: 0.0 ms]
   [Code Root Purge: 0.0 ms]
   [Clear CT: 0.2 ms]
   [Other: 1.2 ms]
      [Choose CSet: 0.0 ms]
      [Ref Proc: 0.3 ms]
      [Ref Enq: 0.0 ms]
      [Redirty Cards: 0.1 ms]
      [Humongous Register: 0.2 ms]
      [Humongous Reclaim: 0.2 ms]
      [Free CSet: 0.2 ms]
   [Eden: 391.0M(391.0M)->0.0B(51.0M) Survivors: 13.0M->51.0M Heap: 1076.0M(2048.0M)->675.4M(2048.0M)]
 [Times: user=0.19 sys=0.01, real=0.02 secs] 
2022-03-11T19:39:30.983-0800: 5.862: [GC pause (G1 Evacuation Pause) (young), 0.0134326 secs]
   [Parallel Time: 11.4 ms, GC Workers: 10]
      [GC Worker Start (ms): Min: 5862.5, Avg: 5862.6, Max: 5862.7, Diff: 0.2]
      [Ext Root Scanning (ms): Min: 0.1, Avg: 0.2, Max: 0.3, Diff: 0.2, Sum: 1.7]
      [Update RS (ms): Min: 1.2, Avg: 1.3, Max: 1.3, Diff: 0.1, Sum: 12.6]
         [Processed Buffers: Min: 7, Avg: 11.4, Max: 16, Diff: 9, Sum: 114]
      [Scan RS (ms): Min: 0.0, Avg: 0.0, Max: 0.0, Diff: 0.0, Sum: 0.1]
      [Code Root Scanning (ms): Min: 0.0, Avg: 0.0, Max: 0.0, Diff: 0.0, Sum: 0.0]
      [Object Copy (ms): Min: 9.0, Avg: 9.2, Max: 9.5, Diff: 0.5, Sum: 92.4]
      [Termination (ms): Min: 0.0, Avg: 0.4, Max: 0.6, Diff: 0.6, Sum: 3.6]
         [Termination Attempts: Min: 1, Avg: 1.0, Max: 1, Diff: 0, Sum: 10]
      [GC Worker Other (ms): Min: 0.0, Avg: 0.0, Max: 0.1, Diff: 0.0, Sum: 0.3]
      [GC Worker Total (ms): Min: 10.9, Avg: 11.1, Max: 11.2, Diff: 0.3, Sum: 110.7]
      [GC Worker End (ms): Min: 5873.6, Avg: 5873.7, Max: 5873.9, Diff: 0.3]
   [Code Root Fixup: 0.0 ms]
   [Code Root Purge: 0.0 ms]
   [Clear CT: 0.3 ms]
   [Other: 1.8 ms]
      [Choose CSet: 0.0 ms]
      [Ref Proc: 0.4 ms]
      [Ref Enq: 0.0 ms]
      [Redirty Cards: 0.2 ms]
      [Humongous Register: 0.3 ms]
      [Humongous Reclaim: 0.2 ms]
      [Free CSet: 0.2 ms]
   [Eden: 51.0M(51.0M)->0.0B(89.0M) Survivors: 51.0M->13.0M Heap: 739.3M(2048.0M)->691.3M(2048.0M)]
 [Times: user=0.11 sys=0.01, real=0.01 secs] 
2022-03-11T19:39:31.026-0800: 5.905: [GC pause (G1 Evacuation Pause) (young), 0.0091312 secs]
   [Parallel Time: 5.9 ms, GC Workers: 10]
      [GC Worker Start (ms): Min: 5905.6, Avg: 5905.7, Max: 5905.9, Diff: 0.3]
      [Ext Root Scanning (ms): Min: 0.1, Avg: 0.2, Max: 0.4, Diff: 0.3, Sum: 2.2]
      [Update RS (ms): Min: 2.3, Avg: 2.3, Max: 2.4, Diff: 0.1, Sum: 23.2]
         [Processed Buffers: Min: 20, Avg: 21.9, Max: 24, Diff: 4, Sum: 219]
      [Scan RS (ms): Min: 0.0, Avg: 0.0, Max: 0.0, Diff: 0.0, Sum: 0.1]
      [Code Root Scanning (ms): Min: 0.0, Avg: 0.0, Max: 0.0, Diff: 0.0, Sum: 0.0]
      [Object Copy (ms): Min: 3.0, Avg: 3.0, Max: 3.0, Diff: 0.1, Sum: 29.8]
      [Termination (ms): Min: 0.0, Avg: 0.1, Max: 0.1, Diff: 0.1, Sum: 0.5]
         [Termination Attempts: Min: 1, Avg: 1.1, Max: 2, Diff: 1, Sum: 11]
      [GC Worker Other (ms): Min: 0.0, Avg: 0.0, Max: 0.1, Diff: 0.0, Sum: 0.3]
      [GC Worker Total (ms): Min: 5.5, Avg: 5.6, Max: 5.8, Diff: 0.3, Sum: 56.1]
      [GC Worker End (ms): Min: 5911.3, Avg: 5911.4, Max: 5911.4, Diff: 0.1]
   [Code Root Fixup: 0.0 ms]
   [Code Root Purge: 0.0 ms]
   [Clear CT: 0.3 ms]
   [Other: 2.9 ms]
      [Choose CSet: 0.0 ms]
      [Ref Proc: 0.6 ms]
      [Ref Enq: 0.0 ms]
      [Redirty Cards: 0.3 ms]
      [Humongous Register: 0.5 ms]
      [Humongous Reclaim: 0.6 ms]
      [Free CSet: 0.4 ms]
   [Eden: 89.0M(89.0M)->0.0B(89.0M) Survivors: 13.0M->13.0M Heap: 806.3M(2048.0M)->713.0M(2048.0M)]
 [Times: user=0.05 sys=0.00, real=0.01 secs] 
2022-03-11T19:39:31.065-0800: 5.944: [GC pause (G1 Evacuation Pause) (young), 0.0065050 secs]
   [Parallel Time: 5.5 ms, GC Workers: 10]
      [GC Worker Start (ms): Min: 5944.7, Avg: 5944.7, Max: 5944.8, Diff: 0.1]
      [Ext Root Scanning (ms): Min: 0.1, Avg: 0.1, Max: 0.2, Diff: 0.1, Sum: 1.1]
      [Update RS (ms): Min: 1.5, Avg: 1.6, Max: 1.6, Diff: 0.1, Sum: 15.8]
         [Processed Buffers: Min: 14, Avg: 15.9, Max: 17, Diff: 3, Sum: 159]
      [Scan RS (ms): Min: 0.0, Avg: 0.0, Max: 0.0, Diff: 0.0, Sum: 0.1]
      [Code Root Scanning (ms): Min: 0.0, Avg: 0.0, Max: 0.0, Diff: 0.0, Sum: 0.0]
      [Object Copy (ms): Min: 3.4, Avg: 3.4, Max: 3.5, Diff: 0.1, Sum: 34.2]
      [Termination (ms): Min: 0.0, Avg: 0.1, Max: 0.3, Diff: 0.3, Sum: 1.1]
         [Termination Attempts: Min: 1, Avg: 1.0, Max: 1, Diff: 0, Sum: 10]
      [GC Worker Other (ms): Min: 0.0, Avg: 0.0, Max: 0.0, Diff: 0.0, Sum: 0.1]
      [GC Worker Total (ms): Min: 5.2, Avg: 5.2, Max: 5.4, Diff: 0.2, Sum: 52.5]
      [GC Worker End (ms): Min: 5950.0, Avg: 5950.0, Max: 5950.1, Diff: 0.1]
   [Code Root Fixup: 0.0 ms]
   [Code Root Purge: 0.0 ms]
   [Clear CT: 0.2 ms]
   [Other: 0.9 ms]
      [Choose CSet: 0.0 ms]
      [Ref Proc: 0.3 ms]
      [Ref Enq: 0.0 ms]
      [Redirty Cards: 0.1 ms]
      [Humongous Register: 0.1 ms]
      [Humongous Reclaim: 0.1 ms]
      [Free CSet: 0.1 ms]
   [Eden: 89.0M(89.0M)->0.0B(89.0M) Survivors: 13.0M->13.0M Heap: 820.5M(2048.0M)->736.0M(2048.0M)]
 [Times: user=0.06 sys=0.00, real=0.01 secs] 
2022-03-11T19:39:31.104-0800: 5.983: [GC pause (G1 Evacuation Pause) (young), 0.0144764 secs]
   [Parallel Time: 12.1 ms, GC Workers: 10]
      [GC Worker Start (ms): Min: 5983.9, Avg: 5984.1, Max: 5984.2, Diff: 0.3]
      [Ext Root Scanning (ms): Min: 0.0, Avg: 0.2, Max: 0.3, Diff: 0.3, Sum: 1.7]
      [Update RS (ms): Min: 2.4, Avg: 2.5, Max: 2.5, Diff: 0.1, Sum: 24.7]
         [Processed Buffers: Min: 21, Avg: 23.4, Max: 25, Diff: 4, Sum: 234]
      [Scan RS (ms): Min: 0.0, Avg: 0.0, Max: 0.0, Diff: 0.0, Sum: 0.2]
      [Code Root Scanning (ms): Min: 0.0, Avg: 0.0, Max: 0.0, Diff: 0.0, Sum: 0.0]
      [Object Copy (ms): Min: 7.7, Avg: 8.0, Max: 8.9, Diff: 1.2, Sum: 79.6]
      [Termination (ms): Min: 0.0, Avg: 1.1, Max: 1.4, Diff: 1.4, Sum: 11.3]
         [Termination Attempts: Min: 1, Avg: 1.0, Max: 1, Diff: 0, Sum: 10]
      [GC Worker Other (ms): Min: 0.0, Avg: 0.0, Max: 0.1, Diff: 0.0, Sum: 0.4]
      [GC Worker Total (ms): Min: 11.6, Avg: 11.8, Max: 12.1, Diff: 0.5, Sum: 117.9]
      [GC Worker End (ms): Min: 5995.7, Avg: 5995.8, Max: 5996.0, Diff: 0.2]
   [Code Root Fixup: 0.0 ms]
   [Code Root Purge: 0.0 ms]
   [Clear CT: 0.3 ms]
   [Other: 2.0 ms]
      [Choose CSet: 0.0 ms]
      [Ref Proc: 0.4 ms]
      [Ref Enq: 0.0 ms]
      [Redirty Cards: 0.2 ms]
      [Humongous Register: 0.4 ms]
      [Humongous Reclaim: 0.4 ms]
      [Free CSet: 0.1 ms]
   [Eden: 89.0M(89.0M)->0.0B(89.0M) Survivors: 13.0M->13.0M Heap: 852.9M(2048.0M)->764.9M(2048.0M)]
 [Times: user=0.10 sys=0.01, real=0.01 secs] 
2022-03-11T19:39:31.141-0800: 6.020: [GC pause (G1 Evacuation Pause) (young), 0.0074149 secs]
   [Parallel Time: 6.5 ms, GC Workers: 10]
      [GC Worker Start (ms): Min: 6020.5, Avg: 6020.6, Max: 6020.7, Diff: 0.2]
      [Ext Root Scanning (ms): Min: 0.0, Avg: 0.1, Max: 0.2, Diff: 0.2, Sum: 1.1]
      [Update RS (ms): Min: 2.6, Avg: 2.6, Max: 2.7, Diff: 0.1, Sum: 26.4]
         [Processed Buffers: Min: 12, Avg: 25.4, Max: 35, Diff: 23, Sum: 254]
      [Scan RS (ms): Min: 0.0, Avg: 0.0, Max: 0.0, Diff: 0.0, Sum: 0.1]
      [Code Root Scanning (ms): Min: 0.0, Avg: 0.0, Max: 0.0, Diff: 0.0, Sum: 0.0]
      [Object Copy (ms): Min: 3.5, Avg: 3.5, Max: 3.6, Diff: 0.1, Sum: 35.2]
      [Termination (ms): Min: 0.0, Avg: 0.1, Max: 0.1, Diff: 0.1, Sum: 0.7]
         [Termination Attempts: Min: 1, Avg: 1.0, Max: 1, Diff: 0, Sum: 10]
      [GC Worker Other (ms): Min: 0.0, Avg: 0.0, Max: 0.0, Diff: 0.0, Sum: 0.1]
      [GC Worker Total (ms): Min: 6.3, Avg: 6.4, Max: 6.4, Diff: 0.1, Sum: 63.6]
      [GC Worker End (ms): Min: 6026.9, Avg: 6027.0, Max: 6027.0, Diff: 0.1]
   [Code Root Fixup: 0.0 ms]
   [Code Root Purge: 0.0 ms]
   [Clear CT: 0.2 ms]
   [Other: 0.7 ms]
      [Choose CSet: 0.0 ms]
      [Ref Proc: 0.2 ms]
      [Ref Enq: 0.0 ms]
      [Redirty Cards: 0.1 ms]
      [Humongous Register: 0.1 ms]
      [Humongous Reclaim: 0.1 ms]
      [Free CSet: 0.1 ms]
   [Eden: 89.0M(89.0M)->0.0B(151.0M) Survivors: 13.0M->13.0M Heap: 884.3M(2048.0M)->802.1M(2048.0M)]
 [Times: user=0.05 sys=0.00, real=0.00 secs] 
2022-03-11T19:39:31.175-0800: 6.055: [GC pause (G1 Humongous Allocation) (young) (initial-mark), 0.0085590 secs]
   [Parallel Time: 7.2 ms, GC Workers: 10]
      [GC Worker Start (ms): Min: 6054.8, Avg: 6054.9, Max: 6054.9, Diff: 0.2]
      [Ext Root Scanning (ms): Min: 0.0, Avg: 0.1, Max: 0.2, Diff: 0.2, Sum: 1.1]
      [Update RS (ms): Min: 2.9, Avg: 3.0, Max: 3.0, Diff: 0.1, Sum: 29.5]
         [Processed Buffers: Min: 31, Avg: 33.5, Max: 39, Diff: 8, Sum: 335]
      [Scan RS (ms): Min: 0.0, Avg: 0.0, Max: 0.0, Diff: 0.0, Sum: 0.1]
      [Code Root Scanning (ms): Min: 0.0, Avg: 0.0, Max: 0.0, Diff: 0.0, Sum: 0.0]
      [Object Copy (ms): Min: 3.8, Avg: 3.9, Max: 3.9, Diff: 0.1, Sum: 38.8]
      [Termination (ms): Min: 0.0, Avg: 0.1, Max: 0.1, Diff: 0.1, Sum: 0.7]
         [Termination Attempts: Min: 1, Avg: 1.1, Max: 2, Diff: 1, Sum: 11]
      [GC Worker Other (ms): Min: 0.0, Avg: 0.0, Max: 0.0, Diff: 0.0, Sum: 0.1]
      [GC Worker Total (ms): Min: 7.0, Avg: 7.0, Max: 7.1, Diff: 0.1, Sum: 70.4]
      [GC Worker End (ms): Min: 6061.9, Avg: 6061.9, Max: 6061.9, Diff: 0.1]
   [Code Root Fixup: 0.0 ms]
   [Code Root Purge: 0.0 ms]
   [Clear CT: 0.1 ms]
   [Other: 1.2 ms]
      [Choose CSet: 0.0 ms]
      [Ref Proc: 0.5 ms]
      [Ref Enq: 0.0 ms]
      [Redirty Cards: 0.2 ms]
      [Humongous Register: 0.1 ms]
      [Humongous Reclaim: 0.1 ms]
      [Free CSet: 0.1 ms]
   [Eden: 127.0M(151.0M)->0.0B(81.0M) Survivors: 13.0M->21.0M Heap: 969.4M(2048.0M)->831.8M(2048.0M)]
 [Times: user=0.07 sys=0.00, real=0.01 secs] 
2022-03-11T19:39:31.184-0800: 6.063: [GC concurrent-root-region-scan-start]
2022-03-11T19:39:31.184-0800: 6.063: [GC concurrent-root-region-scan-end, 0.0001078 secs]
2022-03-11T19:39:31.184-0800: 6.063: [GC concurrent-mark-start]
2022-03-11T19:39:31.186-0800: 6.065: [GC concurrent-mark-end, 0.0013063 secs]
2022-03-11T19:39:31.186-0800: 6.065: [GC remark 2022-03-11T19:39:31.186-0800: 6.065: [Finalize Marking, 0.0003026 secs] 2022-03-11T19:39:31.186-0800: 6.065: [GC ref-proc, 0.0000550 secs] 2022-03-11T19:39:31.186-0800: 6.065: [Unloading, 0.0004618 secs], 0.0017685 secs]
 [Times: user=0.01 sys=0.00, real=0.00 secs] 
2022-03-11T19:39:31.188-0800: 6.067: [GC cleanup 839M->715M(2048M), 0.0014240 secs]
 [Times: user=0.00 sys=0.00, real=0.00 secs] 
2022-03-11T19:39:31.189-0800: 6.068: [GC concurrent-cleanup-start]
2022-03-11T19:39:31.189-0800: 6.068: [GC concurrent-cleanup-end, 0.0000743 secs]
2022-03-11T19:39:31.205-0800: 6.084: [GC pause (G1 Evacuation Pause) (young), 0.0066413 secs]
   [Parallel Time: 5.6 ms, GC Workers: 10]
      [GC Worker Start (ms): Min: 6084.1, Avg: 6084.2, Max: 6084.3, Diff: 0.2]
      [Ext Root Scanning (ms): Min: 0.0, Avg: 0.1, Max: 0.2, Diff: 0.2, Sum: 1.0]
      [Update RS (ms): Min: 1.3, Avg: 1.4, Max: 1.4, Diff: 0.1, Sum: 13.8]
         [Processed Buffers: Min: 15, Avg: 15.7, Max: 19, Diff: 4, Sum: 157]
      [Scan RS (ms): Min: 0.0, Avg: 0.0, Max: 0.0, Diff: 0.0, Sum: 0.1]
      [Code Root Scanning (ms): Min: 0.0, Avg: 0.0, Max: 0.0, Diff: 0.0, Sum: 0.0]
      [Object Copy (ms): Min: 3.7, Avg: 3.8, Max: 3.9, Diff: 0.1, Sum: 38.2]
      [Termination (ms): Min: 0.0, Avg: 0.1, Max: 0.3, Diff: 0.3, Sum: 0.9]
         [Termination Attempts: Min: 1, Avg: 1.0, Max: 1, Diff: 0, Sum: 10]
      [GC Worker Other (ms): Min: 0.0, Avg: 0.0, Max: 0.0, Diff: 0.0, Sum: 0.1]
      [GC Worker Total (ms): Min: 5.3, Avg: 5.4, Max: 5.5, Diff: 0.2, Sum: 54.1]
      [GC Worker End (ms): Min: 6089.6, Avg: 6089.6, Max: 6089.7, Diff: 0.1]
   [Code Root Fixup: 0.0 ms]
   [Code Root Purge: 0.0 ms]
   [Clear CT: 0.2 ms]
   [Other: 0.8 ms]
      [Choose CSet: 0.0 ms]
      [Ref Proc: 0.2 ms]
      [Ref Enq: 0.0 ms]
      [Redirty Cards: 0.2 ms]
      [Humongous Register: 0.1 ms]
      [Humongous Reclaim: 0.1 ms]
      [Free CSet: 0.1 ms]
   [Eden: 81.0M(81.0M)->0.0B(89.0M) Survivors: 21.0M->13.0M Heap: 806.9M(2048.0M)->735.8M(2048.0M)]
 [Times: user=0.05 sys=0.00, real=0.01 secs] 
2022-03-11T19:39:31.230-0800: 6.109: [GC pause (G1 Evacuation Pause) (mixed), 0.0071083 secs]
   [Parallel Time: 6.0 ms, GC Workers: 10]
      [GC Worker Start (ms): Min: 6108.8, Avg: 6108.9, Max: 6109.0, Diff: 0.2]
      [Ext Root Scanning (ms): Min: 0.0, Avg: 0.1, Max: 0.2, Diff: 0.2, Sum: 1.0]
      [Update RS (ms): Min: 1.7, Avg: 1.7, Max: 1.8, Diff: 0.1, Sum: 17.4]
         [Processed Buffers: Min: 18, Avg: 19.4, Max: 24, Diff: 6, Sum: 194]
      [Scan RS (ms): Min: 0.0, Avg: 0.0, Max: 0.1, Diff: 0.1, Sum: 0.5]
      [Code Root Scanning (ms): Min: 0.0, Avg: 0.0, Max: 0.0, Diff: 0.0, Sum: 0.0]
      [Object Copy (ms): Min: 3.5, Avg: 3.5, Max: 3.7, Diff: 0.3, Sum: 35.5]
      [Termination (ms): Min: 0.0, Avg: 0.3, Max: 0.5, Diff: 0.5, Sum: 2.7]
         [Termination Attempts: Min: 1, Avg: 1.0, Max: 1, Diff: 0, Sum: 10]
      [GC Worker Other (ms): Min: 0.0, Avg: 0.0, Max: 0.0, Diff: 0.0, Sum: 0.1]
      [GC Worker Total (ms): Min: 5.6, Avg: 5.7, Max: 5.9, Diff: 0.3, Sum: 57.3]
      [GC Worker End (ms): Min: 6114.6, Avg: 6114.7, Max: 6114.8, Diff: 0.2]
   [Code Root Fixup: 0.0 ms]
   [Code Root Purge: 0.0 ms]
   [Clear CT: 0.2 ms]
   [Other: 0.9 ms]
      [Choose CSet: 0.0 ms]
      [Ref Proc: 0.3 ms]
      [Ref Enq: 0.0 ms]
      [Redirty Cards: 0.2 ms]
      [Humongous Register: 0.1 ms]
      [Humongous Reclaim: 0.1 ms]
      [Free CSet: 0.1 ms]
   [Eden: 89.0M(89.0M)->0.0B(89.0M) Survivors: 13.0M->13.0M Heap: 847.6M(2048.0M)->697.7M(2048.0M)]
 [Times: user=0.05 sys=0.01, real=0.00 secs] 
2022-03-11T19:39:31.257-0800: 6.136: [GC pause (G1 Evacuation Pause) (mixed), 0.0067400 secs]
   [Parallel Time: 5.6 ms, GC Workers: 10]
      [GC Worker Start (ms): Min: 6136.4, Avg: 6136.5, Max: 6136.5, Diff: 0.2]
      [Ext Root Scanning (ms): Min: 0.0, Avg: 0.1, Max: 0.2, Diff: 0.2, Sum: 1.0]
      [Update RS (ms): Min: 1.9, Avg: 1.9, Max: 1.9, Diff: 0.1, Sum: 19.2]
         [Processed Buffers: Min: 20, Avg: 21.4, Max: 26, Diff: 6, Sum: 214]
      [Scan RS (ms): Min: 0.0, Avg: 0.0, Max: 0.1, Diff: 0.1, Sum: 0.4]
      [Code Root Scanning (ms): Min: 0.0, Avg: 0.0, Max: 0.0, Diff: 0.0, Sum: 0.0]
      [Object Copy (ms): Min: 3.2, Avg: 3.3, Max: 3.3, Diff: 0.1, Sum: 32.9]
      [Termination (ms): Min: 0.0, Avg: 0.1, Max: 0.1, Diff: 0.1, Sum: 0.5]
         [Termination Attempts: Min: 1, Avg: 1.0, Max: 1, Diff: 0, Sum: 10]
      [GC Worker Other (ms): Min: 0.0, Avg: 0.0, Max: 0.0, Diff: 0.0, Sum: 0.1]
      [GC Worker Total (ms): Min: 5.4, Avg: 5.4, Max: 5.5, Diff: 0.2, Sum: 54.2]
      [GC Worker End (ms): Min: 6141.9, Avg: 6141.9, Max: 6141.9, Diff: 0.0]
   [Code Root Fixup: 0.0 ms]
   [Code Root Purge: 0.0 ms]
   [Clear CT: 0.2 ms]
   [Other: 1.0 ms]
      [Choose CSet: 0.0 ms]
      [Ref Proc: 0.3 ms]
      [Ref Enq: 0.0 ms]
      [Redirty Cards: 0.1 ms]
      [Humongous Register: 0.2 ms]
      [Humongous Reclaim: 0.1 ms]
      [Free CSet: 0.1 ms]
   [Eden: 89.0M(89.0M)->0.0B(89.0M) Survivors: 13.0M->13.0M Heap: 812.0M(2048.0M)->664.3M(2048.0M)]
 [Times: user=0.06 sys=0.00, real=0.01 secs] 
2022-03-11T19:39:31.280-0800: 6.159: [GC pause (G1 Evacuation Pause) (mixed), 0.0069558 secs]
   [Parallel Time: 5.9 ms, GC Workers: 10]
      [GC Worker Start (ms): Min: 6159.5, Avg: 6159.6, Max: 6159.6, Diff: 0.2]
      [Ext Root Scanning (ms): Min: 0.0, Avg: 0.1, Max: 0.2, Diff: 0.2, Sum: 1.0]
      [Update RS (ms): Min: 1.1, Avg: 1.2, Max: 1.2, Diff: 0.1, Sum: 11.7]
         [Processed Buffers: Min: 12, Avg: 12.9, Max: 15, Diff: 3, Sum: 129]
      [Scan RS (ms): Min: 0.0, Avg: 0.0, Max: 0.1, Diff: 0.1, Sum: 0.4]
      [Code Root Scanning (ms): Min: 0.0, Avg: 0.0, Max: 0.0, Diff: 0.0, Sum: 0.0]
      [Object Copy (ms): Min: 4.3, Avg: 4.3, Max: 4.4, Diff: 0.0, Sum: 43.2]
      [Termination (ms): Min: 0.0, Avg: 0.0, Max: 0.0, Diff: 0.0, Sum: 0.1]
         [Termination Attempts: Min: 1, Avg: 1.4, Max: 2, Diff: 1, Sum: 14]
      [GC Worker Other (ms): Min: 0.0, Avg: 0.0, Max: 0.1, Diff: 0.0, Sum: 0.2]
      [GC Worker Total (ms): Min: 5.6, Avg: 5.7, Max: 5.8, Diff: 0.2, Sum: 56.7]
      [GC Worker End (ms): Min: 6165.2, Avg: 6165.2, Max: 6165.3, Diff: 0.0]
   [Code Root Fixup: 0.0 ms]
   [Code Root Purge: 0.0 ms]
   [Clear CT: 0.2 ms]
   [Other: 0.9 ms]
      [Choose CSet: 0.0 ms]
      [Ref Proc: 0.3 ms]
      [Ref Enq: 0.0 ms]
      [Redirty Cards: 0.1 ms]
      [Humongous Register: 0.1 ms]
      [Humongous Reclaim: 0.1 ms]
      [Free CSet: 0.1 ms]
   [Eden: 89.0M(89.0M)->0.0B(89.0M) Survivors: 13.0M->13.0M Heap: 768.0M(2048.0M)->630.8M(2048.0M)]
 [Times: user=0.06 sys=0.00, real=0.00 secs] 
2022-03-11T19:39:31.309-0800: 6.188: [GC pause (G1 Evacuation Pause) (mixed), 0.0078939 secs]
   [Parallel Time: 6.6 ms, GC Workers: 10]
      [GC Worker Start (ms): Min: 6188.0, Avg: 6188.1, Max: 6188.1, Diff: 0.2]
      [Ext Root Scanning (ms): Min: 0.0, Avg: 0.1, Max: 0.2, Diff: 0.2, Sum: 1.1]
      [Update RS (ms): Min: 1.6, Avg: 1.6, Max: 1.6, Diff: 0.1, Sum: 15.9]
         [Processed Buffers: Min: 17, Avg: 18.9, Max: 24, Diff: 7, Sum: 189]
      [Scan RS (ms): Min: 0.0, Avg: 0.1, Max: 0.1, Diff: 0.1, Sum: 0.5]
      [Code Root Scanning (ms): Min: 0.0, Avg: 0.0, Max: 0.1, Diff: 0.1, Sum: 0.1]
      [Object Copy (ms): Min: 4.4, Avg: 4.5, Max: 4.6, Diff: 0.2, Sum: 44.8]
      [Termination (ms): Min: 0.0, Avg: 0.1, Max: 0.2, Diff: 0.2, Sum: 1.0]
         [Termination Attempts: Min: 1, Avg: 1.0, Max: 1, Diff: 0, Sum: 10]
      [GC Worker Other (ms): Min: 0.0, Avg: 0.0, Max: 0.0, Diff: 0.0, Sum: 0.1]
      [GC Worker Total (ms): Min: 6.3, Avg: 6.3, Max: 6.5, Diff: 0.2, Sum: 63.5]
      [GC Worker End (ms): Min: 6194.4, Avg: 6194.4, Max: 6194.5, Diff: 0.1]
   [Code Root Fixup: 0.0 ms]
   [Code Root Purge: 0.0 ms]
   [Clear CT: 0.3 ms]
   [Other: 1.0 ms]
      [Choose CSet: 0.0 ms]
      [Ref Proc: 0.3 ms]
      [Ref Enq: 0.0 ms]
      [Redirty Cards: 0.2 ms]
      [Humongous Register: 0.1 ms]
      [Humongous Reclaim: 0.1 ms]
      [Free CSet: 0.1 ms]
   [Eden: 89.0M(89.0M)->0.0B(495.0M) Survivors: 13.0M->13.0M Heap: 742.0M(2048.0M)->591.8M(2048.0M)]
 [Times: user=0.07 sys=0.00, real=0.01 secs] 
2022-03-11T19:39:31.415-0800: 6.294: [GC pause (G1 Evacuation Pause) (young), 0.0174975 secs]
   [Parallel Time: 16.1 ms, GC Workers: 10]
      [GC Worker Start (ms): Min: 6294.6, Avg: 6294.7, Max: 6294.8, Diff: 0.2]
      [Ext Root Scanning (ms): Min: 0.0, Avg: 0.1, Max: 0.2, Diff: 0.2, Sum: 0.7]
      [Update RS (ms): Min: 3.2, Avg: 3.2, Max: 3.2, Diff: 0.1, Sum: 32.1]
         [Processed Buffers: Min: 37, Avg: 42.0, Max: 47, Diff: 10, Sum: 420]
      [Scan RS (ms): Min: 0.0, Avg: 0.1, Max: 0.1, Diff: 0.0, Sum: 0.6]
      [Code Root Scanning (ms): Min: 0.0, Avg: 0.0, Max: 0.0, Diff: 0.0, Sum: 0.1]
      [Object Copy (ms): Min: 11.6, Avg: 11.7, Max: 12.4, Diff: 0.8, Sum: 117.3]
      [Termination (ms): Min: 0.0, Avg: 0.7, Max: 0.8, Diff: 0.8, Sum: 7.4]
         [Termination Attempts: Min: 1, Avg: 1.0, Max: 1, Diff: 0, Sum: 10]
      [GC Worker Other (ms): Min: 0.0, Avg: 0.0, Max: 0.0, Diff: 0.0, Sum: 0.1]
      [GC Worker Total (ms): Min: 15.7, Avg: 15.8, Max: 15.9, Diff: 0.2, Sum: 158.2]
      [GC Worker End (ms): Min: 6310.5, Avg: 6310.5, Max: 6310.6, Diff: 0.1]
   [Code Root Fixup: 0.0 ms]
   [Code Root Purge: 0.0 ms]
   [Clear CT: 0.2 ms]
   [Other: 1.2 ms]
      [Choose CSet: 0.0 ms]
      [Ref Proc: 0.3 ms]
      [Ref Enq: 0.0 ms]
      [Redirty Cards: 0.2 ms]
      [Humongous Register: 0.1 ms]
      [Humongous Reclaim: 0.2 ms]
      [Free CSet: 0.2 ms]
   [Eden: 488.0M(488.0M)->0.0B(39.0M) Survivors: 13.0M->63.0M Heap: 1197.3M(2048.0M)->703.2M(2048.0M)]
 [Times: user=0.16 sys=0.01, real=0.02 secs] 
2022-03-11T19:39:31.442-0800: 6.321: [GC pause (G1 Evacuation Pause) (young), 0.0084309 secs]
   [Parallel Time: 7.2 ms, GC Workers: 10]
      [GC Worker Start (ms): Min: 6320.9, Avg: 6321.1, Max: 6321.1, Diff: 0.2]
      [Ext Root Scanning (ms): Min: 0.0, Avg: 0.1, Max: 0.2, Diff: 0.2, Sum: 0.9]
      [Update RS (ms): Min: 0.6, Avg: 0.7, Max: 0.7, Diff: 0.1, Sum: 6.5]
         [Processed Buffers: Min: 6, Avg: 6.8, Max: 8, Diff: 2, Sum: 68]
      [Scan RS (ms): Min: 0.0, Avg: 0.0, Max: 0.0, Diff: 0.0, Sum: 0.1]
      [Code Root Scanning (ms): Min: 0.0, Avg: 0.0, Max: 0.0, Diff: 0.0, Sum: 0.0]
      [Object Copy (ms): Min: 6.1, Avg: 6.2, Max: 6.2, Diff: 0.1, Sum: 61.5]
      [Termination (ms): Min: 0.0, Avg: 0.1, Max: 0.1, Diff: 0.1, Sum: 0.8]
         [Termination Attempts: Min: 1, Avg: 1.1, Max: 2, Diff: 1, Sum: 11]
      [GC Worker Other (ms): Min: 0.0, Avg: 0.0, Max: 0.0, Diff: 0.0, Sum: 0.1]
      [GC Worker Total (ms): Min: 6.9, Avg: 7.0, Max: 7.2, Diff: 0.3, Sum: 69.9]
      [GC Worker End (ms): Min: 6328.0, Avg: 6328.1, Max: 6328.1, Diff: 0.1]
   [Code Root Fixup: 0.0 ms]
   [Code Root Purge: 0.0 ms]
   [Clear CT: 0.2 ms]
   [Other: 1.0 ms]
      [Choose CSet: 0.0 ms]
      [Ref Proc: 0.3 ms]
      [Ref Enq: 0.0 ms]
      [Redirty Cards: 0.3 ms]
      [Humongous Register: 0.1 ms]
      [Humongous Reclaim: 0.1 ms]
      [Free CSet: 0.1 ms]
   [Eden: 39.0M(39.0M)->0.0B(171.0M) Survivors: 63.0M->13.0M Heap: 749.3M(2048.0M)->714.8M(2048.0M)]
 [Times: user=0.07 sys=0.00, real=0.01 secs] 
2022-03-11T19:39:31.487-0800: 6.366: [GC pause (G1 Evacuation Pause) (young), 0.0105092 secs]
   [Parallel Time: 9.2 ms, GC Workers: 10]
      [GC Worker Start (ms): Min: 6366.3, Avg: 6366.4, Max: 6366.5, Diff: 0.1]
      [Ext Root Scanning (ms): Min: 0.0, Avg: 0.1, Max: 0.2, Diff: 0.1, Sum: 1.1]
      [Update RS (ms): Min: 3.3, Avg: 3.4, Max: 3.4, Diff: 0.1, Sum: 33.7]
         [Processed Buffers: Min: 34, Avg: 36.9, Max: 45, Diff: 11, Sum: 369]
      [Scan RS (ms): Min: 0.0, Avg: 0.0, Max: 0.0, Diff: 0.0, Sum: 0.1]
      [Code Root Scanning (ms): Min: 0.0, Avg: 0.0, Max: 0.0, Diff: 0.0, Sum: 0.0]
      [Object Copy (ms): Min: 5.4, Avg: 5.5, Max: 5.5, Diff: 0.2, Sum: 54.6]
      [Termination (ms): Min: 0.0, Avg: 0.1, Max: 0.1, Diff: 0.1, Sum: 0.8]
         [Termination Attempts: Min: 1, Avg: 1.0, Max: 1, Diff: 0, Sum: 10]
      [GC Worker Other (ms): Min: 0.0, Avg: 0.0, Max: 0.0, Diff: 0.0, Sum: 0.2]
      [GC Worker Total (ms): Min: 9.0, Avg: 9.1, Max: 9.1, Diff: 0.2, Sum: 90.5]
      [GC Worker End (ms): Min: 6375.4, Avg: 6375.5, Max: 6375.5, Diff: 0.1]
   [Code Root Fixup: 0.0 ms]
   [Code Root Purge: 0.0 ms]
   [Clear CT: 0.2 ms]
   [Other: 1.1 ms]
      [Choose CSet: 0.0 ms]
      [Ref Proc: 0.3 ms]
      [Ref Enq: 0.0 ms]
      [Redirty Cards: 0.3 ms]
      [Humongous Register: 0.1 ms]
      [Humongous Reclaim: 0.1 ms]
      [Free CSet: 0.1 ms]
   [Eden: 171.0M(171.0M)->0.0B(160.0M) Survivors: 13.0M->23.0M Heap: 930.5M(2048.0M)->770.9M(2048.0M)]
 [Times: user=0.09 sys=0.00, real=0.01 secs] 
2022-03-11T19:39:31.533-0800: 6.413: [GC pause (G1 Evacuation Pause) (young), 0.0109669 secs]
   [Parallel Time: 9.8 ms, GC Workers: 10]
      [GC Worker Start (ms): Min: 6412.7, Avg: 6412.9, Max: 6413.0, Diff: 0.3]
      [Ext Root Scanning (ms): Min: 0.0, Avg: 0.1, Max: 0.2, Diff: 0.2, Sum: 0.7]
      [Update RS (ms): Min: 3.8, Avg: 3.9, Max: 4.0, Diff: 0.2, Sum: 38.6]
         [Processed Buffers: Min: 39, Avg: 41.7, Max: 47, Diff: 8, Sum: 417]
      [Scan RS (ms): Min: 0.0, Avg: 0.0, Max: 0.0, Diff: 0.0, Sum: 0.2]
      [Code Root Scanning (ms): Min: 0.0, Avg: 0.0, Max: 0.0, Diff: 0.0, Sum: 0.0]
      [Object Copy (ms): Min: 5.4, Avg: 5.4, Max: 5.5, Diff: 0.1, Sum: 54.3]
      [Termination (ms): Min: 0.0, Avg: 0.1, Max: 0.1, Diff: 0.1, Sum: 0.7]
         [Termination Attempts: Min: 1, Avg: 1.0, Max: 1, Diff: 0, Sum: 10]
      [GC Worker Other (ms): Min: 0.0, Avg: 0.0, Max: 0.0, Diff: 0.0, Sum: 0.1]
      [GC Worker Total (ms): Min: 9.3, Avg: 9.5, Max: 9.6, Diff: 0.3, Sum: 94.6]
      [GC Worker End (ms): Min: 6422.3, Avg: 6422.3, Max: 6422.4, Diff: 0.0]
   [Code Root Fixup: 0.0 ms]
   [Code Root Purge: 0.0 ms]
   [Clear CT: 0.2 ms]
   [Other: 1.0 ms]
      [Choose CSet: 0.0 ms]
      [Ref Proc: 0.3 ms]
      [Ref Enq: 0.0 ms]
      [Redirty Cards: 0.2 ms]
      [Humongous Register: 0.1 ms]
      [Humongous Reclaim: 0.2 ms]
      [Free CSet: 0.1 ms]
   [Eden: 160.0M(160.0M)->0.0B(196.0M) Survivors: 23.0M->23.0M Heap: 981.5M(2048.0M)->817.3M(2048.0M)]
 [Times: user=0.10 sys=0.00, real=0.01 secs] 
2022-03-11T19:39:31.576-0800: 6.455: [GC pause (G1 Humongous Allocation) (young) (initial-mark), 0.0096721 secs]
   [Parallel Time: 8.5 ms, GC Workers: 10]
      [GC Worker Start (ms): Min: 6455.7, Avg: 6455.8, Max: 6455.8, Diff: 0.2]
      [Ext Root Scanning (ms): Min: 0.0, Avg: 0.1, Max: 0.2, Diff: 0.2, Sum: 1.1]
      [Update RS (ms): Min: 2.8, Avg: 2.9, Max: 2.9, Diff: 0.0, Sum: 28.6]
         [Processed Buffers: Min: 31, Avg: 32.8, Max: 37, Diff: 6, Sum: 328]
      [Scan RS (ms): Min: 0.0, Avg: 0.0, Max: 0.0, Diff: 0.0, Sum: 0.1]
      [Code Root Scanning (ms): Min: 0.0, Avg: 0.0, Max: 0.0, Diff: 0.0, Sum: 0.0]
      [Object Copy (ms): Min: 5.2, Avg: 5.2, Max: 5.3, Diff: 0.1, Sum: 52.1]
      [Termination (ms): Min: 0.0, Avg: 0.1, Max: 0.1, Diff: 0.1, Sum: 0.8]
         [Termination Attempts: Min: 1, Avg: 1.0, Max: 1, Diff: 0, Sum: 10]
      [GC Worker Other (ms): Min: 0.0, Avg: 0.0, Max: 0.0, Diff: 0.0, Sum: 0.1]
      [GC Worker Total (ms): Min: 8.2, Avg: 8.3, Max: 8.4, Diff: 0.2, Sum: 82.9]
      [GC Worker End (ms): Min: 6464.0, Avg: 6464.1, Max: 6464.1, Diff: 0.1]
   [Code Root Fixup: 0.0 ms]
   [Code Root Purge: 0.0 ms]
   [Clear CT: 0.2 ms]
   [Other: 1.0 ms]
      [Choose CSet: 0.0 ms]
      [Ref Proc: 0.3 ms]
      [Ref Enq: 0.0 ms]
      [Redirty Cards: 0.2 ms]
      [Humongous Register: 0.1 ms]
      [Humongous Reclaim: 0.1 ms]
      [Free CSet: 0.1 ms]
   [Eden: 146.0M(196.0M)->0.0B(212.0M) Survivors: 23.0M->28.0M Heap: 1002.3M(2048.0M)->858.7M(2048.0M)]
 [Times: user=0.08 sys=0.01, real=0.01 secs] 
2022-03-11T19:39:31.586-0800: 6.465: [GC concurrent-root-region-scan-start]
2022-03-11T19:39:31.586-0800: 6.465: [GC concurrent-root-region-scan-end, 0.0001740 secs]
2022-03-11T19:39:31.586-0800: 6.465: [GC concurrent-mark-start]
2022-03-11T19:39:31.588-0800: 6.467: [GC concurrent-mark-end, 0.0015447 secs]
2022-03-11T19:39:31.588-0800: 6.467: [GC remark 2022-03-11T19:39:31.588-0800: 6.467: [Finalize Marking, 0.0003366 secs] 2022-03-11T19:39:31.588-0800: 6.467: [GC ref-proc, 0.0000633 secs] 2022-03-11T19:39:31.588-0800: 6.468: [Unloading, 0.0004823 secs], 0.0017178 secs]
 [Times: user=0.01 sys=0.00, real=0.01 secs] 
2022-03-11T19:39:31.590-0800: 6.469: [GC cleanup 869M->727M(2048M), 0.0014428 secs]
 [Times: user=0.01 sys=0.00, real=0.00 secs] 
2022-03-11T19:39:31.591-0800: 6.470: [GC concurrent-cleanup-start]
2022-03-11T19:39:31.591-0800: 6.471: [GC concurrent-cleanup-end, 0.0000892 secs]
2022-03-11T19:39:31.633-0800: 6.512: [GC pause (G1 Evacuation Pause) (young), 0.0125701 secs]
   [Parallel Time: 11.4 ms, GC Workers: 10]
      [GC Worker Start (ms): Min: 6511.9, Avg: 6512.0, Max: 6512.1, Diff: 0.2]
      [Ext Root Scanning (ms): Min: 0.0, Avg: 0.1, Max: 0.2, Diff: 0.2, Sum: 0.7]
      [Update RS (ms): Min: 3.9, Avg: 4.0, Max: 4.0, Diff: 0.1, Sum: 39.6]
         [Processed Buffers: Min: 41, Avg: 45.8, Max: 57, Diff: 16, Sum: 458]
      [Scan RS (ms): Min: 0.0, Avg: 0.0, Max: 0.0, Diff: 0.0, Sum: 0.2]
      [Code Root Scanning (ms): Min: 0.0, Avg: 0.0, Max: 0.0, Diff: 0.0, Sum: 0.0]
      [Object Copy (ms): Min: 7.0, Avg: 7.0, Max: 7.1, Diff: 0.1, Sum: 70.3]
      [Termination (ms): Min: 0.0, Avg: 0.1, Max: 0.1, Diff: 0.1, Sum: 0.5]
         [Termination Attempts: Min: 1, Avg: 1.0, Max: 1, Diff: 0, Sum: 10]
      [GC Worker Other (ms): Min: 0.0, Avg: 0.0, Max: 0.0, Diff: 0.0, Sum: 0.2]
      [GC Worker Total (ms): Min: 11.1, Avg: 11.2, Max: 11.3, Diff: 0.3, Sum: 111.6]
      [GC Worker End (ms): Min: 6523.2, Avg: 6523.2, Max: 6523.2, Diff: 0.1]
   [Code Root Fixup: 0.0 ms]
   [Code Root Purge: 0.0 ms]
   [Clear CT: 0.2 ms]
   [Other: 1.0 ms]
      [Choose CSet: 0.0 ms]
      [Ref Proc: 0.3 ms]
      [Ref Enq: 0.0 ms]
      [Redirty Cards: 0.2 ms]
      [Humongous Register: 0.2 ms]
      [Humongous Reclaim: 0.1 ms]
      [Free CSet: 0.1 ms]
   [Eden: 212.0M(212.0M)->0.0B(72.0M) Survivors: 28.0M->30.0M Heap: 984.5M(2048.0M)->778.1M(2048.0M)]
 [Times: user=0.11 sys=0.00, real=0.01 secs] 
2022-03-11T19:39:31.660-0800: 6.540: [GC pause (G1 Evacuation Pause) (mixed), 0.0096489 secs]
   [Parallel Time: 8.3 ms, GC Workers: 10]
      [GC Worker Start (ms): Min: 6539.9, Avg: 6540.0, Max: 6540.1, Diff: 0.2]
      [Ext Root Scanning (ms): Min: 0.0, Avg: 0.1, Max: 0.2, Diff: 0.2, Sum: 0.8]
      [Update RS (ms): Min: 1.5, Avg: 1.6, Max: 1.6, Diff: 0.1, Sum: 15.9]
         [Processed Buffers: Min: 16, Avg: 17.4, Max: 21, Diff: 5, Sum: 174]
      [Scan RS (ms): Min: 0.1, Avg: 0.1, Max: 0.1, Diff: 0.1, Sum: 0.8]
      [Code Root Scanning (ms): Min: 0.0, Avg: 0.0, Max: 0.0, Diff: 0.0, Sum: 0.0]
      [Object Copy (ms): Min: 6.1, Avg: 6.2, Max: 6.3, Diff: 0.1, Sum: 62.1]
      [Termination (ms): Min: 0.0, Avg: 0.1, Max: 0.2, Diff: 0.1, Sum: 0.9]
         [Termination Attempts: Min: 1, Avg: 1.0, Max: 1, Diff: 0, Sum: 10]
      [GC Worker Other (ms): Min: 0.0, Avg: 0.0, Max: 0.0, Diff: 0.0, Sum: 0.1]
      [GC Worker Total (ms): Min: 8.0, Avg: 8.1, Max: 8.2, Diff: 0.2, Sum: 80.6]
      [GC Worker End (ms): Min: 6548.0, Avg: 6548.0, Max: 6548.1, Diff: 0.1]
   [Code Root Fixup: 0.0 ms]
   [Code Root Purge: 0.0 ms]
   [Clear CT: 0.3 ms]
   [Other: 1.1 ms]
      [Choose CSet: 0.1 ms]
      [Ref Proc: 0.2 ms]
      [Ref Enq: 0.0 ms]
      [Redirty Cards: 0.2 ms]
      [Humongous Register: 0.1 ms]
      [Humongous Reclaim: 0.1 ms]
      [Free CSet: 0.2 ms]
   [Eden: 72.0M(72.0M)->0.0B(89.0M) Survivors: 30.0M->13.0M Heap: 870.4M(2048.0M)->614.8M(2048.0M)]
 [Times: user=0.08 sys=0.00, real=0.01 secs] 
2022-03-11T19:39:31.688-0800: 6.567: [GC pause (G1 Evacuation Pause) (mixed), 0.0088865 secs]
   [Parallel Time: 7.7 ms, GC Workers: 10]
      [GC Worker Start (ms): Min: 6567.7, Avg: 6567.8, Max: 6567.8, Diff: 0.2]
      [Ext Root Scanning (ms): Min: 0.0, Avg: 0.1, Max: 0.2, Diff: 0.2, Sum: 1.0]
      [Update RS (ms): Min: 2.1, Avg: 2.1, Max: 2.1, Diff: 0.0, Sum: 20.8]
         [Processed Buffers: Min: 20, Avg: 22.2, Max: 28, Diff: 8, Sum: 222]
      [Scan RS (ms): Min: 0.0, Avg: 0.0, Max: 0.1, Diff: 0.1, Sum: 0.5]
      [Code Root Scanning (ms): Min: 0.0, Avg: 0.0, Max: 0.0, Diff: 0.0, Sum: 0.0]
      [Object Copy (ms): Min: 5.2, Avg: 5.2, Max: 5.3, Diff: 0.1, Sum: 52.3]
      [Termination (ms): Min: 0.0, Avg: 0.1, Max: 0.1, Diff: 0.1, Sum: 0.8]
         [Termination Attempts: Min: 1, Avg: 1.0, Max: 1, Diff: 0, Sum: 10]
      [GC Worker Other (ms): Min: 0.0, Avg: 0.0, Max: 0.0, Diff: 0.0, Sum: 0.1]
      [GC Worker Total (ms): Min: 7.5, Avg: 7.5, Max: 7.6, Diff: 0.2, Sum: 75.4]
      [GC Worker End (ms): Min: 6575.3, Avg: 6575.3, Max: 6575.3, Diff: 0.0]
   [Code Root Fixup: 0.0 ms]
   [Code Root Purge: 0.0 ms]
   [Clear CT: 0.2 ms]
   [Other: 0.9 ms]
      [Choose CSet: 0.0 ms]
      [Ref Proc: 0.3 ms]
      [Ref Enq: 0.0 ms]
      [Redirty Cards: 0.2 ms]
      [Humongous Register: 0.1 ms]
      [Humongous Reclaim: 0.1 ms]
      [Free CSet: 0.1 ms]
   [Eden: 89.0M(89.0M)->0.0B(465.0M) Survivors: 13.0M->13.0M Heap: 730.1M(2048.0M)->583.4M(2048.0M)]
 [Times: user=0.07 sys=0.00, real=0.01 secs] 
2022-03-11T19:39:31.785-0800: 6.664: [GC pause (G1 Evacuation Pause) (young), 0.0159835 secs]
   [Parallel Time: 14.8 ms, GC Workers: 10]
      [GC Worker Start (ms): Min: 6663.9, Avg: 6664.0, Max: 6664.1, Diff: 0.2]
      [Ext Root Scanning (ms): Min: 0.0, Avg: 0.1, Max: 0.2, Diff: 0.2, Sum: 0.7]
      [Update RS (ms): Min: 3.8, Avg: 3.8, Max: 3.9, Diff: 0.0, Sum: 38.5]
         [Processed Buffers: Min: 51, Avg: 57.1, Max: 70, Diff: 19, Sum: 571]
      [Scan RS (ms): Min: 0.0, Avg: 0.0, Max: 0.1, Diff: 0.0, Sum: 0.4]
      [Code Root Scanning (ms): Min: 0.0, Avg: 0.0, Max: 0.0, Diff: 0.0, Sum: 0.1]
      [Object Copy (ms): Min: 10.5, Avg: 10.6, Max: 10.6, Diff: 0.1, Sum: 105.8]
      [Termination (ms): Min: 0.0, Avg: 0.1, Max: 0.1, Diff: 0.1, Sum: 0.6]
         [Termination Attempts: Min: 1, Avg: 1.1, Max: 2, Diff: 1, Sum: 11]
      [GC Worker Other (ms): Min: 0.0, Avg: 0.0, Max: 0.0, Diff: 0.0, Sum: 0.1]
      [GC Worker Total (ms): Min: 14.5, Avg: 14.6, Max: 14.7, Diff: 0.2, Sum: 146.2]
      [GC Worker End (ms): Min: 6678.6, Avg: 6678.7, Max: 6678.7, Diff: 0.1]
   [Code Root Fixup: 0.0 ms]
   [Code Root Purge: 0.0 ms]
   [Clear CT: 0.2 ms]
   [Other: 1.0 ms]
      [Choose CSet: 0.0 ms]
      [Ref Proc: 0.3 ms]
      [Ref Enq: 0.0 ms]
      [Redirty Cards: 0.1 ms]
      [Humongous Register: 0.2 ms]
      [Humongous Reclaim: 0.2 ms]
      [Free CSet: 0.1 ms]
   [Eden: 465.0M(465.0M)->0.0B(434.0M) Survivors: 13.0M->60.0M Heap: 1170.4M(2048.0M)->685.7M(2048.0M)]
 [Times: user=0.14 sys=0.01, real=0.02 secs] 
2022-03-11T19:39:31.954-0800: 6.833: [GC pause (G1 Evacuation Pause) (young), 0.0315048 secs]
   [Parallel Time: 29.0 ms, GC Workers: 10]
      [GC Worker Start (ms): Min: 6833.0, Avg: 6833.1, Max: 6833.1, Diff: 0.2]
      [Ext Root Scanning (ms): Min: 0.0, Avg: 0.1, Max: 0.2, Diff: 0.2, Sum: 1.0]
      [Update RS (ms): Min: 6.4, Avg: 6.5, Max: 6.5, Diff: 0.1, Sum: 64.5]
         [Processed Buffers: Min: 62, Avg: 66.7, Max: 74, Diff: 12, Sum: 667]
      [Scan RS (ms): Min: 0.1, Avg: 0.1, Max: 0.1, Diff: 0.1, Sum: 1.0]
      [Code Root Scanning (ms): Min: 0.0, Avg: 0.0, Max: 0.0, Diff: 0.0, Sum: 0.1]
      [Object Copy (ms): Min: 21.7, Avg: 21.8, Max: 22.0, Diff: 0.3, Sum: 218.4]
      [Termination (ms): Min: 0.0, Avg: 0.2, Max: 0.4, Diff: 0.4, Sum: 2.0]
         [Termination Attempts: Min: 1, Avg: 1.1, Max: 2, Diff: 1, Sum: 11]
      [GC Worker Other (ms): Min: 0.0, Avg: 0.0, Max: 0.1, Diff: 0.0, Sum: 0.3]
      [GC Worker Total (ms): Min: 28.7, Avg: 28.7, Max: 28.8, Diff: 0.2, Sum: 287.4]
      [GC Worker End (ms): Min: 6861.8, Avg: 6861.8, Max: 6861.9, Diff: 0.1]
   [Code Root Fixup: 0.0 ms]
   [Code Root Purge: 0.0 ms]
   [Clear CT: 0.4 ms]
   [Other: 2.1 ms]
      [Choose CSet: 0.0 ms]
      [Ref Proc: 0.3 ms]
      [Ref Enq: 0.0 ms]
      [Redirty Cards: 0.2 ms]
      [Humongous Register: 0.2 ms]
      [Humongous Reclaim: 0.5 ms]
      [Free CSet: 0.6 ms]
   [Eden: 434.0M(434.0M)->0.0B(132.0M) Survivors: 60.0M->62.0M Heap: 1238.6M(2048.0M)->777.5M(2048.0M)]
 [Times: user=0.25 sys=0.01, real=0.03 secs] 
2022-03-11T19:39:32.040-0800: 6.919: [GC pause (G1 Evacuation Pause) (young), 0.0137135 secs]
   [Parallel Time: 11.5 ms, GC Workers: 10]
      [GC Worker Start (ms): Min: 6919.4, Avg: 6919.6, Max: 6919.7, Diff: 0.2]
      [Ext Root Scanning (ms): Min: 0.0, Avg: 0.1, Max: 0.3, Diff: 0.2, Sum: 1.4]
      [Update RS (ms): Min: 2.4, Avg: 2.6, Max: 2.6, Diff: 0.2, Sum: 25.8]
         [Processed Buffers: Min: 25, Avg: 27.7, Max: 33, Diff: 8, Sum: 277]
      [Scan RS (ms): Min: 0.0, Avg: 0.0, Max: 0.0, Diff: 0.0, Sum: 0.2]
      [Code Root Scanning (ms): Min: 0.0, Avg: 0.0, Max: 0.0, Diff: 0.0, Sum: 0.0]
      [Object Copy (ms): Min: 8.1, Avg: 8.2, Max: 8.3, Diff: 0.3, Sum: 82.0]
      [Termination (ms): Min: 0.0, Avg: 0.2, Max: 0.3, Diff: 0.3, Sum: 1.9]
         [Termination Attempts: Min: 1, Avg: 1.0, Max: 1, Diff: 0, Sum: 10]
      [GC Worker Other (ms): Min: 0.0, Avg: 0.0, Max: 0.1, Diff: 0.0, Sum: 0.5]
      [GC Worker Total (ms): Min: 11.0, Avg: 11.2, Max: 11.3, Diff: 0.3, Sum: 111.8]
      [GC Worker End (ms): Min: 6930.7, Avg: 6930.8, Max: 6930.9, Diff: 0.2]
   [Code Root Fixup: 0.0 ms]
   [Code Root Purge: 0.0 ms]
   [Clear CT: 0.2 ms]
   [Other: 2.0 ms]
      [Choose CSet: 0.0 ms]
      [Ref Proc: 0.3 ms]
      [Ref Enq: 0.0 ms]
      [Redirty Cards: 0.2 ms]
      [Humongous Register: 0.3 ms]
      [Humongous Reclaim: 0.4 ms]
      [Free CSet: 0.4 ms]
   [Eden: 132.0M(132.0M)->0.0B(232.0M) Survivors: 62.0M->25.0M Heap: 942.7M(2048.0M)->800.0M(2048.0M)]
 [Times: user=0.11 sys=0.00, real=0.01 secs] 
2022-03-11T19:39:32.117-0800: 6.996: [GC pause (G1 Humongous Allocation) (young) (initial-mark), 0.0132441 secs]
   [Parallel Time: 11.7 ms, GC Workers: 10]
      [GC Worker Start (ms): Min: 6996.6, Avg: 6996.7, Max: 6996.8, Diff: 0.2]
      [Ext Root Scanning (ms): Min: 0.1, Avg: 0.2, Max: 0.3, Diff: 0.2, Sum: 1.8]
      [Update RS (ms): Min: 4.0, Avg: 4.1, Max: 4.1, Diff: 0.1, Sum: 40.8]
         [Processed Buffers: Min: 36, Avg: 41.0, Max: 52, Diff: 16, Sum: 410]
      [Scan RS (ms): Min: 0.0, Avg: 0.0, Max: 0.1, Diff: 0.1, Sum: 0.3]
      [Code Root Scanning (ms): Min: 0.0, Avg: 0.0, Max: 0.0, Diff: 0.0, Sum: 0.0]
      [Object Copy (ms): Min: 7.1, Avg: 7.1, Max: 7.2, Diff: 0.1, Sum: 71.2]
      [Termination (ms): Min: 0.0, Avg: 0.1, Max: 0.1, Diff: 0.1, Sum: 0.7]
         [Termination Attempts: Min: 1, Avg: 1.0, Max: 1, Diff: 0, Sum: 10]
      [GC Worker Other (ms): Min: 0.0, Avg: 0.0, Max: 0.0, Diff: 0.0, Sum: 0.3]
      [GC Worker Total (ms): Min: 11.4, Avg: 11.5, Max: 11.7, Diff: 0.2, Sum: 115.2]
      [GC Worker End (ms): Min: 7008.2, Avg: 7008.2, Max: 7008.2, Diff: 0.1]
   [Code Root Fixup: 0.0 ms]
   [Code Root Purge: 0.0 ms]
   [Clear CT: 0.2 ms]
   [Other: 1.3 ms]
      [Choose CSet: 0.0 ms]
      [Ref Proc: 0.2 ms]
      [Ref Enq: 0.0 ms]
      [Redirty Cards: 0.2 ms]
      [Humongous Register: 0.3 ms]
      [Humongous Reclaim: 0.1 ms]
      [Free CSet: 0.1 ms]
   [Eden: 183.0M(232.0M)->0.0B(226.0M) Survivors: 25.0M->33.0M Heap: 1032.1M(2048.0M)->847.4M(2048.0M)]
 [Times: user=0.12 sys=0.01, real=0.02 secs] 
2022-03-11T19:39:32.130-0800: 7.009: [GC concurrent-root-region-scan-start]
2022-03-11T19:39:32.130-0800: 7.010: [GC concurrent-root-region-scan-end, 0.0001182 secs]
2022-03-11T19:39:32.130-0800: 7.010: [GC concurrent-mark-start]
2022-03-11T19:39:32.132-0800: 7.011: [GC concurrent-mark-end, 0.0016901 secs]
2022-03-11T19:39:32.132-0800: 7.011: [GC remark 2022-03-11T19:39:32.132-0800: 7.011: [Finalize Marking, 0.0004403 secs] 2022-03-11T19:39:32.133-0800: 7.012: [GC ref-proc, 0.0000686 secs] 2022-03-11T19:39:32.133-0800: 7.012: [Unloading, 0.0004837 secs], 0.0019288 secs]
 [Times: user=0.01 sys=0.00, real=0.00 secs] 
2022-03-11T19:39:32.134-0800: 7.013: [GC cleanup 856M->687M(2048M), 0.0015081 secs]
 [Times: user=0.00 sys=0.00, real=0.00 secs] 
2022-03-11T19:39:32.136-0800: 7.015: [GC concurrent-cleanup-start]
2022-03-11T19:39:32.136-0800: 7.015: [GC concurrent-cleanup-end, 0.0001083 secs]
2022-03-11T19:39:32.181-0800: 7.060: [GC pause (G1 Evacuation Pause) (young), 0.0143249 secs]
   [Parallel Time: 13.1 ms, GC Workers: 10]
      [GC Worker Start (ms): Min: 7060.4, Avg: 7060.5, Max: 7060.6, Diff: 0.2]
      [Ext Root Scanning (ms): Min: 0.0, Avg: 0.1, Max: 0.2, Diff: 0.2, Sum: 0.9]
      [Update RS (ms): Min: 5.1, Avg: 5.2, Max: 5.2, Diff: 0.1, Sum: 51.6]
         [Processed Buffers: Min: 55, Avg: 60.5, Max: 76, Diff: 21, Sum: 605]
      [Scan RS (ms): Min: 0.0, Avg: 0.0, Max: 0.1, Diff: 0.0, Sum: 0.2]
      [Code Root Scanning (ms): Min: 0.0, Avg: 0.0, Max: 0.0, Diff: 0.0, Sum: 0.0]
      [Object Copy (ms): Min: 7.5, Avg: 7.6, Max: 7.6, Diff: 0.1, Sum: 75.8]
      [Termination (ms): Min: 0.0, Avg: 0.1, Max: 0.1, Diff: 0.1, Sum: 0.6]
         [Termination Attempts: Min: 1, Avg: 1.0, Max: 1, Diff: 0, Sum: 10]
      [GC Worker Other (ms): Min: 0.0, Avg: 0.0, Max: 0.0, Diff: 0.0, Sum: 0.1]
      [GC Worker Total (ms): Min: 12.8, Avg: 12.9, Max: 13.0, Diff: 0.2, Sum: 129.3]
      [GC Worker End (ms): Min: 7073.4, Avg: 7073.4, Max: 7073.5, Diff: 0.1]
   [Code Root Fixup: 0.0 ms]
   [Code Root Purge: 0.0 ms]
   [Clear CT: 0.2 ms]
   [Other: 1.0 ms]
      [Choose CSet: 0.0 ms]
      [Ref Proc: 0.3 ms]
      [Ref Enq: 0.0 ms]
      [Redirty Cards: 0.2 ms]
      [Humongous Register: 0.1 ms]
      [Humongous Reclaim: 0.1 ms]
      [Free CSet: 0.1 ms]
   [Eden: 226.0M(226.0M)->0.0B(69.0M) Survivors: 33.0M->33.0M Heap: 978.6M(2048.0M)->745.0M(2048.0M)]
 [Times: user=0.13 sys=0.00, real=0.01 secs] 
2022-03-11T19:39:32.210-0800: 7.089: [GC pause (G1 Evacuation Pause) (mixed), 0.0096837 secs]
   [Parallel Time: 8.4 ms, GC Workers: 10]
      [GC Worker Start (ms): Min: 7089.6, Avg: 7089.7, Max: 7089.8, Diff: 0.2]
      [Ext Root Scanning (ms): Min: 0.0, Avg: 0.1, Max: 0.2, Diff: 0.2, Sum: 1.0]
      [Update RS (ms): Min: 1.7, Avg: 1.7, Max: 1.8, Diff: 0.1, Sum: 17.2]
         [Processed Buffers: Min: 17, Avg: 19.3, Max: 24, Diff: 7, Sum: 193]
      [Scan RS (ms): Min: 0.0, Avg: 0.1, Max: 0.3, Diff: 0.2, Sum: 0.9]
      [Code Root Scanning (ms): Min: 0.0, Avg: 0.0, Max: 0.0, Diff: 0.0, Sum: 0.1]
      [Object Copy (ms): Min: 6.0, Avg: 6.2, Max: 6.2, Diff: 0.2, Sum: 62.1]
      [Termination (ms): Min: 0.0, Avg: 0.0, Max: 0.1, Diff: 0.1, Sum: 0.3]
         [Termination Attempts: Min: 1, Avg: 1.0, Max: 1, Diff: 0, Sum: 10]
      [GC Worker Other (ms): Min: 0.0, Avg: 0.0, Max: 0.0, Diff: 0.0, Sum: 0.2]
      [GC Worker Total (ms): Min: 8.1, Avg: 8.2, Max: 8.3, Diff: 0.1, Sum: 81.8]
      [GC Worker End (ms): Min: 7097.9, Avg: 7097.9, Max: 7097.9, Diff: 0.0]
   [Code Root Fixup: 0.0 ms]
   [Code Root Purge: 0.0 ms]
   [Clear CT: 0.2 ms]
   [Other: 1.2 ms]
      [Choose CSet: 0.1 ms]
      [Ref Proc: 0.3 ms]
      [Ref Enq: 0.0 ms]
      [Redirty Cards: 0.2 ms]
      [Humongous Register: 0.1 ms]
      [Humongous Reclaim: 0.1 ms]
      [Free CSet: 0.2 ms]
   [Eden: 69.0M(69.0M)->0.0B(89.0M) Survivors: 33.0M->13.0M Heap: 836.7M(2048.0M)->575.8M(2048.0M)]
 [Times: user=0.08 sys=0.00, real=0.01 secs] 
2022-03-11T19:39:32.239-0800: 7.118: [GC pause (G1 Evacuation Pause) (mixed), 0.0065799 secs]
   [Parallel Time: 5.5 ms, GC Workers: 10]
      [GC Worker Start (ms): Min: 7118.1, Avg: 7118.2, Max: 7118.2, Diff: 0.2]
      [Ext Root Scanning (ms): Min: 0.0, Avg: 0.1, Max: 0.2, Diff: 0.2, Sum: 1.0]
      [Update RS (ms): Min: 1.5, Avg: 1.5, Max: 1.6, Diff: 0.1, Sum: 15.4]
         [Processed Buffers: Min: 15, Avg: 16.7, Max: 20, Diff: 5, Sum: 167]
      [Scan RS (ms): Min: 0.0, Avg: 0.0, Max: 0.1, Diff: 0.1, Sum: 0.2]
      [Code Root Scanning (ms): Min: 0.0, Avg: 0.0, Max: 0.0, Diff: 0.0, Sum: 0.0]
      [Object Copy (ms): Min: 3.5, Avg: 3.6, Max: 3.6, Diff: 0.1, Sum: 35.8]
      [Termination (ms): Min: 0.0, Avg: 0.1, Max: 0.1, Diff: 0.1, Sum: 0.5]
         [Termination Attempts: Min: 1, Avg: 1.0, Max: 1, Diff: 0, Sum: 10]
      [GC Worker Other (ms): Min: 0.0, Avg: 0.0, Max: 0.0, Diff: 0.0, Sum: 0.2]
      [GC Worker Total (ms): Min: 5.2, Avg: 5.3, Max: 5.4, Diff: 0.2, Sum: 53.1]
      [GC Worker End (ms): Min: 7123.5, Avg: 7123.5, Max: 7123.5, Diff: 0.1]
   [Code Root Fixup: 0.0 ms]
   [Code Root Purge: 0.0 ms]
   [Clear CT: 0.2 ms]
   [Other: 0.9 ms]
      [Choose CSet: 0.0 ms]
      [Ref Proc: 0.3 ms]
      [Ref Enq: 0.0 ms]
      [Redirty Cards: 0.2 ms]
      [Humongous Register: 0.1 ms]
      [Humongous Reclaim: 0.1 ms]
      [Free CSet: 0.1 ms]
   [Eden: 89.0M(89.0M)->0.0B(417.0M) Survivors: 13.0M->13.0M Heap: 684.2M(2048.0M)->576.7M(2048.0M)]
 [Times: user=0.05 sys=0.01, real=0.01 secs] 
2022-03-11T19:39:32.331-0800: 7.210: [GC pause (G1 Evacuation Pause) (young), 0.0156837 secs]
   [Parallel Time: 14.4 ms, GC Workers: 10]
      [GC Worker Start (ms): Min: 7210.5, Avg: 7210.6, Max: 7210.7, Diff: 0.2]
      [Ext Root Scanning (ms): Min: 0.0, Avg: 0.1, Max: 0.2, Diff: 0.2, Sum: 0.7]
      [Update RS (ms): Min: 4.0, Avg: 4.0, Max: 4.0, Diff: 0.0, Sum: 39.8]
         [Processed Buffers: Min: 53, Avg: 58.3, Max: 63, Diff: 10, Sum: 583]
      [Scan RS (ms): Min: 0.0, Avg: 0.0, Max: 0.1, Diff: 0.0, Sum: 0.4]
      [Code Root Scanning (ms): Min: 0.0, Avg: 0.0, Max: 0.0, Diff: 0.0, Sum: 0.1]
      [Object Copy (ms): Min: 9.9, Avg: 10.0, Max: 10.1, Diff: 0.2, Sum: 99.5]
      [Termination (ms): Min: 0.0, Avg: 0.2, Max: 0.2, Diff: 0.2, Sum: 2.0]
         [Termination Attempts: Min: 1, Avg: 1.0, Max: 1, Diff: 0, Sum: 10]
      [GC Worker Other (ms): Min: 0.0, Avg: 0.0, Max: 0.0, Diff: 0.0, Sum: 0.2]
      [GC Worker Total (ms): Min: 14.2, Avg: 14.3, Max: 14.4, Diff: 0.2, Sum: 142.6]
      [GC Worker End (ms): Min: 7224.8, Avg: 7224.9, Max: 7224.9, Diff: 0.1]
   [Code Root Fixup: 0.0 ms]
   [Code Root Purge: 0.0 ms]
   [Clear CT: 0.2 ms]
   [Other: 1.1 ms]
      [Choose CSet: 0.0 ms]
      [Ref Proc: 0.4 ms]
      [Ref Enq: 0.0 ms]
      [Redirty Cards: 0.1 ms]
      [Humongous Register: 0.1 ms]
      [Humongous Reclaim: 0.2 ms]
      [Free CSet: 0.1 ms]
   [Eden: 417.0M(417.0M)->0.0B(48.0M) Survivors: 13.0M->54.0M Heap: 1107.6M(2048.0M)->681.7M(2048.0M)]
 [Times: user=0.14 sys=0.00, real=0.01 secs] 
2022-03-11T19:39:32.359-0800: 7.238: [GC pause (G1 Evacuation Pause) (young), 0.0082595 secs]
   [Parallel Time: 7.2 ms, GC Workers: 10]
      [GC Worker Start (ms): Min: 7238.0, Avg: 7238.1, Max: 7238.2, Diff: 0.2]
      [Ext Root Scanning (ms): Min: 0.0, Avg: 0.1, Max: 0.2, Diff: 0.2, Sum: 0.8]
      [Update RS (ms): Min: 1.2, Avg: 1.2, Max: 1.3, Diff: 0.1, Sum: 12.4]
         [Processed Buffers: Min: 13, Avg: 13.9, Max: 17, Diff: 4, Sum: 139]
      [Scan RS (ms): Min: 0.0, Avg: 0.0, Max: 0.0, Diff: 0.0, Sum: 0.1]
      [Code Root Scanning (ms): Min: 0.0, Avg: 0.0, Max: 0.0, Diff: 0.0, Sum: 0.0]
      [Object Copy (ms): Min: 5.4, Avg: 5.4, Max: 5.5, Diff: 0.1, Sum: 54.4]
      [Termination (ms): Min: 0.0, Avg: 0.1, Max: 0.3, Diff: 0.3, Sum: 1.1]
         [Termination Attempts: Min: 1, Avg: 1.0, Max: 1, Diff: 0, Sum: 10]
      [GC Worker Other (ms): Min: 0.0, Avg: 0.0, Max: 0.0, Diff: 0.0, Sum: 0.1]
      [GC Worker Total (ms): Min: 6.8, Avg: 6.9, Max: 7.0, Diff: 0.2, Sum: 68.8]
      [GC Worker End (ms): Min: 7245.0, Avg: 7245.0, Max: 7245.1, Diff: 0.1]
   [Code Root Fixup: 0.0 ms]
   [Code Root Purge: 0.0 ms]
   [Clear CT: 0.2 ms]
   [Other: 0.9 ms]
      [Choose CSet: 0.0 ms]
      [Ref Proc: 0.3 ms]
      [Ref Enq: 0.0 ms]
      [Redirty Cards: 0.1 ms]
      [Humongous Register: 0.1 ms]
      [Humongous Reclaim: 0.1 ms]
      [Free CSet: 0.1 ms]
   [Eden: 48.0M(48.0M)->0.0B(89.0M) Survivors: 54.0M->13.0M Heap: 745.7M(2048.0M)->696.2M(2048.0M)]
 [Times: user=0.07 sys=0.00, real=0.01 secs] 
2022-03-11T19:39:32.387-0800: 7.266: [GC pause (G1 Evacuation Pause) (young), 0.0073476 secs]
   [Parallel Time: 6.4 ms, GC Workers: 10]
      [GC Worker Start (ms): Min: 7266.2, Avg: 7266.3, Max: 7266.3, Diff: 0.2]
      [Ext Root Scanning (ms): Min: 0.0, Avg: 0.1, Max: 0.2, Diff: 0.2, Sum: 0.9]
      [Update RS (ms): Min: 2.5, Avg: 2.6, Max: 2.6, Diff: 0.1, Sum: 25.7]
         [Processed Buffers: Min: 26, Avg: 28.3, Max: 35, Diff: 9, Sum: 283]
      [Scan RS (ms): Min: 0.0, Avg: 0.0, Max: 0.0, Diff: 0.0, Sum: 0.1]
      [Code Root Scanning (ms): Min: 0.0, Avg: 0.0, Max: 0.0, Diff: 0.0, Sum: 0.0]
      [Object Copy (ms): Min: 3.2, Avg: 3.3, Max: 3.4, Diff: 0.1, Sum: 33.1]
      [Termination (ms): Min: 0.0, Avg: 0.1, Max: 0.2, Diff: 0.2, Sum: 0.9]
         [Termination Attempts: Min: 1, Avg: 1.0, Max: 1, Diff: 0, Sum: 10]
      [GC Worker Other (ms): Min: 0.0, Avg: 0.0, Max: 0.0, Diff: 0.0, Sum: 0.1]
      [GC Worker Total (ms): Min: 6.0, Avg: 6.1, Max: 6.2, Diff: 0.2, Sum: 60.8]
      [GC Worker End (ms): Min: 7272.3, Avg: 7272.3, Max: 7272.4, Diff: 0.1]
   [Code Root Fixup: 0.0 ms]
   [Code Root Purge: 0.0 ms]
   [Clear CT: 0.1 ms]
   [Other: 0.9 ms]
      [Choose CSet: 0.0 ms]
      [Ref Proc: 0.3 ms]
      [Ref Enq: 0.0 ms]
      [Redirty Cards: 0.1 ms]
      [Humongous Register: 0.1 ms]
      [Humongous Reclaim: 0.1 ms]
      [Free CSet: 0.1 ms]
   [Eden: 89.0M(89.0M)->0.0B(101.0M) Survivors: 13.0M->13.0M Heap: 819.1M(2048.0M)->728.5M(2048.0M)]
 [Times: user=0.06 sys=0.00, real=0.01 secs] 
2022-03-11T19:39:32.420-0800: 7.300: [GC pause (G1 Evacuation Pause) (young), 0.0069446 secs]
   [Parallel Time: 5.9 ms, GC Workers: 10]
      [GC Worker Start (ms): Min: 7299.7, Avg: 7299.8, Max: 7299.9, Diff: 0.2]
      [Ext Root Scanning (ms): Min: 0.0, Avg: 0.1, Max: 0.2, Diff: 0.2, Sum: 0.9]
      [Update RS (ms): Min: 1.9, Avg: 2.0, Max: 2.0, Diff: 0.1, Sum: 19.6]
         [Processed Buffers: Min: 19, Avg: 21.9, Max: 23, Diff: 4, Sum: 219]
      [Scan RS (ms): Min: 0.0, Avg: 0.0, Max: 0.0, Diff: 0.0, Sum: 0.1]
      [Code Root Scanning (ms): Min: 0.0, Avg: 0.0, Max: 0.0, Diff: 0.0, Sum: 0.0]
      [Object Copy (ms): Min: 3.5, Avg: 3.6, Max: 3.7, Diff: 0.1, Sum: 35.9]
      [Termination (ms): Min: 0.0, Avg: 0.1, Max: 0.1, Diff: 0.1, Sum: 0.6]
         [Termination Attempts: Min: 1, Avg: 1.0, Max: 1, Diff: 0, Sum: 10]
      [GC Worker Other (ms): Min: 0.0, Avg: 0.0, Max: 0.0, Diff: 0.0, Sum: 0.1]
      [GC Worker Total (ms): Min: 5.7, Avg: 5.7, Max: 5.9, Diff: 0.2, Sum: 57.4]
      [GC Worker End (ms): Min: 7305.5, Avg: 7305.5, Max: 7305.6, Diff: 0.0]
   [Code Root Fixup: 0.0 ms]
   [Code Root Purge: 0.0 ms]
   [Clear CT: 0.2 ms]
   [Other: 0.8 ms]
      [Choose CSet: 0.0 ms]
      [Ref Proc: 0.3 ms]
      [Ref Enq: 0.0 ms]
      [Redirty Cards: 0.2 ms]
      [Humongous Register: 0.1 ms]
      [Humongous Reclaim: 0.1 ms]
      [Free CSet: 0.1 ms]
   [Eden: 101.0M(101.0M)->0.0B(124.0M) Survivors: 13.0M->15.0M Heap: 855.4M(2048.0M)->758.2M(2048.0M)]
 [Times: user=0.06 sys=0.00, real=0.00 secs] 
2022-03-11T19:39:32.453-0800: 7.332: [GC pause (G1 Evacuation Pause) (young), 0.0074903 secs]
   [Parallel Time: 6.5 ms, GC Workers: 10]
      [GC Worker Start (ms): Min: 7332.2, Avg: 7332.3, Max: 7332.4, Diff: 0.2]
      [Ext Root Scanning (ms): Min: 0.0, Avg: 0.1, Max: 0.2, Diff: 0.2, Sum: 0.7]
      [Update RS (ms): Min: 2.2, Avg: 2.2, Max: 2.3, Diff: 0.1, Sum: 22.4]
         [Processed Buffers: Min: 23, Avg: 25.1, Max: 30, Diff: 7, Sum: 251]
      [Scan RS (ms): Min: 0.0, Avg: 0.0, Max: 0.0, Diff: 0.0, Sum: 0.1]
      [Code Root Scanning (ms): Min: 0.0, Avg: 0.0, Max: 0.0, Diff: 0.0, Sum: 0.0]
      [Object Copy (ms): Min: 3.9, Avg: 3.9, Max: 4.0, Diff: 0.1, Sum: 39.4]
      [Termination (ms): Min: 0.0, Avg: 0.1, Max: 0.1, Diff: 0.1, Sum: 0.7]
         [Termination Attempts: Min: 1, Avg: 1.0, Max: 1, Diff: 0, Sum: 10]
      [GC Worker Other (ms): Min: 0.0, Avg: 0.0, Max: 0.0, Diff: 0.0, Sum: 0.1]
      [GC Worker Total (ms): Min: 6.2, Avg: 6.3, Max: 6.5, Diff: 0.3, Sum: 63.5]
      [GC Worker End (ms): Min: 7338.6, Avg: 7338.7, Max: 7338.7, Diff: 0.1]
   [Code Root Fixup: 0.0 ms]
   [Code Root Purge: 0.0 ms]
   [Clear CT: 0.1 ms]
   [Other: 0.8 ms]
      [Choose CSet: 0.0 ms]
      [Ref Proc: 0.3 ms]
      [Ref Enq: 0.0 ms]
      [Redirty Cards: 0.1 ms]
      [Humongous Register: 0.1 ms]
      [Humongous Reclaim: 0.1 ms]
      [Free CSet: 0.1 ms]
   [Eden: 124.0M(124.0M)->0.0B(143.0M) Survivors: 15.0M->18.0M Heap: 912.1M(2048.0M)->784.2M(2048.0M)]
 [Times: user=0.07 sys=0.01, real=0.01 secs] 
2022-03-11T19:39:32.489-0800: 7.368: [GC pause (G1 Evacuation Pause) (young), 0.0095628 secs]
   [Parallel Time: 8.6 ms, GC Workers: 10]
      [GC Worker Start (ms): Min: 7368.4, Avg: 7368.5, Max: 7368.6, Diff: 0.2]
      [Ext Root Scanning (ms): Min: 0.0, Avg: 0.1, Max: 0.2, Diff: 0.2, Sum: 0.9]
      [Update RS (ms): Min: 3.1, Avg: 3.1, Max: 3.1, Diff: 0.1, Sum: 31.0]
         [Processed Buffers: Min: 34, Avg: 36.3, Max: 45, Diff: 11, Sum: 363]
      [Scan RS (ms): Min: 0.0, Avg: 0.0, Max: 0.0, Diff: 0.0, Sum: 0.1]
      [Code Root Scanning (ms): Min: 0.0, Avg: 0.0, Max: 0.0, Diff: 0.0, Sum: 0.0]
      [Object Copy (ms): Min: 5.0, Avg: 5.1, Max: 5.2, Diff: 0.1, Sum: 50.6]
      [Termination (ms): Min: 0.0, Avg: 0.1, Max: 0.2, Diff: 0.2, Sum: 1.2]
         [Termination Attempts: Min: 1, Avg: 1.0, Max: 1, Diff: 0, Sum: 10]
      [GC Worker Other (ms): Min: 0.0, Avg: 0.0, Max: 0.0, Diff: 0.0, Sum: 0.1]
      [GC Worker Total (ms): Min: 8.3, Avg: 8.4, Max: 8.5, Diff: 0.2, Sum: 84.0]
      [GC Worker End (ms): Min: 7376.8, Avg: 7376.9, Max: 7377.0, Diff: 0.1]
   [Code Root Fixup: 0.0 ms]
   [Code Root Purge: 0.0 ms]
   [Clear CT: 0.1 ms]
   [Other: 0.8 ms]
      [Choose CSet: 0.0 ms]
      [Ref Proc: 0.3 ms]
      [Ref Enq: 0.0 ms]
      [Redirty Cards: 0.1 ms]
      [Humongous Register: 0.1 ms]
      [Humongous Reclaim: 0.1 ms]
      [Free CSet: 0.1 ms]
   [Eden: 143.0M(143.0M)->0.0B(151.0M) Survivors: 18.0M->21.0M Heap: 971.1M(2048.0M)->823.1M(2048.0M)]
 [Times: user=0.09 sys=0.00, real=0.01 secs] 
2022-03-11T19:39:32.521-0800: 7.400: [GC pause (G1 Humongous Allocation) (young) (initial-mark), 0.0079899 secs]
   [Parallel Time: 7.0 ms, GC Workers: 10]
      [GC Worker Start (ms): Min: 7400.5, Avg: 7400.6, Max: 7400.7, Diff: 0.2]
      [Ext Root Scanning (ms): Min: 0.0, Avg: 0.1, Max: 0.2, Diff: 0.2, Sum: 1.1]
      [Update RS (ms): Min: 2.3, Avg: 2.3, Max: 2.3, Diff: 0.1, Sum: 22.8]
         [Processed Buffers: Min: 24, Avg: 26.4, Max: 32, Diff: 8, Sum: 264]
      [Scan RS (ms): Min: 0.0, Avg: 0.0, Max: 0.0, Diff: 0.0, Sum: 0.1]
      [Code Root Scanning (ms): Min: 0.0, Avg: 0.0, Max: 0.0, Diff: 0.0, Sum: 0.0]
      [Object Copy (ms): Min: 4.2, Avg: 4.3, Max: 4.4, Diff: 0.1, Sum: 42.9]
      [Termination (ms): Min: 0.0, Avg: 0.1, Max: 0.1, Diff: 0.1, Sum: 0.8]
         [Termination Attempts: Min: 1, Avg: 1.2, Max: 2, Diff: 1, Sum: 12]
      [GC Worker Other (ms): Min: 0.0, Avg: 0.0, Max: 0.0, Diff: 0.0, Sum: 0.1]
      [GC Worker Total (ms): Min: 6.7, Avg: 6.8, Max: 6.9, Diff: 0.2, Sum: 67.8]
      [GC Worker End (ms): Min: 7407.4, Avg: 7407.4, Max: 7407.5, Diff: 0.0]
   [Code Root Fixup: 0.0 ms]
   [Code Root Purge: 0.0 ms]
   [Clear CT: 0.1 ms]
   [Other: 0.9 ms]
      [Choose CSet: 0.0 ms]
      [Ref Proc: 0.3 ms]
      [Ref Enq: 0.0 ms]
      [Redirty Cards: 0.1 ms]
      [Humongous Register: 0.1 ms]
      [Humongous Reclaim: 0.1 ms]
      [Free CSet: 0.1 ms]
   [Eden: 106.0M(151.0M)->0.0B(174.0M) Survivors: 21.0M->22.0M Heap: 960.2M(2048.0M)->853.3M(2048.0M)]
 [Times: user=0.07 sys=0.00, real=0.00 secs] 
2022-03-11T19:39:32.529-0800: 7.408: [GC concurrent-root-region-scan-start]
2022-03-11T19:39:32.529-0800: 7.409: [GC concurrent-root-region-scan-end, 0.0000999 secs]
2022-03-11T19:39:32.529-0800: 7.409: [GC concurrent-mark-start]
2022-03-11T19:39:32.531-0800: 7.410: [GC concurrent-mark-end, 0.0014003 secs]
2022-03-11T19:39:32.531-0800: 7.410: [GC remark 2022-03-11T19:39:32.531-0800: 7.410: [Finalize Marking, 0.0003068 secs] 2022-03-11T19:39:32.531-0800: 7.410: [GC ref-proc, 0.0000581 secs] 2022-03-11T19:39:32.531-0800: 7.410: [Unloading, 0.0004962 secs], 0.0016454 secs]
 [Times: user=0.01 sys=0.00, real=0.00 secs] 
2022-03-11T19:39:32.533-0800: 7.412: [GC cleanup 862M->712M(2048M), 0.0014135 secs]
 [Times: user=0.01 sys=0.00, real=0.00 secs] 
2022-03-11T19:39:32.534-0800: 7.413: [GC concurrent-cleanup-start]
2022-03-11T19:39:32.534-0800: 7.413: [GC concurrent-cleanup-end, 0.0001194 secs]
2022-03-11T19:39:32.567-0800: 7.446: [GC pause (G1 Evacuation Pause) (young), 0.0103381 secs]
   [Parallel Time: 9.3 ms, GC Workers: 10]
      [GC Worker Start (ms): Min: 7446.2, Avg: 7446.3, Max: 7446.3, Diff: 0.2]
      [Ext Root Scanning (ms): Min: 0.0, Avg: 0.1, Max: 0.2, Diff: 0.2, Sum: 1.0]
      [Update RS (ms): Min: 3.0, Avg: 3.1, Max: 3.1, Diff: 0.1, Sum: 30.9]
         [Processed Buffers: Min: 33, Avg: 35.8, Max: 43, Diff: 10, Sum: 358]
      [Scan RS (ms): Min: 0.0, Avg: 0.0, Max: 0.0, Diff: 0.0, Sum: 0.2]
      [Code Root Scanning (ms): Min: 0.0, Avg: 0.0, Max: 0.0, Diff: 0.0, Sum: 0.0]
      [Object Copy (ms): Min: 5.8, Avg: 5.8, Max: 5.9, Diff: 0.1, Sum: 58.1]
      [Termination (ms): Min: 0.0, Avg: 0.1, Max: 0.1, Diff: 0.1, Sum: 0.6]
         [Termination Attempts: Min: 1, Avg: 1.0, Max: 1, Diff: 0, Sum: 10]
      [GC Worker Other (ms): Min: 0.0, Avg: 0.0, Max: 0.0, Diff: 0.0, Sum: 0.1]
      [GC Worker Total (ms): Min: 9.0, Avg: 9.1, Max: 9.2, Diff: 0.2, Sum: 91.0]
      [GC Worker End (ms): Min: 7455.4, Avg: 7455.4, Max: 7455.4, Diff: 0.0]
   [Code Root Fixup: 0.0 ms]
   [Code Root Purge: 0.0 ms]
   [Clear CT: 0.1 ms]
   [Other: 0.9 ms]
      [Choose CSet: 0.0 ms]
      [Ref Proc: 0.3 ms]
      [Ref Enq: 0.0 ms]
      [Redirty Cards: 0.2 ms]
      [Humongous Register: 0.1 ms]
      [Humongous Reclaim: 0.1 ms]
      [Free CSet: 0.1 ms]
   [Eden: 174.0M(174.0M)->0.0B(77.0M) Survivors: 22.0M->25.0M Heap: 920.5M(2048.0M)->741.1M(2048.0M)]
 [Times: user=0.09 sys=0.00, real=0.01 secs] 
2022-03-11T19:39:32.591-0800: 7.470: [GC pause (G1 Evacuation Pause) (mixed), 0.0091991 secs]
   [Parallel Time: 7.9 ms, GC Workers: 10]
      [GC Worker Start (ms): Min: 7470.5, Avg: 7470.6, Max: 7470.7, Diff: 0.2]
      [Ext Root Scanning (ms): Min: 0.0, Avg: 0.1, Max: 0.2, Diff: 0.2, Sum: 1.0]
      [Update RS (ms): Min: 1.2, Avg: 1.2, Max: 1.2, Diff: 0.1, Sum: 11.9]
         [Processed Buffers: Min: 12, Avg: 13.3, Max: 16, Diff: 4, Sum: 133]
      [Scan RS (ms): Min: 0.0, Avg: 0.1, Max: 0.1, Diff: 0.1, Sum: 0.8]
      [Code Root Scanning (ms): Min: 0.0, Avg: 0.0, Max: 0.0, Diff: 0.0, Sum: 0.1]
      [Object Copy (ms): Min: 6.0, Avg: 6.1, Max: 6.2, Diff: 0.2, Sum: 61.3]
      [Termination (ms): Min: 0.0, Avg: 0.1, Max: 0.3, Diff: 0.3, Sum: 1.2]
         [Termination Attempts: Min: 1, Avg: 1.0, Max: 1, Diff: 0, Sum: 10]
      [GC Worker Other (ms): Min: 0.0, Avg: 0.0, Max: 0.0, Diff: 0.0, Sum: 0.1]
      [GC Worker Total (ms): Min: 7.5, Avg: 7.6, Max: 7.7, Diff: 0.2, Sum: 76.5]
      [GC Worker End (ms): Min: 7478.2, Avg: 7478.2, Max: 7478.3, Diff: 0.1]
   [Code Root Fixup: 0.0 ms]
   [Code Root Purge: 0.0 ms]
   [Clear CT: 0.2 ms]
   [Other: 1.1 ms]
      [Choose CSet: 0.1 ms]
      [Ref Proc: 0.3 ms]
      [Ref Enq: 0.0 ms]
      [Redirty Cards: 0.1 ms]
      [Humongous Register: 0.1 ms]
      [Humongous Reclaim: 0.1 ms]
      [Free CSet: 0.2 ms]
   [Eden: 77.0M(77.0M)->0.0B(89.0M) Survivors: 25.0M->13.0M Heap: 833.3M(2048.0M)->578.5M(2048.0M)]
 [Times: user=0.08 sys=0.01, real=0.01 secs] 
2022-03-11T19:39:32.620-0800: 7.500: [GC pause (G1 Evacuation Pause) (mixed), 0.0081720 secs]
   [Parallel Time: 7.0 ms, GC Workers: 10]
      [GC Worker Start (ms): Min: 7499.8, Avg: 7499.8, Max: 7499.9, Diff: 0.1]
      [Ext Root Scanning (ms): Min: 0.1, Avg: 0.1, Max: 0.2, Diff: 0.1, Sum: 1.1]
      [Update RS (ms): Min: 2.0, Avg: 2.0, Max: 2.1, Diff: 0.1, Sum: 20.3]
         [Processed Buffers: Min: 19, Avg: 21.4, Max: 24, Diff: 5, Sum: 214]
      [Scan RS (ms): Min: 0.0, Avg: 0.0, Max: 0.1, Diff: 0.1, Sum: 0.4]
      [Code Root Scanning (ms): Min: 0.0, Avg: 0.0, Max: 0.0, Diff: 0.0, Sum: 0.0]
      [Object Copy (ms): Min: 4.6, Avg: 4.6, Max: 4.7, Diff: 0.1, Sum: 46.3]
      [Termination (ms): Min: 0.0, Avg: 0.0, Max: 0.0, Diff: 0.0, Sum: 0.2]
         [Termination Attempts: Min: 1, Avg: 1.1, Max: 2, Diff: 1, Sum: 11]
      [GC Worker Other (ms): Min: 0.0, Avg: 0.0, Max: 0.0, Diff: 0.0, Sum: 0.2]
      [GC Worker Total (ms): Min: 6.8, Avg: 6.9, Max: 6.9, Diff: 0.1, Sum: 68.5]
      [GC Worker End (ms): Min: 7506.7, Avg: 7506.7, Max: 7506.7, Diff: 0.0]
   [Code Root Fixup: 0.0 ms]
   [Code Root Purge: 0.0 ms]
   [Clear CT: 0.2 ms]
   [Other: 0.9 ms]
      [Choose CSet: 0.0 ms]
      [Ref Proc: 0.3 ms]
      [Ref Enq: 0.0 ms]
      [Redirty Cards: 0.1 ms]
      [Humongous Register: 0.1 ms]
      [Humongous Reclaim: 0.1 ms]
      [Free CSet: 0.1 ms]
   [Eden: 89.0M(89.0M)->0.0B(285.0M) Survivors: 13.0M->13.0M Heap: 692.7M(2048.0M)->549.6M(2048.0M)]
 [Times: user=0.07 sys=0.00, real=0.00 secs] 
2022-03-11T19:39:32.685-0800: 7.564: [GC pause (G1 Evacuation Pause) (young), 0.0147824 secs]
   [Parallel Time: 13.5 ms, GC Workers: 10]
      [GC Worker Start (ms): Min: 7564.3, Avg: 7564.4, Max: 7564.5, Diff: 0.1]
      [Ext Root Scanning (ms): Min: 0.1, Avg: 0.1, Max: 0.2, Diff: 0.1, Sum: 1.1]
      [Update RS (ms): Min: 5.2, Avg: 5.3, Max: 5.3, Diff: 0.1, Sum: 52.7]
         [Processed Buffers: Min: 60, Avg: 65.2, Max: 75, Diff: 15, Sum: 652]
      [Scan RS (ms): Min: 0.0, Avg: 0.0, Max: 0.0, Diff: 0.0, Sum: 0.2]
      [Code Root Scanning (ms): Min: 0.0, Avg: 0.0, Max: 0.0, Diff: 0.0, Sum: 0.0]
      [Object Copy (ms): Min: 7.7, Avg: 7.7, Max: 7.8, Diff: 0.1, Sum: 77.2]
      [Termination (ms): Min: 0.0, Avg: 0.1, Max: 0.1, Diff: 0.1, Sum: 0.9]
         [Termination Attempts: Min: 1, Avg: 1.4, Max: 2, Diff: 1, Sum: 14]
      [GC Worker Other (ms): Min: 0.0, Avg: 0.0, Max: 0.0, Diff: 0.0, Sum: 0.1]
      [GC Worker Total (ms): Min: 13.2, Avg: 13.2, Max: 13.3, Diff: 0.1, Sum: 132.4]
      [GC Worker End (ms): Min: 7577.6, Avg: 7577.7, Max: 7577.7, Diff: 0.0]
   [Code Root Fixup: 0.0 ms]
   [Code Root Purge: 0.0 ms]
   [Clear CT: 0.2 ms]
   [Other: 1.1 ms]
      [Choose CSet: 0.0 ms]
      [Ref Proc: 0.3 ms]
      [Ref Enq: 0.0 ms]
      [Redirty Cards: 0.2 ms]
      [Humongous Register: 0.1 ms]
      [Humongous Reclaim: 0.1 ms]
      [Free CSet: 0.1 ms]
   [Eden: 285.0M(285.0M)->0.0B(238.0M) Survivors: 13.0M->38.0M Heap: 920.3M(2048.0M)->645.9M(2048.0M)]
 [Times: user=0.13 sys=0.00, real=0.02 secs] 
2022-03-11T19:39:32.746-0800: 7.625: [GC pause (G1 Evacuation Pause) (young), 0.0151501 secs]
   [Parallel Time: 13.9 ms, GC Workers: 10]
      [GC Worker Start (ms): Min: 7625.1, Avg: 7625.2, Max: 7625.3, Diff: 0.2]
      [Ext Root Scanning (ms): Min: 0.0, Avg: 0.1, Max: 0.2, Diff: 0.2, Sum: 0.9]
      [Update RS (ms): Min: 4.9, Avg: 4.9, Max: 5.0, Diff: 0.1, Sum: 49.2]
         [Processed Buffers: Min: 54, Avg: 59.4, Max: 69, Diff: 15, Sum: 594]
      [Scan RS (ms): Min: 0.0, Avg: 0.0, Max: 0.0, Diff: 0.0, Sum: 0.2]
      [Code Root Scanning (ms): Min: 0.0, Avg: 0.0, Max: 0.0, Diff: 0.0, Sum: 0.0]
      [Object Copy (ms): Min: 8.4, Avg: 8.5, Max: 8.5, Diff: 0.1, Sum: 84.8]
      [Termination (ms): Min: 0.0, Avg: 0.1, Max: 0.3, Diff: 0.3, Sum: 1.0]
         [Termination Attempts: Min: 1, Avg: 1.0, Max: 1, Diff: 0, Sum: 10]
      [GC Worker Other (ms): Min: 0.0, Avg: 0.0, Max: 0.0, Diff: 0.0, Sum: 0.1]
      [GC Worker Total (ms): Min: 13.5, Avg: 13.6, Max: 13.8, Diff: 0.3, Sum: 136.3]
      [GC Worker End (ms): Min: 7638.8, Avg: 7638.8, Max: 7638.9, Diff: 0.1]
   [Code Root Fixup: 0.0 ms]
   [Code Root Purge: 0.0 ms]
   [Clear CT: 0.2 ms]
   [Other: 1.0 ms]
      [Choose CSet: 0.0 ms]
      [Ref Proc: 0.3 ms]
      [Ref Enq: 0.0 ms]
      [Redirty Cards: 0.2 ms]
      [Humongous Register: 0.1 ms]
      [Humongous Reclaim: 0.1 ms]
      [Free CSet: 0.1 ms]
   [Eden: 238.0M(238.0M)->0.0B(230.0M) Survivors: 38.0M->35.0M Heap: 956.7M(2048.0M)->702.6M(2048.0M)]
 [Times: user=0.14 sys=0.00, real=0.02 secs] 
2022-03-11T19:39:32.805-0800: 7.684: [GC pause (G1 Evacuation Pause) (young), 0.0137602 secs]
   [Parallel Time: 12.6 ms, GC Workers: 10]
      [GC Worker Start (ms): Min: 7683.9, Avg: 7684.1, Max: 7684.1, Diff: 0.2]
      [Ext Root Scanning (ms): Min: 0.0, Avg: 0.1, Max: 0.2, Diff: 0.2, Sum: 0.9]
      [Update RS (ms): Min: 3.8, Avg: 3.8, Max: 3.9, Diff: 0.1, Sum: 38.1]
         [Processed Buffers: Min: 43, Avg: 45.9, Max: 56, Diff: 13, Sum: 459]
      [Scan RS (ms): Min: 0.0, Avg: 0.0, Max: 0.0, Diff: 0.0, Sum: 0.2]
      [Code Root Scanning (ms): Min: 0.0, Avg: 0.0, Max: 0.0, Diff: 0.0, Sum: 0.0]
      [Object Copy (ms): Min: 8.3, Avg: 8.4, Max: 8.4, Diff: 0.1, Sum: 83.8]
      [Termination (ms): Min: 0.0, Avg: 0.0, Max: 0.1, Diff: 0.1, Sum: 0.5]
         [Termination Attempts: Min: 1, Avg: 1.0, Max: 1, Diff: 0, Sum: 10]
      [GC Worker Other (ms): Min: 0.0, Avg: 0.0, Max: 0.0, Diff: 0.0, Sum: 0.1]
      [GC Worker Total (ms): Min: 12.3, Avg: 12.4, Max: 12.5, Diff: 0.2, Sum: 123.7]
      [GC Worker End (ms): Min: 7696.4, Avg: 7696.4, Max: 7696.4, Diff: 0.0]
   [Code Root Fixup: 0.0 ms]
   [Code Root Purge: 0.0 ms]
   [Clear CT: 0.2 ms]
   [Other: 1.0 ms]
      [Choose CSet: 0.0 ms]
      [Ref Proc: 0.3 ms]
      [Ref Enq: 0.0 ms]
      [Redirty Cards: 0.1 ms]
      [Humongous Register: 0.1 ms]
      [Humongous Reclaim: 0.1 ms]
      [Free CSet: 0.1 ms]
   [Eden: 230.0M(230.0M)->0.0B(268.0M) Survivors: 35.0M->34.0M Heap: 988.5M(2048.0M)->757.8M(2048.0M)]
 [Times: user=0.12 sys=0.01, real=0.01 secs] 
2022-03-11T19:39:32.871-0800: 7.751: [GC pause (G1 Evacuation Pause) (young), 0.0155714 secs]
   [Parallel Time: 14.3 ms, GC Workers: 10]
      [GC Worker Start (ms): Min: 7750.7, Avg: 7750.8, Max: 7750.8, Diff: 0.2]
      [Ext Root Scanning (ms): Min: 0.0, Avg: 0.1, Max: 0.2, Diff: 0.2, Sum: 0.8]
      [Update RS (ms): Min: 5.3, Avg: 5.4, Max: 5.4, Diff: 0.1, Sum: 53.6]
         [Processed Buffers: Min: 67, Avg: 71.0, Max: 82, Diff: 15, Sum: 710]
      [Scan RS (ms): Min: 0.0, Avg: 0.0, Max: 0.0, Diff: 0.0, Sum: 0.2]
      [Code Root Scanning (ms): Min: 0.0, Avg: 0.0, Max: 0.0, Diff: 0.0, Sum: 0.0]
      [Object Copy (ms): Min: 8.6, Avg: 8.6, Max: 8.7, Diff: 0.1, Sum: 86.0]
      [Termination (ms): Min: 0.0, Avg: 0.1, Max: 0.1, Diff: 0.1, Sum: 0.9]
         [Termination Attempts: Min: 1, Avg: 1.0, Max: 1, Diff: 0, Sum: 10]
      [GC Worker Other (ms): Min: 0.0, Avg: 0.0, Max: 0.0, Diff: 0.0, Sum: 0.1]
      [GC Worker Total (ms): Min: 14.1, Avg: 14.2, Max: 14.3, Diff: 0.2, Sum: 141.6]
      [GC Worker End (ms): Min: 7764.9, Avg: 7764.9, Max: 7765.0, Diff: 0.0]
   [Code Root Fixup: 0.0 ms]
   [Code Root Purge: 0.0 ms]
   [Clear CT: 0.2 ms]
   [Other: 1.1 ms]
      [Choose CSet: 0.0 ms]
      [Ref Proc: 0.4 ms]
      [Ref Enq: 0.0 ms]
      [Redirty Cards: 0.2 ms]
      [Humongous Register: 0.1 ms]
      [Humongous Reclaim: 0.2 ms]
      [Free CSet: 0.1 ms]
   [Eden: 268.0M(268.0M)->0.0B(194.0M) Survivors: 34.0M->38.0M Heap: 1113.2M(2048.0M)->827.2M(2048.0M)]
 [Times: user=0.14 sys=0.00, real=0.01 secs] 
2022-03-11T19:39:32.924-0800: 7.803: [GC pause (G1 Humongous Allocation) (young) (initial-mark), 0.0120053 secs]
   [Parallel Time: 10.8 ms, GC Workers: 10]
      [GC Worker Start (ms): Min: 7803.2, Avg: 7803.3, Max: 7803.4, Diff: 0.2]
      [Ext Root Scanning (ms): Min: 0.0, Avg: 0.3, Max: 0.4, Diff: 0.4, Sum: 2.5]
      [Update RS (ms): Min: 3.2, Avg: 3.3, Max: 3.4, Diff: 0.2, Sum: 32.5]
         [Processed Buffers: Min: 33, Avg: 37.0, Max: 41, Diff: 8, Sum: 370]
      [Scan RS (ms): Min: 0.0, Avg: 0.0, Max: 0.0, Diff: 0.0, Sum: 0.2]
      [Code Root Scanning (ms): Min: 0.0, Avg: 0.0, Max: 0.0, Diff: 0.0, Sum: 0.0]
      [Object Copy (ms): Min: 6.9, Avg: 7.0, Max: 7.0, Diff: 0.1, Sum: 69.5]
      [Termination (ms): Min: 0.0, Avg: 0.1, Max: 0.2, Diff: 0.2, Sum: 0.9]
         [Termination Attempts: Min: 1, Avg: 1.0, Max: 1, Diff: 0, Sum: 10]
      [GC Worker Other (ms): Min: 0.0, Avg: 0.0, Max: 0.0, Diff: 0.0, Sum: 0.1]
      [GC Worker Total (ms): Min: 10.5, Avg: 10.6, Max: 10.7, Diff: 0.2, Sum: 105.7]
      [GC Worker End (ms): Min: 7813.8, Avg: 7813.9, Max: 7813.9, Diff: 0.1]
   [Code Root Fixup: 0.0 ms]
   [Code Root Purge: 0.0 ms]
   [Clear CT: 0.2 ms]
   [Other: 1.0 ms]
      [Choose CSet: 0.0 ms]
      [Ref Proc: 0.3 ms]
      [Ref Enq: 0.0 ms]
      [Redirty Cards: 0.2 ms]
      [Humongous Register: 0.1 ms]
      [Humongous Reclaim: 0.1 ms]
      [Free CSet: 0.1 ms]
   [Eden: 156.0M(194.0M)->0.0B(257.0M) Survivors: 38.0M->29.0M Heap: 1027.0M(2048.0M)->877.9M(2048.0M)]
 [Times: user=0.11 sys=0.00, real=0.01 secs] 
2022-03-11T19:39:32.936-0800: 7.815: [GC concurrent-root-region-scan-start]
2022-03-11T19:39:32.936-0800: 7.815: [GC concurrent-root-region-scan-end, 0.0001199 secs]
2022-03-11T19:39:32.936-0800: 7.815: [GC concurrent-mark-start]
2022-03-11T19:39:32.938-0800: 7.817: [GC concurrent-mark-end, 0.0015240 secs]
2022-03-11T19:39:32.938-0800: 7.817: [GC remark 2022-03-11T19:39:32.938-0800: 7.817: [Finalize Marking, 0.0004324 secs] 2022-03-11T19:39:32.938-0800: 7.817: [GC ref-proc, 0.0000633 secs] 2022-03-11T19:39:32.938-0800: 7.817: [Unloading, 0.0005288 secs], 0.0019346 secs]
 [Times: user=0.01 sys=0.00, real=0.01 secs] 
2022-03-11T19:39:32.940-0800: 7.819: [GC cleanup 888M->731M(2048M), 0.0015048 secs]
 [Times: user=0.01 sys=0.00, real=0.00 secs] 
2022-03-11T19:39:32.941-0800: 7.821: [GC concurrent-cleanup-start]
2022-03-11T19:39:32.942-0800: 7.821: [GC concurrent-cleanup-end, 0.0001027 secs]
2022-03-11T19:39:32.992-0800: 7.871: [GC pause (G1 Evacuation Pause) (young), 0.0133961 secs]
   [Parallel Time: 12.2 ms, GC Workers: 10]
      [GC Worker Start (ms): Min: 7871.3, Avg: 7871.4, Max: 7871.5, Diff: 0.2]
      [Ext Root Scanning (ms): Min: 0.0, Avg: 0.1, Max: 0.2, Diff: 0.2, Sum: 0.9]
      [Update RS (ms): Min: 4.3, Avg: 4.4, Max: 4.4, Diff: 0.1, Sum: 43.7]
         [Processed Buffers: Min: 50, Avg: 54.0, Max: 65, Diff: 15, Sum: 540]
      [Scan RS (ms): Min: 0.0, Avg: 0.0, Max: 0.0, Diff: 0.0, Sum: 0.2]
      [Code Root Scanning (ms): Min: 0.0, Avg: 0.0, Max: 0.0, Diff: 0.0, Sum: 0.0]
      [Object Copy (ms): Min: 7.5, Avg: 7.5, Max: 7.6, Diff: 0.1, Sum: 75.3]
      [Termination (ms): Min: 0.0, Avg: 0.0, Max: 0.1, Diff: 0.1, Sum: 0.4]
         [Termination Attempts: Min: 1, Avg: 1.1, Max: 2, Diff: 1, Sum: 11]
      [GC Worker Other (ms): Min: 0.0, Avg: 0.0, Max: 0.0, Diff: 0.0, Sum: 0.1]
      [GC Worker Total (ms): Min: 12.0, Avg: 12.1, Max: 12.2, Diff: 0.2, Sum: 120.6]
      [GC Worker End (ms): Min: 7883.5, Avg: 7883.5, Max: 7883.5, Diff: 0.0]
   [Code Root Fixup: 0.0 ms]
   [Code Root Purge: 0.0 ms]
   [Clear CT: 0.2 ms]
   [Other: 1.0 ms]
      [Choose CSet: 0.0 ms]
      [Ref Proc: 0.3 ms]
      [Ref Enq: 0.0 ms]
      [Redirty Cards: 0.1 ms]
      [Humongous Register: 0.1 ms]
      [Humongous Reclaim: 0.1 ms]
      [Free CSet: 0.1 ms]
   [Eden: 257.0M(257.0M)->0.0B(66.0M) Survivors: 29.0M->36.0M Heap: 1043.9M(2048.0M)->775.0M(2048.0M)]
 [Times: user=0.12 sys=0.01, real=0.01 secs] 
2022-03-11T19:39:33.019-0800: 7.898: [GC pause (G1 Evacuation Pause) (mixed), 0.0091936 secs]
   [Parallel Time: 7.8 ms, GC Workers: 10]
      [GC Worker Start (ms): Min: 7898.4, Avg: 7898.5, Max: 7898.5, Diff: 0.2]
      [Ext Root Scanning (ms): Min: 0.0, Avg: 0.1, Max: 0.2, Diff: 0.2, Sum: 1.0]
      [Update RS (ms): Min: 1.3, Avg: 1.3, Max: 1.3, Diff: 0.1, Sum: 13.2]
         [Processed Buffers: Min: 13, Avg: 14.8, Max: 18, Diff: 5, Sum: 148]
      [Scan RS (ms): Min: 0.1, Avg: 0.1, Max: 0.1, Diff: 0.0, Sum: 0.8]
      [Code Root Scanning (ms): Min: 0.0, Avg: 0.0, Max: 0.0, Diff: 0.0, Sum: 0.0]
      [Object Copy (ms): Min: 6.0, Avg: 6.0, Max: 6.1, Diff: 0.1, Sum: 60.3]
      [Termination (ms): Min: 0.0, Avg: 0.1, Max: 0.1, Diff: 0.1, Sum: 0.8]
         [Termination Attempts: Min: 1, Avg: 1.0, Max: 1, Diff: 0, Sum: 10]
      [GC Worker Other (ms): Min: 0.0, Avg: 0.0, Max: 0.0, Diff: 0.0, Sum: 0.1]
      [GC Worker Total (ms): Min: 7.5, Avg: 7.6, Max: 7.7, Diff: 0.2, Sum: 76.3]
      [GC Worker End (ms): Min: 7906.1, Avg: 7906.1, Max: 7906.1, Diff: 0.0]
   [Code Root Fixup: 0.0 ms]
   [Code Root Purge: 0.0 ms]
   [Clear CT: 0.2 ms]
   [Other: 1.2 ms]
      [Choose CSet: 0.1 ms]
      [Ref Proc: 0.4 ms]
      [Ref Enq: 0.0 ms]
      [Redirty Cards: 0.2 ms]
      [Humongous Register: 0.1 ms]
      [Humongous Reclaim: 0.1 ms]
      [Free CSet: 0.3 ms]
   [Eden: 66.0M(66.0M)->0.0B(89.0M) Survivors: 36.0M->13.0M Heap: 858.0M(2048.0M)->604.1M(2048.0M)]
 [Times: user=0.07 sys=0.00, real=0.01 secs] 
2022-03-11T19:39:33.049-0800: 7.929: [GC pause (G1 Evacuation Pause) (mixed), 0.0078046 secs]
   [Parallel Time: 6.6 ms, GC Workers: 10]
      [GC Worker Start (ms): Min: 7928.7, Avg: 7928.9, Max: 7929.0, Diff: 0.3]
      [Ext Root Scanning (ms): Min: 0.0, Avg: 0.1, Max: 0.2, Diff: 0.2, Sum: 0.7]
      [Update RS (ms): Min: 1.4, Avg: 1.4, Max: 1.5, Diff: 0.1, Sum: 14.3]
         [Processed Buffers: Min: 14, Avg: 15.9, Max: 20, Diff: 6, Sum: 159]
      [Scan RS (ms): Min: 0.0, Avg: 0.0, Max: 0.1, Diff: 0.1, Sum: 0.4]
      [Code Root Scanning (ms): Min: 0.0, Avg: 0.0, Max: 0.0, Diff: 0.0, Sum: 0.0]
      [Object Copy (ms): Min: 4.6, Avg: 4.7, Max: 4.7, Diff: 0.1, Sum: 47.0]
      [Termination (ms): Min: 0.0, Avg: 0.1, Max: 0.1, Diff: 0.1, Sum: 0.6]
         [Termination Attempts: Min: 1, Avg: 1.0, Max: 1, Diff: 0, Sum: 10]
      [GC Worker Other (ms): Min: 0.0, Avg: 0.0, Max: 0.0, Diff: 0.0, Sum: 0.1]
      [GC Worker Total (ms): Min: 6.2, Avg: 6.3, Max: 6.4, Diff: 0.3, Sum: 63.1]
      [GC Worker End (ms): Min: 7935.2, Avg: 7935.2, Max: 7935.2, Diff: 0.1]
   [Code Root Fixup: 0.0 ms]
   [Code Root Purge: 0.0 ms]
   [Clear CT: 0.2 ms]
   [Other: 1.1 ms]
      [Choose CSet: 0.0 ms]
      [Ref Proc: 0.4 ms]
      [Ref Enq: 0.0 ms]
      [Redirty Cards: 0.2 ms]
      [Humongous Register: 0.1 ms]
      [Humongous Reclaim: 0.1 ms]
      [Free CSet: 0.1 ms]
   [Eden: 89.0M(89.0M)->0.0B(358.0M) Survivors: 13.0M->13.0M Heap: 711.6M(2048.0M)->578.3M(2048.0M)]
 [Times: user=0.07 sys=0.00, real=0.01 secs] 
2022-03-11T19:39:33.126-0800: 8.005: [GC pause (G1 Evacuation Pause) (young), 0.0153013 secs]
   [Parallel Time: 14.1 ms, GC Workers: 10]
      [GC Worker Start (ms): Min: 8005.3, Avg: 8005.4, Max: 8005.5, Diff: 0.2]
      [Ext Root Scanning (ms): Min: 0.0, Avg: 0.1, Max: 0.2, Diff: 0.2, Sum: 0.8]
      [Update RS (ms): Min: 5.0, Avg: 5.0, Max: 5.0, Diff: 0.0, Sum: 50.2]
         [Processed Buffers: Min: 64, Avg: 71.2, Max: 89, Diff: 25, Sum: 712]
      [Scan RS (ms): Min: 0.0, Avg: 0.0, Max: 0.0, Diff: 0.0, Sum: 0.3]
      [Code Root Scanning (ms): Min: 0.0, Avg: 0.0, Max: 0.0, Diff: 0.0, Sum: 0.0]
      [Object Copy (ms): Min: 8.7, Avg: 8.7, Max: 8.8, Diff: 0.1, Sum: 87.3]
      [Termination (ms): Min: 0.0, Avg: 0.1, Max: 0.1, Diff: 0.1, Sum: 0.7]
         [Termination Attempts: Min: 1, Avg: 1.0, Max: 1, Diff: 0, Sum: 10]
      [GC Worker Other (ms): Min: 0.0, Avg: 0.0, Max: 0.0, Diff: 0.0, Sum: 0.1]
      [GC Worker Total (ms): Min: 13.9, Avg: 13.9, Max: 14.1, Diff: 0.2, Sum: 139.3]
      [GC Worker End (ms): Min: 8019.3, Avg: 8019.4, Max: 8019.4, Diff: 0.1]
   [Code Root Fixup: 0.0 ms]
   [Code Root Purge: 0.0 ms]
   [Clear CT: 0.2 ms]
   [Other: 1.0 ms]
      [Choose CSet: 0.0 ms]
      [Ref Proc: 0.3 ms]
      [Ref Enq: 0.0 ms]
      [Redirty Cards: 0.2 ms]
      [Humongous Register: 0.1 ms]
      [Humongous Reclaim: 0.2 ms]
      [Free CSet: 0.1 ms]
   [Eden: 358.0M(358.0M)->0.0B(55.0M) Survivors: 13.0M->47.0M Heap: 1025.8M(2048.0M)->660.6M(2048.0M)]
 [Times: user=0.14 sys=0.00, real=0.02 secs] 
2022-03-11T19:39:33.154-0800: 8.033: [GC pause (G1 Evacuation Pause) (young), 0.0086377 secs]
   [Parallel Time: 7.5 ms, GC Workers: 10]
      [GC Worker Start (ms): Min: 8033.1, Avg: 8033.2, Max: 8033.2, Diff: 0.1]
      [Ext Root Scanning (ms): Min: 0.1, Avg: 0.1, Max: 0.2, Diff: 0.1, Sum: 1.1]
      [Update RS (ms): Min: 1.9, Avg: 2.0, Max: 2.0, Diff: 0.1, Sum: 19.7]
         [Processed Buffers: Min: 10, Avg: 20.1, Max: 27, Diff: 17, Sum: 201]
      [Scan RS (ms): Min: 0.0, Avg: 0.0, Max: 0.0, Diff: 0.0, Sum: 0.1]
      [Code Root Scanning (ms): Min: 0.0, Avg: 0.0, Max: 0.0, Diff: 0.0, Sum: 0.0]
      [Object Copy (ms): Min: 5.1, Avg: 5.2, Max: 5.2, Diff: 0.1, Sum: 51.8]
      [Termination (ms): Min: 0.0, Avg: 0.0, Max: 0.1, Diff: 0.1, Sum: 0.4]
         [Termination Attempts: Min: 1, Avg: 1.1, Max: 2, Diff: 1, Sum: 11]
      [GC Worker Other (ms): Min: 0.0, Avg: 0.0, Max: 0.0, Diff: 0.0, Sum: 0.1]
      [GC Worker Total (ms): Min: 7.3, Avg: 7.3, Max: 7.4, Diff: 0.1, Sum: 73.2]
      [GC Worker End (ms): Min: 8040.5, Avg: 8040.5, Max: 8040.5, Diff: 0.0]
   [Code Root Fixup: 0.0 ms]
   [Code Root Purge: 0.0 ms]
   [Clear CT: 0.2 ms]
   [Other: 0.9 ms]
      [Choose CSet: 0.0 ms]
      [Ref Proc: 0.3 ms]
      [Ref Enq: 0.0 ms]
      [Redirty Cards: 0.2 ms]
      [Humongous Register: 0.1 ms]
      [Humongous Reclaim: 0.1 ms]
      [Free CSet: 0.1 ms]
   [Eden: 55.0M(55.0M)->0.0B(143.0M) Survivors: 47.0M->13.0M Heap: 739.4M(2048.0M)->675.1M(2048.0M)]
 [Times: user=0.07 sys=0.00, real=0.01 secs] 
2022-03-11T19:39:33.192-0800: 8.071: [GC pause (G1 Evacuation Pause) (young), 0.0087957 secs]
   [Parallel Time: 7.8 ms, GC Workers: 10]
      [GC Worker Start (ms): Min: 8070.8, Avg: 8070.9, Max: 8071.0, Diff: 0.2]
      [Ext Root Scanning (ms): Min: 0.0, Avg: 0.1, Max: 0.2, Diff: 0.2, Sum: 1.0]
      [Update RS (ms): Min: 2.6, Avg: 2.6, Max: 2.7, Diff: 0.1, Sum: 26.5]
         [Processed Buffers: Min: 27, Avg: 30.0, Max: 35, Diff: 8, Sum: 300]
      [Scan RS (ms): Min: 0.0, Avg: 0.0, Max: 0.0, Diff: 0.0, Sum: 0.1]
      [Code Root Scanning (ms): Min: 0.0, Avg: 0.0, Max: 0.0, Diff: 0.0, Sum: 0.0]
      [Object Copy (ms): Min: 4.7, Avg: 4.7, Max: 4.8, Diff: 0.1, Sum: 47.2]
      [Termination (ms): Min: 0.0, Avg: 0.1, Max: 0.2, Diff: 0.2, Sum: 1.0]
         [Termination Attempts: Min: 1, Avg: 1.0, Max: 1, Diff: 0, Sum: 10]
      [GC Worker Other (ms): Min: 0.0, Avg: 0.0, Max: 0.0, Diff: 0.0, Sum: 0.1]
      [GC Worker Total (ms): Min: 7.5, Avg: 7.6, Max: 7.7, Diff: 0.2, Sum: 75.9]
      [GC Worker End (ms): Min: 8078.5, Avg: 8078.5, Max: 8078.6, Diff: 0.1]
   [Code Root Fixup: 0.0 ms]
   [Code Root Purge: 0.0 ms]
   [Clear CT: 0.2 ms]
   [Other: 0.8 ms]
      [Choose CSet: 0.0 ms]
      [Ref Proc: 0.2 ms]
      [Ref Enq: 0.0 ms]
      [Redirty Cards: 0.1 ms]
      [Humongous Register: 0.1 ms]
      [Humongous Reclaim: 0.1 ms]
      [Free CSet: 0.1 ms]
   [Eden: 143.0M(143.0M)->0.0B(168.0M) Survivors: 13.0M->20.0M Heap: 854.1M(2048.0M)->722.3M(2048.0M)]
 [Times: user=0.07 sys=0.01, real=0.01 secs] 
2022-03-11T19:39:33.236-0800: 8.115: [GC pause (G1 Evacuation Pause) (young), 0.0103965 secs]
   [Parallel Time: 9.3 ms, GC Workers: 10]
      [GC Worker Start (ms): Min: 8115.0, Avg: 8115.1, Max: 8115.2, Diff: 0.2]
      [Ext Root Scanning (ms): Min: 0.0, Avg: 0.1, Max: 0.2, Diff: 0.2, Sum: 0.9]
      [Update RS (ms): Min: 4.0, Avg: 4.0, Max: 4.0, Diff: 0.1, Sum: 40.0]
         [Processed Buffers: Min: 41, Avg: 45.7, Max: 53, Diff: 12, Sum: 457]
      [Scan RS (ms): Min: 0.0, Avg: 0.0, Max: 0.0, Diff: 0.0, Sum: 0.1]
      [Code Root Scanning (ms): Min: 0.0, Avg: 0.0, Max: 0.0, Diff: 0.0, Sum: 0.0]
      [Object Copy (ms): Min: 4.9, Avg: 5.0, Max: 5.0, Diff: 0.1, Sum: 49.6]
      [Termination (ms): Min: 0.0, Avg: 0.1, Max: 0.1, Diff: 0.1, Sum: 1.0]
         [Termination Attempts: Min: 1, Avg: 1.0, Max: 1, Diff: 0, Sum: 10]
      [GC Worker Other (ms): Min: 0.0, Avg: 0.0, Max: 0.0, Diff: 0.0, Sum: 0.1]
      [GC Worker Total (ms): Min: 9.1, Avg: 9.2, Max: 9.2, Diff: 0.2, Sum: 91.8]
      [GC Worker End (ms): Min: 8124.3, Avg: 8124.3, Max: 8124.3, Diff: 0.1]
   [Code Root Fixup: 0.0 ms]
   [Code Root Purge: 0.0 ms]
   [Clear CT: 0.2 ms]
   [Other: 0.9 ms]
      [Choose CSet: 0.0 ms]
      [Ref Proc: 0.3 ms]
      [Ref Enq: 0.0 ms]
      [Redirty Cards: 0.1 ms]
      [Humongous Register: 0.1 ms]
      [Humongous Reclaim: 0.1 ms]
      [Free CSet: 0.1 ms]
   [Eden: 168.0M(168.0M)->0.0B(171.0M) Survivors: 20.0M->24.0M Heap: 946.0M(2048.0M)->768.9M(2048.0M)]
 [Times: user=0.09 sys=0.00, real=0.01 secs] 
2022-03-11T19:39:33.281-0800: 8.160: [GC pause (G1 Evacuation Pause) (young), 0.0117188 secs]
   [Parallel Time: 10.6 ms, GC Workers: 10]
      [GC Worker Start (ms): Min: 8160.5, Avg: 8160.6, Max: 8160.7, Diff: 0.2]
      [Ext Root Scanning (ms): Min: 0.0, Avg: 0.1, Max: 0.2, Diff: 0.2, Sum: 0.9]
      [Update RS (ms): Min: 3.9, Avg: 3.9, Max: 4.0, Diff: 0.1, Sum: 39.4]
         [Processed Buffers: Min: 43, Avg: 46.8, Max: 59, Diff: 16, Sum: 468]
      [Scan RS (ms): Min: 0.0, Avg: 0.0, Max: 0.0, Diff: 0.0, Sum: 0.1]
      [Code Root Scanning (ms): Min: 0.0, Avg: 0.0, Max: 0.0, Diff: 0.0, Sum: 0.0]
      [Object Copy (ms): Min: 6.1, Avg: 6.2, Max: 6.3, Diff: 0.1, Sum: 61.9]
      [Termination (ms): Min: 0.0, Avg: 0.1, Max: 0.2, Diff: 0.2, Sum: 0.8]
         [Termination Attempts: Min: 1, Avg: 1.0, Max: 1, Diff: 0, Sum: 10]
      [GC Worker Other (ms): Min: 0.0, Avg: 0.0, Max: 0.0, Diff: 0.0, Sum: 0.2]
      [GC Worker Total (ms): Min: 10.2, Avg: 10.3, Max: 10.5, Diff: 0.2, Sum: 103.4]
      [GC Worker End (ms): Min: 8170.9, Avg: 8170.9, Max: 8171.0, Diff: 0.1]
   [Code Root Fixup: 0.0 ms]
   [Code Root Purge: 0.0 ms]
   [Clear CT: 0.2 ms]
   [Other: 1.0 ms]
      [Choose CSet: 0.0 ms]
      [Ref Proc: 0.4 ms]
      [Ref Enq: 0.0 ms]
      [Redirty Cards: 0.2 ms]
      [Humongous Register: 0.1 ms]
      [Humongous Reclaim: 0.1 ms]
      [Free CSet: 0.1 ms]
   [Eden: 171.0M(171.0M)->0.0B(151.0M) Survivors: 24.0M->25.0M Heap: 997.0M(2048.0M)->812.2M(2048.0M)]
 [Times: user=0.10 sys=0.00, real=0.01 secs] 
2022-03-11T19:39:33.323-0800: 8.202: [GC pause (G1 Evacuation Pause) (young), 0.0101623 secs]
   [Parallel Time: 9.0 ms, GC Workers: 10]
      [GC Worker Start (ms): Min: 8202.4, Avg: 8202.5, Max: 8202.5, Diff: 0.2]
      [Ext Root Scanning (ms): Min: 0.0, Avg: 0.1, Max: 0.2, Diff: 0.2, Sum: 0.9]
      [Update RS (ms): Min: 3.0, Avg: 3.0, Max: 3.1, Diff: 0.1, Sum: 30.3]
         [Processed Buffers: Min: 33, Avg: 34.7, Max: 38, Diff: 5, Sum: 347]
      [Scan RS (ms): Min: 0.0, Avg: 0.0, Max: 0.0, Diff: 0.0, Sum: 0.1]
      [Code Root Scanning (ms): Min: 0.0, Avg: 0.0, Max: 0.0, Diff: 0.0, Sum: 0.0]
      [Object Copy (ms): Min: 5.6, Avg: 5.6, Max: 5.7, Diff: 0.1, Sum: 56.3]
      [Termination (ms): Min: 0.0, Avg: 0.1, Max: 0.1, Diff: 0.1, Sum: 0.7]
         [Termination Attempts: Min: 1, Avg: 1.0, Max: 1, Diff: 0, Sum: 10]
      [GC Worker Other (ms): Min: 0.0, Avg: 0.0, Max: 0.0, Diff: 0.0, Sum: 0.1]
      [GC Worker Total (ms): Min: 8.8, Avg: 8.9, Max: 8.9, Diff: 0.1, Sum: 88.5]
      [GC Worker End (ms): Min: 8211.3, Avg: 8211.3, Max: 8211.3, Diff: 0.0]
   [Code Root Fixup: 0.0 ms]
   [Code Root Purge: 0.0 ms]
   [Clear CT: 0.1 ms]
   [Other: 1.0 ms]
      [Choose CSet: 0.0 ms]
      [Ref Proc: 0.3 ms]
      [Ref Enq: 0.0 ms]
      [Redirty Cards: 0.2 ms]
      [Humongous Register: 0.1 ms]
      [Humongous Reclaim: 0.1 ms]
      [Free CSet: 0.1 ms]
   [Eden: 151.0M(151.0M)->0.0B(188.0M) Survivors: 25.0M->22.0M Heap: 1005.1M(2048.0M)->849.3M(2048.0M)]
 [Times: user=0.09 sys=0.00, real=0.01 secs] 
2022-03-11T19:39:33.350-0800: 8.229: [GC pause (G1 Humongous Allocation) (young) (initial-mark), 0.0065210 secs]
   [Parallel Time: 5.5 ms, GC Workers: 10]
      [GC Worker Start (ms): Min: 8228.8, Avg: 8228.9, Max: 8229.0, Diff: 0.2]
      [Ext Root Scanning (ms): Min: 0.0, Avg: 0.1, Max: 0.2, Diff: 0.2, Sum: 1.0]
      [Update RS (ms): Min: 1.6, Avg: 1.6, Max: 1.6, Diff: 0.1, Sum: 15.9]
         [Processed Buffers: Min: 17, Avg: 18.2, Max: 20, Diff: 3, Sum: 182]
      [Scan RS (ms): Min: 0.0, Avg: 0.0, Max: 0.0, Diff: 0.0, Sum: 0.1]
      [Code Root Scanning (ms): Min: 0.0, Avg: 0.0, Max: 0.0, Diff: 0.0, Sum: 0.0]
      [Object Copy (ms): Min: 3.5, Avg: 3.5, Max: 3.5, Diff: 0.1, Sum: 35.0]
      [Termination (ms): Min: 0.0, Avg: 0.1, Max: 0.1, Diff: 0.1, Sum: 0.7]
         [Termination Attempts: Min: 1, Avg: 1.0, Max: 1, Diff: 0, Sum: 10]
      [GC Worker Other (ms): Min: 0.0, Avg: 0.0, Max: 0.0, Diff: 0.0, Sum: 0.1]
      [GC Worker Total (ms): Min: 5.2, Avg: 5.3, Max: 5.4, Diff: 0.2, Sum: 52.9]
      [GC Worker End (ms): Min: 8234.2, Avg: 8234.2, Max: 8234.2, Diff: 0.1]
   [Code Root Fixup: 0.0 ms]
   [Code Root Purge: 0.0 ms]
   [Clear CT: 0.2 ms]
   [Other: 0.9 ms]
      [Choose CSet: 0.0 ms]
      [Ref Proc: 0.3 ms]
      [Ref Enq: 0.0 ms]
      [Redirty Cards: 0.1 ms]
      [Humongous Register: 0.1 ms]
      [Humongous Reclaim: 0.1 ms]
      [Free CSet: 0.1 ms]
   [Eden: 84.0M(188.0M)->0.0B(254.0M) Survivors: 22.0M->24.0M Heap: 953.8M(2048.0M)->868.2M(2048.0M)]
 [Times: user=0.06 sys=0.00, real=0.00 secs] 
2022-03-11T19:39:33.356-0800: 8.235: [GC concurrent-root-region-scan-start]
2022-03-11T19:39:33.356-0800: 8.235: [GC concurrent-root-region-scan-end, 0.0000936 secs]
2022-03-11T19:39:33.356-0800: 8.235: [GC concurrent-mark-start]
2022-03-11T19:39:33.358-0800: 8.237: [GC concurrent-mark-end, 0.0014387 secs]
2022-03-11T19:39:33.358-0800: 8.237: [GC remark 2022-03-11T19:39:33.358-0800: 8.237: [Finalize Marking, 0.0003898 secs] 2022-03-11T19:39:33.358-0800: 8.237: [GC ref-proc, 0.0000546 secs] 2022-03-11T19:39:33.358-0800: 8.237: [Unloading, 0.0004581 secs], 0.0017558 secs]
 [Times: user=0.01 sys=0.00, real=0.01 secs] 
2022-03-11T19:39:33.360-0800: 8.239: [GC cleanup 877M->714M(2048M), 0.0014809 secs]
 [Times: user=0.01 sys=0.00, real=0.00 secs] 
2022-03-11T19:39:33.361-0800: 8.240: [GC concurrent-cleanup-start]
2022-03-11T19:39:33.361-0800: 8.240: [GC concurrent-cleanup-end, 0.0000952 secs]
2022-03-11T19:39:33.417-0800: 8.296: [GC pause (G1 Evacuation Pause) (young), 0.0159760 secs]
   [Parallel Time: 14.8 ms, GC Workers: 10]
      [GC Worker Start (ms): Min: 8295.8, Avg: 8295.9, Max: 8296.0, Diff: 0.2]
      [Ext Root Scanning (ms): Min: 0.0, Avg: 0.1, Max: 0.2, Diff: 0.2, Sum: 0.7]
      [Update RS (ms): Min: 4.0, Avg: 4.1, Max: 4.1, Diff: 0.1, Sum: 40.6]
         [Processed Buffers: Min: 51, Avg: 53.8, Max: 64, Diff: 13, Sum: 538]
      [Scan RS (ms): Min: 0.0, Avg: 0.0, Max: 0.0, Diff: 0.0, Sum: 0.2]
      [Code Root Scanning (ms): Min: 0.0, Avg: 0.0, Max: 0.0, Diff: 0.0, Sum: 0.0]
      [Object Copy (ms): Min: 10.2, Avg: 10.3, Max: 10.4, Diff: 0.2, Sum: 102.9]
      [Termination (ms): Min: 0.0, Avg: 0.1, Max: 0.2, Diff: 0.2, Sum: 0.7]
         [Termination Attempts: Min: 1, Avg: 1.0, Max: 1, Diff: 0, Sum: 10]
      [GC Worker Other (ms): Min: 0.0, Avg: 0.0, Max: 0.0, Diff: 0.0, Sum: 0.2]
      [GC Worker Total (ms): Min: 14.5, Avg: 14.5, Max: 14.6, Diff: 0.1, Sum: 145.3]
      [GC Worker End (ms): Min: 8310.5, Avg: 8310.5, Max: 8310.5, Diff: 0.0]
   [Code Root Fixup: 0.0 ms]
   [Code Root Purge: 0.0 ms]
   [Clear CT: 0.2 ms]
   [Other: 1.1 ms]
      [Choose CSet: 0.0 ms]
      [Ref Proc: 0.3 ms]
      [Ref Enq: 0.0 ms]
      [Redirty Cards: 0.1 ms]
      [Humongous Register: 0.1 ms]
      [Humongous Reclaim: 0.1 ms]
      [Free CSet: 0.2 ms]
   [Eden: 254.0M(254.0M)->0.0B(67.0M) Survivors: 24.0M->35.0M Heap: 1025.0M(2048.0M)->769.2M(2048.0M)]
 [Times: user=0.14 sys=0.00, real=0.02 secs] 
2022-03-11T19:39:33.450-0800: 8.329: [GC pause (G1 Evacuation Pause) (mixed), 0.0094264 secs]
   [Parallel Time: 8.0 ms, GC Workers: 10]
      [GC Worker Start (ms): Min: 8329.6, Avg: 8329.6, Max: 8329.7, Diff: 0.1]
      [Ext Root Scanning (ms): Min: 0.0, Avg: 0.1, Max: 0.2, Diff: 0.1, Sum: 1.0]
      [Update RS (ms): Min: 1.1, Avg: 1.1, Max: 1.1, Diff: 0.1, Sum: 11.1]
         [Processed Buffers: Min: 11, Avg: 12.2, Max: 13, Diff: 2, Sum: 122]
      [Scan RS (ms): Min: 0.0, Avg: 0.1, Max: 0.1, Diff: 0.1, Sum: 0.6]
      [Code Root Scanning (ms): Min: 0.0, Avg: 0.0, Max: 0.0, Diff: 0.0, Sum: 0.0]
      [Object Copy (ms): Min: 6.4, Avg: 6.4, Max: 6.5, Diff: 0.1, Sum: 64.4]
      [Termination (ms): Min: 0.0, Avg: 0.1, Max: 0.1, Diff: 0.1, Sum: 0.7]
         [Termination Attempts: Min: 1, Avg: 1.0, Max: 1, Diff: 0, Sum: 10]
      [GC Worker Other (ms): Min: 0.0, Avg: 0.0, Max: 0.0, Diff: 0.0, Sum: 0.2]
      [GC Worker Total (ms): Min: 7.7, Avg: 7.8, Max: 7.9, Diff: 0.2, Sum: 77.9]
      [GC Worker End (ms): Min: 8337.4, Avg: 8337.4, Max: 8337.5, Diff: 0.1]
   [Code Root Fixup: 0.0 ms]
   [Code Root Purge: 0.0 ms]
   [Clear CT: 0.3 ms]
   [Other: 1.2 ms]
      [Choose CSet: 0.1 ms]
      [Ref Proc: 0.3 ms]
      [Ref Enq: 0.0 ms]
      [Redirty Cards: 0.2 ms]
      [Humongous Register: 0.1 ms]
      [Humongous Reclaim: 0.1 ms]
      [Free CSet: 0.2 ms]
   [Eden: 67.0M(67.0M)->0.0B(89.0M) Survivors: 35.0M->13.0M Heap: 850.0M(2048.0M)->600.5M(2048.0M)]
 [Times: user=0.08 sys=0.00, real=0.01 secs] 
2022-03-11T19:39:33.480-0800: 8.359: [GC pause (G1 Evacuation Pause) (mixed), 0.0085041 secs]
   [Parallel Time: 7.4 ms, GC Workers: 10]
      [GC Worker Start (ms): Min: 8359.4, Avg: 8359.5, Max: 8359.5, Diff: 0.1]
      [Ext Root Scanning (ms): Min: 0.1, Avg: 0.1, Max: 0.2, Diff: 0.1, Sum: 1.2]
      [Update RS (ms): Min: 2.1, Avg: 2.1, Max: 2.2, Diff: 0.1, Sum: 21.2]
         [Processed Buffers: Min: 22, Avg: 23.8, Max: 28, Diff: 6, Sum: 238]
      [Scan RS (ms): Min: 0.0, Avg: 0.1, Max: 0.2, Diff: 0.2, Sum: 0.6]
      [Code Root Scanning (ms): Min: 0.0, Avg: 0.0, Max: 0.0, Diff: 0.0, Sum: 0.0]
      [Object Copy (ms): Min: 4.8, Avg: 4.9, Max: 5.0, Diff: 0.2, Sum: 49.0]
      [Termination (ms): Min: 0.0, Avg: 0.0, Max: 0.1, Diff: 0.1, Sum: 0.5]
         [Termination Attempts: Min: 1, Avg: 1.1, Max: 2, Diff: 1, Sum: 11]
      [GC Worker Other (ms): Min: 0.0, Avg: 0.0, Max: 0.0, Diff: 0.0, Sum: 0.1]
      [GC Worker Total (ms): Min: 7.2, Avg: 7.3, Max: 7.3, Diff: 0.1, Sum: 72.6]
      [GC Worker End (ms): Min: 8366.7, Avg: 8366.7, Max: 8366.8, Diff: 0.1]
   [Code Root Fixup: 0.0 ms]
   [Code Root Purge: 0.0 ms]
   [Clear CT: 0.2 ms]
   [Other: 0.9 ms]
      [Choose CSet: 0.0 ms]
      [Ref Proc: 0.3 ms]
      [Ref Enq: 0.0 ms]
      [Redirty Cards: 0.2 ms]
      [Humongous Register: 0.1 ms]
      [Humongous Reclaim: 0.1 ms]
      [Free CSet: 0.1 ms]
   [Eden: 89.0M(89.0M)->0.0B(394.0M) Survivors: 13.0M->13.0M Heap: 717.8M(2048.0M)->570.1M(2048.0M)]
 [Times: user=0.07 sys=0.00, real=0.00 secs] 
2022-03-11T19:39:33.563-0800: 8.443: [GC pause (G1 Evacuation Pause) (young), 0.0153971 secs]
   [Parallel Time: 14.1 ms, GC Workers: 10]
      [GC Worker Start (ms): Min: 8442.7, Avg: 8442.8, Max: 8442.8, Diff: 0.2]
      [Ext Root Scanning (ms): Min: 0.0, Avg: 0.1, Max: 0.2, Diff: 0.2, Sum: 0.8]
      [Update RS (ms): Min: 4.3, Avg: 4.3, Max: 4.3, Diff: 0.0, Sum: 42.8]
         [Processed Buffers: Min: 51, Avg: 58.6, Max: 68, Diff: 17, Sum: 586]
      [Scan RS (ms): Min: 0.0, Avg: 0.0, Max: 0.0, Diff: 0.0, Sum: 0.3]
      [Code Root Scanning (ms): Min: 0.0, Avg: 0.0, Max: 0.0, Diff: 0.0, Sum: 0.1]
      [Object Copy (ms): Min: 9.4, Avg: 9.4, Max: 9.5, Diff: 0.1, Sum: 94.3]
      [Termination (ms): Min: 0.0, Avg: 0.1, Max: 0.1, Diff: 0.1, Sum: 0.6]
         [Termination Attempts: Min: 1, Avg: 1.6, Max: 2, Diff: 1, Sum: 16]
      [GC Worker Other (ms): Min: 0.0, Avg: 0.0, Max: 0.0, Diff: 0.0, Sum: 0.2]
      [GC Worker Total (ms): Min: 13.8, Avg: 13.9, Max: 14.0, Diff: 0.2, Sum: 139.0]
      [GC Worker End (ms): Min: 8456.7, Avg: 8456.7, Max: 8456.7, Diff: 0.0]
   [Code Root Fixup: 0.0 ms]
   [Code Root Purge: 0.0 ms]
   [Clear CT: 0.2 ms]
   [Other: 1.1 ms]
      [Choose CSet: 0.0 ms]
      [Ref Proc: 0.3 ms]
      [Ref Enq: 0.0 ms]
      [Redirty Cards: 0.2 ms]
      [Humongous Register: 0.1 ms]
      [Humongous Reclaim: 0.2 ms]
      [Free CSet: 0.1 ms]
   [Eden: 394.0M(394.0M)->0.0B(166.0M) Survivors: 13.0M->51.0M Heap: 1069.1M(2048.0M)->676.9M(2048.0M)]
 [Times: user=0.14 sys=0.01, real=0.01 secs] 
2022-03-11T19:39:33.614-0800: 8.493: [GC pause (G1 Evacuation Pause) (young), 0.0125006 secs]
   [Parallel Time: 11.2 ms, GC Workers: 10]
      [GC Worker Start (ms): Min: 8493.0, Avg: 8493.1, Max: 8493.1, Diff: 0.2]
      [Ext Root Scanning (ms): Min: 0.0, Avg: 0.1, Max: 0.2, Diff: 0.2, Sum: 1.2]
      [Update RS (ms): Min: 3.0, Avg: 3.1, Max: 3.1, Diff: 0.1, Sum: 30.8]
         [Processed Buffers: Min: 31, Avg: 33.9, Max: 42, Diff: 11, Sum: 339]
      [Scan RS (ms): Min: 0.0, Avg: 0.0, Max: 0.0, Diff: 0.0, Sum: 0.2]
      [Code Root Scanning (ms): Min: 0.0, Avg: 0.0, Max: 0.0, Diff: 0.0, Sum: 0.0]
      [Object Copy (ms): Min: 7.7, Avg: 7.8, Max: 7.8, Diff: 0.1, Sum: 77.6]
      [Termination (ms): Min: 0.0, Avg: 0.1, Max: 0.1, Diff: 0.1, Sum: 0.6]
         [Termination Attempts: Min: 1, Avg: 1.1, Max: 2, Diff: 1, Sum: 11]
      [GC Worker Other (ms): Min: 0.0, Avg: 0.0, Max: 0.0, Diff: 0.0, Sum: 0.1]
      [GC Worker Total (ms): Min: 11.0, Avg: 11.1, Max: 11.2, Diff: 0.2, Sum: 110.5]
      [GC Worker End (ms): Min: 8504.1, Avg: 8504.1, Max: 8504.2, Diff: 0.1]
   [Code Root Fixup: 0.0 ms]
   [Code Root Purge: 0.0 ms]
   [Clear CT: 0.3 ms]
   [Other: 1.0 ms]
      [Choose CSet: 0.0 ms]
      [Ref Proc: 0.3 ms]
      [Ref Enq: 0.0 ms]
      [Redirty Cards: 0.1 ms]
      [Humongous Register: 0.2 ms]
      [Humongous Reclaim: 0.1 ms]
      [Free CSet: 0.1 ms]
   [Eden: 166.0M(166.0M)->0.0B(285.0M) Survivors: 51.0M->28.0M Heap: 883.8M(2048.0M)->713.4M(2048.0M)]
 [Times: user=0.11 sys=0.00, real=0.01 secs] 
2022-03-11T19:39:33.680-0800: 8.559: [GC pause (G1 Evacuation Pause) (young), 0.0144689 secs]
   [Parallel Time: 13.3 ms, GC Workers: 10]
      [GC Worker Start (ms): Min: 8559.4, Avg: 8559.5, Max: 8559.6, Diff: 0.2]
      [Ext Root Scanning (ms): Min: 0.0, Avg: 0.1, Max: 0.2, Diff: 0.2, Sum: 0.8]
      [Update RS (ms): Min: 4.1, Avg: 4.1, Max: 4.1, Diff: 0.1, Sum: 41.1]
         [Processed Buffers: Min: 48, Avg: 54.8, Max: 69, Diff: 21, Sum: 548]
      [Scan RS (ms): Min: 0.0, Avg: 0.0, Max: 0.0, Diff: 0.0, Sum: 0.2]
      [Code Root Scanning (ms): Min: 0.0, Avg: 0.0, Max: 0.0, Diff: 0.0, Sum: 0.0]
      [Object Copy (ms): Min: 8.7, Avg: 8.8, Max: 8.8, Diff: 0.1, Sum: 87.5]
      [Termination (ms): Min: 0.0, Avg: 0.1, Max: 0.1, Diff: 0.1, Sum: 0.8]
         [Termination Attempts: Min: 1, Avg: 1.0, Max: 1, Diff: 0, Sum: 10]
      [GC Worker Other (ms): Min: 0.0, Avg: 0.0, Max: 0.0, Diff: 0.0, Sum: 0.2]
      [GC Worker Total (ms): Min: 13.0, Avg: 13.1, Max: 13.2, Diff: 0.2, Sum: 130.7]
      [GC Worker End (ms): Min: 8572.6, Avg: 8572.6, Max: 8572.6, Diff: 0.1]
   [Code Root Fixup: 0.0 ms]
   [Code Root Purge: 0.0 ms]
   [Clear CT: 0.2 ms]
   [Other: 1.0 ms]
      [Choose CSet: 0.0 ms]
      [Ref Proc: 0.4 ms]
      [Ref Enq: 0.0 ms]
      [Redirty Cards: 0.2 ms]
      [Humongous Register: 0.1 ms]
      [Humongous Reclaim: 0.1 ms]
      [Free CSet: 0.1 ms]
   [Eden: 285.0M(285.0M)->0.0B(268.0M) Survivors: 28.0M->40.0M Heap: 1065.4M(2048.0M)->782.9M(2048.0M)]
 [Times: user=0.13 sys=0.00, real=0.01 secs] 
2022-03-11T19:39:33.748-0800: 8.627: [GC pause (G1 Evacuation Pause) (young), 0.0141362 secs]
   [Parallel Time: 12.9 ms, GC Workers: 10]
      [GC Worker Start (ms): Min: 8626.9, Avg: 8627.0, Max: 8627.0, Diff: 0.1]
      [Ext Root Scanning (ms): Min: 0.0, Avg: 0.1, Max: 0.2, Diff: 0.1, Sum: 1.0]
      [Update RS (ms): Min: 4.1, Avg: 4.1, Max: 4.1, Diff: 0.1, Sum: 40.8]
         [Processed Buffers: Min: 48, Avg: 51.1, Max: 57, Diff: 9, Sum: 511]
      [Scan RS (ms): Min: 0.0, Avg: 0.0, Max: 0.0, Diff: 0.0, Sum: 0.2]
      [Code Root Scanning (ms): Min: 0.0, Avg: 0.0, Max: 0.0, Diff: 0.0, Sum: 0.0]
      [Object Copy (ms): Min: 8.4, Avg: 8.4, Max: 8.5, Diff: 0.1, Sum: 84.3]
      [Termination (ms): Min: 0.0, Avg: 0.0, Max: 0.1, Diff: 0.1, Sum: 0.4]
         [Termination Attempts: Min: 1, Avg: 1.1, Max: 2, Diff: 1, Sum: 11]
      [GC Worker Other (ms): Min: 0.0, Avg: 0.0, Max: 0.0, Diff: 0.0, Sum: 0.2]
      [GC Worker Total (ms): Min: 12.7, Avg: 12.7, Max: 12.7, Diff: 0.1, Sum: 127.0]
      [GC Worker End (ms): Min: 8639.7, Avg: 8639.7, Max: 8639.7, Diff: 0.0]
   [Code Root Fixup: 0.0 ms]
   [Code Root Purge: 0.0 ms]
   [Clear CT: 0.2 ms]
   [Other: 1.1 ms]
      [Choose CSet: 0.0 ms]
      [Ref Proc: 0.4 ms]
      [Ref Enq: 0.0 ms]
      [Redirty Cards: 0.2 ms]
      [Humongous Register: 0.1 ms]
      [Humongous Reclaim: 0.1 ms]
      [Free CSet: 0.1 ms]
   [Eden: 268.0M(268.0M)->0.0B(331.0M) Survivors: 40.0M->39.0M Heap: 1113.3M(2048.0M)->845.2M(2048.0M)]
 [Times: user=0.12 sys=0.00, real=0.02 secs] 
2022-03-11T19:39:33.787-0800: 8.667: [GC pause (G1 Humongous Allocation) (young) (initial-mark), 0.0093926 secs]
   [Parallel Time: 8.2 ms, GC Workers: 10]
      [GC Worker Start (ms): Min: 8666.7, Avg: 8666.8, Max: 8666.9, Diff: 0.2]
      [Ext Root Scanning (ms): Min: 0.0, Avg: 0.1, Max: 0.2, Diff: 0.2, Sum: 1.1]
      [Update RS (ms): Min: 2.4, Avg: 2.4, Max: 2.5, Diff: 0.1, Sum: 24.3]
         [Processed Buffers: Min: 26, Avg: 27.4, Max: 31, Diff: 5, Sum: 274]
      [Scan RS (ms): Min: 0.0, Avg: 0.0, Max: 0.0, Diff: 0.0, Sum: 0.1]
      [Code Root Scanning (ms): Min: 0.0, Avg: 0.0, Max: 0.0, Diff: 0.0, Sum: 0.0]
      [Object Copy (ms): Min: 5.4, Avg: 5.4, Max: 5.5, Diff: 0.1, Sum: 54.1]
      [Termination (ms): Min: 0.0, Avg: 0.0, Max: 0.1, Diff: 0.1, Sum: 0.4]
         [Termination Attempts: Min: 1, Avg: 1.0, Max: 1, Diff: 0, Sum: 10]
      [GC Worker Other (ms): Min: 0.0, Avg: 0.0, Max: 0.0, Diff: 0.0, Sum: 0.2]
      [GC Worker Total (ms): Min: 8.0, Avg: 8.0, Max: 8.1, Diff: 0.1, Sum: 80.2]
      [GC Worker End (ms): Min: 8674.8, Avg: 8674.9, Max: 8674.9, Diff: 0.0]
   [Code Root Fixup: 0.0 ms]
   [Code Root Purge: 0.0 ms]
   [Clear CT: 0.2 ms]
   [Other: 1.0 ms]
      [Choose CSet: 0.0 ms]
      [Ref Proc: 0.3 ms]
      [Ref Enq: 0.0 ms]
      [Redirty Cards: 0.2 ms]
      [Humongous Register: 0.1 ms]
      [Humongous Reclaim: 0.1 ms]
      [Free CSet: 0.1 ms]
   [Eden: 104.0M(331.0M)->0.0B(523.0M) Survivors: 39.0M->31.0M Heap: 981.0M(2048.0M)->865.5M(2048.0M)]
 [Times: user=0.08 sys=0.01, real=0.01 secs] 
2022-03-11T19:39:33.797-0800: 8.676: [GC concurrent-root-region-scan-start]
2022-03-11T19:39:33.797-0800: 8.676: [GC concurrent-root-region-scan-end, 0.0001310 secs]
2022-03-11T19:39:33.797-0800: 8.676: [GC concurrent-mark-start]
2022-03-11T19:39:33.799-0800: 8.678: [GC concurrent-mark-end, 0.0018391 secs]
2022-03-11T19:39:33.799-0800: 8.678: [GC remark 2022-03-11T19:39:33.799-0800: 8.678: [Finalize Marking, 0.0003128 secs] 2022-03-11T19:39:33.799-0800: 8.679: [GC ref-proc, 0.0000598 secs] 2022-03-11T19:39:33.800-0800: 8.679: [Unloading, 0.0005313 secs], 0.0017678 secs]
 [Times: user=0.01 sys=0.00, real=0.01 secs] 
2022-03-11T19:39:33.801-0800: 8.680: [GC cleanup 876M->701M(2048M), 0.0014521 secs]
 [Times: user=0.01 sys=0.00, real=0.00 secs] 
2022-03-11T19:39:33.803-0800: 8.682: [GC concurrent-cleanup-start]
2022-03-11T19:39:33.803-0800: 8.682: [GC concurrent-cleanup-end, 0.0001127 secs]
2022-03-11T19:39:33.916-0800: 8.795: [GC pause (G1 Evacuation Pause) (young), 0.0202128 secs]
   [Parallel Time: 18.6 ms, GC Workers: 10]
      [GC Worker Start (ms): Min: 8795.7, Avg: 8795.8, Max: 8795.9, Diff: 0.2]
      [Ext Root Scanning (ms): Min: 0.0, Avg: 0.1, Max: 0.2, Diff: 0.2, Sum: 0.6]
      [Update RS (ms): Min: 5.6, Avg: 5.6, Max: 5.7, Diff: 0.1, Sum: 56.4]
         [Processed Buffers: Min: 69, Avg: 71.6, Max: 76, Diff: 7, Sum: 716]
      [Scan RS (ms): Min: 0.0, Avg: 0.1, Max: 0.1, Diff: 0.0, Sum: 0.5]
      [Code Root Scanning (ms): Min: 0.0, Avg: 0.0, Max: 0.0, Diff: 0.0, Sum: 0.1]
      [Object Copy (ms): Min: 12.2, Avg: 12.4, Max: 12.5, Diff: 0.3, Sum: 124.3]
      [Termination (ms): Min: 0.0, Avg: 0.1, Max: 0.4, Diff: 0.4, Sum: 1.2]
         [Termination Attempts: Min: 1, Avg: 1.3, Max: 2, Diff: 1, Sum: 13]
      [GC Worker Other (ms): Min: 0.0, Avg: 0.0, Max: 0.0, Diff: 0.0, Sum: 0.2]
      [GC Worker Total (ms): Min: 18.2, Avg: 18.3, Max: 18.5, Diff: 0.3, Sum: 183.3]
      [GC Worker End (ms): Min: 8814.1, Avg: 8814.1, Max: 8814.2, Diff: 0.1]
   [Code Root Fixup: 0.0 ms]
   [Code Root Purge: 0.0 ms]
   [Clear CT: 0.3 ms]
   [Other: 1.4 ms]
      [Choose CSet: 0.0 ms]
      [Ref Proc: 0.3 ms]
      [Ref Enq: 0.0 ms]
      [Redirty Cards: 0.3 ms]
      [Humongous Register: 0.1 ms]
      [Humongous Reclaim: 0.2 ms]
      [Free CSet: 0.3 ms]
   [Eden: 523.0M(523.0M)->0.0B(32.0M) Survivors: 31.0M->70.0M Heap: 1347.3M(2048.0M)->797.8M(2048.0M)]
 [Times: user=0.18 sys=0.00, real=0.02 secs] 
2022-03-11T19:39:33.945-0800: 8.825: [GC pause (G1 Evacuation Pause) (mixed), 0.0114510 secs]
   [Parallel Time: 9.1 ms, GC Workers: 10]
      [GC Worker Start (ms): Min: 8825.1, Avg: 8825.2, Max: 8825.4, Diff: 0.2]
      [Ext Root Scanning (ms): Min: 0.1, Avg: 0.2, Max: 0.3, Diff: 0.2, Sum: 1.7]
      [Update RS (ms): Min: 0.8, Avg: 0.9, Max: 0.9, Diff: 0.0, Sum: 8.5]
         [Processed Buffers: Min: 8, Avg: 8.3, Max: 9, Diff: 1, Sum: 83]
      [Scan RS (ms): Min: 0.1, Avg: 0.1, Max: 0.2, Diff: 0.1, Sum: 0.9]
      [Code Root Scanning (ms): Min: 0.0, Avg: 0.0, Max: 0.1, Diff: 0.1, Sum: 0.1]
      [Object Copy (ms): Min: 7.7, Avg: 7.7, Max: 7.8, Diff: 0.1, Sum: 77.2]
      [Termination (ms): Min: 0.0, Avg: 0.0, Max: 0.2, Diff: 0.2, Sum: 0.5]
         [Termination Attempts: Min: 1, Avg: 1.0, Max: 1, Diff: 0, Sum: 10]
      [GC Worker Other (ms): Min: 0.0, Avg: 0.0, Max: 0.0, Diff: 0.0, Sum: 0.2]
      [GC Worker Total (ms): Min: 8.8, Avg: 8.9, Max: 9.0, Diff: 0.2, Sum: 89.1]
      [GC Worker End (ms): Min: 8834.1, Avg: 8834.1, Max: 8834.2, Diff: 0.0]
   [Code Root Fixup: 0.1 ms]
   [Code Root Purge: 0.0 ms]
   [Clear CT: 0.2 ms]
   [Other: 2.1 ms]
      [Choose CSet: 0.1 ms]
      [Ref Proc: 0.3 ms]
      [Ref Enq: 0.0 ms]
      [Redirty Cards: 0.2 ms]
      [Humongous Register: 0.4 ms]
      [Humongous Reclaim: 0.2 ms]
      [Free CSet: 0.3 ms]
   [Eden: 32.0M(32.0M)->0.0B(94.0M) Survivors: 70.0M->8192.0K Heap: 838.8M(2048.0M)->681.0M(2048.0M)]
 [Times: user=0.09 sys=0.00, real=0.01 secs] 
2022-03-11T19:39:33.981-0800: 8.860: [GC pause (G1 Evacuation Pause) (mixed), 0.0067783 secs]
   [Parallel Time: 5.6 ms, GC Workers: 10]
      [GC Worker Start (ms): Min: 8859.9, Avg: 8860.0, Max: 8860.1, Diff: 0.2]
      [Ext Root Scanning (ms): Min: 0.0, Avg: 0.1, Max: 0.2, Diff: 0.2, Sum: 1.0]
      [Update RS (ms): Min: 1.5, Avg: 1.6, Max: 1.6, Diff: 0.1, Sum: 15.6]
         [Processed Buffers: Min: 15, Avg: 17.0, Max: 21, Diff: 6, Sum: 170]
      [Scan RS (ms): Min: 0.0, Avg: 0.0, Max: 0.1, Diff: 0.1, Sum: 0.4]
      [Code Root Scanning (ms): Min: 0.0, Avg: 0.0, Max: 0.0, Diff: 0.0, Sum: 0.0]
      [Object Copy (ms): Min: 3.6, Avg: 3.7, Max: 3.7, Diff: 0.1, Sum: 36.7]
      [Termination (ms): Min: 0.0, Avg: 0.1, Max: 0.1, Diff: 0.1, Sum: 0.5]
         [Termination Attempts: Min: 1, Avg: 1.0, Max: 1, Diff: 0, Sum: 10]
      [GC Worker Other (ms): Min: 0.0, Avg: 0.0, Max: 0.0, Diff: 0.0, Sum: 0.1]
      [GC Worker Total (ms): Min: 5.4, Avg: 5.4, Max: 5.5, Diff: 0.2, Sum: 54.3]
      [GC Worker End (ms): Min: 8865.5, Avg: 8865.5, Max: 8865.5, Diff: 0.0]
   [Code Root Fixup: 0.0 ms]
   [Code Root Purge: 0.0 ms]
   [Clear CT: 0.2 ms]
   [Other: 0.9 ms]
      [Choose CSet: 0.0 ms]
      [Ref Proc: 0.3 ms]
      [Ref Enq: 0.0 ms]
      [Redirty Cards: 0.1 ms]
      [Humongous Register: 0.1 ms]
      [Humongous Reclaim: 0.1 ms]
      [Free CSet: 0.1 ms]
   [Eden: 94.0M(94.0M)->0.0B(89.0M) Survivors: 8192.0K->13.0M Heap: 794.8M(2048.0M)->654.8M(2048.0M)]
 [Times: user=0.06 sys=0.00, real=0.00 secs] 
2022-03-11T19:39:34.010-0800: 8.889: [GC pause (G1 Evacuation Pause) (mixed), 0.0075548 secs]
   [Parallel Time: 6.5 ms, GC Workers: 10]
      [GC Worker Start (ms): Min: 8889.7, Avg: 8889.8, Max: 8889.9, Diff: 0.2]
      [Ext Root Scanning (ms): Min: 0.0, Avg: 0.1, Max: 0.2, Diff: 0.2, Sum: 0.9]
      [Update RS (ms): Min: 2.1, Avg: 2.1, Max: 2.2, Diff: 0.1, Sum: 21.3]
         [Processed Buffers: Min: 22, Avg: 24.3, Max: 29, Diff: 7, Sum: 243]
      [Scan RS (ms): Min: 0.0, Avg: 0.0, Max: 0.1, Diff: 0.1, Sum: 0.4]
      [Code Root Scanning (ms): Min: 0.0, Avg: 0.0, Max: 0.0, Diff: 0.0, Sum: 0.0]
      [Object Copy (ms): Min: 3.9, Avg: 3.9, Max: 4.0, Diff: 0.1, Sum: 39.5]
      [Termination (ms): Min: 0.0, Avg: 0.1, Max: 0.2, Diff: 0.2, Sum: 1.0]
         [Termination Attempts: Min: 1, Avg: 1.3, Max: 3, Diff: 2, Sum: 13]
      [GC Worker Other (ms): Min: 0.0, Avg: 0.0, Max: 0.0, Diff: 0.0, Sum: 0.2]
      [GC Worker Total (ms): Min: 6.2, Avg: 6.3, Max: 6.4, Diff: 0.2, Sum: 63.2]
      [GC Worker End (ms): Min: 8896.1, Avg: 8896.1, Max: 8896.2, Diff: 0.1]
   [Code Root Fixup: 0.0 ms]
   [Code Root Purge: 0.0 ms]
   [Clear CT: 0.2 ms]
   [Other: 0.9 ms]
      [Choose CSet: 0.0 ms]
      [Ref Proc: 0.3 ms]
      [Ref Enq: 0.0 ms]
      [Redirty Cards: 0.1 ms]
      [Humongous Register: 0.1 ms]
      [Humongous Reclaim: 0.1 ms]
      [Free CSet: 0.1 ms]
   [Eden: 89.0M(89.0M)->0.0B(89.0M) Survivors: 13.0M->13.0M Heap: 772.7M(2048.0M)->633.8M(2048.0M)]
 [Times: user=0.06 sys=0.01, real=0.00 secs] 
2022-03-11T19:39:34.039-0800: 8.919: [GC pause (G1 Evacuation Pause) (mixed), 0.0058314 secs]
   [Parallel Time: 4.8 ms, GC Workers: 10]
      [GC Worker Start (ms): Min: 8918.7, Avg: 8918.9, Max: 8919.0, Diff: 0.2]
      [Ext Root Scanning (ms): Min: 0.0, Avg: 0.1, Max: 0.2, Diff: 0.2, Sum: 0.7]
      [Update RS (ms): Min: 1.4, Avg: 1.5, Max: 1.5, Diff: 0.1, Sum: 14.6]
         [Processed Buffers: Min: 14, Avg: 16.2, Max: 20, Diff: 6, Sum: 162]
      [Scan RS (ms): Min: 0.0, Avg: 0.0, Max: 0.1, Diff: 0.1, Sum: 0.3]
      [Code Root Scanning (ms): Min: 0.0, Avg: 0.0, Max: 0.0, Diff: 0.0, Sum: 0.0]
      [Object Copy (ms): Min: 2.9, Avg: 3.0, Max: 3.0, Diff: 0.2, Sum: 29.7]
      [Termination (ms): Min: 0.0, Avg: 0.1, Max: 0.1, Diff: 0.1, Sum: 0.6]
         [Termination Attempts: Min: 1, Avg: 1.0, Max: 1, Diff: 0, Sum: 10]
      [GC Worker Other (ms): Min: 0.0, Avg: 0.0, Max: 0.0, Diff: 0.0, Sum: 0.1]
      [GC Worker Total (ms): Min: 4.5, Avg: 4.6, Max: 4.7, Diff: 0.2, Sum: 46.0]
      [GC Worker End (ms): Min: 8923.5, Avg: 8923.5, Max: 8923.5, Diff: 0.0]
   [Code Root Fixup: 0.0 ms]
   [Code Root Purge: 0.0 ms]
   [Clear CT: 0.1 ms]
   [Other: 0.9 ms]
      [Choose CSet: 0.0 ms]
      [Ref Proc: 0.3 ms]
      [Ref Enq: 0.0 ms]
      [Redirty Cards: 0.2 ms]
      [Humongous Register: 0.1 ms]
      [Humongous Reclaim: 0.1 ms]
      [Free CSet: 0.1 ms]
   [Eden: 89.0M(89.0M)->0.0B(165.0M) Survivors: 13.0M->13.0M Heap: 741.7M(2048.0M)->657.2M(2048.0M)]
 [Times: user=0.05 sys=0.00, real=0.01 secs] 
2022-03-11T19:39:34.080-0800: 8.959: [GC pause (G1 Evacuation Pause) (young), 0.0085119 secs]
   [Parallel Time: 7.5 ms, GC Workers: 10]
      [GC Worker Start (ms): Min: 8959.1, Avg: 8959.2, Max: 8959.3, Diff: 0.2]
      [Ext Root Scanning (ms): Min: 0.0, Avg: 0.1, Max: 0.2, Diff: 0.2, Sum: 0.8]
      [Update RS (ms): Min: 2.3, Avg: 2.4, Max: 2.4, Diff: 0.1, Sum: 23.7]
         [Processed Buffers: Min: 27, Avg: 28.7, Max: 33, Diff: 6, Sum: 287]
      [Scan RS (ms): Min: 0.0, Avg: 0.0, Max: 0.0, Diff: 0.0, Sum: 0.2]
      [Code Root Scanning (ms): Min: 0.0, Avg: 0.0, Max: 0.0, Diff: 0.0, Sum: 0.0]
      [Object Copy (ms): Min: 4.6, Avg: 4.7, Max: 4.7, Diff: 0.2, Sum: 46.5]
      [Termination (ms): Min: 0.0, Avg: 0.1, Max: 0.2, Diff: 0.2, Sum: 1.0]
         [Termination Attempts: Min: 1, Avg: 1.0, Max: 1, Diff: 0, Sum: 10]
      [GC Worker Other (ms): Min: 0.0, Avg: 0.0, Max: 0.0, Diff: 0.0, Sum: 0.1]
      [GC Worker Total (ms): Min: 7.1, Avg: 7.2, Max: 7.3, Diff: 0.2, Sum: 72.3]
      [GC Worker End (ms): Min: 8966.4, Avg: 8966.5, Max: 8966.6, Diff: 0.1]
   [Code Root Fixup: 0.0 ms]
   [Code Root Purge: 0.0 ms]
   [Clear CT: 0.2 ms]
   [Other: 0.9 ms]
      [Choose CSet: 0.0 ms]
      [Ref Proc: 0.3 ms]
      [Ref Enq: 0.0 ms]
      [Redirty Cards: 0.1 ms]
      [Humongous Register: 0.1 ms]
      [Humongous Reclaim: 0.1 ms]
      [Free CSet: 0.1 ms]
   [Eden: 165.0M(165.0M)->0.0B(170.0M) Survivors: 13.0M->23.0M Heap: 856.6M(2048.0M)->700.3M(2048.0M)]
 [Times: user=0.08 sys=0.00, real=0.00 secs] 
2022-03-11T19:39:34.124-0800: 9.004: [GC pause (G1 Evacuation Pause) (young), 0.0104748 secs]
   [Parallel Time: 9.4 ms, GC Workers: 10]
      [GC Worker Start (ms): Min: 9003.8, Avg: 9003.9, Max: 9004.0, Diff: 0.2]
      [Ext Root Scanning (ms): Min: 0.0, Avg: 0.1, Max: 0.2, Diff: 0.2, Sum: 0.8]
      [Update RS (ms): Min: 2.9, Avg: 2.9, Max: 2.9, Diff: 0.1, Sum: 29.0]
         [Processed Buffers: Min: 30, Avg: 32.2, Max: 36, Diff: 6, Sum: 322]
      [Scan RS (ms): Min: 0.0, Avg: 0.0, Max: 0.0, Diff: 0.0, Sum: 0.2]
      [Code Root Scanning (ms): Min: 0.0, Avg: 0.0, Max: 0.0, Diff: 0.0, Sum: 0.0]
      [Object Copy (ms): Min: 5.9, Avg: 6.0, Max: 6.1, Diff: 0.2, Sum: 60.0]
      [Termination (ms): Min: 0.0, Avg: 0.1, Max: 0.3, Diff: 0.3, Sum: 1.3]
         [Termination Attempts: Min: 1, Avg: 1.0, Max: 1, Diff: 0, Sum: 10]
      [GC Worker Other (ms): Min: 0.0, Avg: 0.0, Max: 0.0, Diff: 0.0, Sum: 0.1]
      [GC Worker Total (ms): Min: 9.0, Avg: 9.1, Max: 9.3, Diff: 0.3, Sum: 91.4]
      [GC Worker End (ms): Min: 9013.0, Avg: 9013.0, Max: 9013.1, Diff: 0.1]
   [Code Root Fixup: 0.0 ms]
   [Code Root Purge: 0.0 ms]
   [Clear CT: 0.2 ms]
   [Other: 0.9 ms]
      [Choose CSet: 0.0 ms]
      [Ref Proc: 0.3 ms]
      [Ref Enq: 0.0 ms]
      [Redirty Cards: 0.1 ms]
      [Humongous Register: 0.1 ms]
      [Humongous Reclaim: 0.1 ms]
      [Free CSet: 0.1 ms]
   [Eden: 170.0M(170.0M)->0.0B(190.0M) Survivors: 23.0M->25.0M Heap: 909.2M(2048.0M)->746.6M(2048.0M)]
 [Times: user=0.09 sys=0.00, real=0.01 secs] 
2022-03-11T19:39:34.174-0800: 9.053: [GC pause (G1 Evacuation Pause) (young), 0.0112664 secs]
   [Parallel Time: 10.1 ms, GC Workers: 10]
      [GC Worker Start (ms): Min: 9053.0, Avg: 9053.1, Max: 9053.2, Diff: 0.1]
      [Ext Root Scanning (ms): Min: 0.0, Avg: 0.1, Max: 0.2, Diff: 0.1, Sum: 1.0]
      [Update RS (ms): Min: 2.9, Avg: 3.0, Max: 3.0, Diff: 0.1, Sum: 29.7]
         [Processed Buffers: Min: 32, Avg: 34.1, Max: 41, Diff: 9, Sum: 341]
      [Scan RS (ms): Min: 0.0, Avg: 0.0, Max: 0.0, Diff: 0.0, Sum: 0.1]
      [Code Root Scanning (ms): Min: 0.0, Avg: 0.0, Max: 0.0, Diff: 0.0, Sum: 0.0]
      [Object Copy (ms): Min: 6.5, Avg: 6.6, Max: 6.7, Diff: 0.2, Sum: 66.2]
      [Termination (ms): Min: 0.0, Avg: 0.2, Max: 0.3, Diff: 0.3, Sum: 1.6]
         [Termination Attempts: Min: 1, Avg: 1.0, Max: 1, Diff: 0, Sum: 10]
      [GC Worker Other (ms): Min: 0.0, Avg: 0.0, Max: 0.0, Diff: 0.0, Sum: 0.1]
      [GC Worker Total (ms): Min: 9.8, Avg: 9.9, Max: 10.0, Diff: 0.2, Sum: 98.8]
      [GC Worker End (ms): Min: 9062.9, Avg: 9063.0, Max: 9063.0, Diff: 0.1]
   [Code Root Fixup: 0.0 ms]
   [Code Root Purge: 0.0 ms]
   [Clear CT: 0.2 ms]
   [Other: 1.0 ms]
      [Choose CSet: 0.0 ms]
      [Ref Proc: 0.4 ms]
      [Ref Enq: 0.0 ms]
      [Redirty Cards: 0.2 ms]
      [Humongous Register: 0.1 ms]
      [Humongous Reclaim: 0.1 ms]
      [Free CSet: 0.1 ms]
   [Eden: 190.0M(190.0M)->0.0B(213.0M) Survivors: 25.0M->27.0M Heap: 977.8M(2048.0M)->798.5M(2048.0M)]
 [Times: user=0.10 sys=0.00, real=0.01 secs] 
2022-03-11T19:39:34.227-0800: 9.106: [GC pause (G1 Evacuation Pause) (young), 0.0121743 secs]
   [Parallel Time: 11.1 ms, GC Workers: 10]
      [GC Worker Start (ms): Min: 9105.9, Avg: 9106.0, Max: 9106.1, Diff: 0.2]
      [Ext Root Scanning (ms): Min: 0.0, Avg: 0.1, Max: 0.2, Diff: 0.2, Sum: 1.0]
      [Update RS (ms): Min: 3.8, Avg: 3.9, Max: 3.9, Diff: 0.0, Sum: 38.6]
         [Processed Buffers: Min: 40, Avg: 43.9, Max: 54, Diff: 14, Sum: 439]
      [Scan RS (ms): Min: 0.0, Avg: 0.0, Max: 0.0, Diff: 0.0, Sum: 0.2]
      [Code Root Scanning (ms): Min: 0.0, Avg: 0.0, Max: 0.0, Diff: 0.0, Sum: 0.0]
      [Object Copy (ms): Min: 6.8, Avg: 6.8, Max: 6.8, Diff: 0.1, Sum: 67.9]
      [Termination (ms): Min: 0.0, Avg: 0.1, Max: 0.1, Diff: 0.1, Sum: 0.9]
         [Termination Attempts: Min: 1, Avg: 1.0, Max: 1, Diff: 0, Sum: 10]
      [GC Worker Other (ms): Min: 0.0, Avg: 0.0, Max: 0.0, Diff: 0.0, Sum: 0.1]
      [GC Worker Total (ms): Min: 10.8, Avg: 10.9, Max: 11.0, Diff: 0.2, Sum: 108.7]
      [GC Worker End (ms): Min: 9116.9, Avg: 9116.9, Max: 9116.9, Diff: 0.1]
   [Code Root Fixup: 0.0 ms]
   [Code Root Purge: 0.0 ms]
   [Clear CT: 0.2 ms]
   [Other: 0.9 ms]
      [Choose CSet: 0.0 ms]
      [Ref Proc: 0.3 ms]
      [Ref Enq: 0.0 ms]
      [Redirty Cards: 0.1 ms]
      [Humongous Register: 0.1 ms]
      [Humongous Reclaim: 0.1 ms]
      [Free CSet: 0.1 ms]
   [Eden: 213.0M(213.0M)->0.0B(235.0M) Survivors: 27.0M->30.0M Heap: 1065.0M(2048.0M)->856.7M(2048.0M)]
 [Times: user=0.11 sys=0.01, real=0.01 secs] 
2022-03-11T19:39:34.255-0800: 9.134: [GC pause (G1 Humongous Allocation) (young) (initial-mark), 0.0070817 secs]
   [Parallel Time: 5.9 ms, GC Workers: 10]
      [GC Worker Start (ms): Min: 9134.6, Avg: 9134.7, Max: 9134.8, Diff: 0.2]
      [Ext Root Scanning (ms): Min: 0.0, Avg: 0.1, Max: 0.2, Diff: 0.2, Sum: 1.1]
      [Update RS (ms): Min: 1.4, Avg: 1.5, Max: 1.5, Diff: 0.1, Sum: 14.6]
         [Processed Buffers: Min: 15, Avg: 16.4, Max: 20, Diff: 5, Sum: 164]
      [Scan RS (ms): Min: 0.0, Avg: 0.0, Max: 0.0, Diff: 0.0, Sum: 0.1]
      [Code Root Scanning (ms): Min: 0.0, Avg: 0.0, Max: 0.0, Diff: 0.0, Sum: 0.0]
      [Object Copy (ms): Min: 4.0, Avg: 4.0, Max: 4.1, Diff: 0.1, Sum: 40.4]
      [Termination (ms): Min: 0.0, Avg: 0.1, Max: 0.1, Diff: 0.1, Sum: 0.9]
         [Termination Attempts: Min: 1, Avg: 1.2, Max: 2, Diff: 1, Sum: 12]
      [GC Worker Other (ms): Min: 0.0, Avg: 0.0, Max: 0.0, Diff: 0.0, Sum: 0.1]
      [GC Worker Total (ms): Min: 5.6, Avg: 5.7, Max: 5.8, Diff: 0.2, Sum: 57.2]
      [GC Worker End (ms): Min: 9140.4, Avg: 9140.4, Max: 9140.5, Diff: 0.1]
   [Code Root Fixup: 0.0 ms]
   [Code Root Purge: 0.0 ms]
   [Clear CT: 0.3 ms]
   [Other: 0.9 ms]
      [Choose CSet: 0.0 ms]
      [Ref Proc: 0.3 ms]
      [Ref Enq: 0.0 ms]
      [Redirty Cards: 0.2 ms]
      [Humongous Register: 0.1 ms]
      [Humongous Reclaim: 0.1 ms]
      [Free CSet: 0.1 ms]
   [Eden: 74.0M(235.0M)->0.0B(298.0M) Survivors: 30.0M->19.0M Heap: 949.2M(2048.0M)->876.0M(2048.0M)]
 [Times: user=0.06 sys=0.00, real=0.01 secs] 
2022-03-11T19:39:34.263-0800: 9.142: [GC concurrent-root-region-scan-start]
2022-03-11T19:39:34.263-0800: 9.142: [GC concurrent-root-region-scan-end, 0.0001007 secs]
2022-03-11T19:39:34.263-0800: 9.142: [GC concurrent-mark-start]
2022-03-11T19:39:34.264-0800: 9.143: [GC concurrent-mark-end, 0.0014838 secs]
2022-03-11T19:39:34.264-0800: 9.143: [GC remark 2022-03-11T19:39:34.264-0800: 9.143: [Finalize Marking, 0.0003138 secs] 2022-03-11T19:39:34.265-0800: 9.144: [GC ref-proc, 0.0000582 secs] 2022-03-11T19:39:34.265-0800: 9.144: [Unloading, 0.0004755 secs], 0.0016644 secs]
 [Times: user=0.01 sys=0.00, real=0.00 secs] 
2022-03-11T19:39:34.266-0800: 9.145: [GC cleanup 885M->723M(2048M), 0.0014048 secs]
 [Times: user=0.01 sys=0.00, real=0.00 secs] 
2022-03-11T19:39:34.268-0800: 9.147: [GC concurrent-cleanup-start]
2022-03-11T19:39:34.268-0800: 9.147: [GC concurrent-cleanup-end, 0.0001036 secs]
2022-03-11T19:39:34.322-0800: 9.201: [GC pause (G1 Evacuation Pause) (young), 0.0152496 secs]
   [Parallel Time: 13.8 ms, GC Workers: 10]
      [GC Worker Start (ms): Min: 9201.6, Avg: 9201.7, Max: 9201.8, Diff: 0.1]
      [Ext Root Scanning (ms): Min: 0.0, Avg: 0.1, Max: 0.2, Diff: 0.1, Sum: 0.8]
      [Update RS (ms): Min: 5.0, Avg: 5.0, Max: 5.0, Diff: 0.0, Sum: 49.9]
         [Processed Buffers: Min: 63, Avg: 68.0, Max: 83, Diff: 20, Sum: 680]
      [Scan RS (ms): Min: 0.0, Avg: 0.0, Max: 0.0, Diff: 0.0, Sum: 0.2]
      [Code Root Scanning (ms): Min: 0.0, Avg: 0.0, Max: 0.0, Diff: 0.0, Sum: 0.0]
      [Object Copy (ms): Min: 8.4, Avg: 8.5, Max: 8.6, Diff: 0.2, Sum: 84.7]
      [Termination (ms): Min: 0.0, Avg: 0.1, Max: 0.1, Diff: 0.1, Sum: 0.8]
         [Termination Attempts: Min: 1, Avg: 1.0, Max: 1, Diff: 0, Sum: 10]
      [GC Worker Other (ms): Min: 0.0, Avg: 0.0, Max: 0.0, Diff: 0.0, Sum: 0.2]
      [GC Worker Total (ms): Min: 13.6, Avg: 13.7, Max: 13.7, Diff: 0.2, Sum: 136.5]
      [GC Worker End (ms): Min: 9215.3, Avg: 9215.4, Max: 9215.4, Diff: 0.0]
   [Code Root Fixup: 0.0 ms]
   [Code Root Purge: 0.0 ms]
   [Clear CT: 0.2 ms]
   [Other: 1.3 ms]
      [Choose CSet: 0.0 ms]
      [Ref Proc: 0.5 ms]
      [Ref Enq: 0.0 ms]
      [Redirty Cards: 0.1 ms]
      [Humongous Register: 0.2 ms]
      [Humongous Reclaim: 0.2 ms]
      [Free CSet: 0.1 ms]
   [Eden: 298.0M(298.0M)->0.0B(62.0M) Survivors: 19.0M->40.0M Heap: 1095.5M(2048.0M)->793.1M(2048.0M)]
 [Times: user=0.13 sys=0.00, real=0.01 secs] 
2022-03-11T19:39:34.350-0800: 9.229: [GC pause (G1 Evacuation Pause) (mixed), 0.0092533 secs]
   [Parallel Time: 7.9 ms, GC Workers: 10]
      [GC Worker Start (ms): Min: 9229.2, Avg: 9229.3, Max: 9229.3, Diff: 0.2]
      [Ext Root Scanning (ms): Min: 0.0, Avg: 0.1, Max: 0.2, Diff: 0.2, Sum: 1.0]
      [Update RS (ms): Min: 1.1, Avg: 1.1, Max: 1.2, Diff: 0.1, Sum: 11.3]
         [Processed Buffers: Min: 12, Avg: 12.7, Max: 15, Diff: 3, Sum: 127]
      [Scan RS (ms): Min: 0.0, Avg: 0.1, Max: 0.1, Diff: 0.1, Sum: 0.7]
      [Code Root Scanning (ms): Min: 0.0, Avg: 0.0, Max: 0.0, Diff: 0.0, Sum: 0.0]
      [Object Copy (ms): Min: 6.3, Avg: 6.3, Max: 6.3, Diff: 0.1, Sum: 62.9]
      [Termination (ms): Min: 0.0, Avg: 0.1, Max: 0.1, Diff: 0.1, Sum: 0.5]
         [Termination Attempts: Min: 1, Avg: 1.0, Max: 1, Diff: 0, Sum: 10]
      [GC Worker Other (ms): Min: 0.0, Avg: 0.0, Max: 0.0, Diff: 0.0, Sum: 0.2]
      [GC Worker Total (ms): Min: 7.6, Avg: 7.7, Max: 7.8, Diff: 0.2, Sum: 76.7]
      [GC Worker End (ms): Min: 9236.9, Avg: 9236.9, Max: 9237.0, Diff: 0.0]
   [Code Root Fixup: 0.0 ms]
   [Code Root Purge: 0.0 ms]
   [Clear CT: 0.2 ms]
   [Other: 1.2 ms]
      [Choose CSet: 0.1 ms]
      [Ref Proc: 0.4 ms]
      [Ref Enq: 0.0 ms]
      [Redirty Cards: 0.1 ms]
      [Humongous Register: 0.1 ms]
      [Humongous Reclaim: 0.1 ms]
      [Free CSet: 0.3 ms]
   [Eden: 62.0M(62.0M)->0.0B(89.0M) Survivors: 40.0M->13.0M Heap: 869.5M(2048.0M)->616.2M(2048.0M)]
 [Times: user=0.08 sys=0.00, real=0.00 secs] 
2022-03-11T19:39:34.380-0800: 9.259: [GC pause (G1 Evacuation Pause) (mixed), 0.0074952 secs]
   [Parallel Time: 6.3 ms, GC Workers: 10]
      [GC Worker Start (ms): Min: 9258.9, Avg: 9259.0, Max: 9259.1, Diff: 0.2]
      [Ext Root Scanning (ms): Min: 0.0, Avg: 0.1, Max: 0.2, Diff: 0.2, Sum: 0.9]
      [Update RS (ms): Min: 1.4, Avg: 1.4, Max: 1.5, Diff: 0.1, Sum: 14.3]
         [Processed Buffers: Min: 14, Avg: 15.7, Max: 19, Diff: 5, Sum: 157]
      [Scan RS (ms): Min: 0.0, Avg: 0.0, Max: 0.1, Diff: 0.1, Sum: 0.3]
      [Code Root Scanning (ms): Min: 0.0, Avg: 0.0, Max: 0.0, Diff: 0.0, Sum: 0.0]
      [Object Copy (ms): Min: 4.4, Avg: 4.5, Max: 4.5, Diff: 0.1, Sum: 44.7]
      [Termination (ms): Min: 0.0, Avg: 0.1, Max: 0.1, Diff: 0.1, Sum: 0.7]
         [Termination Attempts: Min: 1, Avg: 1.0, Max: 1, Diff: 0, Sum: 10]
      [GC Worker Other (ms): Min: 0.0, Avg: 0.0, Max: 0.0, Diff: 0.0, Sum: 0.1]
      [GC Worker Total (ms): Min: 6.0, Avg: 6.1, Max: 6.2, Diff: 0.2, Sum: 61.1]
      [GC Worker End (ms): Min: 9265.1, Avg: 9265.1, Max: 9265.1, Diff: 0.1]
   [Code Root Fixup: 0.0 ms]
   [Code Root Purge: 0.0 ms]
   [Clear CT: 0.2 ms]
   [Other: 1.0 ms]
      [Choose CSet: 0.0 ms]
      [Ref Proc: 0.4 ms]
      [Ref Enq: 0.0 ms]
      [Redirty Cards: 0.1 ms]
      [Humongous Register: 0.1 ms]
      [Humongous Reclaim: 0.1 ms]
      [Free CSet: 0.1 ms]
   [Eden: 89.0M(89.0M)->0.0B(337.0M) Survivors: 13.0M->13.0M Heap: 723.4M(2048.0M)->574.2M(2048.0M)]
 [Times: user=0.06 sys=0.00, real=0.00 secs] 
2022-03-11T19:39:34.452-0800: 9.331: [GC pause (G1 Evacuation Pause) (young), 0.0195779 secs]
   [Parallel Time: 18.3 ms, GC Workers: 10]
      [GC Worker Start (ms): Min: 9331.6, Avg: 9331.7, Max: 9331.8, Diff: 0.1]
      [Ext Root Scanning (ms): Min: 0.0, Avg: 0.1, Max: 0.2, Diff: 0.1, Sum: 0.9]
      [Update RS (ms): Min: 5.6, Avg: 5.6, Max: 5.6, Diff: 0.1, Sum: 56.0]
         [Processed Buffers: Min: 70, Avg: 76.3, Max: 91, Diff: 21, Sum: 763]
      [Scan RS (ms): Min: 0.0, Avg: 0.0, Max: 0.1, Diff: 0.0, Sum: 0.2]
      [Code Root Scanning (ms): Min: 0.0, Avg: 0.0, Max: 0.0, Diff: 0.0, Sum: 0.0]
      [Object Copy (ms): Min: 12.3, Avg: 12.3, Max: 12.4, Diff: 0.1, Sum: 123.4]
      [Termination (ms): Min: 0.0, Avg: 0.1, Max: 0.2, Diff: 0.2, Sum: 0.9]
         [Termination Attempts: Min: 1, Avg: 1.0, Max: 1, Diff: 0, Sum: 10]
      [GC Worker Other (ms): Min: 0.0, Avg: 0.0, Max: 0.0, Diff: 0.0, Sum: 0.1]
      [GC Worker Total (ms): Min: 18.1, Avg: 18.2, Max: 18.2, Diff: 0.1, Sum: 181.6]
      [GC Worker End (ms): Min: 9349.8, Avg: 9349.9, Max: 9349.9, Diff: 0.1]
   [Code Root Fixup: 0.0 ms]
   [Code Root Purge: 0.0 ms]
   [Clear CT: 0.2 ms]
   [Other: 1.0 ms]
      [Choose CSet: 0.0 ms]
      [Ref Proc: 0.3 ms]
      [Ref Enq: 0.0 ms]
      [Redirty Cards: 0.1 ms]
      [Humongous Register: 0.1 ms]
      [Humongous Reclaim: 0.2 ms]
      [Free CSet: 0.1 ms]
   [Eden: 337.0M(337.0M)->0.0B(58.0M) Survivors: 13.0M->44.0M Heap: 1005.2M(2048.0M)->659.2M(2048.0M)]
 [Times: user=0.18 sys=0.01, real=0.02 secs] 
2022-03-11T19:39:34.489-0800: 9.368: [GC pause (G1 Evacuation Pause) (young), 0.0079002 secs]
   [Parallel Time: 6.9 ms, GC Workers: 10]
      [GC Worker Start (ms): Min: 9367.8, Avg: 9367.9, Max: 9368.0, Diff: 0.2]
      [Ext Root Scanning (ms): Min: 0.0, Avg: 0.1, Max: 0.2, Diff: 0.2, Sum: 1.0]
      [Update RS (ms): Min: 1.2, Avg: 1.2, Max: 1.2, Diff: 0.1, Sum: 12.0]
         [Processed Buffers: Min: 11, Avg: 13.3, Max: 17, Diff: 6, Sum: 133]
      [Scan RS (ms): Min: 0.0, Avg: 0.0, Max: 0.0, Diff: 0.0, Sum: 0.1]
      [Code Root Scanning (ms): Min: 0.0, Avg: 0.0, Max: 0.0, Diff: 0.0, Sum: 0.0]
      [Object Copy (ms): Min: 5.2, Avg: 5.3, Max: 5.3, Diff: 0.2, Sum: 52.8]
      [Termination (ms): Min: 0.0, Avg: 0.1, Max: 0.1, Diff: 0.1, Sum: 0.9]
         [Termination Attempts: Min: 1, Avg: 1.0, Max: 1, Diff: 0, Sum: 10]
      [GC Worker Other (ms): Min: 0.0, Avg: 0.0, Max: 0.0, Diff: 0.0, Sum: 0.1]
      [GC Worker Total (ms): Min: 6.6, Avg: 6.7, Max: 6.8, Diff: 0.2, Sum: 66.8]
      [GC Worker End (ms): Min: 9374.6, Avg: 9374.6, Max: 9374.7, Diff: 0.1]
   [Code Root Fixup: 0.0 ms]
   [Code Root Purge: 0.0 ms]
   [Clear CT: 0.1 ms]
   [Other: 0.9 ms]
      [Choose CSet: 0.0 ms]
      [Ref Proc: 0.3 ms]
      [Ref Enq: 0.0 ms]
      [Redirty Cards: 0.2 ms]
      [Humongous Register: 0.1 ms]
      [Humongous Reclaim: 0.1 ms]
      [Free CSet: 0.1 ms]
   [Eden: 58.0M(58.0M)->0.0B(89.0M) Survivors: 44.0M->13.0M Heap: 732.4M(2048.0M)->672.4M(2048.0M)]
 [Times: user=0.07 sys=0.00, real=0.01 secs] 
2022-03-11T19:39:34.516-0800: 9.395: [GC pause (G1 Evacuation Pause) (young), 0.0066356 secs]
   [Parallel Time: 5.6 ms, GC Workers: 10]
      [GC Worker Start (ms): Min: 9395.6, Avg: 9395.7, Max: 9395.8, Diff: 0.2]
      [Ext Root Scanning (ms): Min: 0.0, Avg: 0.1, Max: 0.2, Diff: 0.2, Sum: 0.8]
      [Update RS (ms): Min: 1.8, Avg: 1.8, Max: 1.8, Diff: 0.1, Sum: 18.1]
         [Processed Buffers: Min: 19, Avg: 20.4, Max: 25, Diff: 6, Sum: 204]
      [Scan RS (ms): Min: 0.0, Avg: 0.0, Max: 0.0, Diff: 0.0, Sum: 0.1]
      [Code Root Scanning (ms): Min: 0.0, Avg: 0.0, Max: 0.0, Diff: 0.0, Sum: 0.0]
      [Object Copy (ms): Min: 3.2, Avg: 3.3, Max: 3.4, Diff: 0.2, Sum: 33.2]
      [Termination (ms): Min: 0.0, Avg: 0.1, Max: 0.2, Diff: 0.2, Sum: 1.1]
         [Termination Attempts: Min: 1, Avg: 1.1, Max: 2, Diff: 1, Sum: 11]
      [GC Worker Other (ms): Min: 0.0, Avg: 0.0, Max: 0.0, Diff: 0.0, Sum: 0.1]
      [GC Worker Total (ms): Min: 5.2, Avg: 5.3, Max: 5.4, Diff: 0.2, Sum: 53.5]
      [GC Worker End (ms): Min: 9401.0, Avg: 9401.0, Max: 9401.1, Diff: 0.1]
   [Code Root Fixup: 0.0 ms]
   [Code Root Purge: 0.0 ms]
   [Clear CT: 0.2 ms]
   [Other: 0.9 ms]
      [Choose CSet: 0.0 ms]
      [Ref Proc: 0.3 ms]
      [Ref Enq: 0.0 ms]
      [Redirty Cards: 0.2 ms]
      [Humongous Register: 0.1 ms]
      [Humongous Reclaim: 0.1 ms]
      [Free CSet: 0.1 ms]
   [Eden: 89.0M(89.0M)->0.0B(97.0M) Survivors: 13.0M->13.0M Heap: 785.4M(2048.0M)->703.3M(2048.0M)]
 [Times: user=0.05 sys=0.00, real=0.01 secs] 
2022-03-11T19:39:34.543-0800: 9.422: [GC pause (G1 Evacuation Pause) (young), 0.0071152 secs]
   [Parallel Time: 6.0 ms, GC Workers: 10]
      [GC Worker Start (ms): Min: 9422.5, Avg: 9422.6, Max: 9422.7, Diff: 0.2]
      [Ext Root Scanning (ms): Min: 0.0, Avg: 0.1, Max: 0.2, Diff: 0.2, Sum: 1.0]
      [Update RS (ms): Min: 2.1, Avg: 2.2, Max: 2.2, Diff: 0.1, Sum: 21.7]
         [Processed Buffers: Min: 23, Avg: 25.2, Max: 30, Diff: 7, Sum: 252]
      [Scan RS (ms): Min: 0.0, Avg: 0.0, Max: 0.0, Diff: 0.0, Sum: 0.1]
      [Code Root Scanning (ms): Min: 0.0, Avg: 0.0, Max: 0.0, Diff: 0.0, Sum: 0.0]
      [Object Copy (ms): Min: 3.3, Avg: 3.4, Max: 3.5, Diff: 0.1, Sum: 34.1]
      [Termination (ms): Min: 0.0, Avg: 0.1, Max: 0.2, Diff: 0.2, Sum: 1.0]
         [Termination Attempts: Min: 1, Avg: 1.0, Max: 1, Diff: 0, Sum: 10]
      [GC Worker Other (ms): Min: 0.0, Avg: 0.0, Max: 0.0, Diff: 0.0, Sum: 0.1]
      [GC Worker Total (ms): Min: 5.7, Avg: 5.8, Max: 5.9, Diff: 0.2, Sum: 58.0]
      [GC Worker End (ms): Min: 9428.4, Avg: 9428.4, Max: 9428.4, Diff: 0.1]
   [Code Root Fixup: 0.0 ms]
   [Code Root Purge: 0.0 ms]
   [Clear CT: 0.2 ms]
   [Other: 0.9 ms]
      [Choose CSet: 0.0 ms]
      [Ref Proc: 0.3 ms]
      [Ref Enq: 0.0 ms]
      [Redirty Cards: 0.2 ms]
      [Humongous Register: 0.1 ms]
      [Humongous Reclaim: 0.1 ms]
      [Free CSet: 0.1 ms]
   [Eden: 97.0M(97.0M)->0.0B(130.0M) Survivors: 13.0M->14.0M Heap: 830.3M(2048.0M)->741.7M(2048.0M)]
 [Times: user=0.06 sys=0.00, real=0.01 secs] 
2022-03-11T19:39:34.576-0800: 9.455: [GC pause (G1 Evacuation Pause) (young), 0.0085810 secs]
   [Parallel Time: 7.4 ms, GC Workers: 10]
      [GC Worker Start (ms): Min: 9455.2, Avg: 9455.2, Max: 9455.3, Diff: 0.1]
      [Ext Root Scanning (ms): Min: 0.1, Avg: 0.1, Max: 0.2, Diff: 0.1, Sum: 1.2]
      [Update RS (ms): Min: 2.8, Avg: 2.9, Max: 2.9, Diff: 0.1, Sum: 28.6]
         [Processed Buffers: Min: 30, Avg: 32.4, Max: 37, Diff: 7, Sum: 324]
      [Scan RS (ms): Min: 0.0, Avg: 0.0, Max: 0.0, Diff: 0.0, Sum: 0.1]
      [Code Root Scanning (ms): Min: 0.0, Avg: 0.0, Max: 0.0, Diff: 0.0, Sum: 0.0]
      [Object Copy (ms): Min: 4.1, Avg: 4.1, Max: 4.2, Diff: 0.1, Sum: 41.2]
      [Termination (ms): Min: 0.0, Avg: 0.1, Max: 0.1, Diff: 0.1, Sum: 0.9]
         [Termination Attempts: Min: 1, Avg: 1.0, Max: 1, Diff: 0, Sum: 10]
      [GC Worker Other (ms): Min: 0.0, Avg: 0.0, Max: 0.0, Diff: 0.0, Sum: 0.1]
      [GC Worker Total (ms): Min: 7.2, Avg: 7.2, Max: 7.3, Diff: 0.1, Sum: 72.2]
      [GC Worker End (ms): Min: 9462.4, Avg: 9462.4, Max: 9462.5, Diff: 0.0]
   [Code Root Fixup: 0.0 ms]
   [Code Root Purge: 0.0 ms]
   [Clear CT: 0.1 ms]
   [Other: 1.1 ms]
      [Choose CSet: 0.0 ms]
      [Ref Proc: 0.5 ms]
      [Ref Enq: 0.0 ms]
      [Redirty Cards: 0.1 ms]
      [Humongous Register: 0.2 ms]
      [Humongous Reclaim: 0.1 ms]
      [Free CSet: 0.1 ms]
   [Eden: 130.0M(130.0M)->0.0B(155.0M) Survivors: 14.0M->18.0M Heap: 910.8M(2048.0M)->782.1M(2048.0M)]
 [Times: user=0.07 sys=0.00, real=0.01 secs] 
2022-03-11T19:39:34.615-0800: 9.494: [GC pause (G1 Evacuation Pause) (young), 0.0093693 secs]
   [Parallel Time: 8.3 ms, GC Workers: 10]
      [GC Worker Start (ms): Min: 9494.6, Avg: 9494.7, Max: 9494.8, Diff: 0.2]
      [Ext Root Scanning (ms): Min: 0.0, Avg: 0.1, Max: 0.2, Diff: 0.2, Sum: 0.7]
      [Update RS (ms): Min: 2.3, Avg: 2.3, Max: 2.4, Diff: 0.1, Sum: 23.5]
         [Processed Buffers: Min: 26, Avg: 28.1, Max: 34, Diff: 8, Sum: 281]
      [Scan RS (ms): Min: 0.0, Avg: 0.0, Max: 0.0, Diff: 0.0, Sum: 0.1]
      [Code Root Scanning (ms): Min: 0.0, Avg: 0.0, Max: 0.0, Diff: 0.0, Sum: 0.0]
      [Object Copy (ms): Min: 5.5, Avg: 5.5, Max: 5.5, Diff: 0.1, Sum: 54.9]
      [Termination (ms): Min: 0.0, Avg: 0.1, Max: 0.2, Diff: 0.2, Sum: 0.9]
         [Termination Attempts: Min: 1, Avg: 1.0, Max: 1, Diff: 0, Sum: 10]
      [GC Worker Other (ms): Min: 0.0, Avg: 0.0, Max: 0.0, Diff: 0.0, Sum: 0.1]
      [GC Worker Total (ms): Min: 7.9, Avg: 8.0, Max: 8.2, Diff: 0.3, Sum: 80.3]
      [GC Worker End (ms): Min: 9502.7, Avg: 9502.7, Max: 9502.8, Diff: 0.1]
   [Code Root Fixup: 0.0 ms]
   [Code Root Purge: 0.0 ms]
   [Clear CT: 0.1 ms]
   [Other: 0.9 ms]
      [Choose CSet: 0.0 ms]
      [Ref Proc: 0.4 ms]
      [Ref Enq: 0.0 ms]
      [Redirty Cards: 0.1 ms]
      [Humongous Register: 0.1 ms]
      [Humongous Reclaim: 0.1 ms]
      [Free CSet: 0.1 ms]
   [Eden: 155.0M(155.0M)->0.0B(180.0M) Survivors: 18.0M->22.0M Heap: 970.8M(2048.0M)->823.1M(2048.0M)]
 [Times: user=0.08 sys=0.01, real=0.01 secs] 
2022-03-11T19:39:34.657-0800: 9.537: [GC pause (G1 Humongous Allocation) (young) (initial-mark), 0.0097491 secs]
   [Parallel Time: 8.6 ms, GC Workers: 10]
      [GC Worker Start (ms): Min: 9536.8, Avg: 9536.9, Max: 9537.0, Diff: 0.2]
      [Ext Root Scanning (ms): Min: 0.0, Avg: 0.1, Max: 0.2, Diff: 0.2, Sum: 1.0]
      [Update RS (ms): Min: 2.6, Avg: 2.7, Max: 2.7, Diff: 0.1, Sum: 26.8]
         [Processed Buffers: Min: 27, Avg: 29.8, Max: 37, Diff: 10, Sum: 298]
      [Scan RS (ms): Min: 0.0, Avg: 0.0, Max: 0.0, Diff: 0.0, Sum: 0.2]
      [Code Root Scanning (ms): Min: 0.0, Avg: 0.0, Max: 0.0, Diff: 0.0, Sum: 0.0]
      [Object Copy (ms): Min: 5.5, Avg: 5.6, Max: 5.6, Diff: 0.1, Sum: 55.6]
      [Termination (ms): Min: 0.0, Avg: 0.1, Max: 0.1, Diff: 0.1, Sum: 0.8]
         [Termination Attempts: Min: 1, Avg: 1.0, Max: 1, Diff: 0, Sum: 10]
      [GC Worker Other (ms): Min: 0.0, Avg: 0.0, Max: 0.0, Diff: 0.0, Sum: 0.1]
      [GC Worker Total (ms): Min: 8.4, Avg: 8.5, Max: 8.6, Diff: 0.2, Sum: 84.5]
      [GC Worker End (ms): Min: 9545.3, Avg: 9545.3, Max: 9545.4, Diff: 0.0]
   [Code Root Fixup: 0.0 ms]
   [Code Root Purge: 0.0 ms]
   [Clear CT: 0.1 ms]
   [Other: 1.0 ms]
      [Choose CSet: 0.0 ms]
      [Ref Proc: 0.3 ms]
      [Ref Enq: 0.0 ms]
      [Redirty Cards: 0.1 ms]
      [Humongous Register: 0.1 ms]
      [Humongous Reclaim: 0.1 ms]
      [Free CSet: 0.1 ms]
   [Eden: 170.0M(180.0M)->0.0B(209.0M) Survivors: 22.0M->26.0M Heap: 1028.9M(2048.0M)->857.0M(2048.0M)]
 [Times: user=0.08 sys=0.00, real=0.01 secs] 
2022-03-11T19:39:34.667-0800: 9.546: [GC concurrent-root-region-scan-start]
2022-03-11T19:39:34.667-0800: 9.547: [GC concurrent-root-region-scan-end, 0.0001036 secs]
2022-03-11T19:39:34.667-0800: 9.547: [GC concurrent-mark-start]
2022-03-11T19:39:34.669-0800: 9.548: [GC concurrent-mark-end, 0.0013942 secs]
2022-03-11T19:39:34.669-0800: 9.548: [GC remark 2022-03-11T19:39:34.669-0800: 9.548: [Finalize Marking, 0.0003163 secs] 2022-03-11T19:39:34.669-0800: 9.548: [GC ref-proc, 0.0000559 secs] 2022-03-11T19:39:34.669-0800: 9.548: [Unloading, 0.0004750 secs], 0.0016051 secs]
 [Times: user=0.01 sys=0.00, real=0.01 secs] 
2022-03-11T19:39:34.671-0800: 9.550: [GC cleanup 866M->716M(2048M), 0.0013144 secs]
 [Times: user=0.01 sys=0.00, real=0.00 secs] 
2022-03-11T19:39:34.672-0800: 9.551: [GC concurrent-cleanup-start]
2022-03-11T19:39:34.672-0800: 9.551: [GC concurrent-cleanup-end, 0.0000977 secs]
2022-03-11T19:39:34.712-0800: 9.591: [GC pause (G1 Evacuation Pause) (young), 0.0147155 secs]
   [Parallel Time: 13.6 ms, GC Workers: 10]
      [GC Worker Start (ms): Min: 9591.5, Avg: 9591.7, Max: 9591.9, Diff: 0.4]
      [Ext Root Scanning (ms): Min: 0.0, Avg: 0.1, Max: 0.2, Diff: 0.2, Sum: 0.7]
      [Update RS (ms): Min: 3.8, Avg: 3.9, Max: 3.9, Diff: 0.2, Sum: 38.6]
         [Processed Buffers: Min: 38, Avg: 41.1, Max: 45, Diff: 7, Sum: 411]
      [Scan RS (ms): Min: 0.0, Avg: 0.0, Max: 0.0, Diff: 0.0, Sum: 0.3]
      [Code Root Scanning (ms): Min: 0.0, Avg: 0.0, Max: 0.0, Diff: 0.0, Sum: 0.0]
      [Object Copy (ms): Min: 9.0, Avg: 9.1, Max: 9.2, Diff: 0.2, Sum: 91.3]
      [Termination (ms): Min: 0.0, Avg: 0.1, Max: 0.3, Diff: 0.3, Sum: 1.0]
         [Termination Attempts: Min: 1, Avg: 1.0, Max: 1, Diff: 0, Sum: 10]
      [GC Worker Other (ms): Min: 0.0, Avg: 0.0, Max: 0.0, Diff: 0.0, Sum: 0.2]
      [GC Worker Total (ms): Min: 13.0, Avg: 13.2, Max: 13.4, Diff: 0.4, Sum: 132.1]
      [GC Worker End (ms): Min: 9604.9, Avg: 9604.9, Max: 9605.0, Diff: 0.1]
   [Code Root Fixup: 0.0 ms]
   [Code Root Purge: 0.0 ms]
   [Clear CT: 0.2 ms]
   [Other: 1.0 ms]
      [Choose CSet: 0.0 ms]
      [Ref Proc: 0.3 ms]
      [Ref Enq: 0.0 ms]
      [Redirty Cards: 0.1 ms]
      [Humongous Register: 0.1 ms]
      [Humongous Reclaim: 0.1 ms]
      [Free CSet: 0.1 ms]
   [Eden: 209.0M(209.0M)->0.0B(72.0M) Survivors: 26.0M->30.0M Heap: 965.9M(2048.0M)->768.2M(2048.0M)]
 [Times: user=0.13 sys=0.00, real=0.01 secs] 
2022-03-11T19:39:34.742-0800: 9.621: [GC pause (G1 Evacuation Pause) (mixed), 0.0099321 secs]
   [Parallel Time: 8.5 ms, GC Workers: 10]
      [GC Worker Start (ms): Min: 9621.6, Avg: 9621.7, Max: 9621.8, Diff: 0.2]
      [Ext Root Scanning (ms): Min: 0.0, Avg: 0.1, Max: 0.2, Diff: 0.2, Sum: 1.0]
      [Update RS (ms): Min: 1.6, Avg: 1.6, Max: 1.7, Diff: 0.1, Sum: 16.3]
         [Processed Buffers: Min: 17, Avg: 18.0, Max: 20, Diff: 3, Sum: 180]
      [Scan RS (ms): Min: 0.1, Avg: 0.1, Max: 0.1, Diff: 0.0, Sum: 0.8]
      [Code Root Scanning (ms): Min: 0.0, Avg: 0.0, Max: 0.0, Diff: 0.0, Sum: 0.0]
      [Object Copy (ms): Min: 6.4, Avg: 6.4, Max: 6.5, Diff: 0.1, Sum: 64.2]
      [Termination (ms): Min: 0.0, Avg: 0.1, Max: 0.1, Diff: 0.1, Sum: 0.9]
         [Termination Attempts: Min: 1, Avg: 1.0, Max: 1, Diff: 0, Sum: 10]
      [GC Worker Other (ms): Min: 0.0, Avg: 0.0, Max: 0.0, Diff: 0.0, Sum: 0.1]
      [GC Worker Total (ms): Min: 8.2, Avg: 8.3, Max: 8.4, Diff: 0.2, Sum: 83.3]
      [GC Worker End (ms): Min: 9630.0, Avg: 9630.1, Max: 9630.1, Diff: 0.1]
   [Code Root Fixup: 0.0 ms]
   [Code Root Purge: 0.0 ms]
   [Clear CT: 0.2 ms]
   [Other: 1.2 ms]
      [Choose CSet: 0.1 ms]
      [Ref Proc: 0.4 ms]
      [Ref Enq: 0.0 ms]
      [Redirty Cards: 0.2 ms]
      [Humongous Register: 0.1 ms]
      [Humongous Reclaim: 0.1 ms]
      [Free CSet: 0.2 ms]
   [Eden: 72.0M(72.0M)->0.0B(89.0M) Survivors: 30.0M->13.0M Heap: 861.3M(2048.0M)->608.9M(2048.0M)]
 [Times: user=0.08 sys=0.00, real=0.01 secs] 
2022-03-11T19:39:34.773-0800: 9.652: [GC pause (G1 Evacuation Pause) (mixed), 0.0081252 secs]
   [Parallel Time: 7.0 ms, GC Workers: 10]
      [GC Worker Start (ms): Min: 9652.6, Avg: 9652.7, Max: 9652.8, Diff: 0.2]
      [Ext Root Scanning (ms): Min: 0.0, Avg: 0.1, Max: 0.2, Diff: 0.2, Sum: 1.0]
      [Update RS (ms): Min: 1.8, Avg: 1.8, Max: 1.9, Diff: 0.1, Sum: 18.5]
         [Processed Buffers: Min: 18, Avg: 20.3, Max: 24, Diff: 6, Sum: 203]
      [Scan RS (ms): Min: 0.0, Avg: 0.1, Max: 0.1, Diff: 0.1, Sum: 0.5]
      [Code Root Scanning (ms): Min: 0.0, Avg: 0.0, Max: 0.1, Diff: 0.1, Sum: 0.1]
      [Object Copy (ms): Min: 4.5, Avg: 4.6, Max: 4.7, Diff: 0.2, Sum: 46.3]
      [Termination (ms): Min: 0.0, Avg: 0.1, Max: 0.1, Diff: 0.1, Sum: 0.9]
         [Termination Attempts: Min: 1, Avg: 1.0, Max: 1, Diff: 0, Sum: 10]
      [GC Worker Other (ms): Min: 0.0, Avg: 0.0, Max: 0.0, Diff: 0.0, Sum: 0.2]
      [GC Worker Total (ms): Min: 6.7, Avg: 6.7, Max: 6.8, Diff: 0.2, Sum: 67.4]
      [GC Worker End (ms): Min: 9659.5, Avg: 9659.5, Max: 9659.5, Diff: 0.1]
   [Code Root Fixup: 0.0 ms]
   [Code Root Purge: 0.0 ms]
   [Clear CT: 0.2 ms]
   [Other: 1.0 ms]
      [Choose CSet: 0.0 ms]
      [Ref Proc: 0.3 ms]
      [Ref Enq: 0.0 ms]
      [Redirty Cards: 0.1 ms]
      [Humongous Register: 0.1 ms]
      [Humongous Reclaim: 0.1 ms]
      [Free CSet: 0.1 ms]
   [Eden: 89.0M(89.0M)->0.0B(531.0M) Survivors: 13.0M->13.0M Heap: 721.8M(2048.0M)->564.8M(2048.0M)]
 [Times: user=0.07 sys=0.01, real=0.01 secs] 
2022-03-11T19:39:34.880-0800: 9.759: [GC pause (G1 Evacuation Pause) (young), 0.0178066 secs]
   [Parallel Time: 16.4 ms, GC Workers: 10]
      [GC Worker Start (ms): Min: 9759.6, Avg: 9759.7, Max: 9759.7, Diff: 0.2]
      [Ext Root Scanning (ms): Min: 0.0, Avg: 0.1, Max: 0.2, Diff: 0.2, Sum: 0.7]
      [Update RS (ms): Min: 4.7, Avg: 4.7, Max: 4.8, Diff: 0.1, Sum: 47.2]
         [Processed Buffers: Min: 61, Avg: 63.5, Max: 68, Diff: 7, Sum: 635]
      [Scan RS (ms): Min: 0.0, Avg: 0.0, Max: 0.1, Diff: 0.0, Sum: 0.4]
      [Code Root Scanning (ms): Min: 0.0, Avg: 0.0, Max: 0.0, Diff: 0.0, Sum: 0.1]
      [Object Copy (ms): Min: 11.1, Avg: 11.2, Max: 11.3, Diff: 0.2, Sum: 111.9]
      [Termination (ms): Min: 0.0, Avg: 0.1, Max: 0.3, Diff: 0.3, Sum: 1.1]
         [Termination Attempts: Min: 1, Avg: 3.0, Max: 5, Diff: 4, Sum: 30]
      [GC Worker Other (ms): Min: 0.0, Avg: 0.0, Max: 0.0, Diff: 0.0, Sum: 0.2]
      [GC Worker Total (ms): Min: 16.1, Avg: 16.2, Max: 16.3, Diff: 0.2, Sum: 161.6]
      [GC Worker End (ms): Min: 9775.8, Avg: 9775.8, Max: 9775.9, Diff: 0.1]
   [Code Root Fixup: 0.0 ms]
   [Code Root Purge: 0.0 ms]
   [Clear CT: 0.2 ms]
   [Other: 1.2 ms]
      [Choose CSet: 0.0 ms]
      [Ref Proc: 0.3 ms]
      [Ref Enq: 0.0 ms]
      [Redirty Cards: 0.2 ms]
      [Humongous Register: 0.1 ms]
      [Humongous Reclaim: 0.3 ms]
      [Free CSet: 0.2 ms]
   [Eden: 531.0M(531.0M)->0.0B(406.0M) Survivors: 13.0M->68.0M Heap: 1227.3M(2048.0M)->672.7M(2048.0M)]
 [Times: user=0.16 sys=0.00, real=0.01 secs] 
2022-03-11T19:39:34.984-0800: 9.863: [GC pause (G1 Evacuation Pause) (young), 0.0265696 secs]
   [Parallel Time: 25.2 ms, GC Workers: 10]
      [GC Worker Start (ms): Min: 9863.3, Avg: 9863.5, Max: 9863.6, Diff: 0.3]
      [Ext Root Scanning (ms): Min: 0.0, Avg: 0.1, Max: 0.3, Diff: 0.2, Sum: 1.0]
      [Update RS (ms): Min: 5.1, Avg: 5.1, Max: 5.2, Diff: 0.1, Sum: 51.2]
         [Processed Buffers: Min: 54, Avg: 58.1, Max: 63, Diff: 9, Sum: 581]
      [Scan RS (ms): Min: 0.0, Avg: 0.1, Max: 0.1, Diff: 0.1, Sum: 0.8]
      [Code Root Scanning (ms): Min: 0.0, Avg: 0.0, Max: 0.0, Diff: 0.0, Sum: 0.1]
      [Object Copy (ms): Min: 19.4, Avg: 19.4, Max: 19.5, Diff: 0.1, Sum: 194.3]
      [Termination (ms): Min: 0.0, Avg: 0.1, Max: 0.3, Diff: 0.3, Sum: 1.0]
         [Termination Attempts: Min: 1, Avg: 3.8, Max: 5, Diff: 4, Sum: 38]
      [GC Worker Other (ms): Min: 0.0, Avg: 0.0, Max: 0.0, Diff: 0.0, Sum: 0.2]
      [GC Worker Total (ms): Min: 24.8, Avg: 24.9, Max: 25.0, Diff: 0.2, Sum: 248.6]
      [GC Worker End (ms): Min: 9888.3, Avg: 9888.3, Max: 9888.4, Diff: 0.1]
   [Code Root Fixup: 0.0 ms]
   [Code Root Purge: 0.0 ms]
   [Clear CT: 0.2 ms]
   [Other: 1.2 ms]
      [Choose CSet: 0.0 ms]
      [Ref Proc: 0.3 ms]
      [Ref Enq: 0.0 ms]
      [Redirty Cards: 0.2 ms]
      [Humongous Register: 0.1 ms]
      [Humongous Reclaim: 0.2 ms]
      [Free CSet: 0.2 ms]
   [Eden: 406.0M(406.0M)->0.0B(88.0M) Survivors: 68.0M->60.0M Heap: 1205.5M(2048.0M)->753.9M(2048.0M)]
 [Times: user=0.24 sys=0.01, real=0.03 secs] 
2022-03-11T19:39:35.029-0800: 9.908: [GC pause (G1 Evacuation Pause) (young), 0.0109535 secs]
   [Parallel Time: 9.6 ms, GC Workers: 10]
      [GC Worker Start (ms): Min: 9908.3, Avg: 9908.4, Max: 9908.5, Diff: 0.2]
      [Ext Root Scanning (ms): Min: 0.0, Avg: 0.1, Max: 0.2, Diff: 0.2, Sum: 1.0]
      [Update RS (ms): Min: 1.9, Avg: 2.0, Max: 2.0, Diff: 0.1, Sum: 19.8]
         [Processed Buffers: Min: 19, Avg: 21.1, Max: 26, Diff: 7, Sum: 211]
      [Scan RS (ms): Min: 0.0, Avg: 0.0, Max: 0.0, Diff: 0.0, Sum: 0.1]
      [Code Root Scanning (ms): Min: 0.0, Avg: 0.0, Max: 0.0, Diff: 0.0, Sum: 0.0]
      [Object Copy (ms): Min: 7.0, Avg: 7.1, Max: 7.2, Diff: 0.1, Sum: 70.8]
      [Termination (ms): Min: 0.0, Avg: 0.1, Max: 0.3, Diff: 0.3, Sum: 1.3]
         [Termination Attempts: Min: 1, Avg: 1.0, Max: 1, Diff: 0, Sum: 10]
      [GC Worker Other (ms): Min: 0.0, Avg: 0.0, Max: 0.0, Diff: 0.0, Sum: 0.1]
      [GC Worker Total (ms): Min: 9.2, Avg: 9.3, Max: 9.4, Diff: 0.2, Sum: 93.2]
      [GC Worker End (ms): Min: 9917.7, Avg: 9917.7, Max: 9917.8, Diff: 0.2]
   [Code Root Fixup: 0.0 ms]
   [Code Root Purge: 0.0 ms]
   [Clear CT: 0.3 ms]
   [Other: 1.1 ms]
      [Choose CSet: 0.0 ms]
      [Ref Proc: 0.4 ms]
      [Ref Enq: 0.0 ms]
      [Redirty Cards: 0.3 ms]
      [Humongous Register: 0.1 ms]
      [Humongous Reclaim: 0.1 ms]
      [Free CSet: 0.1 ms]
   [Eden: 88.0M(88.0M)->0.0B(299.0M) Survivors: 60.0M->19.0M Heap: 866.9M(2048.0M)->773.7M(2048.0M)]
 [Times: user=0.09 sys=0.00, real=0.02 secs] 
2022-03-11T19:39:35.102-0800: 9.981: [GC pause (G1 Evacuation Pause) (young), 0.0132976 secs]
   [Parallel Time: 12.2 ms, GC Workers: 10]
      [GC Worker Start (ms): Min: 9981.0, Avg: 9981.1, Max: 9981.2, Diff: 0.2]
      [Ext Root Scanning (ms): Min: 0.0, Avg: 0.1, Max: 0.2, Diff: 0.2, Sum: 0.8]
      [Update RS (ms): Min: 3.8, Avg: 3.8, Max: 3.8, Diff: 0.1, Sum: 38.1]
         [Processed Buffers: Min: 45, Avg: 48.9, Max: 60, Diff: 15, Sum: 489]
      [Scan RS (ms): Min: 0.0, Avg: 0.0, Max: 0.0, Diff: 0.0, Sum: 0.2]
      [Code Root Scanning (ms): Min: 0.0, Avg: 0.0, Max: 0.0, Diff: 0.0, Sum: 0.0]
      [Object Copy (ms): Min: 7.9, Avg: 8.0, Max: 8.1, Diff: 0.1, Sum: 80.1]
      [Termination (ms): Min: 0.0, Avg: 0.1, Max: 0.1, Diff: 0.1, Sum: 0.7]
         [Termination Attempts: Min: 1, Avg: 1.0, Max: 1, Diff: 0, Sum: 10]
      [GC Worker Other (ms): Min: 0.0, Avg: 0.0, Max: 0.0, Diff: 0.0, Sum: 0.1]
      [GC Worker Total (ms): Min: 11.9, Avg: 12.0, Max: 12.1, Diff: 0.2, Sum: 120.0]
      [GC Worker End (ms): Min: 9993.1, Avg: 9993.1, Max: 9993.2, Diff: 0.1]
   [Code Root Fixup: 0.0 ms]
   [Code Root Purge: 0.0 ms]
   [Clear CT: 0.2 ms]
   [Other: 0.9 ms]
      [Choose CSet: 0.0 ms]
      [Ref Proc: 0.3 ms]
      [Ref Enq: 0.0 ms]
      [Redirty Cards: 0.1 ms]
      [Humongous Register: 0.1 ms]
      [Humongous Reclaim: 0.1 ms]
      [Free CSet: 0.1 ms]
   [Eden: 299.0M(299.0M)->0.0B(260.0M) Survivors: 19.0M->40.0M Heap: 1132.3M(2048.0M)->844.8M(2048.0M)]
 [Times: user=0.12 sys=0.00, real=0.01 secs] 
2022-03-11T19:39:35.137-0800: 10.016: [GC pause (G1 Humongous Allocation) (young) (initial-mark), 0.0098315 secs]
   [Parallel Time: 8.6 ms, GC Workers: 10]
      [GC Worker Start (ms): Min: 10015.9, Avg: 10016.0, Max: 10016.1, Diff: 0.2]
      [Ext Root Scanning (ms): Min: 0.0, Avg: 0.1, Max: 0.2, Diff: 0.2, Sum: 1.1]
      [Update RS (ms): Min: 2.7, Avg: 2.7, Max: 2.7, Diff: 0.1, Sum: 26.9]
         [Processed Buffers: Min: 29, Avg: 31.1, Max: 38, Diff: 9, Sum: 311]
      [Scan RS (ms): Min: 0.0, Avg: 0.0, Max: 0.0, Diff: 0.0, Sum: 0.1]
      [Code Root Scanning (ms): Min: 0.0, Avg: 0.0, Max: 0.0, Diff: 0.0, Sum: 0.0]
      [Object Copy (ms): Min: 5.5, Avg: 5.6, Max: 5.6, Diff: 0.1, Sum: 55.5]
      [Termination (ms): Min: 0.0, Avg: 0.1, Max: 0.1, Diff: 0.1, Sum: 0.6]
         [Termination Attempts: Min: 1, Avg: 1.0, Max: 1, Diff: 0, Sum: 10]
      [GC Worker Other (ms): Min: 0.0, Avg: 0.0, Max: 0.0, Diff: 0.0, Sum: 0.1]
      [GC Worker Total (ms): Min: 8.3, Avg: 8.4, Max: 8.5, Diff: 0.2, Sum: 84.4]
      [GC Worker End (ms): Min: 10024.4, Avg: 10024.4, Max: 10024.5, Diff: 0.1]
   [Code Root Fixup: 0.0 ms]
   [Code Root Purge: 0.0 ms]
   [Clear CT: 0.2 ms]
   [Other: 1.0 ms]
      [Choose CSet: 0.0 ms]
      [Ref Proc: 0.4 ms]
      [Ref Enq: 0.0 ms]
      [Redirty Cards: 0.2 ms]
      [Humongous Register: 0.1 ms]
      [Humongous Reclaim: 0.1 ms]
      [Free CSet: 0.1 ms]
   [Eden: 101.0M(260.0M)->0.0B(513.0M) Survivors: 40.0M->28.0M Heap: 982.6M(2048.0M)->878.8M(2048.0M)]
 [Times: user=0.08 sys=0.00, real=0.01 secs] 
2022-03-11T19:39:35.147-0800: 10.026: [GC concurrent-root-region-scan-start]
2022-03-11T19:39:35.147-0800: 10.026: [GC concurrent-root-region-scan-end, 0.0001087 secs]
2022-03-11T19:39:35.147-0800: 10.026: [GC concurrent-mark-start]
2022-03-11T19:39:35.148-0800: 10.027: [GC concurrent-mark-end, 0.0014224 secs]
2022-03-11T19:39:35.148-0800: 10.027: [GC remark 2022-03-11T19:39:35.148-0800: 10.027: [Finalize Marking, 0.0003195 secs] 2022-03-11T19:39:35.149-0800: 10.028: [GC ref-proc, 0.0000549 secs] 2022-03-11T19:39:35.149-0800: 10.028: [Unloading, 0.0004919 secs], 0.0016533 secs]
 [Times: user=0.01 sys=0.00, real=0.01 secs] 
2022-03-11T19:39:35.150-0800: 10.029: [GC cleanup 886M->695M(2048M), 0.0014337 secs]
 [Times: user=0.00 sys=0.00, real=0.00 secs] 
2022-03-11T19:39:35.152-0800: 10.031: [GC concurrent-cleanup-start]
2022-03-11T19:39:35.152-0800: 10.031: [GC concurrent-cleanup-end, 0.0001373 secs]
Heap
 garbage-first heap   total 2097152K, used 1055320K [0x0000000740000000, 0x0000000740104000, 0x00000007c0000000)
  region size 1024K, 296 young (303104K), 28 survivors (28672K)
 Metaspace       used 2575K, capacity 4490K, committed 4864K, reserved 1056768K
  class space    used 278K, capacity 386K, committed 512K, reserved 1048576K
