Java HotSpot(TM) 64-Bit Server VM (25.181-b13) for bsd-amd64 JRE (1.8.0_181-b13), built on Jul  7 2018 01:02:31 by "java_re" with gcc 4.2.1 (Based on Apple Inc. build 5658) (LLVM build 2336.11.00)
Memory: 4k page, physical 16777216k(2068996k free)

/proc/meminfo:

CommandLine flags: -XX:InitialHeapSize=2147483648 -XX:MaxHeapSize=2147483648 -XX:+PrintGC -XX:+PrintGCDateStamps -XX:+PrintGCDetails -XX:+PrintGCTimeStamps -XX:+UseCompressedClassPointers -XX:+UseCompressedOops -XX:+UseParallelGC 
2022-03-11T19:38:29.142-0800: 0.318: [GC (Allocation Failure) [PSYoungGen: 524800K->87036K(611840K)] 524800K->137804K(2010112K), 0.0374528 secs] [Times: user=0.06 sys=0.25, real=0.04 secs]
2022-03-11T19:38:29.245-0800: 0.421: [GC (Allocation Failure) [PSYoungGen: 611836K->87033K(611840K)] 662604K->260887K(2010112K), 0.0608027 secs] [Times: user=0.09 sys=0.40, real=0.06 secs]
2022-03-11T19:38:29.366-0800: 0.542: [GC (Allocation Failure) [PSYoungGen: 611833K->87038K(611840K)] 785687K->373347K(2010112K), 0.0485691 secs] [Times: user=0.14 sys=0.27, real=0.05 secs]
2022-03-11T19:38:29.493-0800: 0.669: [GC (Allocation Failure) [PSYoungGen: 611838K->87039K(611840K)] 898147K->484663K(2010112K), 0.0476124 secs] [Times: user=0.14 sys=0.25, real=0.05 secs]
2022-03-11T19:38:29.599-0800: 0.775: [GC (Allocation Failure) [PSYoungGen: 611839K->87023K(611840K)] 1009463K->593657K(2010112K), 0.0468767 secs] [Times: user=0.13 sys=0.24, real=0.05 secs]
2022-03-11T19:38:29.705-0800: 0.880: [GC (Allocation Failure) [PSYoungGen: 611823K->87023K(327168K)] 1118457K->702190K(1725440K), 0.0468056 secs] [Times: user=0.14 sys=0.25, real=0.05 secs]
2022-03-11T19:38:29.788-0800: 0.964: [GC (Allocation Failure) [PSYoungGen: 327151K->135115K(375296K)] 942318K->756932K(1773568K), 0.0148099 secs] [Times: user=0.13 sys=0.01, real=0.02 secs]
2022-03-11T19:38:29.837-0800: 1.012: [GC (Allocation Failure) [PSYoungGen: 375243K->170568K(467456K)] 997060K->805668K(1865728K), 0.0204765 secs] [Times: user=0.16 sys=0.03, real=0.02 secs]
2022-03-11T19:38:29.894-0800: 1.070: [GC (Allocation Failure) [PSYoungGen: 405064K->185128K(465920K)] 1040164K->851986K(1864192K), 0.0278835 secs] [Times: user=0.17 sys=0.08, real=0.03 secs]
2022-03-11T19:38:29.960-0800: 1.136: [GC (Allocation Failure) [PSYoungGen: 419624K->127626K(461824K)] 1086482K->879151K(1860096K), 0.0340782 secs] [Times: user=0.09 sys=0.18, real=0.03 secs]
2022-03-11T19:38:30.029-0800: 1.205: [GC (Allocation Failure) [PSYoungGen: 361610K->74624K(308736K)] 1113135K->932107K(1707008K), 0.0380048 secs] [Times: user=0.08 sys=0.20, real=0.04 secs]
2022-03-11T19:38:30.096-0800: 1.271: [GC (Allocation Failure) [PSYoungGen: 308608K->75702K(465920K)] 1166091K->994926K(1864192K), 0.0229282 secs] [Times: user=0.07 sys=0.12, real=0.02 secs]
2022-03-11T19:38:30.148-0800: 1.324: [GC (Allocation Failure) [PSYoungGen: 308662K->74630K(465920K)] 1227886K->1053952K(1864192K), 0.0226099 secs] [Times: user=0.07 sys=0.12, real=0.03 secs]
2022-03-11T19:38:30.199-0800: 1.375: [GC (Allocation Failure) [PSYoungGen: 307590K->75787K(465920K)] 1286912K->1110947K(1864192K), 0.0207339 secs] [Times: user=0.06 sys=0.11, real=0.03 secs]
2022-03-11T19:38:30.251-0800: 1.426: [GC (Allocation Failure) [PSYoungGen: 308747K->67653K(465920K)] 1343907K->1166304K(1864192K), 0.0224934 secs] [Times: user=0.06 sys=0.12, real=0.02 secs]
2022-03-11T19:38:30.300-0800: 1.476: [GC (Allocation Failure) [PSYoungGen: 300613K->74051K(465920K)] 1399264K->1225308K(1864192K), 0.0199428 secs] [Times: user=0.06 sys=0.10, real=0.02 secs]
2022-03-11T19:38:30.350-0800: 1.526: [GC (Allocation Failure) [PSYoungGen: 307011K->74556K(465920K)] 1458268K->1288038K(1864192K), 0.0227796 secs] [Times: user=0.07 sys=0.12, real=0.02 secs]
2022-03-11T19:38:30.403-0800: 1.579: [GC (Allocation Failure) [PSYoungGen: 307516K->72938K(465920K)] 1520998K->1346638K(1864192K), 0.0227885 secs] [Times: user=0.06 sys=0.12, real=0.02 secs]
2022-03-11T19:38:30.426-0800: 1.602: [Full GC (Ergonomics) [PSYoungGen: 72938K->0K(465920K)] [ParOldGen: 1273699K->371077K(1398272K)] 1346638K->371077K(1864192K), [Metaspace: 2563K->2563K(1056768K)], 0.0806726 secs] [Times: user=0.54 sys=0.04, real=0.08 secs]
2022-03-11T19:38:30.538-0800: 1.714: [GC (Allocation Failure) [PSYoungGen: 232960K->80406K(465920K)] 604037K->451483K(1864192K), 0.0084667 secs] [Times: user=0.08 sys=0.00, real=0.01 secs]
2022-03-11T19:38:30.578-0800: 1.754: [GC (Allocation Failure) [PSYoungGen: 313214K->71034K(465920K)] 684292K->507679K(1864192K), 0.0140986 secs] [Times: user=0.14 sys=0.00, real=0.02 secs]
2022-03-11T19:38:30.626-0800: 1.801: [GC (Allocation Failure) [PSYoungGen: 303994K->70224K(465920K)] 740639K->562576K(1864192K), 0.0131399 secs] [Times: user=0.13 sys=0.00, real=0.01 secs]
2022-03-11T19:38:30.673-0800: 1.848: [GC (Allocation Failure) [PSYoungGen: 303184K->81533K(477184K)] 795536K->631167K(1875456K), 0.0148774 secs] [Times: user=0.14 sys=0.00, real=0.01 secs]
2022-03-11T19:38:30.740-0800: 1.915: [GC (Allocation Failure) [PSYoungGen: 328829K->84149K(468992K)] 878463K->695722K(1867264K), 0.0150367 secs] [Times: user=0.14 sys=0.00, real=0.01 secs]
2022-03-11T19:38:30.791-0800: 1.967: [GC (Allocation Failure) [PSYoungGen: 331445K->75850K(492544K)] 943018K->751840K(1890816K), 0.0153336 secs] [Times: user=0.15 sys=0.00, real=0.01 secs]
2022-03-11T19:38:30.846-0800: 2.022: [GC (Allocation Failure) [PSYoungGen: 355402K->89221K(485888K)] 1031392K->825385K(1884160K), 0.0162298 secs] [Times: user=0.16 sys=0.00, real=0.02 secs]
2022-03-11T19:38:30.903-0800: 2.078: [GC (Allocation Failure) [PSYoungGen: 368773K->87307K(509952K)] 1104937K->890216K(1908224K), 0.0167844 secs] [Times: user=0.16 sys=0.00, real=0.02 secs]
2022-03-11T19:38:30.969-0800: 2.144: [GC (Allocation Failure) [PSYoungGen: 399804K->94975K(501760K)] 1202713K->964727K(1900032K), 0.0201634 secs] [Times: user=0.19 sys=0.00, real=0.02 secs]
2022-03-11T19:38:31.036-0800: 2.212: [GC (Allocation Failure) [PSYoungGen: 407807K->101699K(525312K)] 1277559K->1040764K(1923584K), 0.0182221 secs] [Times: user=0.17 sys=0.00, real=0.02 secs]
2022-03-11T19:38:31.102-0800: 2.278: [GC (Allocation Failure) [PSYoungGen: 446701K->111562K(518656K)] 1385766K->1125880K(1916928K), 0.0207071 secs] [Times: user=0.20 sys=0.00, real=0.02 secs]
2022-03-11T19:38:31.171-0800: 2.346: [GC (Allocation Failure) [PSYoungGen: 456650K->112922K(529408K)] 1470968K->1208511K(1927680K), 0.0219120 secs] [Times: user=0.21 sys=0.00, real=0.02 secs]
2022-03-11T19:38:31.243-0800: 2.418: [GC (Allocation Failure) [PSYoungGen: 470810K->102036K(527360K)] 1566399K->1278531K(1925632K), 0.0214781 secs] [Times: user=0.20 sys=0.01, real=0.02 secs]
2022-03-11T19:38:31.316-0800: 2.492: [GC (Allocation Failure) [PSYoungGen: 459807K->110935K(538112K)] 1636302K->1359298K(1936384K), 0.0216918 secs] [Times: user=0.21 sys=0.00, real=0.02 secs]
2022-03-11T19:38:31.392-0800: 2.567: [GC (Allocation Failure) [PSYoungGen: 485719K->112600K(535552K)] 1734082K->1440790K(1933824K), 0.0291744 secs] [Times: user=0.12 sys=0.11, real=0.03 secs]
2022-03-11T19:38:31.421-0800: 2.597: [Full GC (Ergonomics) [PSYoungGen: 112600K->0K(535552K)] [ParOldGen: 1328189K->381851K(1398272K)] 1440790K->381851K(1933824K), [Metaspace: 2563K->2563K(1056768K)], 0.0573692 secs] [Times: user=0.43 sys=0.01, real=0.05 secs]
2022-03-11T19:38:31.545-0800: 2.721: [GC (Allocation Failure) [PSYoungGen: 374784K->108905K(542720K)] 756635K->490757K(1940992K), 0.0122173 secs] [Times: user=0.12 sys=0.00, real=0.01 secs]
2022-03-11T19:38:31.614-0800: 2.789: [GC (Allocation Failure) [PSYoungGen: 492393K->120695K(539648K)] 874245K->577530K(1937920K), 0.0213403 secs] [Times: user=0.20 sys=0.01, real=0.02 secs]
2022-03-11T19:38:31.694-0800: 2.869: [GC (Allocation Failure) [PSYoungGen: 504183K->114545K(543232K)] 961018K->655722K(1941504K), 0.0215920 secs] [Times: user=0.20 sys=0.00, real=0.02 secs]
2022-03-11T19:38:31.791-0800: 2.967: [GC (Allocation Failure) [PSYoungGen: 500593K->108987K(541696K)] 1041770K->731077K(1939968K), 0.0198600 secs] [Times: user=0.19 sys=0.00, real=0.02 secs]
2022-03-11T19:38:31.868-0800: 3.043: [GC (Allocation Failure) [PSYoungGen: 495035K->114357K(548352K)] 1117125K->813981K(1946624K), 0.0212030 secs] [Times: user=0.20 sys=0.00, real=0.02 secs]
2022-03-11T19:38:31.946-0800: 3.122: [GC (Allocation Failure) [PSYoungGen: 510645K->114556K(546816K)] 1210269K->897052K(1945088K), 0.0216617 secs] [Times: user=0.20 sys=0.00, real=0.02 secs]
2022-03-11T19:38:32.027-0800: 3.203: [GC (Allocation Failure) [PSYoungGen: 510844K->118023K(550400K)] 1293340K->976605K(1948672K), 0.0214331 secs] [Times: user=0.20 sys=0.01, real=0.02 secs]
2022-03-11T19:38:32.109-0800: 3.284: [GC (Allocation Failure) [PSYoungGen: 519431K->121831K(523264K)] 1378013K->1060585K(1921536K), 0.0217120 secs] [Times: user=0.21 sys=0.00, real=0.03 secs]
2022-03-11T19:38:32.196-0800: 3.371: [GC (Allocation Failure) [PSYoungGen: 523239K->115711K(551424K)] 1461993K->1141604K(1949696K), 0.0228380 secs] [Times: user=0.22 sys=0.00, real=0.02 secs]
2022-03-11T19:38:32.275-0800: 3.450: [GC (Allocation Failure) [PSYoungGen: 517631K->122728K(549376K)] 1543524K->1227096K(1947648K), 0.0219828 secs] [Times: user=0.21 sys=0.00, real=0.02 secs]
2022-03-11T19:38:32.353-0800: 3.529: [GC (Allocation Failure) [PSYoungGen: 524648K->129028K(545280K)] 1629016K->1313943K(1943552K), 0.0227688 secs] [Times: user=0.22 sys=0.00, real=0.02 secs]
2022-03-11T19:38:32.432-0800: 3.607: [GC (Allocation Failure) [PSYoungGen: 525828K->116598K(547840K)] 1710743K->1392912K(1946112K), 0.0236000 secs] [Times: user=0.23 sys=0.01, real=0.02 secs]
2022-03-11T19:38:32.519-0800: 3.695: [GC (Allocation Failure) [PSYoungGen: 513398K->123652K(549376K)] 1789712K->1483755K(1947648K), 0.0365412 secs] [Times: user=0.19 sys=0.08, real=0.04 secs]
2022-03-11T19:38:32.556-0800: 3.731: [Full GC (Ergonomics) [PSYoungGen: 123652K->0K(549376K)] [ParOldGen: 1360102K->388450K(1398272K)] 1483755K->388450K(1947648K), [Metaspace: 2563K->2563K(1056768K)], 0.0569022 secs] [Times: user=0.43 sys=0.01, real=0.06 secs]
2022-03-11T19:38:32.692-0800: 3.868: [GC (Allocation Failure) [PSYoungGen: 400896K->123210K(549888K)] 789346K->511661K(1948160K), 0.0131129 secs] [Times: user=0.12 sys=0.00, real=0.01 secs]
2022-03-11T19:38:32.763-0800: 3.939: [GC (Allocation Failure) [PSYoungGen: 524106K->114144K(553472K)] 912557K->590713K(1951744K), 0.0213994 secs] [Times: user=0.20 sys=0.00, real=0.02 secs]
2022-03-11T19:38:32.839-0800: 4.015: [GC (Allocation Failure) [PSYoungGen: 519136K->121647K(550400K)] 995705K->676232K(1948672K), 0.0213785 secs] [Times: user=0.21 sys=0.00, real=0.03 secs]
2022-03-11T19:38:32.922-0800: 4.098: [GC (Allocation Failure) [PSYoungGen: 526639K->112235K(556032K)] 1081224K->756224K(1954304K), 0.0215385 secs] [Times: user=0.21 sys=0.01, real=0.02 secs]
2022-03-11T19:38:33.001-0800: 4.177: [GC (Allocation Failure) [PSYoungGen: 523371K->117638K(553984K)] 1167360K->842902K(1952256K), 0.0333083 secs] [Times: user=0.32 sys=0.00, real=0.03 secs]
2022-03-11T19:38:33.091-0800: 4.266: [GC (Allocation Failure) [PSYoungGen: 528774K->121164K(558592K)] 1254038K->921222K(1956864K), 0.0212181 secs] [Times: user=0.21 sys=0.00, real=0.02 secs]
2022-03-11T19:38:33.195-0800: 4.371: [GC (Allocation Failure) [PSYoungGen: 538956K->133040K(550912K)] 1339014K->1012217K(1949184K), 0.0227035 secs] [Times: user=0.22 sys=0.00, real=0.02 secs]
2022-03-11T19:38:33.274-0800: 4.449: [GC (Allocation Failure) [PSYoungGen: 550832K->129160K(551936K)] 1430009K->1093391K(1950208K), 0.0229892 secs] [Times: user=0.22 sys=0.01, real=0.02 secs]
2022-03-11T19:38:33.372-0800: 4.548: [GC (Allocation Failure) [PSYoungGen: 537224K->111953K(553472K)] 1501455K->1168122K(1951744K), 0.0223402 secs] [Times: user=0.22 sys=0.00, real=0.02 secs]
2022-03-11T19:38:33.450-0800: 4.626: [GC (Allocation Failure) [PSYoungGen: 520017K->127579K(552960K)] 1576186K->1259101K(1951232K), 0.0231577 secs] [Times: user=0.23 sys=0.00, real=0.02 secs]
2022-03-11T19:38:33.536-0800: 4.711: [GC (Allocation Failure) [PSYoungGen: 536667K->121367K(553984K)] 1668189K->1334475K(1952256K), 0.0238879 secs] [Times: user=0.23 sys=0.00, real=0.02 secs]
2022-03-11T19:38:33.618-0800: 4.794: [GC (Allocation Failure) [PSYoungGen: 530455K->116431K(557568K)] 1743563K->1410197K(1955840K), 0.0224115 secs] [Times: user=0.22 sys=0.00, real=0.03 secs]
2022-03-11T19:38:33.696-0800: 4.872: [GC (Allocation Failure) [PSYoungGen: 530639K->119044K(555520K)] 1824405K->1490644K(1953792K), 0.0294800 secs] [Times: user=0.18 sys=0.04, real=0.03 secs]
2022-03-11T19:38:33.726-0800: 4.902: [Full GC (Ergonomics) [PSYoungGen: 119044K->0K(555520K)] [ParOldGen: 1371599K->375192K(1398272K)] 1490644K->375192K(1953792K), [Metaspace: 2569K->2569K(1056768K)], 0.0534063 secs] [Times: user=0.43 sys=0.00, real=0.05 secs]
2022-03-11T19:38:33.838-0800: 5.013: [GC (Allocation Failure) [PSYoungGen: 414208K->118618K(561664K)] 789400K->493810K(1959936K), 0.0129603 secs] [Times: user=0.12 sys=0.00, real=0.02 secs]
2022-03-11T19:38:33.904-0800: 5.080: [GC (Allocation Failure) [PSYoungGen: 541018K->113253K(559616K)] 916210K->573132K(1957888K), 0.0202163 secs] [Times: user=0.19 sys=0.00, real=0.02 secs]
2022-03-11T19:38:33.983-0800: 5.159: [GC (Allocation Failure) [PSYoungGen: 535653K->123234K(562176K)] 995532K->655160K(1960448K), 0.0206586 secs] [Times: user=0.20 sys=0.01, real=0.02 secs]
2022-03-11T19:38:34.069-0800: 5.244: [GC (Allocation Failure) [PSYoungGen: 548706K->120710K(562176K)] 1080632K->735035K(1960448K), 0.0213109 secs] [Times: user=0.21 sys=0.00, real=0.03 secs]
2022-03-11T19:38:34.148-0800: 5.324: [GC (Allocation Failure) [PSYoungGen: 546182K->132282K(556544K)] 1160507K->829963K(1954816K), 0.0227643 secs] [Times: user=0.22 sys=0.00, real=0.03 secs]
2022-03-11T19:38:34.232-0800: 5.407: [GC (Allocation Failure) [PSYoungGen: 553658K->119915K(560128K)] 1251339K->899434K(1958400K), 0.0215880 secs] [Times: user=0.21 sys=0.00, real=0.02 secs]
2022-03-11T19:38:34.310-0800: 5.486: [GC (Allocation Failure) [PSYoungGen: 541291K->125225K(561152K)] 1320810K->984971K(1959424K), 0.0218577 secs] [Times: user=0.21 sys=0.00, real=0.02 secs]
2022-03-11T19:38:34.399-0800: 5.575: [GC (Allocation Failure) [PSYoungGen: 549673K->129487K(553984K)] 1409419K->1074458K(1952256K), 0.0232249 secs] [Times: user=0.23 sys=0.00, real=0.03 secs]
2022-03-11T19:38:34.481-0800: 5.657: [GC (Allocation Failure) [PSYoungGen: 553935K->121193K(561664K)] 1498906K->1146746K(1959936K), 0.0219229 secs] [Times: user=0.21 sys=0.01, real=0.02 secs]
2022-03-11T19:38:34.566-0800: 5.741: [GC (Allocation Failure) [PSYoungGen: 544105K->124965K(560128K)] 1569658K->1229836K(1958400K), 0.0229135 secs] [Times: user=0.22 sys=0.00, real=0.02 secs]
2022-03-11T19:38:34.647-0800: 5.823: [GC (Allocation Failure) [PSYoungGen: 547877K->123709K(562688K)] 1652748K->1307408K(1960960K), 0.0229024 secs] [Times: user=0.22 sys=0.00, real=0.03 secs]
2022-03-11T19:38:34.729-0800: 5.905: [GC (Allocation Failure) [PSYoungGen: 549693K->125731K(562176K)] 1733392K->1393096K(1960448K), 0.0237337 secs] [Times: user=0.22 sys=0.00, real=0.03 secs]
2022-03-11T19:38:34.824-0800: 6.000: [GC (Allocation Failure) [PSYoungGen: 551715K->120856K(564224K)] 1819080K->1465960K(1962496K), 0.0224050 secs] [Times: user=0.21 sys=0.00, real=0.02 secs]
2022-03-11T19:38:34.847-0800: 6.023: [Full GC (Ergonomics) [PSYoungGen: 120856K->0K(564224K)] [ParOldGen: 1345104K->360156K(1398272K)] 1465960K->360156K(1962496K), [Metaspace: 2569K->2569K(1056768K)], 0.0548332 secs] [Times: user=0.44 sys=0.01, real=0.06 secs]
2022-03-11T19:38:34.963-0800: 6.138: [GC (Allocation Failure) [PSYoungGen: 428544K->121224K(563200K)] 788700K->481380K(1961472K), 0.0130370 secs] [Times: user=0.12 sys=0.00, real=0.01 secs]
2022-03-11T19:38:35.032-0800: 6.208: [GC (Allocation Failure) [PSYoungGen: 549768K->123886K(565760K)] 909924K->558391K(1964032K), 0.0300438 secs] [Times: user=0.28 sys=0.00, real=0.03 secs]
2022-03-11T19:38:35.119-0800: 6.295: [GC (Allocation Failure) [PSYoungGen: 556014K->128470K(560640K)] 990519K->648878K(1958912K), 0.0223356 secs] [Times: user=0.21 sys=0.01, real=0.03 secs]
2022-03-11T19:38:35.204-0800: 6.380: [GC (Allocation Failure) [PSYoungGen: 560598K->120223K(565248K)] 1081006K->725391K(1963520K), 0.0217594 secs] [Times: user=0.21 sys=0.00, real=0.02 secs]
2022-03-11T19:38:35.285-0800: 6.460: [GC (Allocation Failure) [PSYoungGen: 550815K->126533K(564224K)] 1155983K->811121K(1962496K), 0.0221015 secs] [Times: user=0.21 sys=0.00, real=0.02 secs]
2022-03-11T19:38:35.368-0800: 6.543: [GC (Allocation Failure) [PSYoungGen: 557125K->123549K(565760K)] 1241713K->896295K(1964032K), 0.0225544 secs] [Times: user=0.22 sys=0.00, real=0.03 secs]
2022-03-11T19:38:35.452-0800: 6.627: [GC (Allocation Failure) [PSYoungGen: 555165K->122714K(564736K)] 1327911K->981739K(1963008K), 0.0222888 secs] [Times: user=0.21 sys=0.00, real=0.02 secs]
2022-03-11T19:38:35.534-0800: 6.709: [GC (Allocation Failure) [PSYoungGen: 553765K->129529K(563712K)] 1412790K->1070648K(1961984K), 0.0231477 secs] [Times: user=0.23 sys=0.01, real=0.02 secs]
2022-03-11T19:38:35.621-0800: 6.797: [GC (Allocation Failure) [PSYoungGen: 561145K->117355K(549376K)] 1502264K->1151836K(1947648K), 0.0231604 secs] [Times: user=0.22 sys=0.00, real=0.02 secs]
2022-03-11T19:38:35.707-0800: 6.882: [GC (Allocation Failure) [PSYoungGen: 548971K->131912K(560640K)] 1583452K->1250001K(1958912K), 0.0238065 secs] [Times: user=0.22 sys=0.00, real=0.03 secs]
2022-03-11T19:38:35.791-0800: 6.966: [GC (Allocation Failure) [PSYoungGen: 558408K->127719K(562688K)] 1676497K->1332970K(1960960K), 0.0235421 secs] [Times: user=0.23 sys=0.00, real=0.02 secs]
2022-03-11T19:38:35.873-0800: 7.049: [GC (Allocation Failure) [PSYoungGen: 554215K->129061K(561664K)] 1759466K->1422095K(1959936K), 0.0243438 secs] [Times: user=0.23 sys=0.00, real=0.02 secs]
2022-03-11T19:38:35.978-0800: 7.153: [GC (Allocation Failure) [PSYoungGen: 554533K->118296K(562176K)] 1847567K->1499919K(1960448K), 0.0267440 secs] [Times: user=0.20 sys=0.04, real=0.03 secs]
2022-03-11T19:38:36.004-0800: 7.180: [Full GC (Ergonomics) [PSYoungGen: 118296K->0K(562176K)] [ParOldGen: 1381623K->390168K(1398272K)] 1499919K->390168K(1960448K), [Metaspace: 2569K->2569K(1056768K)], 0.0569803 secs] [Times: user=0.46 sys=0.00, real=0.06 secs]
2022-03-11T19:38:36.122-0800: 7.298: [GC (Allocation Failure) [PSYoungGen: 425472K->120802K(562688K)] 815640K->510971K(1960960K), 0.0125188 secs] [Times: user=0.12 sys=0.00, real=0.01 secs]
2022-03-11T19:38:36.190-0800: 7.365: [GC (Allocation Failure) [PSYoungGen: 546786K->123479K(562176K)] 936955K->595963K(1960448K), 0.0212534 secs] [Times: user=0.21 sys=0.00, real=0.02 secs]
2022-03-11T19:38:36.269-0800: 7.445: [GC (Allocation Failure) [PSYoungGen: 549463K->130081K(561664K)] 1021947K->683993K(1959936K), 0.0221809 secs] [Times: user=0.22 sys=0.01, real=0.03 secs]
2022-03-11T19:38:36.351-0800: 7.526: [GC (Allocation Failure) [PSYoungGen: 556577K->118338K(562688K)] 1110489K->754990K(1960960K), 0.0205611 secs] [Times: user=0.19 sys=0.00, real=0.02 secs]
2022-03-11T19:38:36.431-0800: 7.606: [GC (Allocation Failure) [PSYoungGen: 544834K->120697K(563200K)] 1181486K->834700K(1961472K), 0.0210730 secs] [Times: user=0.20 sys=0.00, real=0.02 secs]
2022-03-11T19:38:36.514-0800: 7.689: [GC (Allocation Failure) [PSYoungGen: 547705K->118374K(562688K)] 1261708K->908991K(1960960K), 0.0208916 secs] [Times: user=0.20 sys=0.00, real=0.02 secs]
2022-03-11T19:38:36.596-0800: 7.772: [GC (Allocation Failure) [PSYoungGen: 545382K->123148K(564736K)] 1335999K->999026K(1963008K), 0.0235381 secs] [Times: user=0.23 sys=0.00, real=0.03 secs]
2022-03-11T19:38:36.702-0800: 7.878: [GC (Allocation Failure) [PSYoungGen: 552716K->132779K(562688K)] 1428594K->1094131K(1960960K), 0.0238633 secs] [Times: user=0.23 sys=0.00, real=0.02 secs]
2022-03-11T19:38:36.787-0800: 7.962: [GC (Allocation Failure) [PSYoungGen: 562347K->130292K(559616K)] 1523699K->1179690K(1957888K), 0.0241974 secs] [Times: user=0.23 sys=0.01, real=0.03 secs]
2022-03-11T19:38:36.869-0800: 8.045: [GC (Allocation Failure) [PSYoungGen: 553716K->118830K(561152K)] 1603114K->1255398K(1959424K), 0.0226919 secs] [Times: user=0.22 sys=0.00, real=0.03 secs]
2022-03-11T19:38:36.949-0800: 8.124: [GC (Allocation Failure) [PSYoungGen: 542254K->123872K(562688K)] 1678822K->1340346K(1960960K), 0.0227536 secs] [Times: user=0.22 sys=0.00, real=0.03 secs]
2022-03-11T19:38:37.031-0800: 8.207: [GC (Allocation Failure) [PSYoungGen: 549344K->121103K(561664K)] 1765818K->1421680K(1959936K), 0.0225844 secs] [Times: user=0.22 sys=0.00, real=0.02 secs]
2022-03-11T19:38:37.054-0800: 8.230: [Full GC (Ergonomics) [PSYoungGen: 121103K->0K(561664K)] [ParOldGen: 1300576K->374423K(1398272K)] 1421680K->374423K(1959936K), [Metaspace: 2569K->2569K(1056768K)], 0.0572532 secs] [Times: user=0.45 sys=0.01, real=0.06 secs]
2022-03-11T19:38:37.173-0800: 8.349: [GC (Allocation Failure) [PSYoungGen: 425472K->120987K(564224K)] 799895K->495410K(1962496K), 0.0130356 secs] [Times: user=0.12 sys=0.00, real=0.01 secs]
2022-03-11T19:38:37.244-0800: 8.419: [GC (Allocation Failure) [PSYoungGen: 550043K->126090K(563712K)] 924466K->583224K(1961984K), 0.0216836 secs] [Times: user=0.21 sys=0.00, real=0.02 secs]
2022-03-11T19:38:37.327-0800: 8.503: [GC (Allocation Failure) [PSYoungGen: 555146K->127289K(564224K)] 1012280K->671621K(1962496K), 0.0228603 secs] [Times: user=0.22 sys=0.00, real=0.03 secs]
2022-03-11T19:38:37.426-0800: 8.602: [GC (Allocation Failure) [PSYoungGen: 556857K->133031K(562688K)] 1101189K->764764K(1960960K), 0.0230430 secs] [Times: user=0.22 sys=0.00, real=0.02 secs]
2022-03-11T19:38:37.507-0800: 8.682: [GC (Allocation Failure) [PSYoungGen: 562599K->136180K(554496K)] 1194332K->856056K(1952768K), 0.0241296 secs] [Times: user=0.23 sys=0.01, real=0.03 secs]
2022-03-11T19:38:37.596-0800: 8.772: [GC (Allocation Failure) [PSYoungGen: 554484K->119887K(558592K)] 1274360K->927902K(1956864K), 0.0246471 secs] [Times: user=0.23 sys=0.00, real=0.03 secs]
2022-03-11T19:38:37.683-0800: 8.858: [GC (Allocation Failure) [PSYoungGen: 538191K->120295K(559616K)] 1346206K->1010485K(1957888K), 0.0222133 secs] [Times: user=0.21 sys=0.00, real=0.02 secs]
2022-03-11T19:38:37.765-0800: 8.940: [GC (Allocation Failure) [PSYoungGen: 540135K->122719K(559104K)] 1430325K->1091116K(1957376K), 0.0225104 secs] [Times: user=0.22 sys=0.00, real=0.02 secs]
2022-03-11T19:38:37.842-0800: 9.018: [GC (Allocation Failure) [PSYoungGen: 542559K->128464K(560640K)] 1510956K->1181195K(1958912K), 0.0239914 secs] [Times: user=0.23 sys=0.00, real=0.02 secs]
2022-03-11T19:38:37.927-0800: 9.103: [GC (Allocation Failure) [PSYoungGen: 550864K->126415K(560640K)] 1603595K->1264409K(1958912K), 0.0229527 secs] [Times: user=0.22 sys=0.01, real=0.03 secs]
2022-03-11T19:38:38.010-0800: 9.186: [GC (Allocation Failure) [PSYoungGen: 548815K->131405K(558592K)] 1686809K->1352775K(1956864K), 0.0244283 secs] [Times: user=0.24 sys=0.00, real=0.02 secs]
2022-03-11T19:38:38.093-0800: 9.268: [GC (Allocation Failure) [PSYoungGen: 552781K->120503K(560128K)] 1774151K->1432753K(1958400K), 0.0239949 secs] [Times: user=0.24 sys=0.00, real=0.02 secs]
2022-03-11T19:38:38.117-0800: 9.293: [Full GC (Ergonomics) [PSYoungGen: 120503K->0K(560128K)] [ParOldGen: 1312250K->385947K(1398272K)] 1432753K->385947K(1958400K), [Metaspace: 2569K->2569K(1056768K)], 0.0711766 secs] [Times: user=0.60 sys=0.01, real=0.07 secs]
2022-03-11T19:38:38.246-0800: 9.421: [GC (Allocation Failure) [PSYoungGen: 421376K->121521K(561152K)] 807323K->507468K(1959424K), 0.0129241 secs] [Times: user=0.12 sys=0.00, real=0.01 secs]
2022-03-11T19:38:38.312-0800: 9.487: [GC (Allocation Failure) [PSYoungGen: 544433K->136919K(560128K)] 930380K->602216K(1958400K), 0.0225317 secs] [Times: user=0.22 sys=0.00, real=0.02 secs]
2022-03-11T19:38:38.393-0800: 9.568: [GC (Allocation Failure) [PSYoungGen: 559831K->126285K(559104K)] 1025128K->678596K(1957376K), 0.0222288 secs] [Times: user=0.21 sys=0.01, real=0.02 secs]
2022-03-11T19:38:38.477-0800: 9.653: [GC (Allocation Failure) [PSYoungGen: 546637K->121240K(559616K)] 1098948K->759196K(1957888K), 0.0223231 secs] [Times: user=0.21 sys=0.00, real=0.03 secs]
2022-03-11T19:38:38.560-0800: 9.736: [GC (Allocation Failure) [PSYoungGen: 541592K->123925K(561152K)] 1179548K->841136K(1959424K), 0.0221517 secs] [Times: user=0.21 sys=0.00, real=0.02 secs]
2022-03-11T19:38:38.654-0800: 9.829: [GC (Allocation Failure) [PSYoungGen: 546325K->116849K(560128K)] 1263536K->913140K(1958400K), 0.0237022 secs] [Times: user=0.22 sys=0.00, real=0.02 secs]
2022-03-11T19:38:38.736-0800: 9.912: [GC (Allocation Failure) [PSYoungGen: 539249K->118473K(561152K)] 1335540K->994569K(1959424K), 0.0227906 secs] [Times: user=0.21 sys=0.01, real=0.02 secs]
2022-03-11T19:38:38.830-0800: 10.006: [GC (Allocation Failure) [PSYoungGen: 541385K->113592K(560640K)] 1417481K->1066714K(1958912K), 0.0220491 secs] [Times: user=0.21 sys=0.00, real=0.02 secs]
Heap
 PSYoungGen      total 560640K, used 380877K [0x0000000795580000, 0x00000007c0000000, 0x00000007c0000000)
  eden space 422912K, 63% used [0x0000000795580000,0x00000007a5a85408,0x00000007af280000)
  from space 137728K, 82% used [0x00000007af280000,0x00000007b616e2a0,0x00000007b7900000)
  to   space 138240K, 0% used [0x00000007b7900000,0x00000007b7900000,0x00000007c0000000)
 ParOldGen       total 1398272K, used 953121K [0x0000000740000000, 0x0000000795580000, 0x0000000795580000)
  object space 1398272K, 68% used [0x0000000740000000,0x000000077a2c85f8,0x0000000795580000)
 Metaspace       used 2575K, capacity 4490K, committed 4864K, reserved 1056768K
  class space    used 278K, capacity 386K, committed 512K, reserved 1048576K
