Java HotSpot(TM) 64-Bit Server VM (25.181-b13) for bsd-amd64 JRE (1.8.0_181-b13), built on Jul  7 2018 01:02:31 by "java_re" with gcc 4.2.1 (Based on Apple Inc. build 5658) (LLVM build 2336.11.00)
Memory: 4k page, physical 16777216k(622416k free)

/proc/meminfo:

CommandLine flags: -XX:InitialHeapSize=2147483648 -XX:MaxHeapSize=2147483648 -XX:+PrintGC -XX:+PrintGCDateStamps -XX:+PrintGCDetails -XX:+PrintGCTimeStamps -XX:+UseCompressedClassPointers -XX:+UseCompressedOops -XX:+UseSerialGC 
2022-03-11T19:38:02.048-0800: 0.375: [GC (Allocation Failure) 2022-03-11T19:38:02.048-0800: 0.375: [DefNew: 559232K->69888K(629120K), 0.0961275 secs] 559232K->137565K(2027264K), 0.0962460 secs] [Times: user=0.06 sys=0.04, real=0.10 secs]
2022-03-11T19:38:02.236-0800: 0.563: [GC (Allocation Failure) 2022-03-11T19:38:02.236-0800: 0.563: [DefNew: 629120K->69887K(629120K), 0.1166502 secs] 696797K->261424K(2027264K), 0.1167490 secs] [Times: user=0.06 sys=0.05, real=0.12 secs]
2022-03-11T19:38:02.415-0800: 0.742: [GC (Allocation Failure) 2022-03-11T19:38:02.415-0800: 0.742: [DefNew: 629119K->69887K(629120K), 0.0920556 secs] 820656K->394710K(2027264K), 0.0921405 secs] [Times: user=0.05 sys=0.03, real=0.09 secs]
2022-03-11T19:38:02.571-0800: 0.898: [GC (Allocation Failure) 2022-03-11T19:38:02.571-0800: 0.898: [DefNew: 629119K->69888K(629120K), 0.0882643 secs] 953942K->520574K(2027264K), 0.0883474 secs] [Times: user=0.05 sys=0.03, real=0.09 secs]
2022-03-11T19:38:02.726-0800: 1.052: [GC (Allocation Failure) 2022-03-11T19:38:02.726-0800: 1.052: [DefNew: 629120K->69888K(629120K), 0.0986893 secs] 1079806K->650818K(2027264K), 0.0987869 secs] [Times: user=0.05 sys=0.04, real=0.10 secs]
2022-03-11T19:38:02.891-0800: 1.218: [GC (Allocation Failure) 2022-03-11T19:38:02.891-0800: 1.218: [DefNew: 629120K->69887K(629120K), 0.0832455 secs] 1210050K->777645K(2027264K), 0.0833397 secs] [Times: user=0.05 sys=0.03, real=0.08 secs]
2022-03-11T19:38:03.040-0800: 1.367: [GC (Allocation Failure) 2022-03-11T19:38:03.040-0800: 1.367: [DefNew: 629119K->69887K(629120K), 0.0806411 secs] 1336877K->897681K(2027264K), 0.0807235 secs] [Times: user=0.05 sys=0.03, real=0.08 secs]
2022-03-11T19:38:03.194-0800: 1.521: [GC (Allocation Failure) 2022-03-11T19:38:03.194-0800: 1.521: [DefNew: 629119K->69888K(629120K), 0.0832401 secs] 1456913K->1024246K(2027264K), 0.0833371 secs] [Times: user=0.05 sys=0.03, real=0.08 secs]
2022-03-11T19:38:03.351-0800: 1.677: [GC (Allocation Failure) 2022-03-11T19:38:03.351-0800: 1.677: [DefNew: 629120K->69887K(629120K), 0.0820253 secs] 1583478K->1149480K(2027264K), 0.0821135 secs] [Times: user=0.05 sys=0.03, real=0.08 secs]
2022-03-11T19:38:03.495-0800: 1.822: [GC (Allocation Failure) 2022-03-11T19:38:03.496-0800: 1.822: [DefNew: 629119K->69888K(629120K), 0.0838082 secs] 1708712K->1267794K(2027264K), 0.0839020 secs] [Times: user=0.04 sys=0.03, real=0.08 secs]
2022-03-11T19:38:03.638-0800: 1.964: [GC (Allocation Failure) 2022-03-11T19:38:03.638-0800: 1.965: [DefNew: 629120K->69887K(629120K), 0.0828072 secs] 1827026K->1386641K(2027264K), 0.0828945 secs] [Times: user=0.05 sys=0.03, real=0.09 secs]
2022-03-11T19:38:03.805-0800: 2.131: [GC (Allocation Failure) 2022-03-11T19:38:03.805-0800: 2.131: [DefNew: 629119K->629119K(629120K), 0.0000212 secs]2022-03-11T19:38:03.805-0800: 2.131: [Tenured: 1316753K->431756K(1398144K), 0.0888413 secs] 1945873K->431756K(2027264K), [Metaspace: 2563K->2563K(1056768K)], 0.0889774 secs] [Times: user=0.08 sys=0.00, real=0.09 secs]
2022-03-11T19:38:03.961-0800: 2.287: [GC (Allocation Failure) 2022-03-11T19:38:03.961-0800: 2.287: [DefNew: 559232K->69887K(629120K), 0.0242007 secs] 990988K->584088K(2027264K), 0.0242843 secs] [Times: user=0.02 sys=0.00, real=0.02 secs]
2022-03-11T19:38:04.055-0800: 2.382: [GC (Allocation Failure) 2022-03-11T19:38:04.055-0800: 2.382: [DefNew: 629119K->69887K(629120K), 0.0331486 secs] 1143320K->712724K(2027264K), 0.0332377 secs] [Times: user=0.04 sys=0.00, real=0.03 secs]
2022-03-11T19:38:04.153-0800: 2.480: [GC (Allocation Failure) 2022-03-11T19:38:04.153-0800: 2.480: [DefNew: 629119K->69887K(629120K), 0.0327789 secs] 1271956K->841146K(2027264K), 0.0328769 secs] [Times: user=0.04 sys=0.00, real=0.03 secs]
2022-03-11T19:38:04.253-0800: 2.579: [GC (Allocation Failure) 2022-03-11T19:38:04.253-0800: 2.579: [DefNew: 629119K->69888K(629120K), 0.0304168 secs] 1400378K->961216K(2027264K), 0.0304879 secs] [Times: user=0.03 sys=0.00, real=0.03 secs]
2022-03-11T19:38:04.362-0800: 2.689: [GC (Allocation Failure) 2022-03-11T19:38:04.362-0800: 2.689: [DefNew: 629120K->69887K(629120K), 0.0359715 secs] 1520448K->1078945K(2027264K), 0.0360515 secs] [Times: user=0.04 sys=0.00, real=0.03 secs]
2022-03-11T19:38:04.485-0800: 2.812: [GC (Allocation Failure) 2022-03-11T19:38:04.485-0800: 2.812: [DefNew: 629119K->69887K(629120K), 0.0290784 secs] 1638177K->1198845K(2027264K), 0.0291547 secs] [Times: user=0.03 sys=0.00, real=0.03 secs]
2022-03-11T19:38:04.581-0800: 2.908: [GC (Allocation Failure) 2022-03-11T19:38:04.581-0800: 2.908: [DefNew: 629119K->69887K(629120K), 0.0292717 secs] 1758077K->1324252K(2027264K), 0.0293445 secs] [Times: user=0.03 sys=0.00, real=0.03 secs]
2022-03-11T19:38:04.676-0800: 3.003: [GC (Allocation Failure) 2022-03-11T19:38:04.676-0800: 3.003: [DefNew: 629119K->629119K(629120K), 0.0000155 secs]2022-03-11T19:38:04.676-0800: 3.003: [Tenured: 1254364K->432764K(1398144K), 0.0503451 secs] 1883484K->432764K(2027264K), [Metaspace: 2563K->2563K(1056768K)], 0.0504580 secs] [Times: user=0.05 sys=0.00, real=0.05 secs]
2022-03-11T19:38:04.796-0800: 3.122: [GC (Allocation Failure) 2022-03-11T19:38:04.796-0800: 3.122: [DefNew: 559232K->69887K(629120K), 0.0286310 secs] 991996K->592445K(2027264K), 0.0287134 secs] [Times: user=0.03 sys=0.00, real=0.03 secs]
2022-03-11T19:38:04.892-0800: 3.219: [GC (Allocation Failure) 2022-03-11T19:38:04.892-0800: 3.219: [DefNew: 629119K->69887K(629120K), 0.0242181 secs] 1151677K->713783K(2027264K), 0.0242870 secs] [Times: user=0.02 sys=0.00, real=0.02 secs]
2022-03-11T19:38:04.983-0800: 3.310: [GC (Allocation Failure) 2022-03-11T19:38:04.983-0800: 3.310: [DefNew: 629119K->69887K(629120K), 0.0248161 secs] 1273015K->839391K(2027264K), 0.0249009 secs] [Times: user=0.03 sys=0.00, real=0.02 secs]
2022-03-11T19:38:05.077-0800: 3.403: [GC (Allocation Failure) 2022-03-11T19:38:05.077-0800: 3.403: [DefNew: 629119K->69888K(629120K), 0.0247868 secs] 1398623K->964572K(2027264K), 0.0248657 secs] [Times: user=0.03 sys=0.00, real=0.03 secs]
2022-03-11T19:38:05.191-0800: 3.518: [GC (Allocation Failure) 2022-03-11T19:38:05.191-0800: 3.518: [DefNew: 629120K->69887K(629120K), 0.0245386 secs] 1523804K->1089274K(2027264K), 0.0246123 secs] [Times: user=0.02 sys=0.00, real=0.02 secs]
2022-03-11T19:38:05.286-0800: 3.613: [GC (Allocation Failure) 2022-03-11T19:38:05.286-0800: 3.613: [DefNew: 629119K->69887K(629120K), 0.0234203 secs] 1648506K->1202922K(2027264K), 0.0234905 secs] [Times: user=0.03 sys=0.00, real=0.03 secs]
2022-03-11T19:38:05.382-0800: 3.708: [GC (Allocation Failure) 2022-03-11T19:38:05.382-0800: 3.708: [DefNew: 629119K->69887K(629120K), 0.0259701 secs] 1762154K->1335272K(2027264K), 0.0260519 secs] [Times: user=0.02 sys=0.00, real=0.02 secs]
2022-03-11T19:38:05.476-0800: 3.802: [GC (Allocation Failure) 2022-03-11T19:38:05.476-0800: 3.802: [DefNew: 629119K->629119K(629120K), 0.0000169 secs]2022-03-11T19:38:05.476-0800: 3.802: [Tenured: 1265384K->437185K(1398144K), 0.0523823 secs] 1894504K->437185K(2027264K), [Metaspace: 2563K->2563K(1056768K)], 0.0525141 secs] [Times: user=0.05 sys=0.01, real=0.05 secs]
2022-03-11T19:38:05.600-0800: 3.926: [GC (Allocation Failure) 2022-03-11T19:38:05.600-0800: 3.926: [DefNew: 559232K->69887K(629120K), 0.0197892 secs] 996417K->593396K(2027264K), 0.0198706 secs] [Times: user=0.02 sys=0.00, real=0.01 secs]
2022-03-11T19:38:05.685-0800: 4.012: [GC (Allocation Failure) 2022-03-11T19:38:05.685-0800: 4.012: [DefNew: 629119K->69888K(629120K), 0.0256182 secs] 1152628K->726374K(2027264K), 0.0256937 secs] [Times: user=0.03 sys=0.00, real=0.03 secs]
2022-03-11T19:38:05.780-0800: 4.106: [GC (Allocation Failure) 2022-03-11T19:38:05.780-0800: 4.106: [DefNew: 628638K->69888K(629120K), 0.0257829 secs] 1285125K->859954K(2027264K), 0.0258844 secs] [Times: user=0.02 sys=0.00, real=0.02 secs]
2022-03-11T19:38:05.880-0800: 4.207: [GC (Allocation Failure) 2022-03-11T19:38:05.880-0800: 4.207: [DefNew: 629120K->69887K(629120K), 0.0255178 secs] 1419186K->990082K(2027264K), 0.0255937 secs] [Times: user=0.02 sys=0.00, real=0.02 secs]
2022-03-11T19:38:05.974-0800: 4.300: [GC (Allocation Failure) 2022-03-11T19:38:05.974-0800: 4.300: [DefNew: 629119K->69888K(629120K), 0.0241965 secs] 1549314K->1111216K(2027264K), 0.0242656 secs] [Times: user=0.03 sys=0.00, real=0.02 secs]
2022-03-11T19:38:06.069-0800: 4.395: [GC (Allocation Failure) 2022-03-11T19:38:06.069-0800: 4.395: [DefNew: 629120K->69888K(629120K), 0.0255356 secs] 1670448K->1230891K(2027264K), 0.0256213 secs] [Times: user=0.02 sys=0.00, real=0.03 secs]
2022-03-11T19:38:06.176-0800: 4.502: [GC (Allocation Failure) 2022-03-11T19:38:06.176-0800: 4.502: [DefNew: 629120K->69887K(629120K), 0.0249054 secs] 1790123K->1355243K(2027264K), 0.0249853 secs] [Times: user=0.03 sys=0.00, real=0.03 secs]
2022-03-11T19:38:06.266-0800: 4.593: [GC (Allocation Failure) 2022-03-11T19:38:06.266-0800: 4.593: [DefNew: 629119K->629119K(629120K), 0.0000154 secs]2022-03-11T19:38:06.266-0800: 4.593: [Tenured: 1285355K->376159K(1398144K), 0.0559563 secs] 1914475K->376159K(2027264K), [Metaspace: 2569K->2569K(1056768K)], 0.0560659 secs] [Times: user=0.06 sys=0.00, real=0.06 secs]
2022-03-11T19:38:06.397-0800: 4.724: [GC (Allocation Failure) 2022-03-11T19:38:06.397-0800: 4.724: [DefNew: 559232K->69887K(629120K), 0.0193896 secs] 935391K->527176K(2027264K), 0.0194908 secs] [Times: user=0.02 sys=0.00, real=0.02 secs]
2022-03-11T19:38:06.483-0800: 4.809: [GC (Allocation Failure) 2022-03-11T19:38:06.483-0800: 4.809: [DefNew: 629119K->69887K(629120K), 0.0248340 secs] 1086408K->651468K(2027264K), 0.0249061 secs] [Times: user=0.02 sys=0.00, real=0.02 secs]
2022-03-11T19:38:06.577-0800: 4.904: [GC (Allocation Failure) 2022-03-11T19:38:06.577-0800: 4.904: [DefNew: 629119K->69887K(629120K), 0.0245003 secs] 1210700K->770917K(2027264K), 0.0245700 secs] [Times: user=0.03 sys=0.00, real=0.03 secs]
2022-03-11T19:38:06.671-0800: 4.997: [GC (Allocation Failure) 2022-03-11T19:38:06.671-0800: 4.997: [DefNew: 629119K->69887K(629120K), 0.0254830 secs] 1330149K->900891K(2027264K), 0.0255610 secs] [Times: user=0.02 sys=0.00, real=0.02 secs]
2022-03-11T19:38:06.763-0800: 5.089: [GC (Allocation Failure) 2022-03-11T19:38:06.763-0800: 5.089: [DefNew: 629119K->69887K(629120K), 0.0257855 secs] 1460123K->1029681K(2027264K), 0.0258693 secs] [Times: user=0.02 sys=0.00, real=0.02 secs]
2022-03-11T19:38:06.866-0800: 5.193: [GC (Allocation Failure) 2022-03-11T19:38:06.866-0800: 5.193: [DefNew: 629119K->69887K(629120K), 0.0254252 secs] 1588913K->1151479K(2027264K), 0.0255207 secs] [Times: user=0.03 sys=0.00, real=0.03 secs]
2022-03-11T19:38:06.963-0800: 5.289: [GC (Allocation Failure) 2022-03-11T19:38:06.963-0800: 5.289: [DefNew: 629119K->69887K(629120K), 0.0248234 secs] 1710711K->1269260K(2027264K), 0.0249127 secs] [Times: user=0.02 sys=0.00, real=0.02 secs]
2022-03-11T19:38:07.057-0800: 5.383: [GC (Allocation Failure) 2022-03-11T19:38:07.057-0800: 5.383: [DefNew: 629119K->69887K(629120K), 0.0288446 secs] 1828492K->1393055K(2027264K), 0.0289393 secs] [Times: user=0.03 sys=0.00, real=0.03 secs]
2022-03-11T19:38:07.151-0800: 5.478: [GC (Allocation Failure) 2022-03-11T19:38:07.151-0800: 5.478: [DefNew: 629119K->629119K(629120K), 0.0000181 secs]2022-03-11T19:38:07.151-0800: 5.478: [Tenured: 1323167K->423456K(1398144K), 0.0522950 secs] 1952287K->423456K(2027264K), [Metaspace: 2569K->2569K(1056768K)], 0.0524167 secs] [Times: user=0.06 sys=0.00, real=0.05 secs]
2022-03-11T19:38:07.274-0800: 5.601: [GC (Allocation Failure) 2022-03-11T19:38:07.274-0800: 5.601: [DefNew: 559232K->69888K(629120K), 0.0203278 secs] 982688K->582278K(2027264K), 0.0204104 secs] [Times: user=0.02 sys=0.00, real=0.02 secs]
2022-03-11T19:38:07.370-0800: 5.697: [GC (Allocation Failure) 2022-03-11T19:38:07.370-0800: 5.697: [DefNew: 629120K->69888K(629120K), 0.0251137 secs] 1141510K->702609K(2027264K), 0.0252234 secs] [Times: user=0.03 sys=0.00, real=0.02 secs]
2022-03-11T19:38:07.461-0800: 5.788: [GC (Allocation Failure) 2022-03-11T19:38:07.461-0800: 5.788: [DefNew: 629120K->69887K(629120K), 0.0264235 secs] 1261841K->840135K(2027264K), 0.0265136 secs] [Times: user=0.03 sys=0.00, real=0.02 secs]
2022-03-11T19:38:07.565-0800: 5.892: [GC (Allocation Failure) 2022-03-11T19:38:07.565-0800: 5.892: [DefNew: 628873K->69887K(629120K), 0.0239153 secs] 1399120K->955471K(2027264K), 0.0239922 secs] [Times: user=0.03 sys=0.00, real=0.02 secs]
2022-03-11T19:38:07.658-0800: 5.984: [GC (Allocation Failure) 2022-03-11T19:38:07.658-0800: 5.984: [DefNew: 629119K->69887K(629120K), 0.0242728 secs] 1514703K->1072166K(2027264K), 0.0243463 secs] [Times: user=0.03 sys=0.00, real=0.03 secs]
2022-03-11T19:38:07.750-0800: 6.077: [GC (Allocation Failure) 2022-03-11T19:38:07.750-0800: 6.077: [DefNew: 629119K->69887K(629120K), 0.0250160 secs] 1631398K->1195857K(2027264K), 0.0250869 secs] [Times: user=0.02 sys=0.00, real=0.02 secs]
2022-03-11T19:38:07.844-0800: 6.170: [GC (Allocation Failure) 2022-03-11T19:38:07.844-0800: 6.170: [DefNew: 629119K->69887K(629120K), 0.0345112 secs] 1755089K->1324793K(2027264K), 0.0346083 secs] [Times: user=0.03 sys=0.00, real=0.03 secs]
2022-03-11T19:38:07.953-0800: 6.280: [GC (Allocation Failure) 2022-03-11T19:38:07.953-0800: 6.280: [DefNew: 629119K->629119K(629120K), 0.0000170 secs]2022-03-11T19:38:07.953-0800: 6.280: [Tenured: 1254905K->372400K(1398144K), 0.0534055 secs] 1884025K->372400K(2027264K), [Metaspace: 2569K->2569K(1056768K)], 0.0535143 secs] [Times: user=0.05 sys=0.00, real=0.05 secs]
2022-03-11T19:38:08.079-0800: 6.405: [GC (Allocation Failure) 2022-03-11T19:38:08.079-0800: 6.405: [DefNew: 559232K->69888K(629120K), 0.0205794 secs] 931632K->531781K(2027264K), 0.0206496 secs] [Times: user=0.02 sys=0.00, real=0.02 secs]
2022-03-11T19:38:08.167-0800: 6.493: [GC (Allocation Failure) 2022-03-11T19:38:08.167-0800: 6.493: [DefNew: 629120K->69887K(629120K), 0.0250102 secs] 1091013K->655389K(2027264K), 0.0250920 secs] [Times: user=0.03 sys=0.00, real=0.03 secs]
2022-03-11T19:38:08.260-0800: 6.587: [GC (Allocation Failure) 2022-03-11T19:38:08.260-0800: 6.587: [DefNew: 629119K->69887K(629120K), 0.0242914 secs] 1214621K->772813K(2027264K), 0.0243708 secs] [Times: user=0.02 sys=0.00, real=0.02 secs]
2022-03-11T19:38:08.356-0800: 6.682: [GC (Allocation Failure) 2022-03-11T19:38:08.356-0800: 6.683: [DefNew: 629119K->69887K(629120K), 0.0309066 secs] 1332045K->886881K(2027264K), 0.0310035 secs] [Times: user=0.03 sys=0.00, real=0.03 secs]
2022-03-11T19:38:08.458-0800: 6.785: [GC (Allocation Failure) 2022-03-11T19:38:08.458-0800: 6.785: [DefNew: 629119K->69887K(629120K), 0.0255197 secs] 1446113K->1012365K(2027264K), 0.0256098 secs] [Times: user=0.03 sys=0.00, real=0.03 secs]
2022-03-11T19:38:08.550-0800: 6.877: [GC (Allocation Failure) 2022-03-11T19:38:08.550-0800: 6.877: [DefNew: 629119K->69886K(629120K), 0.0253716 secs] 1571597K->1140864K(2027264K), 0.0254620 secs] [Times: user=0.03 sys=0.00, real=0.02 secs]
2022-03-11T19:38:08.645-0800: 6.972: [GC (Allocation Failure) 2022-03-11T19:38:08.645-0800: 6.972: [DefNew: 629118K->69888K(629120K), 0.0248803 secs] 1700096K->1266000K(2027264K), 0.0249586 secs] [Times: user=0.02 sys=0.00, real=0.03 secs]
2022-03-11T19:38:08.739-0800: 7.066: [GC (Allocation Failure) 2022-03-11T19:38:08.739-0800: 7.066: [DefNew: 629120K->69887K(629120K), 0.0256946 secs] 1825232K->1393379K(2027264K), 0.0257645 secs] [Times: user=0.03 sys=0.00, real=0.03 secs]
2022-03-11T19:38:08.833-0800: 7.159: [GC (Allocation Failure) 2022-03-11T19:38:08.833-0800: 7.159: [DefNew: 629119K->629119K(629120K), 0.0000156 secs]2022-03-11T19:38:08.833-0800: 7.159: [Tenured: 1323491K->451180K(1398144K), 0.0632454 secs] 1952611K->451180K(2027264K), [Metaspace: 2569K->2569K(1056768K)], 0.0633616 secs] [Times: user=0.06 sys=0.00, real=0.06 secs]
2022-03-11T19:38:08.969-0800: 7.295: [GC (Allocation Failure) 2022-03-11T19:38:08.969-0800: 7.295: [DefNew: 559232K->69887K(629120K), 0.0214872 secs] 1010412K->617149K(2027264K), 0.0215630 secs] [Times: user=0.02 sys=0.00, real=0.03 secs]
2022-03-11T19:38:09.065-0800: 7.392: [GC (Allocation Failure) 2022-03-11T19:38:09.065-0800: 7.392: [DefNew: 629119K->69887K(629120K), 0.0272324 secs] 1176381K->741402K(2027264K), 0.0273185 secs] [Times: user=0.02 sys=0.00, real=0.03 secs]
2022-03-11T19:38:09.163-0800: 7.490: [GC (Allocation Failure) 2022-03-11T19:38:09.163-0800: 7.490: [DefNew: 629119K->69887K(629120K), 0.0272936 secs] 1300634K->866702K(2027264K), 0.0273777 secs] [Times: user=0.02 sys=0.00, real=0.03 secs]
2022-03-11T19:38:09.264-0800: 7.591: [GC (Allocation Failure) 2022-03-11T19:38:09.264-0800: 7.591: [DefNew: 629103K->69888K(629120K), 0.0300448 secs] 1425918K->1003501K(2027264K), 0.0301351 secs] [Times: user=0.03 sys=0.00, real=0.03 secs]
2022-03-11T19:38:09.366-0800: 7.692: [GC (Allocation Failure) 2022-03-11T19:38:09.366-0800: 7.692: [DefNew: 629120K->69887K(629120K), 0.0327070 secs] 1562733K->1129795K(2027264K), 0.0328021 secs] [Times: user=0.03 sys=0.00, real=0.03 secs]
2022-03-11T19:38:09.474-0800: 7.801: [GC (Allocation Failure) 2022-03-11T19:38:09.474-0800: 7.801: [DefNew: 629119K->69888K(629120K), 0.0254823 secs] 1689027K->1250596K(2027264K), 0.0255686 secs] [Times: user=0.03 sys=0.00, real=0.02 secs]
2022-03-11T19:38:09.570-0800: 7.897: [GC (Allocation Failure) 2022-03-11T19:38:09.571-0800: 7.897: [DefNew: 629120K->69886K(629120K), 0.0283903 secs] 1809828K->1379066K(2027264K), 0.0285097 secs] [Times: user=0.03 sys=0.00, real=0.02 secs]
2022-03-11T19:38:09.668-0800: 7.994: [GC (Allocation Failure) 2022-03-11T19:38:09.668-0800: 7.994: [DefNew: 629118K->629118K(629120K), 0.0000182 secs]2022-03-11T19:38:09.668-0800: 7.994: [Tenured: 1309179K->374579K(1398144K), 0.0573718 secs] 1938298K->374579K(2027264K), [Metaspace: 2569K->2569K(1056768K)], 0.0574878 secs] [Times: user=0.05 sys=0.00, real=0.06 secs]
2022-03-11T19:38:09.800-0800: 8.127: [GC (Allocation Failure) 2022-03-11T19:38:09.801-0800: 8.127: [DefNew: 559232K->69887K(629120K), 0.0201148 secs] 933811K->530925K(2027264K), 0.0202165 secs] [Times: user=0.02 sys=0.00, real=0.02 secs]
2022-03-11T19:38:09.892-0800: 8.218: [GC (Allocation Failure) 2022-03-11T19:38:09.892-0800: 8.218: [DefNew: 629119K->69887K(629120K), 0.0317376 secs] 1090157K->646742K(2027264K), 0.0318688 secs] [Times: user=0.03 sys=0.00, real=0.03 secs]
2022-03-11T19:38:09.995-0800: 8.322: [GC (Allocation Failure) 2022-03-11T19:38:09.996-0800: 8.322: [DefNew: 629119K->69887K(629120K), 0.0260117 secs] 1205974K->780726K(2027264K), 0.0260968 secs] [Times: user=0.03 sys=0.00, real=0.03 secs]
2022-03-11T19:38:10.090-0800: 8.417: [GC (Allocation Failure) 2022-03-11T19:38:10.090-0800: 8.417: [DefNew: 629119K->69887K(629120K), 0.0252831 secs] 1339958K->908048K(2027264K), 0.0253520 secs] [Times: user=0.02 sys=0.00, real=0.02 secs]
2022-03-11T19:38:10.183-0800: 8.510: [GC (Allocation Failure) 2022-03-11T19:38:10.183-0800: 8.510: [DefNew: 629119K->69887K(629120K), 0.0263226 secs] 1467280K->1043525K(2027264K), 0.0264171 secs] [Times: user=0.03 sys=0.00, real=0.03 secs]
2022-03-11T19:38:10.279-0800: 8.605: [GC (Allocation Failure) 2022-03-11T19:38:10.279-0800: 8.605: [DefNew: 629119K->69887K(629120K), 0.0252438 secs] 1602757K->1169899K(2027264K), 0.0253244 secs] [Times: user=0.02 sys=0.00, real=0.03 secs]
2022-03-11T19:38:10.374-0800: 8.701: [GC (Allocation Failure) 2022-03-11T19:38:10.374-0800: 8.701: [DefNew: 629119K->69887K(629120K), 0.0262187 secs] 1729131K->1304975K(2027264K), 0.0262940 secs] [Times: user=0.03 sys=0.00, real=0.03 secs]
2022-03-11T19:38:10.489-0800: 8.816: [GC (Allocation Failure) 2022-03-11T19:38:10.489-0800: 8.816: [DefNew: 629119K->629119K(629120K), 0.0000172 secs]2022-03-11T19:38:10.489-0800: 8.816: [Tenured: 1235088K->424315K(1398144K), 0.0592016 secs] 1864207K->424315K(2027264K), [Metaspace: 2569K->2569K(1056768K)], 0.0593186 secs] [Times: user=0.06 sys=0.00, real=0.06 secs]
2022-03-11T19:38:10.617-0800: 8.944: [GC (Allocation Failure) 2022-03-11T19:38:10.617-0800: 8.944: [DefNew: 559232K->69888K(629120K), 0.0201736 secs] 983547K->581839K(2027264K), 0.0202447 secs] [Times: user=0.02 sys=0.00, real=0.02 secs]
2022-03-11T19:38:10.706-0800: 9.033: [GC (Allocation Failure) 2022-03-11T19:38:10.706-0800: 9.033: [DefNew: 629120K->69886K(629120K), 0.0245178 secs] 1141071K->703371K(2027264K), 0.0245862 secs] [Times: user=0.03 sys=0.00, real=0.03 secs]
2022-03-11T19:38:10.799-0800: 9.126: [GC (Allocation Failure) 2022-03-11T19:38:10.799-0800: 9.126: [DefNew: 629118K->69887K(629120K), 0.0249961 secs] 1262603K->830541K(2027264K), 0.0250774 secs] [Times: user=0.02 sys=0.00, real=0.03 secs]
2022-03-11T19:38:10.893-0800: 9.220: [GC (Allocation Failure) 2022-03-11T19:38:10.893-0800: 9.220: [DefNew: 629091K->69887K(629120K), 0.0247575 secs] 1389745K->955267K(2027264K), 0.0248337 secs] [Times: user=0.02 sys=0.00, real=0.02 secs]
2022-03-11T19:38:11.001-0800: 9.328: [GC (Allocation Failure) 2022-03-11T19:38:11.001-0800: 9.328: [DefNew: 629119K->69887K(629120K), 0.0264635 secs] 1514499K->1085068K(2027264K), 0.0265523 secs] [Times: user=0.02 sys=0.00, real=0.02 secs]
2022-03-11T19:38:11.123-0800: 9.449: [GC (Allocation Failure) 2022-03-11T19:38:11.123-0800: 9.449: [DefNew: 629119K->69888K(629120K), 0.0245422 secs] 1644300K->1209022K(2027264K), 0.0246224 secs] [Times: user=0.02 sys=0.00, real=0.02 secs]
2022-03-11T19:38:11.217-0800: 9.544: [GC (Allocation Failure) 2022-03-11T19:38:11.217-0800: 9.544: [DefNew: 629120K->69887K(629120K), 0.0249145 secs] 1768254K->1330589K(2027264K), 0.0249931 secs] [Times: user=0.03 sys=0.00, real=0.03 secs]
2022-03-11T19:38:11.326-0800: 9.653: [GC (Allocation Failure) 2022-03-11T19:38:11.326-0800: 9.653: [DefNew: 629119K->629119K(629120K), 0.0000159 secs]2022-03-11T19:38:11.326-0800: 9.653: [Tenured: 1260701K->443808K(1398144K), 0.0527450 secs] 1889821K->443808K(2027264K), [Metaspace: 2569K->2569K(1056768K)], 0.0528678 secs] [Times: user=0.05 sys=0.00, real=0.05 secs]
2022-03-11T19:38:11.455-0800: 9.782: [GC (Allocation Failure) 2022-03-11T19:38:11.455-0800: 9.782: [DefNew: 559232K->69887K(629120K), 0.0263613 secs] 1003040K->604030K(2027264K), 0.0264618 secs] [Times: user=0.03 sys=0.00, real=0.03 secs]
2022-03-11T19:38:11.553-0800: 9.880: [GC (Allocation Failure) 2022-03-11T19:38:11.553-0800: 9.880: [DefNew: 629119K->69887K(629120K), 0.0236412 secs] 1163262K->723340K(2027264K), 0.0237213 secs] [Times: user=0.02 sys=0.00, real=0.02 secs]
2022-03-11T19:38:11.645-0800: 9.972: [GC (Allocation Failure) 2022-03-11T19:38:11.645-0800: 9.972: [DefNew: 629119K->69887K(629120K), 0.0251689 secs] 1282572K->852156K(2027264K), 0.0252417 secs] [Times: user=0.02 sys=0.00, real=0.03 secs]
2022-03-11T19:38:11.738-0800: 10.065: [GC (Allocation Failure) 2022-03-11T19:38:11.738-0800: 10.065: [DefNew: 629119K->69888K(629120K), 0.0259161 secs] 1411388K->983672K(2027264K), 0.0259974 secs] [Times: user=0.03 sys=0.00, real=0.03 secs]
Heap
 def new generation   total 629120K, used 92431K [0x0000000740000000, 0x000000076aaa0000, 0x000000076aaa0000)
  eden space 559232K,   4% used [0x0000000740000000, 0x0000000741603fc8, 0x0000000762220000)
  from space 69888K, 100% used [0x0000000762220000, 0x0000000766660000, 0x0000000766660000)
  to   space 69888K,   0% used [0x0000000766660000, 0x0000000766660000, 0x000000076aaa0000)
 tenured generation   total 1398144K, used 913784K [0x000000076aaa0000, 0x00000007c0000000, 0x00000007c0000000)
   the space 1398144K,  65% used [0x000000076aaa0000, 0x00000007a26fe2f8, 0x00000007a26fe400, 0x00000007c0000000)
 Metaspace       used 2575K, capacity 4490K, committed 4864K, reserved 1056768K
  class space    used 278K, capacity 386K, committed 512K, reserved 1048576K
